Copyright 1986-2022 Xilinx, Inc. All Rights Reserved. Copyright 2022-2025 Advanced Micro Devices, Inc. All Rights Reserved.
-------------------------------------------------------------------------------------------------------------------------------------------------------------
| Tool Version : Vivado v.2025.2 (lin64) Build 6299465 Fri Nov 14 12:34:56 MST 2025
| Date         : Tue Jun  2 22:28:47 2026
| Host         : pop-os running 64-bit Pop!_OS 24.04 LTS
| Command      : report_utilization -file hdmi_tx_bd_vid_phy_controller_0_0_utilization_synth.rpt -pb hdmi_tx_bd_vid_phy_controller_0_0_utilization_synth.pb
| Design       : hdmi_tx_bd_vid_phy_controller_0_0
| Device       : xcau15p-ffvb676-2-e
| Speed File   : -2
| Design State : Synthesized
-------------------------------------------------------------------------------------------------------------------------------------------------------------

Utilization Design Information

Table of Contents
-----------------
1. CLB Logic
1.1 Summary of Registers by Type
2. BLOCKRAM
3. ARITHMETIC
4. I/O
5. CLOCK
6. ADVANCED
7. CONFIGURATION
8. Primitives
9. Black Boxes
10. Instantiated Netlists

1. CLB Logic
------------

+-------------------------+------+-------+------------+-----------+-------+
|        Site Type        | Used | Fixed | Prohibited | Available | Util% |
+-------------------------+------+-------+------------+-----------+-------+
| CLB LUTs*               | 7200 |     0 |          0 |     77760 |  9.26 |
|   LUT as Logic          | 7200 |     0 |          0 |     77760 |  9.26 |
|   LUT as Memory         |    0 |     0 |          0 |     40320 |  0.00 |
| CLB Registers           | 9476 |     0 |          0 |    155520 |  6.09 |
|   Register as Flip Flop | 9476 |     0 |          0 |    155520 |  6.09 |
|   Register as Latch     |    0 |     0 |          0 |    155520 |  0.00 |
| CARRY8                  |  534 |     0 |          0 |      9720 |  5.49 |
| F7 Muxes                |   37 |     0 |          0 |     38880 |  0.10 |
| F8 Muxes                |    4 |     0 |          0 |     19440 |  0.02 |
| F9 Muxes                |    0 |     0 |          0 |      9720 |  0.00 |
| Unique Control Sets     |  327 |       |          0 |     19440 |  1.68 |
+-------------------------+------+-------+------------+-----------+-------+
* Warning! The Final LUT count, after physical optimizations and full implementation, is typically lower. Run opt_design after synthesis, if not already completed, for a more realistic count.
Warning! LUT value is adjusted to account for LUT combining.
Warning! For any ECO changes, please run place_design if there are unplaced instances
** Note: Available Control Sets calculated as Slices * 2, Review the Control Sets Report for more information regarding control sets.


1.1 Summary of Registers by Type
--------------------------------

+-------+--------------+-------------+--------------+
| Total | Clock Enable | Synchronous | Asynchronous |
+-------+--------------+-------------+--------------+
| 0     |            _ |           - |            - |
| 0     |            _ |           - |          Set |
| 0     |            _ |           - |        Reset |
| 0     |            _ |         Set |            - |
| 0     |            _ |       Reset |            - |
| 0     |          Yes |           - |            - |
| 162   |          Yes |           - |          Set |
| 2635  |          Yes |           - |        Reset |
| 82    |          Yes |         Set |            - |
| 6597  |          Yes |       Reset |            - |
+-------+--------------+-------------+--------------+


2. BLOCKRAM
-----------

+----------------+------+-------+------------+-----------+-------+
|    Site Type   | Used | Fixed | Prohibited | Available | Util% |
+----------------+------+-------+------------+-----------+-------+
| Block RAM Tile |    0 |     0 |          0 |       144 |  0.00 |
|   RAMB36/FIFO* |    0 |     0 |          0 |       144 |  0.00 |
|   RAMB18       |    0 |     0 |          0 |       288 |  0.00 |
+----------------+------+-------+------------+-----------+-------+
* Note: Each Block RAM Tile only has one FIFO logic available and therefore can accommodate only one FIFO36E2 or one FIFO18E2. However, if a FIFO18E2 occupies a Block RAM Tile, that tile can still accommodate a RAMB18E2


3. ARITHMETIC
-------------

+----------------+------+-------+------------+-----------+-------+
|    Site Type   | Used | Fixed | Prohibited | Available | Util% |
+----------------+------+-------+------------+-----------+-------+
| DSPs           |    3 |     0 |          0 |       576 |  0.52 |
|   DSP48E2 only |    3 |       |            |           |       |
+----------------+------+-------+------------+-----------+-------+


4. I/O
------

+------------------+------+-------+------------+-----------+-------+
|     Site Type    | Used | Fixed | Prohibited | Available | Util% |
+------------------+------+-------+------------+-----------+-------+
| Bonded IOB       |    8 |     0 |          0 |       228 |  3.51 |
|   HPIOB_M        |    0 |     0 |          0 |        72 |  0.00 |
|   HPIOB_S        |    0 |     0 |          0 |        72 |  0.00 |
|   HDIOB_M        |    0 |     0 |          0 |        36 |  0.00 |
|   HDIOB_S        |    0 |     0 |          0 |        36 |  0.00 |
|   HPIOB_SNGL     |    0 |     0 |          0 |        12 |  0.00 |
| HPIOBDIFFINBUF   |    0 |     0 |          0 |        72 |  0.00 |
| HPIOBDIFFOUTBUF  |    0 |     0 |          0 |        72 |  0.00 |
| HDIOBDIFFINBUF   |    0 |     0 |          0 |        36 |  0.00 |
| BITSLICE_CONTROL |    0 |     0 |          0 |        24 |  0.00 |
| BITSLICE_RX_TX   |    0 |     0 |          0 |       936 |  0.00 |
| BITSLICE_TX      |    0 |     0 |          0 |        24 |  0.00 |
| RIU_OR           |    0 |     0 |          0 |        12 |  0.00 |
+------------------+------+-------+------------+-----------+-------+


5. CLOCK
--------

+------------+------+-------+------------+-----------+-------+
|  Site Type | Used | Fixed | Prohibited | Available | Util% |
+------------+------+-------+------------+-----------+-------+
| BUFGCE     |    8 |     0 |          0 |        84 |  9.52 |
| BUFGCE_DIV |    0 |     0 |          0 |        12 |  0.00 |
| BUFG_GT    |   10 |     0 |          0 |        72 | 13.89 |
| BUFGCTRL*  |    0 |     0 |          0 |        24 |  0.00 |
| PLL        |    0 |     0 |          0 |         6 |  0.00 |
| MMCM       |    2 |     0 |          0 |         3 | 66.67 |
+------------+------+-------+------------+-----------+-------+
* Note: Each used BUFGCTRL counts as two GLOBAL CLOCK BUFFERs. This table does not include global clocking resources, only buffer cell usage. See the Clock Utilization Report (report_clock_utilization) for detailed accounting of global clocking resource availability.


6. ADVANCED
-----------

+-----------------+------+-------+------------+-----------+-------+
|    Site Type    | Used | Fixed | Prohibited | Available | Util% |
+-----------------+------+-------+------------+-----------+-------+
| GTHE4_CHANNEL   |    3 |     0 |          0 |        12 | 25.00 |
| GTHE4_COMMON    |    1 |     0 |          0 |         3 | 33.33 |
| OBUFDS_GTE4     |    0 |     0 |          0 |         6 |  0.00 |
| OBUFDS_GTE4_ADV |    0 |     0 |          0 |         6 |  0.00 |
| PCIE4CE4        |    0 |     0 |          0 |         1 |  0.00 |
| SYSMONE4        |    0 |     0 |          0 |         1 |  0.00 |
+-----------------+------+-------+------------+-----------+-------+


7. CONFIGURATION
----------------

+-------------+------+-------+------------+-----------+-------+
|  Site Type  | Used | Fixed | Prohibited | Available | Util% |
+-------------+------+-------+------------+-----------+-------+
| BSCANE2     |    0 |     0 |          0 |         4 |  0.00 |
| DNA_PORTE2  |    0 |     0 |          0 |         1 |  0.00 |
| EFUSE_USR   |    0 |     0 |          0 |         1 |  0.00 |
| FRAME_ECCE4 |    0 |     0 |          0 |         1 |  0.00 |
| ICAPE3      |    0 |     0 |          0 |         2 |  0.00 |
| MASTER_JTAG |    0 |     0 |          0 |         1 |  0.00 |
| STARTUPE3   |    0 |     0 |          0 |         1 |  0.00 |
+-------------+------+-------+------------+-----------+-------+


8. Primitives
-------------

+---------------+------+---------------------+
|    Ref Name   | Used | Functional Category |
+---------------+------+---------------------+
| FDRE          | 6597 |            Register |
| FDCE          | 2635 |            Register |
| LUT2          | 2567 |                 CLB |
| LUT4          | 1676 |                 CLB |
| LUT6          | 1624 |                 CLB |
| LUT3          | 1225 |                 CLB |
| LUT5          | 1120 |                 CLB |
| CARRY8        |  534 |                 CLB |
| LUT1          |  335 |                 CLB |
| FDPE          |  162 |            Register |
| FDSE          |   82 |            Register |
| MUXF7         |   37 |                 CLB |
| BUFG_GT       |   10 |               Clock |
| BUFG_GT_SYNC  |    8 |               Clock |
| BUFGCE        |    8 |               Clock |
| OBUFT         |    4 |                 I/O |
| MUXF8         |    4 |                 CLB |
| GTHE4_CHANNEL |    3 |            Advanced |
| DSP48E2       |    3 |          Arithmetic |
| OSERDESE3     |    2 |                 I/O |
| MMCME4_ADV    |    2 |               Clock |
| INV           |    2 |                 CLB |
| IBUFDS_GTE4   |    2 |                 I/O |
| GTHE4_COMMON  |    1 |            Advanced |
+---------------+------+---------------------+


9. Black Boxes
--------------

+----------+------+
| Ref Name | Used |
+----------+------+


10. Instantiated Netlists
-------------------------

+----------+------+
| Ref Name | Used |
+----------+------+


