Copyright 1986-2022 Xilinx, Inc. All Rights Reserved. Copyright 2022-2023 Advanced Micro Devices, Inc. All Rights Reserved.
---------------------------------------------------------------------------------------------------------------------------------------------
| Tool Version : Vivado v.2023.1 (lin64) Build 3865809 Sun May  7 15:04:56 MDT 2023
| Date         : Thu Jan  9 09:33:13 2025
| Host         : HP-Z4-G4-027564 running 64-bit Ubuntu 20.04.6 LTS
| Command      : report_utilization -file exdes_wrapper_utilization_placed.rpt -pb exdes_wrapper_utilization_placed.pb
| Design       : exdes_wrapper
| Device       : xcau15p-ffvb676-2-e
| Speed File   : -2
| Design State : Fully Placed
---------------------------------------------------------------------------------------------------------------------------------------------

Utilization Design Information

Table of Contents
-----------------
1. CLB Logic
1.1 Summary of Registers by Type
2. CLB Logic Distribution
3. BLOCKRAM
4. ARITHMETIC
5. I/O
6. CLOCK
7. ADVANCED
8. CONFIGURATION
9. Primitives
10. Black Boxes
11. Instantiated Netlists

1. CLB Logic
------------

+----------------------------+-------+-------+------------+-----------+-------+
|          Site Type         |  Used | Fixed | Prohibited | Available | Util% |
+----------------------------+-------+-------+------------+-----------+-------+
| CLB LUTs                   | 23392 |     0 |          0 |     77760 | 30.08 |
|   LUT as Logic             | 21265 |     0 |          0 |     77760 | 27.35 |
|   LUT as Memory            |  2127 |     0 |          0 |     40320 |  5.28 |
|     LUT as Distributed RAM |  1654 |     0 |            |           |       |
|     LUT as Shift Register  |   473 |     0 |            |           |       |
| CLB Registers              | 31405 |     0 |          0 |    155520 | 20.19 |
|   Register as Flip Flop    | 31404 |     0 |          0 |    155520 | 20.19 |
|   Register as Latch        |     0 |     0 |          0 |    155520 |  0.00 |
|   Register as AND/OR       |     1 |     0 |          0 |    155520 | <0.01 |
| CARRY8                     |   363 |     0 |          0 |      9720 |  3.73 |
| F7 Muxes                   |   654 |     0 |          0 |     38880 |  1.68 |
| F8 Muxes                   |    52 |     0 |          0 |     19440 |  0.27 |
| F9 Muxes                   |     0 |     0 |          0 |      9720 |  0.00 |
+----------------------------+-------+-------+------------+-----------+-------+
* Warning! LUT value is adjusted to account for LUT combining.


1.1 Summary of Registers by Type
--------------------------------

+-------+--------------+-------------+--------------+
| Total | Clock Enable | Synchronous | Asynchronous |
+-------+--------------+-------------+--------------+
| 1     |            _ |           - |            - |
| 0     |            _ |           - |          Set |
| 0     |            _ |           - |        Reset |
| 0     |            _ |         Set |            - |
| 0     |            _ |       Reset |            - |
| 0     |          Yes |           - |            - |
| 327   |          Yes |           - |          Set |
| 7025  |          Yes |           - |        Reset |
| 812   |          Yes |         Set |            - |
| 23240 |          Yes |       Reset |            - |
+-------+--------------+-------------+--------------+


2. CLB Logic Distribution
-------------------------

+--------------------------------------------+-------+-------+------------+-----------+-------+
|                  Site Type                 |  Used | Fixed | Prohibited | Available | Util% |
+--------------------------------------------+-------+-------+------------+-----------+-------+
| CLB                                        |  5605 |     0 |          0 |      9720 | 57.66 |
|   CLBL                                     |  2680 |     0 |            |           |       |
|   CLBM                                     |  2925 |     0 |            |           |       |
| LUT as Logic                               | 21265 |     0 |          0 |     77760 | 27.35 |
|   using O5 output only                     |   575 |       |            |           |       |
|   using O6 output only                     | 15640 |       |            |           |       |
|   using O5 and O6                          |  5050 |       |            |           |       |
| LUT as Memory                              |  2127 |     0 |          0 |     40320 |  5.28 |
|   LUT as Distributed RAM                   |  1654 |     0 |            |           |       |
|     using O5 output only                   |     0 |       |            |           |       |
|     using O6 output only                   |  1138 |       |            |           |       |
|     using O5 and O6                        |   516 |       |            |           |       |
|   LUT as Shift Register                    |   473 |     0 |            |           |       |
|     using O5 output only                   |     0 |       |            |           |       |
|     using O6 output only                   |   391 |       |            |           |       |
|     using O5 and O6                        |    82 |       |            |           |       |
| CLB Registers                              | 31405 |     0 |          0 |    155520 | 20.19 |
|   Register driven from within the CLB      | 14223 |       |            |           |       |
|   Register driven from outside the CLB     | 17182 |       |            |           |       |
|     LUT in front of the register is unused | 12172 |       |            |           |       |
|     LUT in front of the register is used   |  5010 |       |            |           |       |
| Unique Control Sets                        |  1688 |       |          0 |     19440 |  8.68 |
+--------------------------------------------+-------+-------+------------+-----------+-------+
* * Note: Available Control Sets calculated as Slices * 2, Review the Control Sets Report for more information regarding control sets.


3. BLOCKRAM
-----------

+-------------------+------+-------+------------+-----------+-------+
|     Site Type     | Used | Fixed | Prohibited | Available | Util% |
+-------------------+------+-------+------------+-----------+-------+
| Block RAM Tile    |   73 |     0 |          0 |       144 | 50.69 |
|   RAMB36/FIFO*    |   72 |     0 |          0 |       144 | 50.00 |
|     RAMB36E2 only |   72 |       |            |           |       |
|   RAMB18          |    2 |     0 |          0 |       288 |  0.69 |
|     RAMB18E2 only |    2 |       |            |           |       |
+-------------------+------+-------+------------+-----------+-------+
* Note: Each Block RAM Tile only has one FIFO logic available and therefore can accommodate only one FIFO36E2 or one FIFO18E2. However, if a FIFO18E2 occupies a Block RAM Tile, that tile can still accommodate a RAMB18E2


4. ARITHMETIC
-------------

+-----------+------+-------+------------+-----------+-------+
| Site Type | Used | Fixed | Prohibited | Available | Util% |
+-----------+------+-------+------------+-----------+-------+
| DSPs      |    0 |     0 |          0 |       576 |  0.00 |
+-----------+------+-------+------------+-----------+-------+


5. I/O
------

+------------------+------+-------+------------+-----------+-------+
|     Site Type    | Used | Fixed | Prohibited | Available | Util% |
+------------------+------+-------+------------+-----------+-------+
| Bonded IOB       |   27 |    27 |          0 |       228 | 11.84 |
| HPIOB_M          |    6 |     6 |          0 |        72 |  8.33 |
|   INPUT          |    1 |       |            |           |       |
|   OUTPUT         |    3 |       |            |           |       |
|   BIDIR          |    2 |       |            |           |       |
| HPIOB_S          |    8 |     8 |          0 |        72 | 11.11 |
|   INPUT          |    3 |       |            |           |       |
|   OUTPUT         |    3 |       |            |           |       |
|   BIDIR          |    2 |       |            |           |       |
| HDIOB_M          |    3 |     3 |          0 |        36 |  8.33 |
|   INPUT          |    1 |       |            |           |       |
|   OUTPUT         |    1 |       |            |           |       |
|   BIDIR          |    1 |       |            |           |       |
| HDIOB_S          |    4 |     4 |          0 |        36 | 11.11 |
|   INPUT          |    0 |       |            |           |       |
|   OUTPUT         |    3 |       |            |           |       |
|   BIDIR          |    1 |       |            |           |       |
| HPIOB_SNGL       |    6 |     6 |          0 |        12 | 50.00 |
|   INPUT          |    2 |       |            |           |       |
|   OUTPUT         |    2 |       |            |           |       |
|   BIDIR          |    2 |       |            |           |       |
| HPIOBDIFFINBUF   |    1 |     1 |          0 |        72 |  1.39 |
|   DIFFINBUF      |    1 |     1 |            |           |       |
| HPIOBDIFFOUTBUF  |    0 |     0 |          0 |        72 |  0.00 |
| HDIOBDIFFINBUF   |    0 |     0 |          0 |        36 |  0.00 |
| BITSLICE_CONTROL |    0 |     0 |          0 |        24 |  0.00 |
| BITSLICE_RX_TX   |    2 |     2 |          0 |       936 |  0.21 |
|   OSERDES        |    2 |     2 |            |           |       |
| BITSLICE_TX      |    0 |     0 |          0 |        24 |  0.00 |
| RIU_OR           |    0 |     0 |          0 |        12 |  0.00 |
+------------------+------+-------+------------+-----------+-------+


6. CLOCK
--------

+----------------------+------+-------+------------+-----------+--------+
|       Site Type      | Used | Fixed | Prohibited | Available |  Util% |
+----------------------+------+-------+------------+-----------+--------+
| GLOBAL CLOCK BUFFERs |   25 |     0 |          0 |       192 |  13.02 |
|   BUFGCE             |   13 |     0 |          0 |        84 |  15.48 |
|   BUFGCE_DIV         |    0 |     0 |          0 |        12 |   0.00 |
|   BUFG_GT            |   10 |     0 |          0 |        72 |  13.89 |
|   BUFGCTRL*          |    1 |     0 |          0 |        24 |   4.17 |
| PLL                  |    1 |     0 |          0 |         6 |  16.67 |
| MMCM                 |    3 |     0 |          0 |         3 | 100.00 |
+----------------------+------+-------+------------+-----------+--------+
* Note: Each used BUFGCTRL counts as two GLOBAL CLOCK BUFFERs. This table does not include global clocking resources, only buffer cell usage. See the Clock Utilization Report (report_clock_utilization) for detailed accounting of global clocking resource availability.


7. ADVANCED
-----------

+-----------------+------+-------+------------+-----------+-------+
|    Site Type    | Used | Fixed | Prohibited | Available | Util% |
+-----------------+------+-------+------------+-----------+-------+
| GTHE4_CHANNEL   |    3 |     3 |          0 |        12 | 25.00 |
| GTHE4_COMMON    |    1 |     0 |          0 |         3 | 33.33 |
| OBUFDS_GTE4     |    0 |     0 |          0 |         6 |  0.00 |
| OBUFDS_GTE4_ADV |    0 |     0 |          0 |         6 |  0.00 |
| PCIE4CE4        |    0 |     0 |          0 |         1 |  0.00 |
| SYSMONE4        |    0 |     0 |          0 |         1 |  0.00 |
+-----------------+------+-------+------------+-----------+-------+


8. CONFIGURATION
----------------

+-------------+------+-------+------------+-----------+-------+
|  Site Type  | Used | Fixed | Prohibited | Available | Util% |
+-------------+------+-------+------------+-----------+-------+
| BSCANE2     |    1 |     0 |          0 |         4 | 25.00 |
| DNA_PORTE2  |    0 |     0 |          0 |         1 |  0.00 |
| EFUSE_USR   |    0 |     0 |          0 |         1 |  0.00 |
| FRAME_ECCE4 |    0 |     0 |          0 |         1 |  0.00 |
| ICAPE3      |    0 |     0 |          0 |         2 |  0.00 |
| MASTER_JTAG |    0 |     0 |          0 |         1 |  0.00 |
| STARTUPE3   |    0 |     0 |          0 |         1 |  0.00 |
+-------------+------+-------+------------+-----------+-------+


9. Primitives
-------------

+---------------+-------+---------------------+
|    Ref Name   |  Used | Functional Category |
+---------------+-------+---------------------+
| FDRE          | 23240 |            Register |
| LUT6          |  9729 |                 CLB |
| FDCE          |  7025 |            Register |
| LUT5          |  4765 |                 CLB |
| LUT4          |  4477 |                 CLB |
| LUT3          |  3478 |                 CLB |
| LUT2          |  3315 |                 CLB |
| RAMD64E       |  1136 |                 CLB |
| RAMD32        |   880 |                 CLB |
| FDSE          |   812 |            Register |
| MUXF7         |   654 |                 CLB |
| LUT1          |   551 |                 CLB |
| SRL16E        |   548 |                 CLB |
| CARRY8        |   363 |                 CLB |
| FDPE          |   327 |            Register |
| RAMS32        |   152 |                 CLB |
| RAMB36E2      |    72 |            BLOCKRAM |
| MUXF8         |    52 |                 CLB |
| IBUFCTRL      |    14 |              Others |
| INBUF         |    13 |                 I/O |
| BUFGCE        |    13 |               Clock |
| OBUFT         |    12 |                 I/O |
| BUFG_GT       |    10 |               Clock |
| OBUF          |     8 |                 I/O |
| BUFG_GT_SYNC  |     8 |               Clock |
| SRLC16E       |     7 |                 CLB |
| MMCME4_ADV    |     3 |               Clock |
| GTHE4_CHANNEL |     3 |            Advanced |
| RAMS64E       |     2 |                 CLB |
| RAMB18E2      |     2 |            BLOCKRAM |
| OSERDESE3     |     2 |                 I/O |
| INV           |     2 |                 CLB |
| IBUFDS_GTE4   |     2 |                 I/O |
| PLLE4_ADV     |     1 |               Clock |
| GTHE4_COMMON  |     1 |            Advanced |
| DIFFINBUF     |     1 |                 I/O |
| BUFGCTRL      |     1 |               Clock |
| BSCANE2       |     1 |       Configuration |
| AND2B1L       |     1 |              Others |
+---------------+-------+---------------------+


10. Black Boxes
---------------

+----------+------+
| Ref Name | Used |
+----------+------+


11. Instantiated Netlists
-------------------------

+---------------------------------+------+
|             Ref Name            | Used |
+---------------------------------+------+
| exdes_xbar_5                    |    1 |
| exdes_xbar_4                    |    1 |
| exdes_vid_phy_controller_0      |    1 |
| exdes_v_tpg_0                   |    1 |
| exdes_v_hdmi_tx_ss_0            |    1 |
| exdes_v_hdmi_rx_ss_0            |    1 |
| exdes_tx_video_axis_reg_slice_0 |    1 |
| exdes_rx_video_axis_reg_slice_0 |    1 |
| exdes_rst_processor_1_300M_0    |    1 |
| exdes_rst_processor_1_100M_0    |    1 |
| exdes_mdm_0                     |    1 |
| exdes_mblaze_0                  |    1 |
| exdes_lmb_bram_0                |    1 |
| exdes_ilmb_v10_0                |    1 |
| exdes_ilmb_bram_if_cntlr_0      |    1 |
| exdes_hdmi_acr_ctrl_0           |    1 |
| exdes_fmch_axi_iic_1            |    1 |
| exdes_fmch_axi_iic_0            |    1 |
| exdes_dlmb_v10_0                |    1 |
| exdes_dlmb_bram_if_cntlr_0      |    1 |
| exdes_clk_wiz_1                 |    1 |
| exdes_clk_wiz_0                 |    1 |
| exdes_axi_uartlite_0            |    1 |
| exdes_axi_intc_0                |    1 |
| exdes_axi_gpio_0                |    1 |
| exdes_auto_cc_1                 |    1 |
| exdes_auto_cc_0                 |    1 |
| exdes_aud_pat_gen_0             |    1 |
| bd_3ec1_v_vid_in_axi4s_0        |    1 |
| bd_3ec1_v_hdmi_rx_0             |    1 |
| bd_3ec1_inverter_1_0            |    1 |
| bd_3ea7_v_tc_0                  |    1 |
| bd_3ea7_v_hdmi_tx_0             |    1 |
| bd_3ea7_v_axi4s_vid_out_0       |    1 |
| bd_3ea7_util_vector_logic_0_0   |    1 |
| bd_3ea7_axi_crossbar_0          |    1 |
+---------------------------------+------+


