Copyright 1986-2022 Xilinx, Inc. All Rights Reserved. Copyright 2022-2023 Advanced Micro Devices, Inc. All Rights Reserved.
---------------------------------------------------------------------------------------------------------------------------------------------
| Tool Version : Vivado v.2023.1 (lin64) Build 3865809 Sun May  7 15:04:56 MDT 2023
| Date         : Thu Jan  9 09:35:54 2025
| Host         : HP-Z4-G4-027564 running 64-bit Ubuntu 20.04.6 LTS
| Command      : report_drc -file exdes_wrapper_drc_routed.rpt -pb exdes_wrapper_drc_routed.pb -rpx exdes_wrapper_drc_routed.rpx
| Design       : exdes_wrapper
| Device       : xcau15p-ffvb676-2-e
| Speed File   : -2
| Design State : Fully Routed
---------------------------------------------------------------------------------------------------------------------------------------------

Report DRC

Table of Contents
-----------------
1. REPORT SUMMARY
2. REPORT DETAILS

1. REPORT SUMMARY
-----------------
            Netlist: netlist
          Floorplan: design_1
      Design limits: <entire design considered>
           Ruledeck: default
             Max violations: <unlimited>
             Violations found: 3
+-------------+----------+-------------------------------------------------------------+------------+
| Rule        | Severity | Description                                                 | Violations |
+-------------+----------+-------------------------------------------------------------+------------+
| PDRC-153    | Warning  | Gated clock check                                           | 1          |
| PLHOLDVIO-2 | Warning  | Non-Optimal connections which could lead to hold violations | 1          |
| RTSTAT-10   | Warning  | No routable loads                                           | 1          |
+-------------+----------+-------------------------------------------------------------+------------+

2. REPORT DETAILS
-----------------
PDRC-153#1 Warning
Gated clock check  
Net exdes_i/vid_phy_controller/inst/b0_clkdet_dru_refclk is a gated clock net sourced by a combinational pin exdes_i/vid_phy_controller/inst/i_0/O, cell exdes_i/vid_phy_controller/inst/i_0. This is not good design practice and will likely impact performance. For SLICE registers, for example, use the CE pin to control the loading of data.
Related violations: <none>

PLHOLDVIO-2#1 Warning
Non-Optimal connections which could lead to hold violations  
A LUT exdes_i/vid_phy_controller/inst/i_0 is driving clock pin of 24 cells. This could lead to large hold time violations. Involved cells are:
exdes_i/vid_phy_controller/inst/clock_detector_inst/DRUCLK_RST_INST/arststages_ff_reg[0],
exdes_i/vid_phy_controller/inst/clock_detector_inst/DRUCLK_RST_INST/arststages_ff_reg[1],
exdes_i/vid_phy_controller/inst/clock_detector_inst/DRUCLK_RST_INST/arststages_ff_reg[2],
exdes_i/vid_phy_controller/inst/clock_detector_inst/DRUCLK_RUN_SYNC_INST/syncstages_ff_reg[0],
exdes_i/vid_phy_controller/inst/clock_detector_inst/DRUCLK_RUN_SYNC_INST/syncstages_ff_reg[1],
exdes_i/vid_phy_controller/inst/clock_detector_inst/DRUCLK_RUN_SYNC_INST/syncstages_ff_reg[2],
exdes_i/vid_phy_controller/inst/clock_detector_inst/druclk_freq_cnt_reg[0],
exdes_i/vid_phy_controller/inst/clock_detector_inst/druclk_freq_cnt_reg[10],
exdes_i/vid_phy_controller/inst/clock_detector_inst/druclk_freq_cnt_reg[11],
exdes_i/vid_phy_controller/inst/clock_detector_inst/druclk_freq_cnt_reg[12],
exdes_i/vid_phy_controller/inst/clock_detector_inst/druclk_freq_cnt_reg[13],
exdes_i/vid_phy_controller/inst/clock_detector_inst/druclk_freq_cnt_reg[14],
exdes_i/vid_phy_controller/inst/clock_detector_inst/druclk_freq_cnt_reg[15],
exdes_i/vid_phy_controller/inst/clock_detector_inst/druclk_freq_cnt_reg[16],
exdes_i/vid_phy_controller/inst/clock_detector_inst/druclk_freq_cnt_reg[17]
 (the first 15 of 24 listed)
Related violations: <none>

RTSTAT-10#1 Warning
No routable loads  
2 net(s) have no routable loads. The problem bus(es) and/or net(s) are exdes_i/v_hdmi_rx_ss/inst/v_hdmi_rx/inst/SYS_INST/lclk_cke[3]
exdes_i/v_hdmi_tx_ss/inst/v_hdmi_tx/inst/SYS_INST/lclk_cke[4].
Related violations: <none>


