Copyright 1986-2022 Xilinx, Inc. All Rights Reserved. Copyright 2022-2023 Advanced Micro Devices, Inc. All Rights Reserved.
-----------------------------------------------------------------------------------------------------------------------------------------------------------------------------
| Tool Version : Vivado v.2023.1 (lin64) Build 3865809 Sun May  7 15:04:56 MDT 2023
| Date         : Thu Jan  9 09:36:05 2025
| Host         : HP-Z4-G4-027564 running 64-bit Ubuntu 20.04.6 LTS
| Command      : report_methodology -file exdes_wrapper_methodology_drc_routed.rpt -pb exdes_wrapper_methodology_drc_routed.pb -rpx exdes_wrapper_methodology_drc_routed.rpx
| Design       : exdes_wrapper
| Device       : xcau15p-ffvb676-2-e
| Speed File   : -2
| Design State : Fully Routed
-----------------------------------------------------------------------------------------------------------------------------------------------------------------------------

Report Methodology

Table of Contents
-----------------
1. REPORT SUMMARY
2. REPORT DETAILS

1. REPORT SUMMARY
-----------------
            Netlist: netlist
          Floorplan: design_1
      Design limits: <entire design considered>
             Max violations: <unlimited>
             Violations found: 32
+-----------+----------+-------------------------------------------------------------------------------------------------------+------------+
| Rule      | Severity | Description                                                                                           | Violations |
+-----------+----------+-------------------------------------------------------------------------------------------------------+------------+
| LUTAR-1   | Warning  | LUT drives async reset alert                                                                          | 11         |
| TIMING-9  | Warning  | Unknown CDC Logic                                                                                     | 1          |
| TIMING-10 | Warning  | Missing property on synchronizer                                                                      | 1          |
| TIMING-18 | Warning  | Missing input or output delay                                                                         | 6          |
| TIMING-47 | Warning  | False path, asynchronous clock group or max delay datapath only constraint between synchronous clocks | 6          |
| ULMTCS-1  | Warning  | Control Sets use limits recommend reduction                                                           | 1          |
| CLKC-11   | Advisory | MMCME4 divide could be done by BUFG_GT                                                                | 2          |
| CLKC-40   | Advisory | Substitute PLLE4 for MMCME4 check                                                                     | 1          |
| CLKC-56   | Advisory | MMCME4 with global clock driver has no LOC                                                            | 2          |
| CLKC-58   | Advisory | PLLE4 with global clock driver has no LOC                                                             | 1          |
+-----------+----------+-------------------------------------------------------------------------------------------------------+------------+

2. REPORT DETAILS
-----------------
LUTAR-1#1 Warning
LUT drives async reset alert  
LUT cell exdes_i/mb_ss_0/mdm/U0/MDM_Core_I1/JTAG_CONTROL_I/sel_n_i_2, with 2 or more inputs, drives asynchronous preset/clear pin(s) exdes_i/mb_ss_0/mdm/U0/MDM_Core_I1/JTAG_CONTROL_I/sel_n_reg/PRE. The LUT may glitch and trigger an unexpected reset, even if it is a properly timed path.
Related violations: <none>

LUTAR-1#2 Warning
LUT drives async reset alert  
LUT cell exdes_i/v_hdmi_rx_ss/inst/v_hdmi_rx/inst/SYS_INST/AUX_INST/SCLK_LNK_RST_CAP_INST/sclk_rd_cnt[3]_i_3, with 2 or more inputs, drives asynchronous preset/clear pin(s) exdes_i/v_hdmi_rx_ss/inst/v_hdmi_rx/inst/SYS_INST/AUX_INST/sclk_pkt_dat_reg[8][30]/CLR,
exdes_i/v_hdmi_rx_ss/inst/v_hdmi_rx/inst/SYS_INST/AUX_INST/sclk_pkt_dat_reg[8][31]/CLR,
exdes_i/v_hdmi_rx_ss/inst/v_hdmi_rx/inst/SYS_INST/AUX_INST/sclk_pkt_dat_reg[8][3]/CLR,
exdes_i/v_hdmi_rx_ss/inst/v_hdmi_rx/inst/SYS_INST/AUX_INST/sclk_pkt_dat_reg[8][4]/CLR,
exdes_i/v_hdmi_rx_ss/inst/v_hdmi_rx/inst/SYS_INST/AUX_INST/sclk_pkt_dat_reg[8][5]/CLR,
exdes_i/v_hdmi_rx_ss/inst/v_hdmi_rx/inst/SYS_INST/AUX_INST/sclk_pkt_dat_reg[8][6]/CLR,
exdes_i/v_hdmi_rx_ss/inst/v_hdmi_rx/inst/SYS_INST/AUX_INST/sclk_pkt_dat_reg[8][7]/CLR,
exdes_i/v_hdmi_rx_ss/inst/v_hdmi_rx/inst/SYS_INST/AUX_INST/sclk_pkt_dat_reg[8][8]/CLR,
exdes_i/v_hdmi_rx_ss/inst/v_hdmi_rx/inst/SYS_INST/AUX_INST/sclk_pkt_dat_reg[8][9]/CLR,
exdes_i/v_hdmi_rx_ss/inst/v_hdmi_rx/inst/SYS_INST/AUX_INST/sclk_pkt_dat_vld_reg/CLR,
exdes_i/v_hdmi_rx_ss/inst/v_hdmi_rx/inst/SYS_INST/AUX_INST/sclk_rd_cnt_reg[0]/CLR,
exdes_i/v_hdmi_rx_ss/inst/v_hdmi_rx/inst/SYS_INST/AUX_INST/sclk_rd_cnt_reg[1]/CLR,
exdes_i/v_hdmi_rx_ss/inst/v_hdmi_rx/inst/SYS_INST/AUX_INST/sclk_rd_cnt_reg[2]/CLR,
exdes_i/v_hdmi_rx_ss/inst/v_hdmi_rx/inst/SYS_INST/AUX_INST/sclk_rd_cnt_reg[3]/CLR,
exdes_i/v_hdmi_rx_ss/inst/v_hdmi_rx/inst/SYS_INST/AUX_INST/sclk_rd_lock_reg/CLR
 (the first 15 of 338 listed). The LUT may glitch and trigger an unexpected reset, even if it is a properly timed path.
Related violations: <none>

LUTAR-1#3 Warning
LUT drives async reset alert  
LUT cell exdes_i/vid_phy_controller/inst/gt_common_inst/common_inst/gt_wrapper_inst_i_1, with 2 or more inputs, drives asynchronous preset/clear pin(s) exdes_i/vid_phy_controller/inst/gt_wrapper_inst/inst/gen_gtwizard_gthe4_top.exdes_vid_phy_controller_0_gtwrapper_gtwizard_gthe4_inst/gen_gtwizard_gthe4.gen_reset_controller_internal.gen_single_instance.gtwiz_reset_inst/reset_synchronizer_txprogdivreset_inst/rst_in_meta_reg/PRE,
exdes_i/vid_phy_controller/inst/gt_wrapper_inst/inst/gen_gtwizard_gthe4_top.exdes_vid_phy_controller_0_gtwrapper_gtwizard_gthe4_inst/gen_gtwizard_gthe4.gen_reset_controller_internal.gen_single_instance.gtwiz_reset_inst/reset_synchronizer_txprogdivreset_inst/rst_in_out_reg/PRE,
exdes_i/vid_phy_controller/inst/gt_wrapper_inst/inst/gen_gtwizard_gthe4_top.exdes_vid_phy_controller_0_gtwrapper_gtwizard_gthe4_inst/gen_gtwizard_gthe4.gen_reset_controller_internal.gen_single_instance.gtwiz_reset_inst/reset_synchronizer_txprogdivreset_inst/rst_in_sync1_reg/PRE,
exdes_i/vid_phy_controller/inst/gt_wrapper_inst/inst/gen_gtwizard_gthe4_top.exdes_vid_phy_controller_0_gtwrapper_gtwizard_gthe4_inst/gen_gtwizard_gthe4.gen_reset_controller_internal.gen_single_instance.gtwiz_reset_inst/reset_synchronizer_txprogdivreset_inst/rst_in_sync2_reg/PRE
exdes_i/vid_phy_controller/inst/gt_wrapper_inst/inst/gen_gtwizard_gthe4_top.exdes_vid_phy_controller_0_gtwrapper_gtwizard_gthe4_inst/gen_gtwizard_gthe4.gen_reset_controller_internal.gen_single_instance.gtwiz_reset_inst/reset_synchronizer_txprogdivreset_inst/rst_in_sync3_reg/PRE. The LUT may glitch and trigger an unexpected reset, even if it is a properly timed path.
Related violations: <none>

LUTAR-1#4 Warning
LUT drives async reset alert  
LUT cell exdes_i/vid_phy_controller/inst/gt_wrapper_inst/inst/gen_gtwizard_gthe4_top.exdes_vid_phy_controller_0_gtwrapper_gtwizard_gthe4_inst/gen_gtwizard_gthe4.gen_reset_controller_internal.gen_single_instance.gtwiz_reset_inst/reset_synchronizer_gtwiz_reset_rx_any_inst/rst_in_meta_i_1__5, with 2 or more inputs, drives asynchronous preset/clear pin(s) exdes_i/vid_phy_controller/inst/gt_wrapper_inst/inst/gen_gtwizard_gthe4_top.exdes_vid_phy_controller_0_gtwrapper_gtwizard_gthe4_inst/gen_gtwizard_gthe4.gen_reset_controller_internal.gen_single_instance.gtwiz_reset_inst/reset_synchronizer_gtwiz_reset_rx_any_inst/rst_in_meta_reg/PRE,
exdes_i/vid_phy_controller/inst/gt_wrapper_inst/inst/gen_gtwizard_gthe4_top.exdes_vid_phy_controller_0_gtwrapper_gtwizard_gthe4_inst/gen_gtwizard_gthe4.gen_reset_controller_internal.gen_single_instance.gtwiz_reset_inst/reset_synchronizer_gtwiz_reset_rx_any_inst/rst_in_out_reg/PRE,
exdes_i/vid_phy_controller/inst/gt_wrapper_inst/inst/gen_gtwizard_gthe4_top.exdes_vid_phy_controller_0_gtwrapper_gtwizard_gthe4_inst/gen_gtwizard_gthe4.gen_reset_controller_internal.gen_single_instance.gtwiz_reset_inst/reset_synchronizer_gtwiz_reset_rx_any_inst/rst_in_sync1_reg/PRE,
exdes_i/vid_phy_controller/inst/gt_wrapper_inst/inst/gen_gtwizard_gthe4_top.exdes_vid_phy_controller_0_gtwrapper_gtwizard_gthe4_inst/gen_gtwizard_gthe4.gen_reset_controller_internal.gen_single_instance.gtwiz_reset_inst/reset_synchronizer_gtwiz_reset_rx_any_inst/rst_in_sync2_reg/PRE
exdes_i/vid_phy_controller/inst/gt_wrapper_inst/inst/gen_gtwizard_gthe4_top.exdes_vid_phy_controller_0_gtwrapper_gtwizard_gthe4_inst/gen_gtwizard_gthe4.gen_reset_controller_internal.gen_single_instance.gtwiz_reset_inst/reset_synchronizer_gtwiz_reset_rx_any_inst/rst_in_sync3_reg/PRE. The LUT may glitch and trigger an unexpected reset, even if it is a properly timed path.
Related violations: <none>

LUTAR-1#5 Warning
LUT drives async reset alert  
LUT cell exdes_i/vid_phy_controller/inst/gt_wrapper_inst/inst/gen_gtwizard_gthe4_top.exdes_vid_phy_controller_0_gtwrapper_gtwizard_gthe4_inst/gen_gtwizard_gthe4.gen_reset_controller_internal.gen_single_instance.gtwiz_reset_inst/reset_synchronizer_gtwiz_reset_tx_any_inst/rst_in_out_i_1, with 2 or more inputs, drives asynchronous preset/clear pin(s) exdes_i/vid_phy_controller/inst/gt_wrapper_inst/inst/gen_gtwizard_gthe4_top.exdes_vid_phy_controller_0_gtwrapper_gtwizard_gthe4_inst/gen_gtwizard_gthe4.gen_reset_controller_internal.gen_single_instance.gtwiz_reset_inst/reset_synchronizer_gtwiz_reset_tx_any_inst/rst_in_meta_reg/PRE,
exdes_i/vid_phy_controller/inst/gt_wrapper_inst/inst/gen_gtwizard_gthe4_top.exdes_vid_phy_controller_0_gtwrapper_gtwizard_gthe4_inst/gen_gtwizard_gthe4.gen_reset_controller_internal.gen_single_instance.gtwiz_reset_inst/reset_synchronizer_gtwiz_reset_tx_any_inst/rst_in_out_reg/PRE,
exdes_i/vid_phy_controller/inst/gt_wrapper_inst/inst/gen_gtwizard_gthe4_top.exdes_vid_phy_controller_0_gtwrapper_gtwizard_gthe4_inst/gen_gtwizard_gthe4.gen_reset_controller_internal.gen_single_instance.gtwiz_reset_inst/reset_synchronizer_gtwiz_reset_tx_any_inst/rst_in_sync1_reg/PRE,
exdes_i/vid_phy_controller/inst/gt_wrapper_inst/inst/gen_gtwizard_gthe4_top.exdes_vid_phy_controller_0_gtwrapper_gtwizard_gthe4_inst/gen_gtwizard_gthe4.gen_reset_controller_internal.gen_single_instance.gtwiz_reset_inst/reset_synchronizer_gtwiz_reset_tx_any_inst/rst_in_sync2_reg/PRE
exdes_i/vid_phy_controller/inst/gt_wrapper_inst/inst/gen_gtwizard_gthe4_top.exdes_vid_phy_controller_0_gtwrapper_gtwizard_gthe4_inst/gen_gtwizard_gthe4.gen_reset_controller_internal.gen_single_instance.gtwiz_reset_inst/reset_synchronizer_gtwiz_reset_tx_any_inst/rst_in_sync3_reg/PRE. The LUT may glitch and trigger an unexpected reset, even if it is a properly timed path.
Related violations: <none>

LUTAR-1#6 Warning
LUT drives async reset alert  
LUT cell exdes_i/vid_phy_controller/inst/gt_wrapper_inst/inst/gen_gtwizard_gthe4_top.exdes_vid_phy_controller_0_gtwrapper_gtwizard_gthe4_inst/gen_gtwizard_gthe4.gen_reset_controller_internal.gen_single_instance.gtwiz_reset_inst/rst_in_meta_i_1, with 2 or more inputs, drives asynchronous preset/clear pin(s) exdes_i/vid_phy_controller/inst/gt_wrapper_inst/inst/gen_gtwizard_gthe4_top.exdes_vid_phy_controller_0_gtwrapper_gtwizard_gthe4_inst/gen_gtwizard_gthe4.gen_cpll_cal_gthe4.gen_cpll_cal_inst[0].gen_inst_cpll_cal.gtwizard_ultrascale_v1_7_16_gthe4_cpll_cal_inst/reset_synchronizer_resetin_rx_inst/rst_in_meta_reg/PRE,
exdes_i/vid_phy_controller/inst/gt_wrapper_inst/inst/gen_gtwizard_gthe4_top.exdes_vid_phy_controller_0_gtwrapper_gtwizard_gthe4_inst/gen_gtwizard_gthe4.gen_cpll_cal_gthe4.gen_cpll_cal_inst[0].gen_inst_cpll_cal.gtwizard_ultrascale_v1_7_16_gthe4_cpll_cal_inst/reset_synchronizer_resetin_rx_inst/rst_in_out_reg/PRE,
exdes_i/vid_phy_controller/inst/gt_wrapper_inst/inst/gen_gtwizard_gthe4_top.exdes_vid_phy_controller_0_gtwrapper_gtwizard_gthe4_inst/gen_gtwizard_gthe4.gen_cpll_cal_gthe4.gen_cpll_cal_inst[0].gen_inst_cpll_cal.gtwizard_ultrascale_v1_7_16_gthe4_cpll_cal_inst/reset_synchronizer_resetin_rx_inst/rst_in_sync1_reg/PRE,
exdes_i/vid_phy_controller/inst/gt_wrapper_inst/inst/gen_gtwizard_gthe4_top.exdes_vid_phy_controller_0_gtwrapper_gtwizard_gthe4_inst/gen_gtwizard_gthe4.gen_cpll_cal_gthe4.gen_cpll_cal_inst[0].gen_inst_cpll_cal.gtwizard_ultrascale_v1_7_16_gthe4_cpll_cal_inst/reset_synchronizer_resetin_rx_inst/rst_in_sync2_reg/PRE
exdes_i/vid_phy_controller/inst/gt_wrapper_inst/inst/gen_gtwizard_gthe4_top.exdes_vid_phy_controller_0_gtwrapper_gtwizard_gthe4_inst/gen_gtwizard_gthe4.gen_cpll_cal_gthe4.gen_cpll_cal_inst[0].gen_inst_cpll_cal.gtwizard_ultrascale_v1_7_16_gthe4_cpll_cal_inst/reset_synchronizer_resetin_rx_inst/rst_in_sync3_reg/PRE. The LUT may glitch and trigger an unexpected reset, even if it is a properly timed path.
Related violations: <none>

LUTAR-1#7 Warning
LUT drives async reset alert  
LUT cell exdes_i/vid_phy_controller/inst/gt_wrapper_inst/inst/gen_gtwizard_gthe4_top.exdes_vid_phy_controller_0_gtwrapper_gtwizard_gthe4_inst/gen_gtwizard_gthe4.gen_reset_controller_internal.gen_single_instance.gtwiz_reset_inst/rst_in_meta_i_1__0, with 2 or more inputs, drives asynchronous preset/clear pin(s) exdes_i/vid_phy_controller/inst/gt_wrapper_inst/inst/gen_gtwizard_gthe4_top.exdes_vid_phy_controller_0_gtwrapper_gtwizard_gthe4_inst/gen_gtwizard_gthe4.gen_cpll_cal_gthe4.gen_cpll_cal_inst[0].gen_inst_cpll_cal.gtwizard_ultrascale_v1_7_16_gthe4_cpll_cal_inst/reset_synchronizer_resetin_tx_inst/rst_in_meta_reg/PRE,
exdes_i/vid_phy_controller/inst/gt_wrapper_inst/inst/gen_gtwizard_gthe4_top.exdes_vid_phy_controller_0_gtwrapper_gtwizard_gthe4_inst/gen_gtwizard_gthe4.gen_cpll_cal_gthe4.gen_cpll_cal_inst[0].gen_inst_cpll_cal.gtwizard_ultrascale_v1_7_16_gthe4_cpll_cal_inst/reset_synchronizer_resetin_tx_inst/rst_in_out_reg/PRE,
exdes_i/vid_phy_controller/inst/gt_wrapper_inst/inst/gen_gtwizard_gthe4_top.exdes_vid_phy_controller_0_gtwrapper_gtwizard_gthe4_inst/gen_gtwizard_gthe4.gen_cpll_cal_gthe4.gen_cpll_cal_inst[0].gen_inst_cpll_cal.gtwizard_ultrascale_v1_7_16_gthe4_cpll_cal_inst/reset_synchronizer_resetin_tx_inst/rst_in_sync1_reg/PRE,
exdes_i/vid_phy_controller/inst/gt_wrapper_inst/inst/gen_gtwizard_gthe4_top.exdes_vid_phy_controller_0_gtwrapper_gtwizard_gthe4_inst/gen_gtwizard_gthe4.gen_cpll_cal_gthe4.gen_cpll_cal_inst[0].gen_inst_cpll_cal.gtwizard_ultrascale_v1_7_16_gthe4_cpll_cal_inst/reset_synchronizer_resetin_tx_inst/rst_in_sync2_reg/PRE
exdes_i/vid_phy_controller/inst/gt_wrapper_inst/inst/gen_gtwizard_gthe4_top.exdes_vid_phy_controller_0_gtwrapper_gtwizard_gthe4_inst/gen_gtwizard_gthe4.gen_cpll_cal_gthe4.gen_cpll_cal_inst[0].gen_inst_cpll_cal.gtwizard_ultrascale_v1_7_16_gthe4_cpll_cal_inst/reset_synchronizer_resetin_tx_inst/rst_in_sync3_reg/PRE. The LUT may glitch and trigger an unexpected reset, even if it is a properly timed path.
Related violations: <none>

LUTAR-1#8 Warning
LUT drives async reset alert  
LUT cell exdes_i/vid_phy_controller/inst/gt_wrapper_inst/inst/gen_gtwizard_gthe4_top.exdes_vid_phy_controller_0_gtwrapper_gtwizard_gthe4_inst/gen_gtwizard_gthe4.gen_reset_controller_internal.gen_single_instance.gtwiz_reset_inst/rst_in_meta_i_1__1, with 2 or more inputs, drives asynchronous preset/clear pin(s) exdes_i/vid_phy_controller/inst/gt_wrapper_inst/inst/gen_gtwizard_gthe4_top.exdes_vid_phy_controller_0_gtwrapper_gtwizard_gthe4_inst/gen_gtwizard_gthe4.gen_cpll_cal_gthe4.gen_cpll_cal_inst[1].gen_inst_cpll_cal.gtwizard_ultrascale_v1_7_16_gthe4_cpll_cal_inst/reset_synchronizer_resetin_rx_inst/rst_in_meta_reg/PRE,
exdes_i/vid_phy_controller/inst/gt_wrapper_inst/inst/gen_gtwizard_gthe4_top.exdes_vid_phy_controller_0_gtwrapper_gtwizard_gthe4_inst/gen_gtwizard_gthe4.gen_cpll_cal_gthe4.gen_cpll_cal_inst[1].gen_inst_cpll_cal.gtwizard_ultrascale_v1_7_16_gthe4_cpll_cal_inst/reset_synchronizer_resetin_rx_inst/rst_in_out_reg/PRE,
exdes_i/vid_phy_controller/inst/gt_wrapper_inst/inst/gen_gtwizard_gthe4_top.exdes_vid_phy_controller_0_gtwrapper_gtwizard_gthe4_inst/gen_gtwizard_gthe4.gen_cpll_cal_gthe4.gen_cpll_cal_inst[1].gen_inst_cpll_cal.gtwizard_ultrascale_v1_7_16_gthe4_cpll_cal_inst/reset_synchronizer_resetin_rx_inst/rst_in_sync1_reg/PRE,
exdes_i/vid_phy_controller/inst/gt_wrapper_inst/inst/gen_gtwizard_gthe4_top.exdes_vid_phy_controller_0_gtwrapper_gtwizard_gthe4_inst/gen_gtwizard_gthe4.gen_cpll_cal_gthe4.gen_cpll_cal_inst[1].gen_inst_cpll_cal.gtwizard_ultrascale_v1_7_16_gthe4_cpll_cal_inst/reset_synchronizer_resetin_rx_inst/rst_in_sync2_reg/PRE
exdes_i/vid_phy_controller/inst/gt_wrapper_inst/inst/gen_gtwizard_gthe4_top.exdes_vid_phy_controller_0_gtwrapper_gtwizard_gthe4_inst/gen_gtwizard_gthe4.gen_cpll_cal_gthe4.gen_cpll_cal_inst[1].gen_inst_cpll_cal.gtwizard_ultrascale_v1_7_16_gthe4_cpll_cal_inst/reset_synchronizer_resetin_rx_inst/rst_in_sync3_reg/PRE. The LUT may glitch and trigger an unexpected reset, even if it is a properly timed path.
Related violations: <none>

LUTAR-1#9 Warning
LUT drives async reset alert  
LUT cell exdes_i/vid_phy_controller/inst/gt_wrapper_inst/inst/gen_gtwizard_gthe4_top.exdes_vid_phy_controller_0_gtwrapper_gtwizard_gthe4_inst/gen_gtwizard_gthe4.gen_reset_controller_internal.gen_single_instance.gtwiz_reset_inst/rst_in_meta_i_1__2, with 2 or more inputs, drives asynchronous preset/clear pin(s) exdes_i/vid_phy_controller/inst/gt_wrapper_inst/inst/gen_gtwizard_gthe4_top.exdes_vid_phy_controller_0_gtwrapper_gtwizard_gthe4_inst/gen_gtwizard_gthe4.gen_cpll_cal_gthe4.gen_cpll_cal_inst[1].gen_inst_cpll_cal.gtwizard_ultrascale_v1_7_16_gthe4_cpll_cal_inst/reset_synchronizer_resetin_tx_inst/rst_in_meta_reg/PRE,
exdes_i/vid_phy_controller/inst/gt_wrapper_inst/inst/gen_gtwizard_gthe4_top.exdes_vid_phy_controller_0_gtwrapper_gtwizard_gthe4_inst/gen_gtwizard_gthe4.gen_cpll_cal_gthe4.gen_cpll_cal_inst[1].gen_inst_cpll_cal.gtwizard_ultrascale_v1_7_16_gthe4_cpll_cal_inst/reset_synchronizer_resetin_tx_inst/rst_in_out_reg/PRE,
exdes_i/vid_phy_controller/inst/gt_wrapper_inst/inst/gen_gtwizard_gthe4_top.exdes_vid_phy_controller_0_gtwrapper_gtwizard_gthe4_inst/gen_gtwizard_gthe4.gen_cpll_cal_gthe4.gen_cpll_cal_inst[1].gen_inst_cpll_cal.gtwizard_ultrascale_v1_7_16_gthe4_cpll_cal_inst/reset_synchronizer_resetin_tx_inst/rst_in_sync1_reg/PRE,
exdes_i/vid_phy_controller/inst/gt_wrapper_inst/inst/gen_gtwizard_gthe4_top.exdes_vid_phy_controller_0_gtwrapper_gtwizard_gthe4_inst/gen_gtwizard_gthe4.gen_cpll_cal_gthe4.gen_cpll_cal_inst[1].gen_inst_cpll_cal.gtwizard_ultrascale_v1_7_16_gthe4_cpll_cal_inst/reset_synchronizer_resetin_tx_inst/rst_in_sync2_reg/PRE
exdes_i/vid_phy_controller/inst/gt_wrapper_inst/inst/gen_gtwizard_gthe4_top.exdes_vid_phy_controller_0_gtwrapper_gtwizard_gthe4_inst/gen_gtwizard_gthe4.gen_cpll_cal_gthe4.gen_cpll_cal_inst[1].gen_inst_cpll_cal.gtwizard_ultrascale_v1_7_16_gthe4_cpll_cal_inst/reset_synchronizer_resetin_tx_inst/rst_in_sync3_reg/PRE. The LUT may glitch and trigger an unexpected reset, even if it is a properly timed path.
Related violations: <none>

LUTAR-1#10 Warning
LUT drives async reset alert  
LUT cell exdes_i/vid_phy_controller/inst/gt_wrapper_inst/inst/gen_gtwizard_gthe4_top.exdes_vid_phy_controller_0_gtwrapper_gtwizard_gthe4_inst/gen_gtwizard_gthe4.gen_reset_controller_internal.gen_single_instance.gtwiz_reset_inst/rst_in_meta_i_1__3, with 2 or more inputs, drives asynchronous preset/clear pin(s) exdes_i/vid_phy_controller/inst/gt_wrapper_inst/inst/gen_gtwizard_gthe4_top.exdes_vid_phy_controller_0_gtwrapper_gtwizard_gthe4_inst/gen_gtwizard_gthe4.gen_cpll_cal_gthe4.gen_cpll_cal_inst[2].gen_inst_cpll_cal.gtwizard_ultrascale_v1_7_16_gthe4_cpll_cal_inst/reset_synchronizer_resetin_rx_inst/rst_in_meta_reg/PRE,
exdes_i/vid_phy_controller/inst/gt_wrapper_inst/inst/gen_gtwizard_gthe4_top.exdes_vid_phy_controller_0_gtwrapper_gtwizard_gthe4_inst/gen_gtwizard_gthe4.gen_cpll_cal_gthe4.gen_cpll_cal_inst[2].gen_inst_cpll_cal.gtwizard_ultrascale_v1_7_16_gthe4_cpll_cal_inst/reset_synchronizer_resetin_rx_inst/rst_in_out_reg/PRE,
exdes_i/vid_phy_controller/inst/gt_wrapper_inst/inst/gen_gtwizard_gthe4_top.exdes_vid_phy_controller_0_gtwrapper_gtwizard_gthe4_inst/gen_gtwizard_gthe4.gen_cpll_cal_gthe4.gen_cpll_cal_inst[2].gen_inst_cpll_cal.gtwizard_ultrascale_v1_7_16_gthe4_cpll_cal_inst/reset_synchronizer_resetin_rx_inst/rst_in_sync1_reg/PRE,
exdes_i/vid_phy_controller/inst/gt_wrapper_inst/inst/gen_gtwizard_gthe4_top.exdes_vid_phy_controller_0_gtwrapper_gtwizard_gthe4_inst/gen_gtwizard_gthe4.gen_cpll_cal_gthe4.gen_cpll_cal_inst[2].gen_inst_cpll_cal.gtwizard_ultrascale_v1_7_16_gthe4_cpll_cal_inst/reset_synchronizer_resetin_rx_inst/rst_in_sync2_reg/PRE
exdes_i/vid_phy_controller/inst/gt_wrapper_inst/inst/gen_gtwizard_gthe4_top.exdes_vid_phy_controller_0_gtwrapper_gtwizard_gthe4_inst/gen_gtwizard_gthe4.gen_cpll_cal_gthe4.gen_cpll_cal_inst[2].gen_inst_cpll_cal.gtwizard_ultrascale_v1_7_16_gthe4_cpll_cal_inst/reset_synchronizer_resetin_rx_inst/rst_in_sync3_reg/PRE. The LUT may glitch and trigger an unexpected reset, even if it is a properly timed path.
Related violations: <none>

LUTAR-1#11 Warning
LUT drives async reset alert  
LUT cell exdes_i/vid_phy_controller/inst/gt_wrapper_inst/inst/gen_gtwizard_gthe4_top.exdes_vid_phy_controller_0_gtwrapper_gtwizard_gthe4_inst/gen_gtwizard_gthe4.gen_reset_controller_internal.gen_single_instance.gtwiz_reset_inst/rst_in_meta_i_1__4, with 2 or more inputs, drives asynchronous preset/clear pin(s) exdes_i/vid_phy_controller/inst/gt_wrapper_inst/inst/gen_gtwizard_gthe4_top.exdes_vid_phy_controller_0_gtwrapper_gtwizard_gthe4_inst/gen_gtwizard_gthe4.gen_cpll_cal_gthe4.gen_cpll_cal_inst[2].gen_inst_cpll_cal.gtwizard_ultrascale_v1_7_16_gthe4_cpll_cal_inst/reset_synchronizer_resetin_tx_inst/rst_in_meta_reg/PRE,
exdes_i/vid_phy_controller/inst/gt_wrapper_inst/inst/gen_gtwizard_gthe4_top.exdes_vid_phy_controller_0_gtwrapper_gtwizard_gthe4_inst/gen_gtwizard_gthe4.gen_cpll_cal_gthe4.gen_cpll_cal_inst[2].gen_inst_cpll_cal.gtwizard_ultrascale_v1_7_16_gthe4_cpll_cal_inst/reset_synchronizer_resetin_tx_inst/rst_in_out_reg/PRE,
exdes_i/vid_phy_controller/inst/gt_wrapper_inst/inst/gen_gtwizard_gthe4_top.exdes_vid_phy_controller_0_gtwrapper_gtwizard_gthe4_inst/gen_gtwizard_gthe4.gen_cpll_cal_gthe4.gen_cpll_cal_inst[2].gen_inst_cpll_cal.gtwizard_ultrascale_v1_7_16_gthe4_cpll_cal_inst/reset_synchronizer_resetin_tx_inst/rst_in_sync1_reg/PRE,
exdes_i/vid_phy_controller/inst/gt_wrapper_inst/inst/gen_gtwizard_gthe4_top.exdes_vid_phy_controller_0_gtwrapper_gtwizard_gthe4_inst/gen_gtwizard_gthe4.gen_cpll_cal_gthe4.gen_cpll_cal_inst[2].gen_inst_cpll_cal.gtwizard_ultrascale_v1_7_16_gthe4_cpll_cal_inst/reset_synchronizer_resetin_tx_inst/rst_in_sync2_reg/PRE
exdes_i/vid_phy_controller/inst/gt_wrapper_inst/inst/gen_gtwizard_gthe4_top.exdes_vid_phy_controller_0_gtwrapper_gtwizard_gthe4_inst/gen_gtwizard_gthe4.gen_cpll_cal_gthe4.gen_cpll_cal_inst[2].gen_inst_cpll_cal.gtwizard_ultrascale_v1_7_16_gthe4_cpll_cal_inst/reset_synchronizer_resetin_tx_inst/rst_in_sync3_reg/PRE. The LUT may glitch and trigger an unexpected reset, even if it is a properly timed path.
Related violations: <none>

TIMING-9#1 Warning
Unknown CDC Logic  
One or more asynchronous Clock Domain Crossing has been detected between 2 clock domains through a set_false_path or a set_clock_groups or set_max_delay -datapath_only constraint but no double-registers logic synchronizer has been found on the side of the capture clock. It is recommended to run report_cdc for a complete and detailed CDC coverage. Please consider using XPM_CDC to avoid Critical severities
Related violations: <none>

TIMING-10#1 Warning
Missing property on synchronizer  
One or more logic synchronizer has been detected between 2 clock domains but the synchronizer does not have the property ASYNC_REG defined on one or both registers. It is recommended to run report_cdc for a complete and detailed CDC coverage
Related violations: <none>

TIMING-18#1 Warning
Missing input or output delay  
An input delay is missing on reset relative to the rising and/or falling clock edge(s) of sys_diff_clock_clk_p.
Related violations: <none>

TIMING-18#2 Warning
Missing input or output delay  
An output delay is missing on HDMI_TX_CLK_N_OUT relative to the rising and/or falling clock edge(s) of tx_mgt_refclk.
Related violations: <none>

TIMING-18#3 Warning
Missing input or output delay  
An output delay is missing on HDMI_TX_CLK_P_OUT relative to the rising and/or falling clock edge(s) of tx_mgt_refclk.
Related violations: <none>

TIMING-18#4 Warning
Missing input or output delay  
An output delay is missing on LED0 relative to the rising and/or falling clock edge(s) of tx_mgt_refclk.
Related violations: <none>

TIMING-18#5 Warning
Missing input or output delay  
An output delay is missing on RX_REFCLK_N_OUT relative to the rising and/or falling clock edge(s) of rx_mgt_refclk.
Related violations: <none>

TIMING-18#6 Warning
Missing input or output delay  
An output delay is missing on RX_REFCLK_P_OUT relative to the rising and/or falling clock edge(s) of rx_mgt_refclk.
Related violations: <none>

TIMING-47#1 Warning
False path, asynchronous clock group or max delay datapath only constraint between synchronous clocks  
A Clock Group timing constraint is set between synchronous clocks exdes_i/mb_ss_0/mdm/U0/Use_E2.BSCAN_I/Use_E2.BSCANE2_I/DRCK and exdes_i/mb_ss_0/mdm/U0/Use_E2.BSCAN_I/Use_E2.BSCANE2_I/INTERNAL_TCK (see constraint position 123 in the Timing Constraint window in Vivado IDE). Masking entire synchronous clock domains via  set_false_path, set_clock_groups or set_max_delay -datapath_only may result in failure in hardware.
Related violations: <none>

TIMING-47#2 Warning
False path, asynchronous clock group or max delay datapath only constraint between synchronous clocks  
A Clock Group timing constraint is set between synchronous clocks exdes_i/mb_ss_0/mdm/U0/Use_E2.BSCAN_I/Use_E2.BSCANE2_I/DRCK and exdes_i/mb_ss_0/mdm/U0/Use_E2.BSCAN_I/Use_E2.BSCANE2_I/UPDATE (see constraint position 124 in the Timing Constraint window in Vivado IDE). Masking entire synchronous clock domains via  set_false_path, set_clock_groups or set_max_delay -datapath_only may result in failure in hardware.
Related violations: <none>

TIMING-47#3 Warning
False path, asynchronous clock group or max delay datapath only constraint between synchronous clocks  
A Clock Group timing constraint is set between synchronous clocks exdes_i/mb_ss_0/mdm/U0/Use_E2.BSCAN_I/Use_E2.BSCANE2_I/INTERNAL_TCK and exdes_i/mb_ss_0/mdm/U0/Use_E2.BSCAN_I/Use_E2.BSCANE2_I/DRCK (see constraint position 123 in the Timing Constraint window in Vivado IDE). Masking entire synchronous clock domains via  set_false_path, set_clock_groups or set_max_delay -datapath_only may result in failure in hardware.
Related violations: <none>

TIMING-47#4 Warning
False path, asynchronous clock group or max delay datapath only constraint between synchronous clocks  
A Clock Group timing constraint is set between synchronous clocks exdes_i/mb_ss_0/mdm/U0/Use_E2.BSCAN_I/Use_E2.BSCANE2_I/INTERNAL_TCK and exdes_i/mb_ss_0/mdm/U0/Use_E2.BSCAN_I/Use_E2.BSCANE2_I/UPDATE (see constraint position 123 in the Timing Constraint window in Vivado IDE). Masking entire synchronous clock domains via  set_false_path, set_clock_groups or set_max_delay -datapath_only may result in failure in hardware.
Related violations: <none>

TIMING-47#5 Warning
False path, asynchronous clock group or max delay datapath only constraint between synchronous clocks  
A Clock Group timing constraint is set between synchronous clocks exdes_i/mb_ss_0/mdm/U0/Use_E2.BSCAN_I/Use_E2.BSCANE2_I/UPDATE and exdes_i/mb_ss_0/mdm/U0/Use_E2.BSCAN_I/Use_E2.BSCANE2_I/DRCK (see constraint position 124 in the Timing Constraint window in Vivado IDE). Masking entire synchronous clock domains via  set_false_path, set_clock_groups or set_max_delay -datapath_only may result in failure in hardware.
Related violations: <none>

TIMING-47#6 Warning
False path, asynchronous clock group or max delay datapath only constraint between synchronous clocks  
A Clock Group timing constraint is set between synchronous clocks exdes_i/mb_ss_0/mdm/U0/Use_E2.BSCAN_I/Use_E2.BSCANE2_I/UPDATE and exdes_i/mb_ss_0/mdm/U0/Use_E2.BSCAN_I/Use_E2.BSCANE2_I/INTERNAL_TCK (see constraint position 123 in the Timing Constraint window in Vivado IDE). Masking entire synchronous clock domains via  set_false_path, set_clock_groups or set_max_delay -datapath_only may result in failure in hardware.
Related violations: <none>

ULMTCS-1#1 Warning
Control Sets use limits recommend reduction  
This design uses 1688 control sets (vs. available limit of 19440, determined by 1 control set per CLB). This exceeds the control set use guideline of 7.5 percent. This is at a level where reduction is RECOMMENDED (see UG949). Use report_control_sets to get more details.
Related violations: <none>

CLKC-11#1 Advisory
MMCME4 divide could be done by BUFG_GT  
The MMCME4 cell exdes_i/vid_phy_controller/inst/gt_usrclk_source_inst/rx_mmcm.rxoutclk_mmcm0_i/mmcm_adv_inst driven by BUFG_GT cell exdes_i/vid_phy_controller/inst/gt_usrclk_source_inst/bufg_gt_gtrefclk1_odiv2_inst uses CLKOUT* output(s) with a DIVIDE value of [1..8] which could be accomplished using a BUFG_GT divide capability. Consider using BUFG_GT(s) to accomplish the desired divide(s).
Related violations: <none>

CLKC-11#2 Advisory
MMCME4 divide could be done by BUFG_GT  
The MMCME4 cell exdes_i/vid_phy_controller/inst/gt_usrclk_source_inst/tx_mmcm.txoutclk_mmcm0_i/mmcm_adv_inst driven by BUFG_GT cell exdes_i/vid_phy_controller/inst/gt_usrclk_source_inst/bufg_gt_gtrefclk0_odiv2_inst uses CLKOUT* output(s) with a DIVIDE value of [1..8] which could be accomplished using a BUFG_GT divide capability. Consider using BUFG_GT(s) to accomplish the desired divide(s).
Related violations: <none>

CLKC-40#1 Advisory
Substitute PLLE4 for MMCME4 check  
The MMCME4 cell exdes_i/vid_phy_controller/inst/gt_usrclk_source_inst/tx_mmcm.txoutclk_mmcm0_i/mmcm_adv_inst has a single input clock whose source driver, BUFG_GT exdes_i/vid_phy_controller/inst/gt_usrclk_source_inst/bufg_gt_gtrefclk0_odiv2_inst, is not optimally located and the MMCM has a configuration which could be accommodated by a PLL.  Consider changing the MMCM to a PLL which could align better with the input clock driver.
Related violations: <none>

CLKC-56#1 Advisory
MMCME4 with global clock driver has no LOC  
The MMCME4_ADV cell exdes_i/vid_phy_controller/inst/gt_usrclk_source_inst/rx_mmcm.rxoutclk_mmcm0_i/mmcm_adv_inst CLKIN1 or CLKIN2 pin is driven by global Clock buffer(s) exdes_i/vid_phy_controller/inst/gt_usrclk_source_inst/bufg_gt_gtrefclk1_odiv2_inst and does not have a LOC constraint. It is recommended to LOC the MMCM and use the CLOCK_DEDICATED_ROUTE constraint on the net(s) driven by the global Clock buffer(s).
Related violations: <none>

CLKC-56#2 Advisory
MMCME4 with global clock driver has no LOC  
The MMCME4_ADV cell exdes_i/vid_phy_controller/inst/gt_usrclk_source_inst/tx_mmcm.txoutclk_mmcm0_i/mmcm_adv_inst CLKIN1 or CLKIN2 pin is driven by global Clock buffer(s) exdes_i/vid_phy_controller/inst/gt_usrclk_source_inst/bufg_gt_gtrefclk0_odiv2_inst and does not have a LOC constraint. It is recommended to LOC the MMCM and use the CLOCK_DEDICATED_ROUTE constraint on the net(s) driven by the global Clock buffer(s).
Related violations: <none>

CLKC-58#1 Advisory
PLLE4 with global clock driver has no LOC  
The PLLE4_ADV cell exdes_i/audio_ss_0/clk_wiz/inst/CLK_CORE_DRP_I/clk_inst/plle4_adv_inst CLKIN pin is driven by global Clock buffer exdes_i/mb_ss_0/clk_wiz/inst/clkout2_buf and does not have a LOC constraint. It is recommended to LOC the PLL and use the CLOCK_DEDICATED_ROUTE constraint on the net driven by the global Clock buffer.
Related violations: <none>


