Copyright 1986-2022 Xilinx, Inc. All Rights Reserved. Copyright 2022-2023 Advanced Micro Devices, Inc. All Rights Reserved.
-------------------------------------------------------------------------------------------------------------------------------------------------------------
| Tool Version     : Vivado v.2023.1 (lin64) Build 3865809 Sun May  7 15:04:56 MDT 2023
| Date             : Thu Jan  9 09:36:25 2025
| Host             : HP-Z4-G4-027564 running 64-bit Ubuntu 20.04.6 LTS
| Command          : report_power -file exdes_wrapper_power_routed.rpt -pb exdes_wrapper_power_summary_routed.pb -rpx exdes_wrapper_power_routed.rpx
| Design           : exdes_wrapper
| Device           : xcau15p-ffvb676-2-e
| Design State     : routed
| Grade            : extended
| Process          : typical
| Characterization : Production
-------------------------------------------------------------------------------------------------------------------------------------------------------------

Power Report

Table of Contents
-----------------
1. Summary
1.1 On-Chip Components
1.2 Power Supply Summary
1.3 Confidence Level
2. Settings
2.1 Environment
2.2 Clock Constraints
3. Detailed Reports
3.1 By Hierarchy

1. Summary
----------

+--------------------------+--------------+
| Total On-Chip Power (W)  | 1.556        |
| Design Power Budget (W)  | Unspecified* |
| Power Budget Margin (W)  | NA           |
| Dynamic (W)              | 1.274        |
| Device Static (W)        | 0.282        |
| Effective TJA (C/W)      | 1.7          |
| Max Ambient (C)          | 97.3         |
| Junction Temperature (C) | 27.7         |
| Confidence Level         | Low          |
| Setting File             | ---          |
| Simulation Activity File | ---          |
| Design Nets Matched      | NA           |
+--------------------------+--------------+
* Specify Design Power Budget using, set_operating_conditions -design_power_budget <value in Watts>


1.1 On-Chip Components
----------------------

+--------------------------+-----------+----------+-----------+-----------------+
| On-Chip                  | Power (W) | Used     | Available | Utilization (%) |
+--------------------------+-----------+----------+-----------+-----------------+
| Clocks                   |     0.214 |       36 |       --- |             --- |
| CLB Logic                |     0.027 |    63775 |       --- |             --- |
|   LUT as Logic           |     0.020 |    21327 |     77760 |           27.43 |
|   LUT as Shift Register  |     0.002 |      473 |     40320 |            1.17 |
|   LUT as Distributed RAM |     0.002 |     1654 |     40320 |            4.10 |
|   Register               |     0.002 |    31404 |    155520 |           20.19 |
|   CARRY8                 |     0.001 |      363 |      9720 |            3.73 |
|   BUFG                   |    <0.001 |        3 |        24 |           12.50 |
|   Others                 |    <0.001 |     2197 |       --- |             --- |
|   F7/F8 Muxes            |     0.000 |      706 |     77760 |            0.91 |
| Signals                  |     0.024 |    50351 |       --- |             --- |
| Block RAM                |     0.039 |       73 |       144 |           50.69 |
| MMCM                     |     0.294 |        0 |       --- |             --- |
| PLL                      |     0.050 |        1 |       --- |             --- |
| I/O                      |     0.019 |       27 |       228 |           11.84 |
| GTH                      |     0.608 |        3 |        12 |           25.00 |
| Static Power             |     0.282 |          |           |                 |
| Total                    |     1.556 |          |           |                 |
+--------------------------+-----------+----------+-----------+-----------------+


1.2 Power Supply Summary
------------------------

+-----------+-------------+-----------+-------------+------------+-------------+-------------+------------+
| Source    | Voltage (V) | Total (A) | Dynamic (A) | Static (A) | Powerup (A) | Budget (A)  | Margin (A) |
+-----------+-------------+-----------+-------------+------------+-------------+-------------+------------+
| Vccint    |       0.850 |     0.535 |       0.482 |      0.054 |       NA    | Unspecified | NA         |
| Vccint_io |       0.850 |     0.030 |       0.003 |      0.027 |       NA    | Unspecified | NA         |
| Vccbram   |       0.850 |     0.002 |       0.001 |      0.001 |       NA    | Unspecified | NA         |
| Vccaux    |       1.800 |     0.254 |       0.189 |      0.064 |       NA    | Unspecified | NA         |
| Vccaux_io |       1.800 |     0.032 |       0.008 |      0.023 |       NA    | Unspecified | NA         |
| Vcco33    |       3.300 |     0.005 |       0.000 |      0.005 |       NA    | Unspecified | NA         |
| Vcco25    |       2.500 |     0.000 |       0.000 |      0.000 |       NA    | Unspecified | NA         |
| Vcco18    |       1.800 |     0.000 |       0.000 |      0.000 |       NA    | Unspecified | NA         |
| Vcco15    |       1.500 |     0.000 |       0.000 |      0.000 |       NA    | Unspecified | NA         |
| Vcco135   |       1.350 |     0.000 |       0.000 |      0.000 |       NA    | Unspecified | NA         |
| Vcco12    |       1.200 |     0.000 |       0.000 |      0.000 |       NA    | Unspecified | NA         |
| Vcco10    |       1.000 |     0.000 |       0.000 |      0.000 |       NA    | Unspecified | NA         |
| Vccadc    |       1.800 |     0.008 |       0.000 |      0.008 |       NA    | Unspecified | NA         |
| MGTAVcc   |       0.900 |     0.180 |       0.172 |      0.008 |       NA    | Unspecified | NA         |
| MGTAVtt   |       1.200 |     0.305 |       0.291 |      0.014 |       NA    | Unspecified | NA         |
| MGTVccaux |       1.800 |     0.000 |       0.000 |      0.000 |       NA    | Unspecified | NA         |
+-----------+-------------+-----------+-------------+------------+-------------+-------------+------------+


1.3 Confidence Level
--------------------

+-----------------------------+------------+--------------------------------------------------------+------------------------------------------------------------------------------------------------------------+
| User Input Data             | Confidence | Details                                                | Action                                                                                                     |
+-----------------------------+------------+--------------------------------------------------------+------------------------------------------------------------------------------------------------------------+
| Design implementation state | High       | Design is routed                                       |                                                                                                            |
| Clock nodes activity        | High       | User specified more than 95% of clocks                 |                                                                                                            |
| I/O nodes activity          | Low        | More than 75% of inputs are missing user specification | Provide missing input activity with simulation results or by editing the "By Resource Type -> I/Os" view   |
| Internal nodes activity     | Medium     | User specified less than 25% of internal nodes         | Provide missing internal nodes activity with simulation results or by editing the "By Resource Type" views |
| Device models               | High       | Device models are Production                           |                                                                                                            |
|                             |            |                                                        |                                                                                                            |
| Overall confidence level    | Low        |                                                        |                                                                                                            |
+-----------------------------+------------+--------------------------------------------------------+------------------------------------------------------------------------------------------------------------+


2. Settings
-----------

2.1 Environment
---------------

+-----------------------+--------------------------+
| Ambient Temp (C)      | 25.0                     |
| ThetaJA (C/W)         | 1.7                      |
| Airflow (LFM)         | 250                      |
| Heat Sink             | medium (Medium Profile)  |
| ThetaSA (C/W)         | 2.8                      |
| Board Selection       | medium (10"x10")         |
| # of Board Layers     | 12to15 (12 to 15 Layers) |
| Board Temperature (C) | 25.0                     |
+-----------------------+--------------------------+


2.2 Clock Constraints
---------------------

+------------------------------------------------------------------------------------------------------------------------------------------------------------------------------------------------------------------------------------------------------------------------------------------------------------------------------------------------------------+---------------------------------------------------------------------------------------------------------------------------------------------------------------------------------------------------------------------------------------------------------------------------------------------------------------------------------------------+-----------------+
| Clock                                                                                                                                                                                                                                                                                                                                                      | Domain                                                                                                                                                                                                                                                                                                                                      | Constraint (ns) |
+------------------------------------------------------------------------------------------------------------------------------------------------------------------------------------------------------------------------------------------------------------------------------------------------------------------------------------------------------------+---------------------------------------------------------------------------------------------------------------------------------------------------------------------------------------------------------------------------------------------------------------------------------------------------------------------------------------------+-----------------+
| GTHE4_CHANNEL_RXOUTCLKPCS[0]                                                                                                                                                                                                                                                                                                                               | exdes_i/vid_phy_controller/inst/gt_wrapper_inst/inst/gen_gtwizard_gthe4_top.exdes_vid_phy_controller_0_gtwrapper_gtwizard_gthe4_inst/gen_gtwizard_gthe4.gen_channel_container[2].gen_enabled_channel.gthe4_channel_wrapper_inst/channel_inst/GTHE4_CHANNEL_RXOUTCLKPCS[0]                                                                   |             3.4 |
| GTHE4_CHANNEL_RXOUTCLKPCS[1]                                                                                                                                                                                                                                                                                                                               | exdes_i/vid_phy_controller/inst/gt_wrapper_inst/inst/gen_gtwizard_gthe4_top.exdes_vid_phy_controller_0_gtwrapper_gtwizard_gthe4_inst/gen_gtwizard_gthe4.gen_channel_container[2].gen_enabled_channel.gthe4_channel_wrapper_inst/channel_inst/GTHE4_CHANNEL_RXOUTCLKPCS[1]                                                                   |             3.4 |
| GTHE4_CHANNEL_RXOUTCLKPCS[2]                                                                                                                                                                                                                                                                                                                               | exdes_i/vid_phy_controller/inst/gt_wrapper_inst/inst/gen_gtwizard_gthe4_top.exdes_vid_phy_controller_0_gtwrapper_gtwizard_gthe4_inst/gen_gtwizard_gthe4.gen_channel_container[2].gen_enabled_channel.gthe4_channel_wrapper_inst/channel_inst/GTHE4_CHANNEL_RXOUTCLKPCS[2]                                                                   |             3.4 |
| GTHE4_CHANNEL_RXOUTCLK[0]                                                                                                                                                                                                                                                                                                                                  | exdes_i/vid_phy_controller/inst/gt_wrapper_inst/inst/gen_gtwizard_gthe4_top.exdes_vid_phy_controller_0_gtwrapper_gtwizard_gthe4_inst/gen_gtwizard_gthe4.gen_channel_container[2].gen_enabled_channel.gthe4_channel_wrapper_inst/channel_inst/GTHE4_CHANNEL_RXOUTCLK[0]                                                                      |             3.4 |
| GTHE4_CHANNEL_RXOUTCLK[1]                                                                                                                                                                                                                                                                                                                                  | exdes_i/vid_phy_controller/inst/gt_wrapper_inst/inst/gen_gtwizard_gthe4_top.exdes_vid_phy_controller_0_gtwrapper_gtwizard_gthe4_inst/gen_gtwizard_gthe4.gen_channel_container[2].gen_enabled_channel.gthe4_channel_wrapper_inst/channel_inst/GTHE4_CHANNEL_RXOUTCLK[1]                                                                      |             3.4 |
| GTHE4_CHANNEL_RXOUTCLK[2]                                                                                                                                                                                                                                                                                                                                  | exdes_i/vid_phy_controller/inst/gt_wrapper_inst/inst/gen_gtwizard_gthe4_top.exdes_vid_phy_controller_0_gtwrapper_gtwizard_gthe4_inst/gen_gtwizard_gthe4.gen_channel_container[2].gen_enabled_channel.gthe4_channel_wrapper_inst/channel_inst/GTHE4_CHANNEL_RXOUTCLK[2]                                                                      |             3.4 |
| GTHE4_CHANNEL_TXOUTCLK[0]                                                                                                                                                                                                                                                                                                                                  | exdes_i/vid_phy_controller/inst/gt_wrapper_inst/inst/gen_gtwizard_gthe4_top.exdes_vid_phy_controller_0_gtwrapper_gtwizard_gthe4_inst/gen_gtwizard_gthe4.gen_channel_container[2].gen_enabled_channel.gthe4_channel_wrapper_inst/channel_inst/GTHE4_CHANNEL_TXOUTCLK[0]                                                                      |             3.4 |
| GTHE4_CHANNEL_TXOUTCLK[1]                                                                                                                                                                                                                                                                                                                                  | exdes_i/vid_phy_controller/inst/gt_wrapper_inst/inst/gen_gtwizard_gthe4_top.exdes_vid_phy_controller_0_gtwrapper_gtwizard_gthe4_inst/gen_gtwizard_gthe4.gen_channel_container[2].gen_enabled_channel.gthe4_channel_wrapper_inst/channel_inst/GTHE4_CHANNEL_TXOUTCLK[1]                                                                      |             3.4 |
| GTHE4_CHANNEL_TXOUTCLK[2]                                                                                                                                                                                                                                                                                                                                  | exdes_i/vid_phy_controller/inst/gt_wrapper_inst/inst/gen_gtwizard_gthe4_top.exdes_vid_phy_controller_0_gtwrapper_gtwizard_gthe4_inst/gen_gtwizard_gthe4.gen_channel_container[2].gen_enabled_channel.gthe4_channel_wrapper_inst/channel_inst/GTHE4_CHANNEL_TXOUTCLK[2]                                                                      |             3.4 |
| clk_out1_exdes_clk_wiz_0                                                                                                                                                                                                                                                                                                                                   | exdes_i/audio_ss_0/clk_wiz/inst/CLK_CORE_DRP_I/clk_inst/clk_out1_exdes_clk_wiz_0                                                                                                                                                                                                                                                            |            10.0 |
| clk_out1_exdes_clk_wiz_1                                                                                                                                                                                                                                                                                                                                   | exdes_i/mb_ss_0/clk_wiz/inst/clk_out1_exdes_clk_wiz_1                                                                                                                                                                                                                                                                                       |             3.3 |
| clk_out2_exdes_clk_wiz_1                                                                                                                                                                                                                                                                                                                                   | exdes_i/mb_ss_0/clk_wiz/inst/clk_out2_exdes_clk_wiz_1                                                                                                                                                                                                                                                                                       |            10.0 |
| clkout1                                                                                                                                                                                                                                                                                                                                                    | exdes_i/vid_phy_controller/inst/gt_usrclk_source_inst/rx_mmcm.rxoutclk_mmcm0_i/clkout1                                                                                                                                                                                                                                                      |             3.4 |
| clkout1_1                                                                                                                                                                                                                                                                                                                                                  | exdes_i/vid_phy_controller/inst/gt_usrclk_source_inst/tx_mmcm.txoutclk_mmcm0_i/clkout1                                                                                                                                                                                                                                                      |             3.4 |
| clkout2                                                                                                                                                                                                                                                                                                                                                    | exdes_i/vid_phy_controller/inst/gt_usrclk_source_inst/rx_mmcm.rxoutclk_mmcm0_i/clkout2                                                                                                                                                                                                                                                      |             3.4 |
| clkout2_1                                                                                                                                                                                                                                                                                                                                                  | exdes_i/vid_phy_controller/inst/gt_usrclk_source_inst/tx_mmcm.txoutclk_mmcm0_i/clkout2                                                                                                                                                                                                                                                      |             3.4 |
| exdes_i/mb_ss_0/mdm/U0/Use_E2.BSCAN_I/Use_E2.BSCANE2_I/DRCK                                                                                                                                                                                                                                                                                                | exdes_i/mb_ss_0/mdm/U0/Use_E2.BSCAN_I/DRCK                                                                                                                                                                                                                                                                                                  |            33.3 |
| exdes_i/mb_ss_0/mdm/U0/Use_E2.BSCAN_I/Use_E2.BSCANE2_I/UPDATE                                                                                                                                                                                                                                                                                              | exdes_i/mb_ss_0/mdm/U0/Use_E2.BSCAN_I/Dbg_Update_0                                                                                                                                                                                                                                                                                          |            66.7 |
| exdes_i/vid_phy_controller/inst/gt_wrapper_inst/inst/gen_gtwizard_gthe4_top.exdes_vid_phy_controller_0_gtwrapper_gtwizard_gthe4_inst/gen_gtwizard_gthe4.gen_cpll_cal_gthe4.gen_cpll_cal_inst[0].gen_inst_cpll_cal.gtwizard_ultrascale_v1_7_16_gthe4_cpll_cal_inst/gtwizard_ultrascale_v1_7_16_gthe4_cpll_cal_rx_i/gen_cal_rx_en.bufg_gt_rxoutclkmon_inst/O | exdes_i/vid_phy_controller/inst/gt_wrapper_inst/inst/gen_gtwizard_gthe4_top.exdes_vid_phy_controller_0_gtwrapper_gtwizard_gthe4_inst/gen_gtwizard_gthe4.gen_cpll_cal_gthe4.gen_cpll_cal_inst[0].gen_inst_cpll_cal.gtwizard_ultrascale_v1_7_16_gthe4_cpll_cal_inst/gtwizard_ultrascale_v1_7_16_gthe4_cpll_cal_rx_i/gen_cal_rx_en.rxoutclkmon |             3.4 |
| exdes_i/vid_phy_controller/inst/gt_wrapper_inst/inst/gen_gtwizard_gthe4_top.exdes_vid_phy_controller_0_gtwrapper_gtwizard_gthe4_inst/gen_gtwizard_gthe4.gen_cpll_cal_gthe4.gen_cpll_cal_inst[0].gen_inst_cpll_cal.gtwizard_ultrascale_v1_7_16_gthe4_cpll_cal_inst/gtwizard_ultrascale_v1_7_16_gthe4_cpll_cal_tx_i/bufg_gt_txoutclkmon_inst/O               | exdes_i/vid_phy_controller/inst/gt_wrapper_inst/inst/gen_gtwizard_gthe4_top.exdes_vid_phy_controller_0_gtwrapper_gtwizard_gthe4_inst/gen_gtwizard_gthe4.gen_cpll_cal_gthe4.gen_cpll_cal_inst[0].gen_inst_cpll_cal.gtwizard_ultrascale_v1_7_16_gthe4_cpll_cal_inst/gtwizard_ultrascale_v1_7_16_gthe4_cpll_cal_tx_i/txoutclkmon               |             3.4 |
| exdes_i/vid_phy_controller/inst/gt_wrapper_inst/inst/gen_gtwizard_gthe4_top.exdes_vid_phy_controller_0_gtwrapper_gtwizard_gthe4_inst/gen_gtwizard_gthe4.gen_cpll_cal_gthe4.gen_cpll_cal_inst[1].gen_inst_cpll_cal.gtwizard_ultrascale_v1_7_16_gthe4_cpll_cal_inst/gtwizard_ultrascale_v1_7_16_gthe4_cpll_cal_rx_i/gen_cal_rx_en.bufg_gt_rxoutclkmon_inst/O | exdes_i/vid_phy_controller/inst/gt_wrapper_inst/inst/gen_gtwizard_gthe4_top.exdes_vid_phy_controller_0_gtwrapper_gtwizard_gthe4_inst/gen_gtwizard_gthe4.gen_cpll_cal_gthe4.gen_cpll_cal_inst[1].gen_inst_cpll_cal.gtwizard_ultrascale_v1_7_16_gthe4_cpll_cal_inst/gtwizard_ultrascale_v1_7_16_gthe4_cpll_cal_rx_i/gen_cal_rx_en.rxoutclkmon |             3.4 |
| exdes_i/vid_phy_controller/inst/gt_wrapper_inst/inst/gen_gtwizard_gthe4_top.exdes_vid_phy_controller_0_gtwrapper_gtwizard_gthe4_inst/gen_gtwizard_gthe4.gen_cpll_cal_gthe4.gen_cpll_cal_inst[1].gen_inst_cpll_cal.gtwizard_ultrascale_v1_7_16_gthe4_cpll_cal_inst/gtwizard_ultrascale_v1_7_16_gthe4_cpll_cal_tx_i/bufg_gt_txoutclkmon_inst/O               | exdes_i/vid_phy_controller/inst/gt_wrapper_inst/inst/gen_gtwizard_gthe4_top.exdes_vid_phy_controller_0_gtwrapper_gtwizard_gthe4_inst/gen_gtwizard_gthe4.gen_cpll_cal_gthe4.gen_cpll_cal_inst[1].gen_inst_cpll_cal.gtwizard_ultrascale_v1_7_16_gthe4_cpll_cal_inst/gtwizard_ultrascale_v1_7_16_gthe4_cpll_cal_tx_i/txoutclkmon               |             3.4 |
| exdes_i/vid_phy_controller/inst/gt_wrapper_inst/inst/gen_gtwizard_gthe4_top.exdes_vid_phy_controller_0_gtwrapper_gtwizard_gthe4_inst/gen_gtwizard_gthe4.gen_cpll_cal_gthe4.gen_cpll_cal_inst[2].gen_inst_cpll_cal.gtwizard_ultrascale_v1_7_16_gthe4_cpll_cal_inst/gtwizard_ultrascale_v1_7_16_gthe4_cpll_cal_rx_i/gen_cal_rx_en.bufg_gt_rxoutclkmon_inst/O | exdes_i/vid_phy_controller/inst/gt_wrapper_inst/inst/gen_gtwizard_gthe4_top.exdes_vid_phy_controller_0_gtwrapper_gtwizard_gthe4_inst/gen_gtwizard_gthe4.gen_cpll_cal_gthe4.gen_cpll_cal_inst[2].gen_inst_cpll_cal.gtwizard_ultrascale_v1_7_16_gthe4_cpll_cal_inst/gtwizard_ultrascale_v1_7_16_gthe4_cpll_cal_rx_i/gen_cal_rx_en.rxoutclkmon |             3.4 |
| exdes_i/vid_phy_controller/inst/gt_wrapper_inst/inst/gen_gtwizard_gthe4_top.exdes_vid_phy_controller_0_gtwrapper_gtwizard_gthe4_inst/gen_gtwizard_gthe4.gen_cpll_cal_gthe4.gen_cpll_cal_inst[2].gen_inst_cpll_cal.gtwizard_ultrascale_v1_7_16_gthe4_cpll_cal_inst/gtwizard_ultrascale_v1_7_16_gthe4_cpll_cal_tx_i/bufg_gt_txoutclkmon_inst/O               | exdes_i/vid_phy_controller/inst/gt_wrapper_inst/inst/gen_gtwizard_gthe4_top.exdes_vid_phy_controller_0_gtwrapper_gtwizard_gthe4_inst/gen_gtwizard_gthe4.gen_cpll_cal_gthe4.gen_cpll_cal_inst[2].gen_inst_cpll_cal.gtwizard_ultrascale_v1_7_16_gthe4_cpll_cal_inst/gtwizard_ultrascale_v1_7_16_gthe4_cpll_cal_tx_i/txoutclkmon               |             3.4 |
| net_vid_phy_controller_rxoutclk                                                                                                                                                                                                                                                                                                                            | exdes_i/vid_phy_controller/inst/gt_usrclk_source_inst/rx_mmcm.bufg_gt_rx_usrclk_inst_0                                                                                                                                                                                                                                                      |             3.4 |
| net_vid_phy_controller_txoutclk                                                                                                                                                                                                                                                                                                                            | exdes_i/vid_phy_controller/inst/gt_usrclk_source_inst/txoutclk                                                                                                                                                                                                                                                                              |             3.4 |
| qpll0clk_in[0]                                                                                                                                                                                                                                                                                                                                             | exdes_i/vid_phy_controller/inst/gt_common_inst/common_inst/qpll0clk_in[0]                                                                                                                                                                                                                                                                   |             0.2 |
| qpll0refclk_in[0]                                                                                                                                                                                                                                                                                                                                          | exdes_i/vid_phy_controller/inst/gt_common_inst/common_inst/qpll0refclk_in[0]                                                                                                                                                                                                                                                                |             3.4 |
| qpll1clk_in[0]                                                                                                                                                                                                                                                                                                                                             | exdes_i/vid_phy_controller/inst/gt_common_inst/common_inst/qpll1clk_in[0]                                                                                                                                                                                                                                                                   |             0.2 |
| qpll1refclk_in[0]                                                                                                                                                                                                                                                                                                                                          | exdes_i/vid_phy_controller/inst/gt_common_inst/common_inst/qpll1refclk_in[0]                                                                                                                                                                                                                                                                |             3.4 |
| rx_mgt_refclk                                                                                                                                                                                                                                                                                                                                              | HDMI_RX_CLK_P_IN                                                                                                                                                                                                                                                                                                                            |             3.4 |
| sys_diff_clock_clk_p                                                                                                                                                                                                                                                                                                                                       | sys_diff_clock_clk_p                                                                                                                                                                                                                                                                                                                        |             3.3 |
| tx_mgt_refclk                                                                                                                                                                                                                                                                                                                                              | TX_REFCLK_P_IN                                                                                                                                                                                                                                                                                                                              |             3.4 |
+------------------------------------------------------------------------------------------------------------------------------------------------------------------------------------------------------------------------------------------------------------------------------------------------------------------------------------------------------------+---------------------------------------------------------------------------------------------------------------------------------------------------------------------------------------------------------------------------------------------------------------------------------------------------------------------------------------------+-----------------+


3. Detailed Reports
-------------------

3.1 By Hierarchy
----------------

+-----------------------------+-----------+
| Name                        | Power (W) |
+-----------------------------+-----------+
| exdes_wrapper               |     1.274 |
|   exdes_i                   |     1.270 |
|     audio_ss_0              |     0.060 |
|       clk_wiz               |     0.055 |
|       hdmi_acr_ctrl         |     0.004 |
|     mb_ss_0                 |     0.149 |
|       axi_iic_0             |     0.002 |
|       axi_iic_1             |     0.002 |
|       axi_interconnect      |     0.003 |
|       clk_wiz               |     0.102 |
|       lmb_bram              |     0.025 |
|       mblaze                |     0.014 |
|     rx_video_axis_reg_slice |     0.001 |
|       inst                  |     0.001 |
|     tx_video_axis_reg_slice |     0.001 |
|       inst                  |     0.001 |
|     v_hdmi_rx_ss            |     0.081 |
|       inst                  |     0.081 |
|     v_hdmi_tx_ss            |     0.088 |
|       inst                  |     0.088 |
|     v_tpg_ss_0              |     0.031 |
|       v_tpg                 |     0.031 |
|     vid_phy_controller      |     0.859 |
|       inst                  |     0.859 |
+-----------------------------+-----------+


