

================================================================
== Vitis HLS Report for 'AXIvideo2MultiPixStream'
================================================================
* Date:           Thu Jan  9 09:27:52 2025

* Version:        2023.1 (Build 3854077 on May  4 2023)
* Project:        prj
* Solution:       sol (Vivado IP Flow Target)
* Product family: artixuplus
* Target device:  xcau15p-ffvb676-2-e


================================================================
== Performance Estimates
================================================================
+ Timing: 
    * Summary: 
    +--------+---------+----------+------------+
    |  Clock |  Target | Estimated| Uncertainty|
    +--------+---------+----------+------------+
    |ap_clk  |  3.33 ns|  2.045 ns|     0.90 ns|
    +--------+---------+----------+------------+

+ Latency: 
    * Summary: 
    +---------+---------+----------+-----------+-----+---------+---------+
    |  Latency (cycles) |  Latency (absolute)  |    Interval   | Pipeline|
    |   min   |   max   |    min   |    max    | min |   max   |   Type  |
    +---------+---------+----------+-----------+-----+---------+---------+
    |        2|  4447446|  6.666 ns|  14.823 ms|    2|  4447446|       no|
    +---------+---------+----------+-----------+-----+---------+---------+

    + Detail: 
        * Instance: 
        +-----------------------------------------------------------------+------------------------------------------------------+---------+---------+-----------+----------+-----+------+---------+
        |                                                                 |                                                      |  Latency (cycles) |  Latency (absolute)  |  Interval  | Pipeline|
        |                             Instance                            |                        Module                        |   min   |   max   |    min    |    max   | min |  max |   Type  |
        +-----------------------------------------------------------------+------------------------------------------------------+---------+---------+-----------+----------+-----+------+---------+
        |grp_AXIvideo2MultiPixStream_Pipeline_loop_wait_for_start_fu_183  |AXIvideo2MultiPixStream_Pipeline_loop_wait_for_start  |        2|        2|   6.666 ns|  6.666 ns|    2|     2|       no|
        |grp_AXIvideo2MultiPixStream_Pipeline_loop_width_fu_203           |AXIvideo2MultiPixStream_Pipeline_loop_width           |        4|     2051|  13.332 ns|  6.836 us|    4|  2051|       no|
        |grp_AXIvideo2MultiPixStream_Pipeline_loop_wait_for_eol_fu_232    |AXIvideo2MultiPixStream_Pipeline_loop_wait_for_eol    |        2|        2|   6.666 ns|  6.666 ns|    2|     2|       no|
        |grp_reg_unsigned_short_s_fu_258                                  |reg_unsigned_short_s                                  |        1|        1|   3.333 ns|  3.333 ns|    1|     1|      yes|
        |grp_reg_unsigned_short_s_fu_264                                  |reg_unsigned_short_s                                  |        1|        1|   3.333 ns|  3.333 ns|    1|     1|      yes|
        +-----------------------------------------------------------------+------------------------------------------------------+---------+---------+-----------+----------+-----+------+---------+

        * Loop: 
        +---------------+---------+---------+----------+-----------+-----------+----------+----------+
        |               |  Latency (cycles) | Iteration|  Initiation Interval  |   Trip   |          |
        |   Loop Name   |   min   |   max   |  Latency |  achieved |   target  |   Count  | Pipelined|
        +---------------+---------+---------+----------+-----------+-----------+----------+----------+
        |- loop_height  |        0|  4447440|  7 ~ 2059|          -|          -|  0 ~ 2160|        no|
        +---------------+---------+---------+----------+-----------+-----------+----------+----------+

============================================================
+ Verbose Summary: Synthesis Manager
============================================================
InlineROM: 1
ExposeGlobal: 0
============================================================
+ Verbose Summary: CDFG Model
============================================================
IsTopModel: 0
ResetActiveHigh: 1
IsCombinational: 2
IsDatapathOnly: 0
HasWiredReturn: 1
HasMFsm: 0
HasVarLatency: 1
IsPipeline: 0
IsRtlPipelined: 0
IsInstanceOverlapped: 0
IsDontTouch: 0
HasImplIP: 0
IsGatedGlobalClock: 0


============================================================
+ Verbose Summary: Schedule
============================================================
* Number of FSM states : 10
* Pipeline : 0
* Dataflow Pipeline: 0

* FSM state transitions: 
1 --> 2 
2 --> 3 5 
3 --> 4 
4 --> 5 
5 --> 6 7 
6 --> 7 
7 --> 8 
8 --> 9 
9 --> 10 
10 --> 5 

* FSM state operations: 

State 1 <SV = 0> <Delay = 0.00>
ST_1 : Operation 11 [1/1] (0.00ns)   --->   "%axi_last_4_loc = alloca i64 1"   --->   Operation 11 'alloca' 'axi_last_4_loc' <Predicate = true> <Delay = 0.00>
ST_1 : Operation 12 [1/1] (0.00ns)   --->   "%axi_data_7_loc = alloca i64 1"   --->   Operation 12 'alloca' 'axi_data_7_loc' <Predicate = true> <Delay = 0.00>
ST_1 : Operation 13 [1/1] (0.00ns)   --->   "%eol_loc = alloca i64 1"   --->   Operation 13 'alloca' 'eol_loc' <Predicate = true> <Delay = 0.00>
ST_1 : Operation 14 [1/1] (0.00ns)   --->   "%axi_last_loc = alloca i64 1"   --->   Operation 14 'alloca' 'axi_last_loc' <Predicate = true> <Delay = 0.00>
ST_1 : Operation 15 [1/1] (0.00ns)   --->   "%height_read = read i16 @_ssdm_op_Read.ap_auto.i16P0A, i16 %height" [/home/training/AUPBoard/aup_hdmi_pass_thru_2023p1_working/aup_hdmi_pass_thru_2023p1/HDMI_Pass_Thru_ExDes/v_hdmi_rx_ss_0_ex/v_hdmi_rx_ss_0_ex.runs/exdes_v_tpg_0_synth_1/prj/sol/.autopilot/db/v_tpg.cpp:782]   --->   Operation 15 'read' 'height_read' <Predicate = true> <Delay = 0.00>
ST_1 : Operation 16 [2/2] (0.00ns)   --->   "%rows = call i16 @reg<unsigned short>, i16 %height_read" [/home/training/AUPBoard/aup_hdmi_pass_thru_2023p1_working/aup_hdmi_pass_thru_2023p1/HDMI_Pass_Thru_ExDes/v_hdmi_rx_ss_0_ex/v_hdmi_rx_ss_0_ex.runs/exdes_v_tpg_0_synth_1/prj/sol/.autopilot/db/v_tpg.cpp:782]   --->   Operation 16 'call' 'rows' <Predicate = true> <Delay = 0.00> <CoreType = "Generic">   --->   Core 0 '' <Latency = 0> <II = 1> <Delay = 1.00> <Generic> <Opcode : >
ST_1 : Operation 17 [1/1] (0.00ns)   --->   "%width_read = read i16 @_ssdm_op_Read.ap_auto.i16P0A, i16 %width" [/home/training/AUPBoard/aup_hdmi_pass_thru_2023p1_working/aup_hdmi_pass_thru_2023p1/HDMI_Pass_Thru_ExDes/v_hdmi_rx_ss_0_ex/v_hdmi_rx_ss_0_ex.runs/exdes_v_tpg_0_synth_1/prj/sol/.autopilot/db/v_tpg.cpp:783]   --->   Operation 17 'read' 'width_read' <Predicate = true> <Delay = 0.00>
ST_1 : Operation 18 [2/2] (0.00ns)   --->   "%cols = call i16 @reg<unsigned short>, i16 %width_read" [/home/training/AUPBoard/aup_hdmi_pass_thru_2023p1_working/aup_hdmi_pass_thru_2023p1/HDMI_Pass_Thru_ExDes/v_hdmi_rx_ss_0_ex/v_hdmi_rx_ss_0_ex.runs/exdes_v_tpg_0_synth_1/prj/sol/.autopilot/db/v_tpg.cpp:783]   --->   Operation 18 'call' 'cols' <Predicate = true> <Delay = 0.00> <CoreType = "Generic">   --->   Core 0 '' <Latency = 0> <II = 1> <Delay = 1.00> <Generic> <Opcode : >

State 2 <SV = 1> <Delay = 1.19>
ST_2 : Operation 19 [1/1] (0.00ns)   --->   "%specaxissidechannel_ln0 = specaxissidechannel void @_ssdm_op_SpecAXISSideChannel, i48 %s_axis_video_V_data_V, i6 %s_axis_video_V_keep_V, i6 %s_axis_video_V_strb_V, i1 %s_axis_video_V_user_V, i1 %s_axis_video_V_last_V, i1 %s_axis_video_V_id_V, i1 %s_axis_video_V_dest_V, void @empty_39"   --->   Operation 19 'specaxissidechannel' 'specaxissidechannel_ln0' <Predicate = true> <Delay = 0.00>
ST_2 : Operation 20 [1/1] (0.00ns)   --->   "%specstablecontent_ln0 = specstablecontent void @_ssdm_op_SpecStableContent, i8 %colorFormat, void "   --->   Operation 20 'specstablecontent' 'specstablecontent_ln0' <Predicate = true> <Delay = 0.00>
ST_2 : Operation 21 [1/1] (0.00ns)   --->   "%specstablecontent_ln0 = specstablecontent void @_ssdm_op_SpecStableContent, i8 %enableInput, void "   --->   Operation 21 'specstablecontent' 'specstablecontent_ln0' <Predicate = true> <Delay = 0.00>
ST_2 : Operation 22 [1/1] (0.00ns)   --->   "%specstablecontent_ln0 = specstablecontent void @_ssdm_op_SpecStableContent, i16 %height, void "   --->   Operation 22 'specstablecontent' 'specstablecontent_ln0' <Predicate = true> <Delay = 0.00>
ST_2 : Operation 23 [1/1] (0.00ns)   --->   "%specstablecontent_ln0 = specstablecontent void @_ssdm_op_SpecStableContent, i16 %width, void "   --->   Operation 23 'specstablecontent' 'specstablecontent_ln0' <Predicate = true> <Delay = 0.00>
ST_2 : Operation 24 [1/1] (0.00ns)   --->   "%specinterface_ln0 = specinterface void @_ssdm_op_SpecInterface, i48 %srcYUV, void @empty_40, i32 0, i32 0, void @empty_29, i32 0, i32 0, void @empty_29, void @empty_29, void @empty_29, i32 0, i32 0, i32 0, i32 0, void @empty_29, void @empty_29, i32 4294967295, i32 0"   --->   Operation 24 'specinterface' 'specinterface_ln0' <Predicate = true> <Delay = 0.00>
ST_2 : Operation 25 [1/1] (0.00ns)   --->   "%specinterface_ln0 = specinterface void @_ssdm_op_SpecInterface, i48 %s_axis_video_V_data_V, i6 %s_axis_video_V_keep_V, i6 %s_axis_video_V_strb_V, i1 %s_axis_video_V_user_V, i1 %s_axis_video_V_last_V, i1 %s_axis_video_V_id_V, i1 %s_axis_video_V_dest_V, void @empty_31, i32 0, i32 0, void @empty_30, i32 0, i32 0, void @empty_29, void @empty_29, void @empty_29, i32 0, i32 0, i32 0, i32 0, void @empty_29, void @empty_29, i32 4294967295, i32 0"   --->   Operation 25 'specinterface' 'specinterface_ln0' <Predicate = true> <Delay = 0.00>
ST_2 : Operation 26 [1/2] (0.00ns)   --->   "%rows = call i16 @reg<unsigned short>, i16 %height_read" [/home/training/AUPBoard/aup_hdmi_pass_thru_2023p1_working/aup_hdmi_pass_thru_2023p1/HDMI_Pass_Thru_ExDes/v_hdmi_rx_ss_0_ex/v_hdmi_rx_ss_0_ex.runs/exdes_v_tpg_0_synth_1/prj/sol/.autopilot/db/v_tpg.cpp:782]   --->   Operation 26 'call' 'rows' <Predicate = true> <Delay = 0.00> <CoreType = "Generic">   --->   Core 0 '' <Latency = 0> <II = 1> <Delay = 1.00> <Generic> <Opcode : >
ST_2 : Operation 27 [1/1] (0.00ns)   --->   "%trunc_ln782 = trunc i16 %rows" [/home/training/AUPBoard/aup_hdmi_pass_thru_2023p1_working/aup_hdmi_pass_thru_2023p1/HDMI_Pass_Thru_ExDes/v_hdmi_rx_ss_0_ex/v_hdmi_rx_ss_0_ex.runs/exdes_v_tpg_0_synth_1/prj/sol/.autopilot/db/v_tpg.cpp:782]   --->   Operation 27 'trunc' 'trunc_ln782' <Predicate = true> <Delay = 0.00>
ST_2 : Operation 28 [1/2] (0.00ns)   --->   "%cols = call i16 @reg<unsigned short>, i16 %width_read" [/home/training/AUPBoard/aup_hdmi_pass_thru_2023p1_working/aup_hdmi_pass_thru_2023p1/HDMI_Pass_Thru_ExDes/v_hdmi_rx_ss_0_ex/v_hdmi_rx_ss_0_ex.runs/exdes_v_tpg_0_synth_1/prj/sol/.autopilot/db/v_tpg.cpp:783]   --->   Operation 28 'call' 'cols' <Predicate = true> <Delay = 0.00> <CoreType = "Generic">   --->   Core 0 '' <Latency = 0> <II = 1> <Delay = 1.00> <Generic> <Opcode : >
ST_2 : Operation 29 [1/1] (0.00ns)   --->   "%enableInput_read = read i8 @_ssdm_op_Read.ap_auto.i8P0A, i8 %enableInput" [/home/training/AUPBoard/aup_hdmi_pass_thru_2023p1_working/aup_hdmi_pass_thru_2023p1/HDMI_Pass_Thru_ExDes/v_hdmi_rx_ss_0_ex/v_hdmi_rx_ss_0_ex.runs/exdes_v_tpg_0_synth_1/prj/sol/.autopilot/db/v_tpg.cpp:789]   --->   Operation 29 'read' 'enableInput_read' <Predicate = true> <Delay = 0.00>
ST_2 : Operation 30 [1/1] (0.76ns)   --->   "%icmp_ln789 = icmp_eq  i8 %enableInput_read, i8 0" [/home/training/AUPBoard/aup_hdmi_pass_thru_2023p1_working/aup_hdmi_pass_thru_2023p1/HDMI_Pass_Thru_ExDes/v_hdmi_rx_ss_0_ex/v_hdmi_rx_ss_0_ex.runs/exdes_v_tpg_0_synth_1/prj/sol/.autopilot/db/v_tpg.cpp:789]   --->   Operation 30 'icmp' 'icmp_ln789' <Predicate = true> <Delay = 0.76> <CoreInst = "Cmp">   --->   Core 9 'Cmp' <Latency = 0> <II = 1> <Delay = 0.76> <FuncUnit> <Opcode : 'icmp'> <InPorts = 2> <OutPorts = 1>
ST_2 : Operation 31 [1/1] (0.00ns)   --->   "%br_ln789 = br i1 %icmp_ln789, void %while.cond.preheader, void %if.end73" [/home/training/AUPBoard/aup_hdmi_pass_thru_2023p1_working/aup_hdmi_pass_thru_2023p1/HDMI_Pass_Thru_ExDes/v_hdmi_rx_ss_0_ex/v_hdmi_rx_ss_0_ex.runs/exdes_v_tpg_0_synth_1/prj/sol/.autopilot/db/v_tpg.cpp:789]   --->   Operation 31 'br' 'br_ln789' <Predicate = true> <Delay = 0.00>
ST_2 : Operation 32 [1/1] (0.00ns)   --->   "%i = alloca i32 1"   --->   Operation 32 'alloca' 'i' <Predicate = (!icmp_ln789)> <Delay = 0.00>
ST_2 : Operation 33 [1/1] (0.00ns)   --->   "%axi_data_6 = alloca i32 1"   --->   Operation 33 'alloca' 'axi_data_6' <Predicate = (!icmp_ln789)> <Delay = 0.00>
ST_2 : Operation 34 [1/1] (0.00ns)   --->   "%sof = alloca i32 1"   --->   Operation 34 'alloca' 'sof' <Predicate = (!icmp_ln789)> <Delay = 0.00>
ST_2 : Operation 35 [1/1] (0.00ns)   --->   "%empty = wait i32 @_ssdm_op_Wait"   --->   Operation 35 'wait' 'empty' <Predicate = (!icmp_ln789)> <Delay = 0.00>
ST_2 : Operation 36 [2/2] (0.42ns)   --->   "%call_ln0 = call void @AXIvideo2MultiPixStream_Pipeline_loop_wait_for_start, i48 %s_axis_video_V_data_V, i6 %s_axis_video_V_keep_V, i6 %s_axis_video_V_strb_V, i1 %s_axis_video_V_user_V, i1 %s_axis_video_V_last_V, i1 %s_axis_video_V_id_V, i1 %s_axis_video_V_dest_V, i48 %axi_data_6, i1 %axi_last_loc"   --->   Operation 36 'call' 'call_ln0' <Predicate = (!icmp_ln789)> <Delay = 0.42> <CoreType = "Generic">   --->   Core 0 '' <Latency = 0> <II = 1> <Delay = 1.00> <Generic> <Opcode : >
ST_2 : Operation 37 [1/1] (0.00ns)   --->   "%div_cast = partselect i12 @_ssdm_op_PartSelect.i12.i16.i32.i32, i16 %cols, i32 1, i32 12" [/home/training/AUPBoard/aup_hdmi_pass_thru_2023p1_working/aup_hdmi_pass_thru_2023p1/HDMI_Pass_Thru_ExDes/v_hdmi_rx_ss_0_ex/v_hdmi_rx_ss_0_ex.runs/exdes_v_tpg_0_synth_1/prj/sol/.autopilot/db/v_tpg.cpp:783]   --->   Operation 37 'partselect' 'div_cast' <Predicate = (!icmp_ln789)> <Delay = 0.00>
ST_2 : Operation 38 [1/1] (0.42ns)   --->   "%store_ln800 = store i1 1, i1 %sof" [/home/training/AUPBoard/aup_hdmi_pass_thru_2023p1_working/aup_hdmi_pass_thru_2023p1/HDMI_Pass_Thru_ExDes/v_hdmi_rx_ss_0_ex/v_hdmi_rx_ss_0_ex.runs/exdes_v_tpg_0_synth_1/prj/sol/.autopilot/db/v_tpg.cpp:800]   --->   Operation 38 'store' 'store_ln800' <Predicate = (!icmp_ln789)> <Delay = 0.42>
ST_2 : Operation 39 [1/1] (0.42ns)   --->   "%store_ln800 = store i12 0, i12 %i" [/home/training/AUPBoard/aup_hdmi_pass_thru_2023p1_working/aup_hdmi_pass_thru_2023p1/HDMI_Pass_Thru_ExDes/v_hdmi_rx_ss_0_ex/v_hdmi_rx_ss_0_ex.runs/exdes_v_tpg_0_synth_1/prj/sol/.autopilot/db/v_tpg.cpp:800]   --->   Operation 39 'store' 'store_ln800' <Predicate = (!icmp_ln789)> <Delay = 0.42>

State 3 <SV = 2> <Delay = 0.42>
ST_3 : Operation 40 [1/2] (0.42ns)   --->   "%call_ln0 = call void @AXIvideo2MultiPixStream_Pipeline_loop_wait_for_start, i48 %s_axis_video_V_data_V, i6 %s_axis_video_V_keep_V, i6 %s_axis_video_V_strb_V, i1 %s_axis_video_V_user_V, i1 %s_axis_video_V_last_V, i1 %s_axis_video_V_id_V, i1 %s_axis_video_V_dest_V, i48 %axi_data_6, i1 %axi_last_loc"   --->   Operation 40 'call' 'call_ln0' <Predicate = true> <Delay = 0.42> <CoreType = "Generic">   --->   Core 0 '' <Latency = 0> <II = 1> <Delay = 1.00> <Generic> <Opcode : >

State 4 <SV = 3> <Delay = 0.80>
ST_4 : Operation 41 [1/1] (0.00ns)   --->   "%axi_last_loc_load = load i1 %axi_last_loc"   --->   Operation 41 'load' 'axi_last_loc_load' <Predicate = true> <Delay = 0.00>
ST_4 : Operation 42 [1/1] (0.00ns)   --->   "%empty_149 = wait i32 @_ssdm_op_Wait"   --->   Operation 42 'wait' 'empty_149' <Predicate = true> <Delay = 0.00>
ST_4 : Operation 43 [1/1] (0.00ns)   --->   "%colorFormat_read = read i8 @_ssdm_op_Read.ap_auto.i8P0A, i8 %colorFormat"   --->   Operation 43 'read' 'colorFormat_read' <Predicate = true> <Delay = 0.00>
ST_4 : Operation 44 [1/1] (0.80ns)   --->   "%cmp10294 = icmp_eq  i12 %div_cast, i12 0" [/home/training/AUPBoard/aup_hdmi_pass_thru_2023p1_working/aup_hdmi_pass_thru_2023p1/HDMI_Pass_Thru_ExDes/v_hdmi_rx_ss_0_ex/v_hdmi_rx_ss_0_ex.runs/exdes_v_tpg_0_synth_1/prj/sol/.autopilot/db/v_tpg.cpp:783]   --->   Operation 44 'icmp' 'cmp10294' <Predicate = true> <Delay = 0.80> <CoreInst = "Cmp">   --->   Core 9 'Cmp' <Latency = 0> <II = 1> <Delay = 0.80> <FuncUnit> <Opcode : 'icmp'> <InPorts = 2> <OutPorts = 1>
ST_4 : Operation 45 [1/1] (0.76ns)   --->   "%cond = icmp_eq  i8 %colorFormat_read, i8 0"   --->   Operation 45 'icmp' 'cond' <Predicate = true> <Delay = 0.76> <CoreInst = "Cmp">   --->   Core 9 'Cmp' <Latency = 0> <II = 1> <Delay = 0.76> <FuncUnit> <Opcode : 'icmp'> <InPorts = 2> <OutPorts = 1>
ST_4 : Operation 46 [1/1] (0.42ns)   --->   "%br_ln800 = br void %loop_width" [/home/training/AUPBoard/aup_hdmi_pass_thru_2023p1_working/aup_hdmi_pass_thru_2023p1/HDMI_Pass_Thru_ExDes/v_hdmi_rx_ss_0_ex/v_hdmi_rx_ss_0_ex.runs/exdes_v_tpg_0_synth_1/prj/sol/.autopilot/db/v_tpg.cpp:800]   --->   Operation 46 'br' 'br_ln800' <Predicate = true> <Delay = 0.42>

State 5 <SV = 4> <Delay = 2.04>
ST_5 : Operation 47 [1/1] (0.00ns)   --->   "%axi_last_2 = phi i1 %axi_last_loc_load, void %while.cond.preheader, i1 %axi_last_4_loc_load, void %loop_wait_for_eol"   --->   Operation 47 'phi' 'axi_last_2' <Predicate = (!icmp_ln789)> <Delay = 0.00>
ST_5 : Operation 48 [1/1] (0.00ns)   --->   "%i_3 = load i12 %i" [/home/training/AUPBoard/aup_hdmi_pass_thru_2023p1_working/aup_hdmi_pass_thru_2023p1/HDMI_Pass_Thru_ExDes/v_hdmi_rx_ss_0_ex/v_hdmi_rx_ss_0_ex.runs/exdes_v_tpg_0_synth_1/prj/sol/.autopilot/db/v_tpg.cpp:800]   --->   Operation 48 'load' 'i_3' <Predicate = (!icmp_ln789)> <Delay = 0.00>
ST_5 : Operation 49 [1/1] (0.00ns)   --->   "%axi_data = load i48 %axi_data_6"   --->   Operation 49 'load' 'axi_data' <Predicate = (!icmp_ln789)> <Delay = 0.00>
ST_5 : Operation 50 [1/1] (0.80ns)   --->   "%icmp_ln800 = icmp_eq  i12 %i_3, i12 %trunc_ln782" [/home/training/AUPBoard/aup_hdmi_pass_thru_2023p1_working/aup_hdmi_pass_thru_2023p1/HDMI_Pass_Thru_ExDes/v_hdmi_rx_ss_0_ex/v_hdmi_rx_ss_0_ex.runs/exdes_v_tpg_0_synth_1/prj/sol/.autopilot/db/v_tpg.cpp:800]   --->   Operation 50 'icmp' 'icmp_ln800' <Predicate = (!icmp_ln789)> <Delay = 0.80> <CoreInst = "Cmp">   --->   Core 9 'Cmp' <Latency = 0> <II = 1> <Delay = 0.80> <FuncUnit> <Opcode : 'icmp'> <InPorts = 2> <OutPorts = 1>
ST_5 : Operation 51 [1/1] (0.00ns)   --->   "%speclooptripcount_ln0 = speclooptripcount void @_ssdm_op_SpecLoopTripCount, i64 0, i64 2160, i64 0"   --->   Operation 51 'speclooptripcount' 'speclooptripcount_ln0' <Predicate = (!icmp_ln789)> <Delay = 0.00>
ST_5 : Operation 52 [1/1] (0.80ns)   --->   "%i_4 = add i12 %i_3, i12 1" [/home/training/AUPBoard/aup_hdmi_pass_thru_2023p1_working/aup_hdmi_pass_thru_2023p1/HDMI_Pass_Thru_ExDes/v_hdmi_rx_ss_0_ex/v_hdmi_rx_ss_0_ex.runs/exdes_v_tpg_0_synth_1/prj/sol/.autopilot/db/v_tpg.cpp:800]   --->   Operation 52 'add' 'i_4' <Predicate = (!icmp_ln789)> <Delay = 0.80> <CoreInst = "Adder">   --->   Core 1 'Adder' <Latency = 0> <II = 1> <Delay = 0.80> <FuncUnit> <Opcode : 'add' 'sub'> <InPorts = 2> <OutPorts = 1>
ST_5 : Operation 53 [1/1] (0.00ns)   --->   "%br_ln800 = br i1 %icmp_ln800, void %loop_width.split, void %if.end73.loopexit" [/home/training/AUPBoard/aup_hdmi_pass_thru_2023p1_working/aup_hdmi_pass_thru_2023p1/HDMI_Pass_Thru_ExDes/v_hdmi_rx_ss_0_ex/v_hdmi_rx_ss_0_ex.runs/exdes_v_tpg_0_synth_1/prj/sol/.autopilot/db/v_tpg.cpp:800]   --->   Operation 53 'br' 'br_ln800' <Predicate = (!icmp_ln789)> <Delay = 0.00>
ST_5 : Operation 54 [1/1] (0.00ns)   --->   "%specloopname_ln800 = specloopname void @_ssdm_op_SpecLoopName, void @empty_33" [/home/training/AUPBoard/aup_hdmi_pass_thru_2023p1_working/aup_hdmi_pass_thru_2023p1/HDMI_Pass_Thru_ExDes/v_hdmi_rx_ss_0_ex/v_hdmi_rx_ss_0_ex.runs/exdes_v_tpg_0_synth_1/prj/sol/.autopilot/db/v_tpg.cpp:800]   --->   Operation 54 'specloopname' 'specloopname_ln800' <Predicate = (!icmp_ln789 & !icmp_ln800)> <Delay = 0.00>
ST_5 : Operation 55 [1/1] (0.42ns)   --->   "%br_ln805 = br i1 %cmp10294, void %for.body12.preheader, void %loop_wait_for_eol" [/home/training/AUPBoard/aup_hdmi_pass_thru_2023p1_working/aup_hdmi_pass_thru_2023p1/HDMI_Pass_Thru_ExDes/v_hdmi_rx_ss_0_ex/v_hdmi_rx_ss_0_ex.runs/exdes_v_tpg_0_synth_1/prj/sol/.autopilot/db/v_tpg.cpp:805]   --->   Operation 55 'br' 'br_ln805' <Predicate = (!icmp_ln789 & !icmp_ln800)> <Delay = 0.42>
ST_5 : Operation 56 [1/1] (0.00ns)   --->   "%sof_load = load i1 %sof"   --->   Operation 56 'load' 'sof_load' <Predicate = (!icmp_ln789 & !icmp_ln800 & !cmp10294)> <Delay = 0.00>
ST_5 : Operation 57 [1/1] (0.00ns)   --->   "%empty_150 = wait i32 @_ssdm_op_Wait"   --->   Operation 57 'wait' 'empty_150' <Predicate = (!icmp_ln789 & !icmp_ln800 & !cmp10294)> <Delay = 0.00>
ST_5 : Operation 58 [2/2] (1.23ns)   --->   "%call_ln783 = call void @AXIvideo2MultiPixStream_Pipeline_loop_width, i1 %sof_load, i1 %axi_last_2, i48 %axi_data, i12 %div_cast, i1 %cond, i8 %colorFormat_read, i48 %srcYUV, i48 %s_axis_video_V_data_V, i6 %s_axis_video_V_keep_V, i6 %s_axis_video_V_strb_V, i1 %s_axis_video_V_user_V, i1 %s_axis_video_V_last_V, i1 %s_axis_video_V_id_V, i1 %s_axis_video_V_dest_V, i1 %eol_loc, i48 %axi_data_7_loc" [/home/training/AUPBoard/aup_hdmi_pass_thru_2023p1_working/aup_hdmi_pass_thru_2023p1/HDMI_Pass_Thru_ExDes/v_hdmi_rx_ss_0_ex/v_hdmi_rx_ss_0_ex.runs/exdes_v_tpg_0_synth_1/prj/sol/.autopilot/db/v_tpg.cpp:783]   --->   Operation 58 'call' 'call_ln783' <Predicate = (!icmp_ln789 & !icmp_ln800 & !cmp10294)> <Delay = 1.23> <CoreType = "Generic">   --->   Core 0 '' <Latency = 0> <II = 1> <Delay = 1.00> <Generic> <Opcode : >
ST_5 : Operation 59 [1/1] (0.00ns)   --->   "%br_ln0 = br void %if.end73"   --->   Operation 59 'br' 'br_ln0' <Predicate = (!icmp_ln789 & icmp_ln800)> <Delay = 0.00>
ST_5 : Operation 60 [1/1] (0.00ns)   --->   "%ret_ln0 = ret"   --->   Operation 60 'ret' 'ret_ln0' <Predicate = (icmp_ln800) | (icmp_ln789)> <Delay = 0.00>

State 6 <SV = 5> <Delay = 0.00>
ST_6 : Operation 61 [1/2] (0.00ns)   --->   "%call_ln783 = call void @AXIvideo2MultiPixStream_Pipeline_loop_width, i1 %sof_load, i1 %axi_last_2, i48 %axi_data, i12 %div_cast, i1 %cond, i8 %colorFormat_read, i48 %srcYUV, i48 %s_axis_video_V_data_V, i6 %s_axis_video_V_keep_V, i6 %s_axis_video_V_strb_V, i1 %s_axis_video_V_user_V, i1 %s_axis_video_V_last_V, i1 %s_axis_video_V_id_V, i1 %s_axis_video_V_dest_V, i1 %eol_loc, i48 %axi_data_7_loc" [/home/training/AUPBoard/aup_hdmi_pass_thru_2023p1_working/aup_hdmi_pass_thru_2023p1/HDMI_Pass_Thru_ExDes/v_hdmi_rx_ss_0_ex/v_hdmi_rx_ss_0_ex.runs/exdes_v_tpg_0_synth_1/prj/sol/.autopilot/db/v_tpg.cpp:783]   --->   Operation 61 'call' 'call_ln783' <Predicate = true> <Delay = 0.00> <CoreType = "Generic">   --->   Core 0 '' <Latency = 0> <II = 1> <Delay = 1.00> <Generic> <Opcode : >

State 7 <SV = 6> <Delay = 0.42>
ST_7 : Operation 62 [1/1] (0.00ns)   --->   "%eol_loc_load = load i1 %eol_loc"   --->   Operation 62 'load' 'eol_loc_load' <Predicate = (!cmp10294)> <Delay = 0.00>
ST_7 : Operation 63 [1/1] (0.00ns)   --->   "%axi_data_7_loc_load = load i48 %axi_data_7_loc"   --->   Operation 63 'load' 'axi_data_7_loc_load' <Predicate = (!cmp10294)> <Delay = 0.00>
ST_7 : Operation 64 [1/1] (0.00ns)   --->   "%empty_151 = wait i32 @_ssdm_op_Wait"   --->   Operation 64 'wait' 'empty_151' <Predicate = (!cmp10294)> <Delay = 0.00>
ST_7 : Operation 65 [1/1] (0.42ns)   --->   "%store_ln0 = store i1 0, i1 %sof"   --->   Operation 65 'store' 'store_ln0' <Predicate = (!cmp10294)> <Delay = 0.42>
ST_7 : Operation 66 [1/1] (0.42ns)   --->   "%br_ln0 = br void %loop_wait_for_eol"   --->   Operation 66 'br' 'br_ln0' <Predicate = (!cmp10294)> <Delay = 0.42>
ST_7 : Operation 67 [1/1] (0.42ns)   --->   "%store_ln800 = store i12 %i_4, i12 %i" [/home/training/AUPBoard/aup_hdmi_pass_thru_2023p1_working/aup_hdmi_pass_thru_2023p1/HDMI_Pass_Thru_ExDes/v_hdmi_rx_ss_0_ex/v_hdmi_rx_ss_0_ex.runs/exdes_v_tpg_0_synth_1/prj/sol/.autopilot/db/v_tpg.cpp:800]   --->   Operation 67 'store' 'store_ln800' <Predicate = true> <Delay = 0.42>

State 8 <SV = 7> <Delay = 0.85>
ST_8 : Operation 68 [1/1] (0.00ns)   --->   "%axi_data_2_lcssa = phi i48 %axi_data_7_loc_load, void %for.body12.preheader, i48 %axi_data, void %loop_width.split"   --->   Operation 68 'phi' 'axi_data_2_lcssa' <Predicate = true> <Delay = 0.00>
ST_8 : Operation 69 [1/1] (0.00ns)   --->   "%axi_last_2_lcssa = phi i1 %eol_loc_load, void %for.body12.preheader, i1 %axi_last_2, void %loop_width.split"   --->   Operation 69 'phi' 'axi_last_2_lcssa' <Predicate = true> <Delay = 0.00>
ST_8 : Operation 70 [1/1] (0.00ns)   --->   "%eol_0_lcssa = phi i1 %eol_loc_load, void %for.body12.preheader, i1 0, void %loop_width.split"   --->   Operation 70 'phi' 'eol_0_lcssa' <Predicate = true> <Delay = 0.00>
ST_8 : Operation 71 [1/1] (0.00ns)   --->   "%empty_152 = wait i32 @_ssdm_op_Wait"   --->   Operation 71 'wait' 'empty_152' <Predicate = true> <Delay = 0.00>
ST_8 : Operation 72 [2/2] (0.85ns)   --->   "%call_ln0 = call void @AXIvideo2MultiPixStream_Pipeline_loop_wait_for_eol, i48 %axi_data_2_lcssa, i1 %axi_last_2_lcssa, i1 %eol_0_lcssa, i48 %s_axis_video_V_data_V, i6 %s_axis_video_V_keep_V, i6 %s_axis_video_V_strb_V, i1 %s_axis_video_V_user_V, i1 %s_axis_video_V_last_V, i1 %s_axis_video_V_id_V, i1 %s_axis_video_V_dest_V, i48 %axi_data_6, i1 %axi_last_4_loc"   --->   Operation 72 'call' 'call_ln0' <Predicate = true> <Delay = 0.85> <CoreType = "Generic">   --->   Core 0 '' <Latency = 0> <II = 1> <Delay = 1.00> <Generic> <Opcode : >

State 9 <SV = 8> <Delay = 0.42>
ST_9 : Operation 73 [1/2] (0.42ns)   --->   "%call_ln0 = call void @AXIvideo2MultiPixStream_Pipeline_loop_wait_for_eol, i48 %axi_data_2_lcssa, i1 %axi_last_2_lcssa, i1 %eol_0_lcssa, i48 %s_axis_video_V_data_V, i6 %s_axis_video_V_keep_V, i6 %s_axis_video_V_strb_V, i1 %s_axis_video_V_user_V, i1 %s_axis_video_V_last_V, i1 %s_axis_video_V_id_V, i1 %s_axis_video_V_dest_V, i48 %axi_data_6, i1 %axi_last_4_loc"   --->   Operation 73 'call' 'call_ln0' <Predicate = true> <Delay = 0.42> <CoreType = "Generic">   --->   Core 0 '' <Latency = 0> <II = 1> <Delay = 1.00> <Generic> <Opcode : >

State 10 <SV = 9> <Delay = 0.00>
ST_10 : Operation 74 [1/1] (0.00ns)   --->   "%axi_last_4_loc_load = load i1 %axi_last_4_loc"   --->   Operation 74 'load' 'axi_last_4_loc_load' <Predicate = true> <Delay = 0.00>
ST_10 : Operation 75 [1/1] (0.00ns)   --->   "%br_ln800 = br void %loop_width" [/home/training/AUPBoard/aup_hdmi_pass_thru_2023p1_working/aup_hdmi_pass_thru_2023p1/HDMI_Pass_Thru_ExDes/v_hdmi_rx_ss_0_ex/v_hdmi_rx_ss_0_ex.runs/exdes_v_tpg_0_synth_1/prj/sol/.autopilot/db/v_tpg.cpp:800]   --->   Operation 75 'br' 'br_ln800' <Predicate = true> <Delay = 0.00>


============================================================
+ Verbose Summary: Binding
============================================================
STG Binding: 
---------------- STG Properties BEGIN ----------------
- Is combinational: 0
- Is one-state seq: 0
- Is datapath-only: 0
- Is pipelined: 0
- Is top level: 0
Port [ Return ] is wired: 1; IO mode=ap_ctrl_hs:ce=0
Port [ s_axis_video_V_data_V]:  wired=1; compound=1; hidden=0; nouse=0; global=0; static=0; extern=0; dir=0; type=0; pingpong=0; private_global=0; IO mode=axis:ce=0
Port [ s_axis_video_V_keep_V]:  wired=1; compound=1; hidden=0; nouse=0; global=0; static=0; extern=0; dir=0; type=0; pingpong=0; private_global=0; IO mode=axis:ce=0
Port [ s_axis_video_V_strb_V]:  wired=1; compound=1; hidden=0; nouse=0; global=0; static=0; extern=0; dir=0; type=0; pingpong=0; private_global=0; IO mode=axis:ce=0
Port [ s_axis_video_V_user_V]:  wired=1; compound=1; hidden=0; nouse=0; global=0; static=0; extern=0; dir=0; type=0; pingpong=0; private_global=0; IO mode=axis:ce=0
Port [ s_axis_video_V_last_V]:  wired=1; compound=1; hidden=0; nouse=0; global=0; static=0; extern=0; dir=0; type=0; pingpong=0; private_global=0; IO mode=axis:ce=0
Port [ s_axis_video_V_id_V]:  wired=1; compound=1; hidden=0; nouse=0; global=0; static=0; extern=0; dir=0; type=0; pingpong=0; private_global=0; IO mode=axis:ce=0
Port [ s_axis_video_V_dest_V]:  wired=1; compound=1; hidden=0; nouse=0; global=0; static=0; extern=0; dir=0; type=0; pingpong=0; private_global=0; IO mode=axis:ce=0
Port [ srcYUV]:  wired=1; compound=1; hidden=0; nouse=0; global=0; static=0; extern=0; dir=1; type=3; pingpong=0; private_global=0; IO mode=ap_fifo:ce=0
Port [ enableInput]:  wired=1; compound=0; hidden=0; nouse=0; global=0; static=0; extern=0; dir=0; type=0; pingpong=0; private_global=0; IO mode=ap_stable:ce=0
Port [ height]:  wired=1; compound=0; hidden=0; nouse=0; global=0; static=0; extern=0; dir=0; type=0; pingpong=0; private_global=0; IO mode=ap_stable:ce=0
Port [ width]:  wired=1; compound=0; hidden=0; nouse=0; global=0; static=0; extern=0; dir=0; type=0; pingpong=0; private_global=0; IO mode=ap_stable:ce=0
Port [ colorFormat]:  wired=1; compound=0; hidden=0; nouse=0; global=0; static=0; extern=0; dir=0; type=0; pingpong=0; private_global=0; IO mode=ap_stable:ce=0
---------------- STG Properties END ------------------

---------------- Datapath Model BEGIN ----------------

<LifeTime>
<method=bitvector/>
axi_last_4_loc          (alloca             ) [ 00111111111]
axi_data_7_loc          (alloca             ) [ 00111111111]
eol_loc                 (alloca             ) [ 00111111111]
axi_last_loc            (alloca             ) [ 00111000000]
height_read             (read               ) [ 00000000000]
width_read              (read               ) [ 00000000000]
specaxissidechannel_ln0 (specaxissidechannel) [ 00000000000]
specstablecontent_ln0   (specstablecontent  ) [ 00000000000]
specstablecontent_ln0   (specstablecontent  ) [ 00000000000]
specstablecontent_ln0   (specstablecontent  ) [ 00000000000]
specstablecontent_ln0   (specstablecontent  ) [ 00000000000]
specinterface_ln0       (specinterface      ) [ 00000000000]
specinterface_ln0       (specinterface      ) [ 00000000000]
rows                    (call               ) [ 00000000000]
trunc_ln782             (trunc              ) [ 00011111111]
cols                    (call               ) [ 00000000000]
enableInput_read        (read               ) [ 00000000000]
icmp_ln789              (icmp               ) [ 00111111111]
br_ln789                (br                 ) [ 00000000000]
i                       (alloca             ) [ 00111111111]
axi_data_6              (alloca             ) [ 00111111111]
sof                     (alloca             ) [ 00111111111]
empty                   (wait               ) [ 00000000000]
div_cast                (partselect         ) [ 00011111111]
store_ln800             (store              ) [ 00000000000]
store_ln800             (store              ) [ 00000000000]
call_ln0                (call               ) [ 00000000000]
axi_last_loc_load       (load               ) [ 00001111111]
empty_149               (wait               ) [ 00000000000]
colorFormat_read        (read               ) [ 00000111111]
cmp10294                (icmp               ) [ 00000111111]
cond                    (icmp               ) [ 00000111111]
br_ln800                (br                 ) [ 00001111111]
axi_last_2              (phi                ) [ 00000111100]
i_3                     (load               ) [ 00000000000]
axi_data                (load               ) [ 00000111111]
icmp_ln800              (icmp               ) [ 00000111111]
speclooptripcount_ln0   (speclooptripcount  ) [ 00000000000]
i_4                     (add                ) [ 00000011000]
br_ln800                (br                 ) [ 00000000000]
specloopname_ln800      (specloopname       ) [ 00000000000]
br_ln805                (br                 ) [ 00000111111]
sof_load                (load               ) [ 00000010000]
empty_150               (wait               ) [ 00000000000]
br_ln0                  (br                 ) [ 00000000000]
ret_ln0                 (ret                ) [ 00000000000]
call_ln783              (call               ) [ 00000000000]
eol_loc_load            (load               ) [ 00000111111]
axi_data_7_loc_load     (load               ) [ 00000111111]
empty_151               (wait               ) [ 00000000000]
store_ln0               (store              ) [ 00000000000]
br_ln0                  (br                 ) [ 00000111111]
store_ln800             (store              ) [ 00000000000]
axi_data_2_lcssa        (phi                ) [ 00000000110]
axi_last_2_lcssa        (phi                ) [ 00000000110]
eol_0_lcssa             (phi                ) [ 00000000110]
empty_152               (wait               ) [ 00000000000]
call_ln0                (call               ) [ 00000000000]
axi_last_4_loc_load     (load               ) [ 00001111111]
br_ln800                (br                 ) [ 00001111111]
</LifeTime>

<model>

<comp_list>
<comp id="0" class="1000" name="s_axis_video_V_data_V">
<pin_list>
<pin id="1" dir="1" index="0" bw="1" slack="0"/>
</pin_list>
<bind>
<StgValue><ssdm name="s_axis_video_V_data_V"/></StgValue>
</bind>
</comp>

<comp id="2" class="1000" name="s_axis_video_V_keep_V">
<pin_list>
<pin id="3" dir="1" index="0" bw="1" slack="0"/>
</pin_list>
<bind>
<StgValue><ssdm name="s_axis_video_V_keep_V"/></StgValue>
</bind>
</comp>

<comp id="4" class="1000" name="s_axis_video_V_strb_V">
<pin_list>
<pin id="5" dir="1" index="0" bw="1" slack="0"/>
</pin_list>
<bind>
<StgValue><ssdm name="s_axis_video_V_strb_V"/></StgValue>
</bind>
</comp>

<comp id="6" class="1000" name="s_axis_video_V_user_V">
<pin_list>
<pin id="7" dir="1" index="0" bw="1" slack="0"/>
</pin_list>
<bind>
<StgValue><ssdm name="s_axis_video_V_user_V"/></StgValue>
</bind>
</comp>

<comp id="8" class="1000" name="s_axis_video_V_last_V">
<pin_list>
<pin id="9" dir="1" index="0" bw="1" slack="0"/>
</pin_list>
<bind>
<StgValue><ssdm name="s_axis_video_V_last_V"/></StgValue>
</bind>
</comp>

<comp id="10" class="1000" name="s_axis_video_V_id_V">
<pin_list>
<pin id="11" dir="1" index="0" bw="1" slack="0"/>
</pin_list>
<bind>
<StgValue><ssdm name="s_axis_video_V_id_V"/></StgValue>
</bind>
</comp>

<comp id="12" class="1000" name="s_axis_video_V_dest_V">
<pin_list>
<pin id="13" dir="1" index="0" bw="1" slack="0"/>
</pin_list>
<bind>
<StgValue><ssdm name="s_axis_video_V_dest_V"/></StgValue>
</bind>
</comp>

<comp id="14" class="1000" name="srcYUV">
<pin_list>
<pin id="15" dir="1" index="0" bw="1" slack="0"/>
</pin_list>
<bind>
<StgValue><ssdm name="srcYUV"/></StgValue>
</bind>
</comp>

<comp id="16" class="1000" name="enableInput">
<pin_list>
<pin id="17" dir="1" index="0" bw="1" slack="0"/>
</pin_list>
<bind>
<StgValue><ssdm name="enableInput"/></StgValue>
</bind>
</comp>

<comp id="18" class="1000" name="height">
<pin_list>
<pin id="19" dir="1" index="0" bw="1" slack="0"/>
</pin_list>
<bind>
<StgValue><ssdm name="height"/></StgValue>
</bind>
</comp>

<comp id="20" class="1000" name="width">
<pin_list>
<pin id="21" dir="1" index="0" bw="1" slack="0"/>
</pin_list>
<bind>
<StgValue><ssdm name="width"/></StgValue>
</bind>
</comp>

<comp id="22" class="1000" name="colorFormat">
<pin_list>
<pin id="23" dir="1" index="0" bw="1" slack="0"/>
</pin_list>
<bind>
<StgValue><ssdm name="colorFormat"/></StgValue>
</bind>
</comp>

<comp id="24" class="1001" name="const_24">
<pin_list>
<pin id="25" dir="1" index="0" bw="1" slack="0"/>
</pin_list>
<bind>
<StgValue><ssdm name=""/></StgValue>
</bind>
</comp>

<comp id="26" class="1001" name="const_26">
<pin_list>
<pin id="27" dir="1" index="0" bw="1" slack="0"/>
</pin_list>
<bind>
<StgValue><ssdm name="_ssdm_op_Read.ap_auto.i16P0A"/></StgValue>
</bind>
</comp>

<comp id="28" class="1001" name="const_28">
<pin_list>
<pin id="29" dir="1" index="0" bw="1" slack="0"/>
</pin_list>
<bind>
<StgValue><ssdm name="reg<unsigned short>"/></StgValue>
</bind>
</comp>

<comp id="30" class="1001" name="const_30">
<pin_list>
<pin id="31" dir="1" index="0" bw="1" slack="2147483647"/>
</pin_list>
<bind>
<StgValue><ssdm name="_ssdm_op_SpecAXISSideChannel"/></StgValue>
</bind>
</comp>

<comp id="32" class="1001" name="const_32">
<pin_list>
<pin id="33" dir="1" index="0" bw="1" slack="2147483647"/>
</pin_list>
<bind>
<StgValue><ssdm name="empty_39"/></StgValue>
</bind>
</comp>

<comp id="34" class="1001" name="const_34">
<pin_list>
<pin id="35" dir="1" index="0" bw="1" slack="2147483647"/>
</pin_list>
<bind>
<StgValue><ssdm name="_ssdm_op_SpecStableContent"/></StgValue>
</bind>
</comp>

<comp id="36" class="1001" name="const_36">
<pin_list>
<pin id="37" dir="1" index="0" bw="1" slack="2147483647"/>
</pin_list>
<bind>
<StgValue><ssdm name=""/></StgValue>
</bind>
</comp>

<comp id="38" class="1001" name="const_38">
<pin_list>
<pin id="39" dir="1" index="0" bw="1" slack="2147483647"/>
</pin_list>
<bind>
<StgValue><ssdm name="_ssdm_op_SpecInterface"/></StgValue>
</bind>
</comp>

<comp id="40" class="1001" name="const_40">
<pin_list>
<pin id="41" dir="1" index="0" bw="1" slack="2147483647"/>
</pin_list>
<bind>
<StgValue><ssdm name="empty_40"/></StgValue>
</bind>
</comp>

<comp id="42" class="1001" name="const_42">
<pin_list>
<pin id="43" dir="1" index="0" bw="1" slack="2147483647"/>
</pin_list>
<bind>
<StgValue><ssdm name=""/></StgValue>
</bind>
</comp>

<comp id="44" class="1001" name="const_44">
<pin_list>
<pin id="45" dir="1" index="0" bw="1" slack="2147483647"/>
</pin_list>
<bind>
<StgValue><ssdm name="empty_29"/></StgValue>
</bind>
</comp>

<comp id="46" class="1001" name="const_46">
<pin_list>
<pin id="47" dir="1" index="0" bw="1" slack="2147483647"/>
</pin_list>
<bind>
<StgValue><ssdm name=""/></StgValue>
</bind>
</comp>

<comp id="48" class="1001" name="const_48">
<pin_list>
<pin id="49" dir="1" index="0" bw="1" slack="2147483647"/>
</pin_list>
<bind>
<StgValue><ssdm name="empty_31"/></StgValue>
</bind>
</comp>

<comp id="50" class="1001" name="const_50">
<pin_list>
<pin id="51" dir="1" index="0" bw="1" slack="2147483647"/>
</pin_list>
<bind>
<StgValue><ssdm name="empty_30"/></StgValue>
</bind>
</comp>

<comp id="52" class="1001" name="const_52">
<pin_list>
<pin id="53" dir="1" index="0" bw="1" slack="0"/>
</pin_list>
<bind>
<StgValue><ssdm name="_ssdm_op_Read.ap_auto.i8P0A"/></StgValue>
</bind>
</comp>

<comp id="54" class="1001" name="const_54">
<pin_list>
<pin id="55" dir="1" index="0" bw="1" slack="0"/>
</pin_list>
<bind>
<StgValue><ssdm name=""/></StgValue>
</bind>
</comp>

<comp id="56" class="1001" name="const_56">
<pin_list>
<pin id="57" dir="1" index="0" bw="1" slack="0"/>
</pin_list>
<bind>
<StgValue><ssdm name=""/></StgValue>
</bind>
</comp>

<comp id="58" class="1001" name="const_58">
<pin_list>
<pin id="59" dir="1" index="0" bw="1" slack="2147483647"/>
</pin_list>
<bind>
<StgValue><ssdm name="_ssdm_op_Wait"/></StgValue>
</bind>
</comp>

<comp id="60" class="1001" name="const_60">
<pin_list>
<pin id="61" dir="1" index="0" bw="1" slack="0"/>
</pin_list>
<bind>
<StgValue><ssdm name="AXIvideo2MultiPixStream_Pipeline_loop_wait_for_start"/></StgValue>
</bind>
</comp>

<comp id="62" class="1001" name="const_62">
<pin_list>
<pin id="63" dir="1" index="0" bw="1" slack="0"/>
</pin_list>
<bind>
<StgValue><ssdm name="_ssdm_op_PartSelect.i12.i16.i32.i32"/></StgValue>
</bind>
</comp>

<comp id="64" class="1001" name="const_64">
<pin_list>
<pin id="65" dir="1" index="0" bw="1" slack="0"/>
</pin_list>
<bind>
<StgValue><ssdm name=""/></StgValue>
</bind>
</comp>

<comp id="66" class="1001" name="const_66">
<pin_list>
<pin id="67" dir="1" index="0" bw="1" slack="0"/>
</pin_list>
<bind>
<StgValue><ssdm name=""/></StgValue>
</bind>
</comp>

<comp id="68" class="1001" name="const_68">
<pin_list>
<pin id="69" dir="1" index="0" bw="1" slack="0"/>
</pin_list>
<bind>
<StgValue><ssdm name=""/></StgValue>
</bind>
</comp>

<comp id="70" class="1001" name="const_70">
<pin_list>
<pin id="71" dir="1" index="0" bw="1" slack="2147483647"/>
</pin_list>
<bind>
<StgValue><ssdm name="_ssdm_op_SpecLoopTripCount"/></StgValue>
</bind>
</comp>

<comp id="72" class="1001" name="const_72">
<pin_list>
<pin id="73" dir="1" index="0" bw="1" slack="2147483647"/>
</pin_list>
<bind>
<StgValue><ssdm name=""/></StgValue>
</bind>
</comp>

<comp id="74" class="1001" name="const_74">
<pin_list>
<pin id="75" dir="1" index="0" bw="1" slack="2147483647"/>
</pin_list>
<bind>
<StgValue><ssdm name=""/></StgValue>
</bind>
</comp>

<comp id="76" class="1001" name="const_76">
<pin_list>
<pin id="77" dir="1" index="0" bw="1" slack="0"/>
</pin_list>
<bind>
<StgValue><ssdm name=""/></StgValue>
</bind>
</comp>

<comp id="78" class="1001" name="const_78">
<pin_list>
<pin id="79" dir="1" index="0" bw="1" slack="2147483647"/>
</pin_list>
<bind>
<StgValue><ssdm name="_ssdm_op_SpecLoopName"/></StgValue>
</bind>
</comp>

<comp id="80" class="1001" name="const_80">
<pin_list>
<pin id="81" dir="1" index="0" bw="1" slack="2147483647"/>
</pin_list>
<bind>
<StgValue><ssdm name="empty_33"/></StgValue>
</bind>
</comp>

<comp id="82" class="1001" name="const_82">
<pin_list>
<pin id="83" dir="1" index="0" bw="1" slack="0"/>
</pin_list>
<bind>
<StgValue><ssdm name="AXIvideo2MultiPixStream_Pipeline_loop_width"/></StgValue>
</bind>
</comp>

<comp id="84" class="1001" name="const_84">
<pin_list>
<pin id="85" dir="1" index="0" bw="1" slack="0"/>
</pin_list>
<bind>
<StgValue><ssdm name=""/></StgValue>
</bind>
</comp>

<comp id="86" class="1001" name="const_86">
<pin_list>
<pin id="87" dir="1" index="0" bw="1" slack="0"/>
</pin_list>
<bind>
<StgValue><ssdm name="AXIvideo2MultiPixStream_Pipeline_loop_wait_for_eol"/></StgValue>
</bind>
</comp>

<comp id="88" class="1004" name="axi_last_4_loc_fu_88">
<pin_list>
<pin id="89" dir="0" index="0" bw="1" slack="0"/>
<pin id="90" dir="1" index="1" bw="1" slack="7"/>
</pin_list>
<bind>
<opcode="alloca(26) " fcode="alloca"/>
<opset="axi_last_4_loc/1 "/>
</bind>
</comp>

<comp id="92" class="1004" name="axi_data_7_loc_fu_92">
<pin_list>
<pin id="93" dir="0" index="0" bw="1" slack="0"/>
<pin id="94" dir="1" index="1" bw="48" slack="4"/>
</pin_list>
<bind>
<opcode="alloca(26) " fcode="alloca"/>
<opset="axi_data_7_loc/1 "/>
</bind>
</comp>

<comp id="96" class="1004" name="eol_loc_fu_96">
<pin_list>
<pin id="97" dir="0" index="0" bw="1" slack="0"/>
<pin id="98" dir="1" index="1" bw="1" slack="4"/>
</pin_list>
<bind>
<opcode="alloca(26) " fcode="alloca"/>
<opset="eol_loc/1 "/>
</bind>
</comp>

<comp id="100" class="1004" name="axi_last_loc_fu_100">
<pin_list>
<pin id="101" dir="0" index="0" bw="1" slack="0"/>
<pin id="102" dir="1" index="1" bw="1" slack="1"/>
</pin_list>
<bind>
<opcode="alloca(26) " fcode="alloca"/>
<opset="axi_last_loc/1 "/>
</bind>
</comp>

<comp id="104" class="1004" name="i_fu_104">
<pin_list>
<pin id="105" dir="0" index="0" bw="1" slack="0"/>
<pin id="106" dir="1" index="1" bw="12" slack="0"/>
</pin_list>
<bind>
<opcode="alloca(26) " fcode="alloca"/>
<opset="i/2 "/>
</bind>
</comp>

<comp id="108" class="1004" name="axi_data_6_fu_108">
<pin_list>
<pin id="109" dir="0" index="0" bw="1" slack="0"/>
<pin id="110" dir="1" index="1" bw="48" slack="0"/>
</pin_list>
<bind>
<opcode="alloca(26) " fcode="alloca"/>
<opset="axi_data_6/2 "/>
</bind>
</comp>

<comp id="112" class="1004" name="sof_fu_112">
<pin_list>
<pin id="113" dir="0" index="0" bw="1" slack="0"/>
<pin id="114" dir="1" index="1" bw="1" slack="0"/>
</pin_list>
<bind>
<opcode="alloca(26) " fcode="alloca"/>
<opset="sof/2 "/>
</bind>
</comp>

<comp id="116" class="1004" name="height_read_read_fu_116">
<pin_list>
<pin id="117" dir="0" index="0" bw="16" slack="0"/>
<pin id="118" dir="0" index="1" bw="16" slack="0"/>
<pin id="119" dir="1" index="2" bw="16" slack="0"/>
</pin_list>
<bind>
<opcode="read(1150) " fcode="read"/>
<opset="height_read/1 "/>
</bind>
</comp>

<comp id="122" class="1004" name="width_read_read_fu_122">
<pin_list>
<pin id="123" dir="0" index="0" bw="16" slack="0"/>
<pin id="124" dir="0" index="1" bw="16" slack="0"/>
<pin id="125" dir="1" index="2" bw="16" slack="0"/>
</pin_list>
<bind>
<opcode="read(1150) " fcode="read"/>
<opset="width_read/1 "/>
</bind>
</comp>

<comp id="128" class="1004" name="enableInput_read_read_fu_128">
<pin_list>
<pin id="129" dir="0" index="0" bw="8" slack="0"/>
<pin id="130" dir="0" index="1" bw="8" slack="0"/>
<pin id="131" dir="1" index="2" bw="8" slack="0"/>
</pin_list>
<bind>
<opcode="read(1150) " fcode="read"/>
<opset="enableInput_read/2 "/>
</bind>
</comp>

<comp id="134" class="1004" name="colorFormat_read_read_fu_134">
<pin_list>
<pin id="135" dir="0" index="0" bw="8" slack="0"/>
<pin id="136" dir="0" index="1" bw="8" slack="0"/>
<pin id="137" dir="1" index="2" bw="8" slack="0"/>
</pin_list>
<bind>
<opcode="read(1150) " fcode="read"/>
<opset="colorFormat_read/4 "/>
</bind>
</comp>

<comp id="140" class="1005" name="axi_last_2_reg_140">
<pin_list>
<pin id="141" dir="0" index="0" bw="1" slack="1"/>
<pin id="142" dir="1" index="1" bw="1" slack="3"/>
</pin_list>
<bind>
<opset="axi_last_2 (phireg) "/>
</bind>
</comp>

<comp id="143" class="1004" name="axi_last_2_phi_fu_143">
<pin_list>
<pin id="144" dir="0" index="0" bw="1" slack="2147483647"/>
<pin id="145" dir="0" index="1" bw="0" slack="2147483647"/>
<pin id="146" dir="0" index="2" bw="1" slack="2147483647"/>
<pin id="147" dir="0" index="3" bw="0" slack="2147483647"/>
<pin id="148" dir="1" index="4" bw="1" slack="0"/>
</pin_list>
<bind>
<opcode="phi(47) " fcode="phi"/>
<opset="axi_last_2/5 "/>
</bind>
</comp>

<comp id="150" class="1005" name="axi_data_2_lcssa_reg_150">
<pin_list>
<pin id="151" dir="0" index="0" bw="48" slack="1"/>
<pin id="152" dir="1" index="1" bw="48" slack="2147483647"/>
</pin_list>
<bind>
<opset="axi_data_2_lcssa (phireg) "/>
</bind>
</comp>

<comp id="153" class="1004" name="axi_data_2_lcssa_phi_fu_153">
<pin_list>
<pin id="154" dir="0" index="0" bw="48" slack="2147483647"/>
<pin id="155" dir="0" index="1" bw="0" slack="2147483647"/>
<pin id="156" dir="0" index="2" bw="48" slack="2147483647"/>
<pin id="157" dir="0" index="3" bw="0" slack="2147483647"/>
<pin id="158" dir="1" index="4" bw="48" slack="0"/>
</pin_list>
<bind>
<opcode="phi(47) " fcode="phi"/>
<opset="axi_data_2_lcssa/8 "/>
</bind>
</comp>

<comp id="160" class="1005" name="axi_last_2_lcssa_reg_160">
<pin_list>
<pin id="161" dir="0" index="0" bw="1" slack="1"/>
<pin id="162" dir="1" index="1" bw="1" slack="2147483647"/>
</pin_list>
<bind>
<opset="axi_last_2_lcssa (phireg) "/>
</bind>
</comp>

<comp id="163" class="1004" name="axi_last_2_lcssa_phi_fu_163">
<pin_list>
<pin id="164" dir="0" index="0" bw="1" slack="2147483647"/>
<pin id="165" dir="0" index="1" bw="0" slack="2147483647"/>
<pin id="166" dir="0" index="2" bw="1" slack="3"/>
<pin id="167" dir="0" index="3" bw="0" slack="2147483647"/>
<pin id="168" dir="1" index="4" bw="1" slack="0"/>
</pin_list>
<bind>
<opcode="phi(47) " fcode="phi"/>
<opset="axi_last_2_lcssa/8 "/>
</bind>
</comp>

<comp id="171" class="1005" name="eol_0_lcssa_reg_171">
<pin_list>
<pin id="172" dir="0" index="0" bw="1" slack="1"/>
<pin id="173" dir="1" index="1" bw="1" slack="3"/>
</pin_list>
<bind>
<opset="eol_0_lcssa (phireg) "/>
</bind>
</comp>

<comp id="175" class="1004" name="eol_0_lcssa_phi_fu_175">
<pin_list>
<pin id="176" dir="0" index="0" bw="1" slack="2147483647"/>
<pin id="177" dir="0" index="1" bw="0" slack="2147483647"/>
<pin id="178" dir="0" index="2" bw="1" slack="3"/>
<pin id="179" dir="0" index="3" bw="0" slack="2147483647"/>
<pin id="180" dir="1" index="4" bw="1" slack="0"/>
</pin_list>
<bind>
<opcode="phi(47) " fcode="phi"/>
<opset="eol_0_lcssa/8 "/>
</bind>
</comp>

<comp id="183" class="1004" name="grp_AXIvideo2MultiPixStream_Pipeline_loop_wait_for_start_fu_183">
<pin_list>
<pin id="184" dir="0" index="0" bw="0" slack="0"/>
<pin id="185" dir="0" index="1" bw="48" slack="0"/>
<pin id="186" dir="0" index="2" bw="6" slack="0"/>
<pin id="187" dir="0" index="3" bw="6" slack="0"/>
<pin id="188" dir="0" index="4" bw="1" slack="0"/>
<pin id="189" dir="0" index="5" bw="1" slack="0"/>
<pin id="190" dir="0" index="6" bw="1" slack="0"/>
<pin id="191" dir="0" index="7" bw="1" slack="0"/>
<pin id="192" dir="0" index="8" bw="48" slack="0"/>
<pin id="193" dir="0" index="9" bw="1" slack="1"/>
<pin id="194" dir="1" index="10" bw="0" slack="2147483647"/>
</pin_list>
<bind>
<opcode="call(48) " fcode="call"/>
<opset="call_ln0/2 "/>
</bind>
</comp>

<comp id="203" class="1004" name="grp_AXIvideo2MultiPixStream_Pipeline_loop_width_fu_203">
<pin_list>
<pin id="204" dir="0" index="0" bw="0" slack="0"/>
<pin id="205" dir="0" index="1" bw="1" slack="0"/>
<pin id="206" dir="0" index="2" bw="1" slack="0"/>
<pin id="207" dir="0" index="3" bw="48" slack="0"/>
<pin id="208" dir="0" index="4" bw="12" slack="3"/>
<pin id="209" dir="0" index="5" bw="1" slack="1"/>
<pin id="210" dir="0" index="6" bw="8" slack="1"/>
<pin id="211" dir="0" index="7" bw="48" slack="0"/>
<pin id="212" dir="0" index="8" bw="48" slack="0"/>
<pin id="213" dir="0" index="9" bw="6" slack="0"/>
<pin id="214" dir="0" index="10" bw="6" slack="0"/>
<pin id="215" dir="0" index="11" bw="1" slack="0"/>
<pin id="216" dir="0" index="12" bw="1" slack="0"/>
<pin id="217" dir="0" index="13" bw="1" slack="0"/>
<pin id="218" dir="0" index="14" bw="1" slack="0"/>
<pin id="219" dir="0" index="15" bw="1" slack="4"/>
<pin id="220" dir="0" index="16" bw="48" slack="4"/>
<pin id="221" dir="1" index="17" bw="0" slack="2147483647"/>
</pin_list>
<bind>
<opcode="call(48) " fcode="call"/>
<opset="call_ln783/5 "/>
</bind>
</comp>

<comp id="232" class="1004" name="grp_AXIvideo2MultiPixStream_Pipeline_loop_wait_for_eol_fu_232">
<pin_list>
<pin id="233" dir="0" index="0" bw="0" slack="0"/>
<pin id="234" dir="0" index="1" bw="48" slack="0"/>
<pin id="235" dir="0" index="2" bw="1" slack="0"/>
<pin id="236" dir="0" index="3" bw="1" slack="0"/>
<pin id="237" dir="0" index="4" bw="48" slack="0"/>
<pin id="238" dir="0" index="5" bw="6" slack="0"/>
<pin id="239" dir="0" index="6" bw="6" slack="0"/>
<pin id="240" dir="0" index="7" bw="1" slack="0"/>
<pin id="241" dir="0" index="8" bw="1" slack="0"/>
<pin id="242" dir="0" index="9" bw="1" slack="0"/>
<pin id="243" dir="0" index="10" bw="1" slack="0"/>
<pin id="244" dir="0" index="11" bw="48" slack="6"/>
<pin id="245" dir="0" index="12" bw="1" slack="7"/>
<pin id="246" dir="1" index="13" bw="0" slack="2147483647"/>
</pin_list>
<bind>
<opcode="call(48) " fcode="call"/>
<opset="call_ln0/8 "/>
</bind>
</comp>

<comp id="258" class="1004" name="grp_reg_unsigned_short_s_fu_258">
<pin_list>
<pin id="259" dir="0" index="0" bw="16" slack="0"/>
<pin id="260" dir="0" index="1" bw="16" slack="0"/>
<pin id="261" dir="1" index="2" bw="16" slack="0"/>
</pin_list>
<bind>
<opcode="call(48) " fcode="call"/>
<opset="rows/1 "/>
</bind>
</comp>

<comp id="264" class="1004" name="grp_reg_unsigned_short_s_fu_264">
<pin_list>
<pin id="265" dir="0" index="0" bw="16" slack="0"/>
<pin id="266" dir="0" index="1" bw="16" slack="0"/>
<pin id="267" dir="1" index="2" bw="16" slack="0"/>
</pin_list>
<bind>
<opcode="call(48) " fcode="call"/>
<opset="cols/1 "/>
</bind>
</comp>

<comp id="270" class="1004" name="trunc_ln782_fu_270">
<pin_list>
<pin id="271" dir="0" index="0" bw="16" slack="0"/>
<pin id="272" dir="1" index="1" bw="12" slack="3"/>
</pin_list>
<bind>
<opcode="trunc(33) " fcode="trunc"/>
<opset="trunc_ln782/2 "/>
</bind>
</comp>

<comp id="274" class="1004" name="icmp_ln789_fu_274">
<pin_list>
<pin id="275" dir="0" index="0" bw="8" slack="0"/>
<pin id="276" dir="0" index="1" bw="1" slack="0"/>
<pin id="277" dir="1" index="2" bw="1" slack="3"/>
</pin_list>
<bind>
<opcode="icmp(45) " fcode="icmp"/>
<opset="icmp_ln789/2 "/>
</bind>
</comp>

<comp id="280" class="1004" name="div_cast_fu_280">
<pin_list>
<pin id="281" dir="0" index="0" bw="12" slack="0"/>
<pin id="282" dir="0" index="1" bw="16" slack="0"/>
<pin id="283" dir="0" index="2" bw="1" slack="0"/>
<pin id="284" dir="0" index="3" bw="5" slack="0"/>
<pin id="285" dir="1" index="4" bw="12" slack="2"/>
</pin_list>
<bind>
<opcode="partselect(1002) " fcode="partselect"/>
<opset="div_cast/2 "/>
</bind>
</comp>

<comp id="290" class="1004" name="store_ln800_store_fu_290">
<pin_list>
<pin id="291" dir="0" index="0" bw="1" slack="0"/>
<pin id="292" dir="0" index="1" bw="1" slack="0"/>
<pin id="293" dir="1" index="2" bw="0" slack="2147483647"/>
</pin_list>
<bind>
<opcode="store(28) " fcode="store"/>
<opset="store_ln800/2 "/>
</bind>
</comp>

<comp id="295" class="1004" name="store_ln800_store_fu_295">
<pin_list>
<pin id="296" dir="0" index="0" bw="1" slack="0"/>
<pin id="297" dir="0" index="1" bw="12" slack="0"/>
<pin id="298" dir="1" index="2" bw="0" slack="2147483647"/>
</pin_list>
<bind>
<opcode="store(28) " fcode="store"/>
<opset="store_ln800/2 "/>
</bind>
</comp>

<comp id="300" class="1004" name="axi_last_loc_load_load_fu_300">
<pin_list>
<pin id="301" dir="0" index="0" bw="1" slack="3"/>
<pin id="302" dir="1" index="1" bw="1" slack="2147483647"/>
</pin_list>
<bind>
<opcode="load(27) " fcode="load"/>
<opset="axi_last_loc_load/4 "/>
</bind>
</comp>

<comp id="303" class="1004" name="cmp10294_fu_303">
<pin_list>
<pin id="304" dir="0" index="0" bw="12" slack="2"/>
<pin id="305" dir="0" index="1" bw="1" slack="0"/>
<pin id="306" dir="1" index="2" bw="1" slack="1"/>
</pin_list>
<bind>
<opcode="icmp(45) " fcode="icmp"/>
<opset="cmp10294/4 "/>
</bind>
</comp>

<comp id="308" class="1004" name="cond_fu_308">
<pin_list>
<pin id="309" dir="0" index="0" bw="8" slack="0"/>
<pin id="310" dir="0" index="1" bw="1" slack="0"/>
<pin id="311" dir="1" index="2" bw="1" slack="1"/>
</pin_list>
<bind>
<opcode="icmp(45) " fcode="icmp"/>
<opset="cond/4 "/>
</bind>
</comp>

<comp id="314" class="1004" name="i_3_load_fu_314">
<pin_list>
<pin id="315" dir="0" index="0" bw="12" slack="3"/>
<pin id="316" dir="1" index="1" bw="12" slack="0"/>
</pin_list>
<bind>
<opcode="load(27) " fcode="load"/>
<opset="i_3/5 "/>
</bind>
</comp>

<comp id="317" class="1004" name="axi_data_load_fu_317">
<pin_list>
<pin id="318" dir="0" index="0" bw="48" slack="3"/>
<pin id="319" dir="1" index="1" bw="48" slack="0"/>
</pin_list>
<bind>
<opcode="load(27) " fcode="load"/>
<opset="axi_data/5 "/>
</bind>
</comp>

<comp id="321" class="1004" name="icmp_ln800_fu_321">
<pin_list>
<pin id="322" dir="0" index="0" bw="12" slack="0"/>
<pin id="323" dir="0" index="1" bw="12" slack="3"/>
<pin id="324" dir="1" index="2" bw="1" slack="2147483647"/>
</pin_list>
<bind>
<opcode="icmp(45) " fcode="icmp"/>
<opset="icmp_ln800/5 "/>
</bind>
</comp>

<comp id="326" class="1004" name="i_4_fu_326">
<pin_list>
<pin id="327" dir="0" index="0" bw="12" slack="0"/>
<pin id="328" dir="0" index="1" bw="1" slack="0"/>
<pin id="329" dir="1" index="2" bw="12" slack="2"/>
</pin_list>
<bind>
<opcode="add(8) " fcode="add"/>
<opset="i_4/5 "/>
</bind>
</comp>

<comp id="332" class="1004" name="sof_load_load_fu_332">
<pin_list>
<pin id="333" dir="0" index="0" bw="1" slack="3"/>
<pin id="334" dir="1" index="1" bw="1" slack="0"/>
</pin_list>
<bind>
<opcode="load(27) " fcode="load"/>
<opset="sof_load/5 "/>
</bind>
</comp>

<comp id="336" class="1004" name="eol_loc_load_load_fu_336">
<pin_list>
<pin id="337" dir="0" index="0" bw="1" slack="6"/>
<pin id="338" dir="1" index="1" bw="1" slack="2147483647"/>
</pin_list>
<bind>
<opcode="load(27) " fcode="load"/>
<opset="eol_loc_load/7 "/>
</bind>
</comp>

<comp id="339" class="1004" name="axi_data_7_loc_load_load_fu_339">
<pin_list>
<pin id="340" dir="0" index="0" bw="48" slack="6"/>
<pin id="341" dir="1" index="1" bw="48" slack="2147483647"/>
</pin_list>
<bind>
<opcode="load(27) " fcode="load"/>
<opset="axi_data_7_loc_load/7 "/>
</bind>
</comp>

<comp id="342" class="1004" name="store_ln0_store_fu_342">
<pin_list>
<pin id="343" dir="0" index="0" bw="1" slack="0"/>
<pin id="344" dir="0" index="1" bw="1" slack="5"/>
<pin id="345" dir="1" index="2" bw="0" slack="2147483647"/>
</pin_list>
<bind>
<opcode="store(28) " fcode="store"/>
<opset="store_ln0/7 "/>
</bind>
</comp>

<comp id="347" class="1004" name="store_ln800_store_fu_347">
<pin_list>
<pin id="348" dir="0" index="0" bw="12" slack="2"/>
<pin id="349" dir="0" index="1" bw="12" slack="5"/>
<pin id="350" dir="1" index="2" bw="0" slack="2147483647"/>
</pin_list>
<bind>
<opcode="store(28) " fcode="store"/>
<opset="store_ln800/7 "/>
</bind>
</comp>

<comp id="351" class="1004" name="axi_last_4_loc_load_load_fu_351">
<pin_list>
<pin id="352" dir="0" index="0" bw="1" slack="9"/>
<pin id="353" dir="1" index="1" bw="1" slack="2147483647"/>
</pin_list>
<bind>
<opcode="load(27) " fcode="load"/>
<opset="axi_last_4_loc_load/10 "/>
</bind>
</comp>

<comp id="354" class="1005" name="axi_last_4_loc_reg_354">
<pin_list>
<pin id="355" dir="0" index="0" bw="1" slack="7"/>
<pin id="356" dir="1" index="1" bw="1" slack="7"/>
</pin_list>
<bind>
<opset="axi_last_4_loc "/>
</bind>
</comp>

<comp id="360" class="1005" name="axi_data_7_loc_reg_360">
<pin_list>
<pin id="361" dir="0" index="0" bw="48" slack="4"/>
<pin id="362" dir="1" index="1" bw="48" slack="4"/>
</pin_list>
<bind>
<opset="axi_data_7_loc "/>
</bind>
</comp>

<comp id="366" class="1005" name="eol_loc_reg_366">
<pin_list>
<pin id="367" dir="0" index="0" bw="1" slack="4"/>
<pin id="368" dir="1" index="1" bw="1" slack="4"/>
</pin_list>
<bind>
<opset="eol_loc "/>
</bind>
</comp>

<comp id="372" class="1005" name="axi_last_loc_reg_372">
<pin_list>
<pin id="373" dir="0" index="0" bw="1" slack="1"/>
<pin id="374" dir="1" index="1" bw="1" slack="1"/>
</pin_list>
<bind>
<opset="axi_last_loc "/>
</bind>
</comp>

<comp id="378" class="1005" name="trunc_ln782_reg_378">
<pin_list>
<pin id="379" dir="0" index="0" bw="12" slack="3"/>
<pin id="380" dir="1" index="1" bw="12" slack="3"/>
</pin_list>
<bind>
<opset="trunc_ln782 "/>
</bind>
</comp>

<comp id="383" class="1005" name="icmp_ln789_reg_383">
<pin_list>
<pin id="384" dir="0" index="0" bw="1" slack="3"/>
<pin id="385" dir="1" index="1" bw="1" slack="2147483647"/>
</pin_list>
<bind>
<opset="icmp_ln789 "/>
</bind>
</comp>

<comp id="387" class="1005" name="i_reg_387">
<pin_list>
<pin id="388" dir="0" index="0" bw="12" slack="0"/>
<pin id="389" dir="1" index="1" bw="12" slack="0"/>
</pin_list>
<bind>
<opset="i "/>
</bind>
</comp>

<comp id="394" class="1005" name="axi_data_6_reg_394">
<pin_list>
<pin id="395" dir="0" index="0" bw="48" slack="0"/>
<pin id="396" dir="1" index="1" bw="48" slack="0"/>
</pin_list>
<bind>
<opset="axi_data_6 "/>
</bind>
</comp>

<comp id="401" class="1005" name="sof_reg_401">
<pin_list>
<pin id="402" dir="0" index="0" bw="1" slack="0"/>
<pin id="403" dir="1" index="1" bw="1" slack="0"/>
</pin_list>
<bind>
<opset="sof "/>
</bind>
</comp>

<comp id="408" class="1005" name="div_cast_reg_408">
<pin_list>
<pin id="409" dir="0" index="0" bw="12" slack="2"/>
<pin id="410" dir="1" index="1" bw="12" slack="2"/>
</pin_list>
<bind>
<opset="div_cast "/>
</bind>
</comp>

<comp id="417" class="1005" name="colorFormat_read_reg_417">
<pin_list>
<pin id="418" dir="0" index="0" bw="8" slack="1"/>
<pin id="419" dir="1" index="1" bw="8" slack="1"/>
</pin_list>
<bind>
<opset="colorFormat_read "/>
</bind>
</comp>

<comp id="422" class="1005" name="cmp10294_reg_422">
<pin_list>
<pin id="423" dir="0" index="0" bw="1" slack="1"/>
<pin id="424" dir="1" index="1" bw="1" slack="2147483647"/>
</pin_list>
<bind>
<opset="cmp10294 "/>
</bind>
</comp>

<comp id="426" class="1005" name="cond_reg_426">
<pin_list>
<pin id="427" dir="0" index="0" bw="1" slack="1"/>
<pin id="428" dir="1" index="1" bw="1" slack="1"/>
</pin_list>
<bind>
<opset="cond "/>
</bind>
</comp>

<comp id="437" class="1005" name="i_4_reg_437">
<pin_list>
<pin id="438" dir="0" index="0" bw="12" slack="2"/>
<pin id="439" dir="1" index="1" bw="12" slack="2"/>
</pin_list>
<bind>
<opset="i_4 "/>
</bind>
</comp>

</comp_list>

<net_list>
<net id="91"><net_src comp="24" pin="0"/><net_sink comp="88" pin=0"/></net>

<net id="95"><net_src comp="24" pin="0"/><net_sink comp="92" pin=0"/></net>

<net id="99"><net_src comp="24" pin="0"/><net_sink comp="96" pin=0"/></net>

<net id="103"><net_src comp="24" pin="0"/><net_sink comp="100" pin=0"/></net>

<net id="107"><net_src comp="56" pin="0"/><net_sink comp="104" pin=0"/></net>

<net id="111"><net_src comp="56" pin="0"/><net_sink comp="108" pin=0"/></net>

<net id="115"><net_src comp="56" pin="0"/><net_sink comp="112" pin=0"/></net>

<net id="120"><net_src comp="26" pin="0"/><net_sink comp="116" pin=0"/></net>

<net id="121"><net_src comp="18" pin="0"/><net_sink comp="116" pin=1"/></net>

<net id="126"><net_src comp="26" pin="0"/><net_sink comp="122" pin=0"/></net>

<net id="127"><net_src comp="20" pin="0"/><net_sink comp="122" pin=1"/></net>

<net id="132"><net_src comp="52" pin="0"/><net_sink comp="128" pin=0"/></net>

<net id="133"><net_src comp="16" pin="0"/><net_sink comp="128" pin=1"/></net>

<net id="138"><net_src comp="52" pin="0"/><net_sink comp="134" pin=0"/></net>

<net id="139"><net_src comp="22" pin="0"/><net_sink comp="134" pin=1"/></net>

<net id="149"><net_src comp="143" pin="4"/><net_sink comp="140" pin=0"/></net>

<net id="159"><net_src comp="153" pin="4"/><net_sink comp="150" pin=0"/></net>

<net id="169"><net_src comp="140" pin="1"/><net_sink comp="163" pin=2"/></net>

<net id="170"><net_src comp="163" pin="4"/><net_sink comp="160" pin=0"/></net>

<net id="174"><net_src comp="84" pin="0"/><net_sink comp="171" pin=0"/></net>

<net id="181"><net_src comp="171" pin="1"/><net_sink comp="175" pin=2"/></net>

<net id="182"><net_src comp="175" pin="4"/><net_sink comp="171" pin=0"/></net>

<net id="195"><net_src comp="60" pin="0"/><net_sink comp="183" pin=0"/></net>

<net id="196"><net_src comp="0" pin="0"/><net_sink comp="183" pin=1"/></net>

<net id="197"><net_src comp="2" pin="0"/><net_sink comp="183" pin=2"/></net>

<net id="198"><net_src comp="4" pin="0"/><net_sink comp="183" pin=3"/></net>

<net id="199"><net_src comp="6" pin="0"/><net_sink comp="183" pin=4"/></net>

<net id="200"><net_src comp="8" pin="0"/><net_sink comp="183" pin=5"/></net>

<net id="201"><net_src comp="10" pin="0"/><net_sink comp="183" pin=6"/></net>

<net id="202"><net_src comp="12" pin="0"/><net_sink comp="183" pin=7"/></net>

<net id="222"><net_src comp="82" pin="0"/><net_sink comp="203" pin=0"/></net>

<net id="223"><net_src comp="143" pin="4"/><net_sink comp="203" pin=2"/></net>

<net id="224"><net_src comp="14" pin="0"/><net_sink comp="203" pin=7"/></net>

<net id="225"><net_src comp="0" pin="0"/><net_sink comp="203" pin=8"/></net>

<net id="226"><net_src comp="2" pin="0"/><net_sink comp="203" pin=9"/></net>

<net id="227"><net_src comp="4" pin="0"/><net_sink comp="203" pin=10"/></net>

<net id="228"><net_src comp="6" pin="0"/><net_sink comp="203" pin=11"/></net>

<net id="229"><net_src comp="8" pin="0"/><net_sink comp="203" pin=12"/></net>

<net id="230"><net_src comp="10" pin="0"/><net_sink comp="203" pin=13"/></net>

<net id="231"><net_src comp="12" pin="0"/><net_sink comp="203" pin=14"/></net>

<net id="247"><net_src comp="86" pin="0"/><net_sink comp="232" pin=0"/></net>

<net id="248"><net_src comp="153" pin="4"/><net_sink comp="232" pin=1"/></net>

<net id="249"><net_src comp="163" pin="4"/><net_sink comp="232" pin=2"/></net>

<net id="250"><net_src comp="175" pin="4"/><net_sink comp="232" pin=3"/></net>

<net id="251"><net_src comp="0" pin="0"/><net_sink comp="232" pin=4"/></net>

<net id="252"><net_src comp="2" pin="0"/><net_sink comp="232" pin=5"/></net>

<net id="253"><net_src comp="4" pin="0"/><net_sink comp="232" pin=6"/></net>

<net id="254"><net_src comp="6" pin="0"/><net_sink comp="232" pin=7"/></net>

<net id="255"><net_src comp="8" pin="0"/><net_sink comp="232" pin=8"/></net>

<net id="256"><net_src comp="10" pin="0"/><net_sink comp="232" pin=9"/></net>

<net id="257"><net_src comp="12" pin="0"/><net_sink comp="232" pin=10"/></net>

<net id="262"><net_src comp="28" pin="0"/><net_sink comp="258" pin=0"/></net>

<net id="263"><net_src comp="116" pin="2"/><net_sink comp="258" pin=1"/></net>

<net id="268"><net_src comp="28" pin="0"/><net_sink comp="264" pin=0"/></net>

<net id="269"><net_src comp="122" pin="2"/><net_sink comp="264" pin=1"/></net>

<net id="273"><net_src comp="258" pin="2"/><net_sink comp="270" pin=0"/></net>

<net id="278"><net_src comp="128" pin="2"/><net_sink comp="274" pin=0"/></net>

<net id="279"><net_src comp="54" pin="0"/><net_sink comp="274" pin=1"/></net>

<net id="286"><net_src comp="62" pin="0"/><net_sink comp="280" pin=0"/></net>

<net id="287"><net_src comp="264" pin="2"/><net_sink comp="280" pin=1"/></net>

<net id="288"><net_src comp="56" pin="0"/><net_sink comp="280" pin=2"/></net>

<net id="289"><net_src comp="64" pin="0"/><net_sink comp="280" pin=3"/></net>

<net id="294"><net_src comp="66" pin="0"/><net_sink comp="290" pin=0"/></net>

<net id="299"><net_src comp="68" pin="0"/><net_sink comp="295" pin=0"/></net>

<net id="307"><net_src comp="68" pin="0"/><net_sink comp="303" pin=1"/></net>

<net id="312"><net_src comp="134" pin="2"/><net_sink comp="308" pin=0"/></net>

<net id="313"><net_src comp="54" pin="0"/><net_sink comp="308" pin=1"/></net>

<net id="320"><net_src comp="317" pin="1"/><net_sink comp="203" pin=3"/></net>

<net id="325"><net_src comp="314" pin="1"/><net_sink comp="321" pin=0"/></net>

<net id="330"><net_src comp="314" pin="1"/><net_sink comp="326" pin=0"/></net>

<net id="331"><net_src comp="76" pin="0"/><net_sink comp="326" pin=1"/></net>

<net id="335"><net_src comp="332" pin="1"/><net_sink comp="203" pin=1"/></net>

<net id="346"><net_src comp="84" pin="0"/><net_sink comp="342" pin=0"/></net>

<net id="357"><net_src comp="88" pin="1"/><net_sink comp="354" pin=0"/></net>

<net id="358"><net_src comp="354" pin="1"/><net_sink comp="232" pin=12"/></net>

<net id="359"><net_src comp="354" pin="1"/><net_sink comp="351" pin=0"/></net>

<net id="363"><net_src comp="92" pin="1"/><net_sink comp="360" pin=0"/></net>

<net id="364"><net_src comp="360" pin="1"/><net_sink comp="203" pin=16"/></net>

<net id="365"><net_src comp="360" pin="1"/><net_sink comp="339" pin=0"/></net>

<net id="369"><net_src comp="96" pin="1"/><net_sink comp="366" pin=0"/></net>

<net id="370"><net_src comp="366" pin="1"/><net_sink comp="203" pin=15"/></net>

<net id="371"><net_src comp="366" pin="1"/><net_sink comp="336" pin=0"/></net>

<net id="375"><net_src comp="100" pin="1"/><net_sink comp="372" pin=0"/></net>

<net id="376"><net_src comp="372" pin="1"/><net_sink comp="183" pin=9"/></net>

<net id="377"><net_src comp="372" pin="1"/><net_sink comp="300" pin=0"/></net>

<net id="381"><net_src comp="270" pin="1"/><net_sink comp="378" pin=0"/></net>

<net id="382"><net_src comp="378" pin="1"/><net_sink comp="321" pin=1"/></net>

<net id="386"><net_src comp="274" pin="2"/><net_sink comp="383" pin=0"/></net>

<net id="390"><net_src comp="104" pin="1"/><net_sink comp="387" pin=0"/></net>

<net id="391"><net_src comp="387" pin="1"/><net_sink comp="295" pin=1"/></net>

<net id="392"><net_src comp="387" pin="1"/><net_sink comp="314" pin=0"/></net>

<net id="393"><net_src comp="387" pin="1"/><net_sink comp="347" pin=1"/></net>

<net id="397"><net_src comp="108" pin="1"/><net_sink comp="394" pin=0"/></net>

<net id="398"><net_src comp="394" pin="1"/><net_sink comp="183" pin=8"/></net>

<net id="399"><net_src comp="394" pin="1"/><net_sink comp="317" pin=0"/></net>

<net id="400"><net_src comp="394" pin="1"/><net_sink comp="232" pin=11"/></net>

<net id="404"><net_src comp="112" pin="1"/><net_sink comp="401" pin=0"/></net>

<net id="405"><net_src comp="401" pin="1"/><net_sink comp="290" pin=1"/></net>

<net id="406"><net_src comp="401" pin="1"/><net_sink comp="332" pin=0"/></net>

<net id="407"><net_src comp="401" pin="1"/><net_sink comp="342" pin=1"/></net>

<net id="411"><net_src comp="280" pin="4"/><net_sink comp="408" pin=0"/></net>

<net id="412"><net_src comp="408" pin="1"/><net_sink comp="303" pin=0"/></net>

<net id="413"><net_src comp="408" pin="1"/><net_sink comp="203" pin=4"/></net>

<net id="420"><net_src comp="134" pin="2"/><net_sink comp="417" pin=0"/></net>

<net id="421"><net_src comp="417" pin="1"/><net_sink comp="203" pin=6"/></net>

<net id="425"><net_src comp="303" pin="2"/><net_sink comp="422" pin=0"/></net>

<net id="429"><net_src comp="308" pin="2"/><net_sink comp="426" pin=0"/></net>

<net id="430"><net_src comp="426" pin="1"/><net_sink comp="203" pin=5"/></net>

<net id="440"><net_src comp="326" pin="2"/><net_sink comp="437" pin=0"/></net>

<net id="441"><net_src comp="437" pin="1"/><net_sink comp="347" pin=0"/></net>

</net_list>

</model> 
---------------- Datapath Model END ------------------

* FSMD analyzer results:
  - Output states:
	Port: srcYUV | {5 6 }
 - Input state : 
	Port: AXIvideo2MultiPixStream : s_axis_video_V_data_V | {2 3 5 6 8 9 }
	Port: AXIvideo2MultiPixStream : s_axis_video_V_keep_V | {2 3 5 6 8 9 }
	Port: AXIvideo2MultiPixStream : s_axis_video_V_strb_V | {2 3 5 6 8 9 }
	Port: AXIvideo2MultiPixStream : s_axis_video_V_user_V | {2 3 5 6 8 9 }
	Port: AXIvideo2MultiPixStream : s_axis_video_V_last_V | {2 3 5 6 8 9 }
	Port: AXIvideo2MultiPixStream : s_axis_video_V_id_V | {2 3 5 6 8 9 }
	Port: AXIvideo2MultiPixStream : s_axis_video_V_dest_V | {2 3 5 6 8 9 }
	Port: AXIvideo2MultiPixStream : enableInput | {2 }
	Port: AXIvideo2MultiPixStream : height | {1 }
	Port: AXIvideo2MultiPixStream : width | {1 }
	Port: AXIvideo2MultiPixStream : colorFormat | {4 }
  - Chain level:
	State 1
	State 2
		trunc_ln782 : 1
		br_ln789 : 1
		call_ln0 : 1
		div_cast : 1
		store_ln800 : 1
		store_ln800 : 1
	State 3
	State 4
	State 5
		icmp_ln800 : 1
		i_4 : 1
		br_ln800 : 2
		call_ln783 : 1
	State 6
	State 7
	State 8
		call_ln0 : 1
	State 9
	State 10


============================================================
+ Verbose Summary: Datapath Resource usage 
============================================================

* Functional unit list:
|----------|-----------------------------------------------------------------|---------|---------|
| Operation|                         Functional Unit                         |    FF   |   LUT   |
|----------|-----------------------------------------------------------------|---------|---------|
|          | grp_AXIvideo2MultiPixStream_Pipeline_loop_wait_for_start_fu_183 |    3    |    0    |
|          |      grp_AXIvideo2MultiPixStream_Pipeline_loop_width_fu_203     |   122   |   1457  |
|   call   |  grp_AXIvideo2MultiPixStream_Pipeline_loop_wait_for_eol_fu_232  |    3    |    0    |
|          |                 grp_reg_unsigned_short_s_fu_258                 |    16   |    0    |
|          |                 grp_reg_unsigned_short_s_fu_264                 |    16   |    0    |
|----------|-----------------------------------------------------------------|---------|---------|
|          |                        icmp_ln789_fu_274                        |    0    |    15   |
|   icmp   |                         cmp10294_fu_303                         |    0    |    19   |
|          |                           cond_fu_308                           |    0    |    15   |
|          |                        icmp_ln800_fu_321                        |    0    |    19   |
|----------|-----------------------------------------------------------------|---------|---------|
|    add   |                            i_4_fu_326                           |    0    |    19   |
|----------|-----------------------------------------------------------------|---------|---------|
|          |                     height_read_read_fu_116                     |    0    |    0    |
|   read   |                      width_read_read_fu_122                     |    0    |    0    |
|          |                   enableInput_read_read_fu_128                  |    0    |    0    |
|          |                   colorFormat_read_read_fu_134                  |    0    |    0    |
|----------|-----------------------------------------------------------------|---------|---------|
|   trunc  |                        trunc_ln782_fu_270                       |    0    |    0    |
|----------|-----------------------------------------------------------------|---------|---------|
|partselect|                         div_cast_fu_280                         |    0    |    0    |
|----------|-----------------------------------------------------------------|---------|---------|
|   Total  |                                                                 |   160   |   1544  |
|----------|-----------------------------------------------------------------|---------|---------|

Memories:
N/A

* Register list:
+------------------------+--------+
|                        |   FF   |
+------------------------+--------+
|axi_data_2_lcssa_reg_150|   48   |
|   axi_data_6_reg_394   |   48   |
| axi_data_7_loc_reg_360 |   48   |
|axi_last_2_lcssa_reg_160|    1   |
|   axi_last_2_reg_140   |    1   |
| axi_last_4_loc_reg_354 |    1   |
|  axi_last_loc_reg_372  |    1   |
|    cmp10294_reg_422    |    1   |
|colorFormat_read_reg_417|    8   |
|      cond_reg_426      |    1   |
|    div_cast_reg_408    |   12   |
|   eol_0_lcssa_reg_171  |    1   |
|     eol_loc_reg_366    |    1   |
|       i_4_reg_437      |   12   |
|        i_reg_387       |   12   |
|   icmp_ln789_reg_383   |    1   |
|       sof_reg_401      |    1   |
|   trunc_ln782_reg_378  |   12   |
+------------------------+--------+
|          Total         |   210  |
+------------------------+--------+

* Multiplexer (MUX) list: 
|---------------------|------|------|------|--------||---------||---------|
|         Comp        |  Pin | Size |  BW  | S x BW ||  Delay  ||   LUT   |
|---------------------|------|------|------|--------||---------||---------|
| eol_0_lcssa_reg_171 |  p0  |   2  |   1  |    2   ||    9    |
|---------------------|------|------|------|--------||---------||---------|
|        Total        |      |      |      |    2   ||  0.427  ||    9    |
|---------------------|------|------|------|--------||---------||---------|



* Summary:
+-----------+--------+--------+--------+
|           |  Delay |   FF   |   LUT  |
+-----------+--------+--------+--------+
|  Function |    -   |   160  |  1544  |
|   Memory  |    -   |    -   |    -   |
|Multiplexer|    0   |    -   |    9   |
|  Register |    -   |   210  |    -   |
+-----------+--------+--------+--------+
|   Total   |    0   |   370  |  1553  |
+-----------+--------+--------+--------+
