

================================================================
== Vitis HLS Report for 'AXIvideo2MultiPixStream_Pipeline_loop_width'
================================================================
* Date:           Thu Jan  9 09:27:51 2025

* Version:        2023.1 (Build 3854077 on May  4 2023)
* Project:        prj
* Solution:       sol (Vivado IP Flow Target)
* Product family: artixuplus
* Target device:  xcau15p-ffvb676-2-e


================================================================
== Performance Estimates
================================================================
+ Timing: 
    * Summary: 
    +--------+---------+----------+------------+
    |  Clock |  Target | Estimated| Uncertainty|
    +--------+---------+----------+------------+
    |ap_clk  |  3.33 ns|  1.318 ns|     0.90 ns|
    +--------+---------+----------+------------+

+ Latency: 
    * Summary: 
    +---------+---------+-----------+----------+-----+------+---------+
    |  Latency (cycles) |  Latency (absolute)  |  Interval  | Pipeline|
    |   min   |   max   |    min    |    max   | min |  max |   Type  |
    +---------+---------+-----------+----------+-----+------+---------+
    |        4|     2051|  13.332 ns|  6.836 us|    4|  2051|       no|
    +---------+---------+-----------+----------+-----+------+---------+

    + Detail: 
        * Instance: 
        N/A

        * Loop: 
        +--------------+---------+---------+----------+-----------+-----------+----------+----------+
        |              |  Latency (cycles) | Iteration|  Initiation Interval  |   Trip   |          |
        |   Loop Name  |   min   |   max   |  Latency |  achieved |   target  |   Count  | Pipelined|
        +--------------+---------+---------+----------+-----------+-----------+----------+----------+
        |- loop_width  |        2|     2049|         3|          1|          1|  1 ~ 2048|       yes|
        +--------------+---------+---------+----------+-----------+-----------+----------+----------+

============================================================
+ Verbose Summary: Synthesis Manager
============================================================
InlineROM: 1
ExposeGlobal: 0
============================================================
+ Verbose Summary: CDFG Model
============================================================
IsTopModel: 0
ResetActiveHigh: 1
IsCombinational: 0
IsDatapathOnly: 0
HasWiredReturn: 1
HasMFsm: 2
HasVarLatency: 1
IsPipeline: 0
IsRtlPipelined: 0
IsInstanceOverlapped: 0
IsDontTouch: 0
HasImplIP: 0
IsGatedGlobalClock: 0

+ Individual pipeline summary: 
  * Pipeline-0: initiation interval (II) = 1, depth = 3


============================================================
+ Verbose Summary: Schedule
============================================================
* Number of FSM states : 3
* Pipeline : 1
  Pipeline-0 : II = 1, D = 3, States = { 1 2 3 }
* Dataflow Pipeline: 0

* FSM state transitions: 
1 --> 2 
2 --> 3 
3 --> 

* FSM state operations: 

State 1 <SV = 0> <Delay = 1.23>
ST_1 : Operation 6 [1/1] (0.00ns)   --->   "%j = alloca i32 1"   --->   Operation 6 'alloca' 'j' <Predicate = true> <Delay = 0.00>
ST_1 : Operation 7 [1/1] (0.00ns)   --->   "%axi_data = alloca i32 1"   --->   Operation 7 'alloca' 'axi_data' <Predicate = true> <Delay = 0.00>
ST_1 : Operation 8 [1/1] (0.00ns)   --->   "%axi_last = alloca i32 1"   --->   Operation 8 'alloca' 'axi_last' <Predicate = true> <Delay = 0.00>
ST_1 : Operation 9 [1/1] (0.00ns)   --->   "%specaxissidechannel_ln0 = specaxissidechannel void @_ssdm_op_SpecAXISSideChannel, i48 %s_axis_video_V_data_V, i6 %s_axis_video_V_keep_V, i6 %s_axis_video_V_strb_V, i1 %s_axis_video_V_user_V, i1 %s_axis_video_V_last_V, i1 %s_axis_video_V_id_V, i1 %s_axis_video_V_dest_V, void @empty_39"   --->   Operation 9 'specaxissidechannel' 'specaxissidechannel_ln0' <Predicate = true> <Delay = 0.00>
ST_1 : Operation 10 [1/1] (0.00ns)   --->   "%specinterface_ln0 = specinterface void @_ssdm_op_SpecInterface, i1 %s_axis_video_V_dest_V, void @empty_31, i32 0, i32 0, void @empty_30, i32 0, i32 0, void @empty_29, void @empty_29, void @empty_29, i32 0, i32 0, i32 0, i32 0, void @empty_29, void @empty_29, i32 4294967295, i32 0"   --->   Operation 10 'specinterface' 'specinterface_ln0' <Predicate = true> <Delay = 0.00>
ST_1 : Operation 11 [1/1] (0.00ns)   --->   "%specinterface_ln0 = specinterface void @_ssdm_op_SpecInterface, i1 %s_axis_video_V_id_V, void @empty_31, i32 0, i32 0, void @empty_30, i32 0, i32 0, void @empty_29, void @empty_29, void @empty_29, i32 0, i32 0, i32 0, i32 0, void @empty_29, void @empty_29, i32 4294967295, i32 0"   --->   Operation 11 'specinterface' 'specinterface_ln0' <Predicate = true> <Delay = 0.00>
ST_1 : Operation 12 [1/1] (0.00ns)   --->   "%specinterface_ln0 = specinterface void @_ssdm_op_SpecInterface, i1 %s_axis_video_V_last_V, void @empty_31, i32 0, i32 0, void @empty_30, i32 0, i32 0, void @empty_29, void @empty_29, void @empty_29, i32 0, i32 0, i32 0, i32 0, void @empty_29, void @empty_29, i32 4294967295, i32 0"   --->   Operation 12 'specinterface' 'specinterface_ln0' <Predicate = true> <Delay = 0.00>
ST_1 : Operation 13 [1/1] (0.00ns)   --->   "%specinterface_ln0 = specinterface void @_ssdm_op_SpecInterface, i1 %s_axis_video_V_user_V, void @empty_31, i32 0, i32 0, void @empty_30, i32 0, i32 0, void @empty_29, void @empty_29, void @empty_29, i32 0, i32 0, i32 0, i32 0, void @empty_29, void @empty_29, i32 4294967295, i32 0"   --->   Operation 13 'specinterface' 'specinterface_ln0' <Predicate = true> <Delay = 0.00>
ST_1 : Operation 14 [1/1] (0.00ns)   --->   "%specinterface_ln0 = specinterface void @_ssdm_op_SpecInterface, i6 %s_axis_video_V_strb_V, void @empty_31, i32 0, i32 0, void @empty_30, i32 0, i32 0, void @empty_29, void @empty_29, void @empty_29, i32 0, i32 0, i32 0, i32 0, void @empty_29, void @empty_29, i32 4294967295, i32 0"   --->   Operation 14 'specinterface' 'specinterface_ln0' <Predicate = true> <Delay = 0.00>
ST_1 : Operation 15 [1/1] (0.00ns)   --->   "%specinterface_ln0 = specinterface void @_ssdm_op_SpecInterface, i6 %s_axis_video_V_keep_V, void @empty_31, i32 0, i32 0, void @empty_30, i32 0, i32 0, void @empty_29, void @empty_29, void @empty_29, i32 0, i32 0, i32 0, i32 0, void @empty_29, void @empty_29, i32 4294967295, i32 0"   --->   Operation 15 'specinterface' 'specinterface_ln0' <Predicate = true> <Delay = 0.00>
ST_1 : Operation 16 [1/1] (0.00ns)   --->   "%specinterface_ln0 = specinterface void @_ssdm_op_SpecInterface, i48 %s_axis_video_V_data_V, void @empty_31, i32 0, i32 0, void @empty_30, i32 0, i32 0, void @empty_29, void @empty_29, void @empty_29, i32 0, i32 0, i32 0, i32 0, void @empty_29, void @empty_29, i32 4294967295, i32 0"   --->   Operation 16 'specinterface' 'specinterface_ln0' <Predicate = true> <Delay = 0.00>
ST_1 : Operation 17 [1/1] (0.00ns)   --->   "%specinterface_ln0 = specinterface void @_ssdm_op_SpecInterface, i48 %srcYUV, void @empty_40, i32 0, i32 0, void @empty_29, i32 0, i32 0, void @empty_29, void @empty_29, void @empty_29, i32 0, i32 0, i32 0, i32 0, void @empty_29, void @empty_29, i32 4294967295, i32 0"   --->   Operation 17 'specinterface' 'specinterface_ln0' <Predicate = true> <Delay = 0.00>
ST_1 : Operation 18 [1/1] (0.00ns)   --->   "%colorFormat_load_read = read i8 @_ssdm_op_Read.ap_auto.i8, i8 %colorFormat_load"   --->   Operation 18 'read' 'colorFormat_load_read' <Predicate = true> <Delay = 0.00>
ST_1 : Operation 19 [1/1] (0.00ns)   --->   "%cond_read = read i1 @_ssdm_op_Read.ap_auto.i1, i1 %cond"   --->   Operation 19 'read' 'cond_read' <Predicate = true> <Delay = 0.00>
ST_1 : Operation 20 [1/1] (0.00ns)   --->   "%div_cast_read = read i12 @_ssdm_op_Read.ap_auto.i12, i12 %div_cast"   --->   Operation 20 'read' 'div_cast_read' <Predicate = true> <Delay = 0.00>
ST_1 : Operation 21 [1/1] (0.00ns)   --->   "%axi_data_6_read = read i48 @_ssdm_op_Read.ap_auto.i48, i48 %axi_data_6"   --->   Operation 21 'read' 'axi_data_6_read' <Predicate = true> <Delay = 0.00>
ST_1 : Operation 22 [1/1] (0.00ns)   --->   "%axi_last_2_read = read i1 @_ssdm_op_Read.ap_auto.i1, i1 %axi_last_2"   --->   Operation 22 'read' 'axi_last_2_read' <Predicate = true> <Delay = 0.00>
ST_1 : Operation 23 [1/1] (0.00ns)   --->   "%sof_5_read = read i1 @_ssdm_op_Read.ap_auto.i1, i1 %sof_5"   --->   Operation 23 'read' 'sof_5_read' <Predicate = true> <Delay = 0.00>
ST_1 : Operation 24 [1/1] (0.42ns)   --->   "%store_ln0 = store i1 %axi_last_2_read, i1 %axi_last"   --->   Operation 24 'store' 'store_ln0' <Predicate = true> <Delay = 0.42>
ST_1 : Operation 25 [1/1] (0.42ns)   --->   "%store_ln0 = store i48 %axi_data_6_read, i48 %axi_data"   --->   Operation 25 'store' 'store_ln0' <Predicate = true> <Delay = 0.42>
ST_1 : Operation 26 [1/1] (0.42ns)   --->   "%store_ln0 = store i12 0, i12 %j"   --->   Operation 26 'store' 'store_ln0' <Predicate = true> <Delay = 0.42>
ST_1 : Operation 27 [1/1] (0.42ns)   --->   "%br_ln0 = br void %for.body12"   --->   Operation 27 'br' 'br_ln0' <Predicate = true> <Delay = 0.42>
ST_1 : Operation 28 [1/1] (0.00ns)   --->   "%eol = phi i1 %axi_last_4, void %if.end_ifconv, i1 0, void %newFuncRoot"   --->   Operation 28 'phi' 'eol' <Predicate = true> <Delay = 0.00>
ST_1 : Operation 29 [1/1] (0.00ns)   --->   "%sof = phi i1 0, void %if.end_ifconv, i1 %sof_5_read, void %newFuncRoot"   --->   Operation 29 'phi' 'sof' <Predicate = true> <Delay = 0.00>
ST_1 : Operation 30 [1/1] (0.00ns)   --->   "%j_3 = load i12 %j" [/home/training/AUPBoard/aup_hdmi_pass_thru_2023p1_working/aup_hdmi_pass_thru_2023p1/HDMI_Pass_Thru_ExDes/v_hdmi_rx_ss_0_ex/v_hdmi_rx_ss_0_ex.runs/exdes_v_tpg_0_synth_1/prj/sol/.autopilot/db/v_tpg.cpp:805]   --->   Operation 30 'load' 'j_3' <Predicate = true> <Delay = 0.00>
ST_1 : Operation 31 [1/1] (0.80ns)   --->   "%icmp_ln805 = icmp_eq  i12 %j_3, i12 %div_cast_read" [/home/training/AUPBoard/aup_hdmi_pass_thru_2023p1_working/aup_hdmi_pass_thru_2023p1/HDMI_Pass_Thru_ExDes/v_hdmi_rx_ss_0_ex/v_hdmi_rx_ss_0_ex.runs/exdes_v_tpg_0_synth_1/prj/sol/.autopilot/db/v_tpg.cpp:805]   --->   Operation 31 'icmp' 'icmp_ln805' <Predicate = true> <Delay = 0.80> <CoreInst = "Cmp">   --->   Core 9 'Cmp' <Latency = 0> <II = 1> <Delay = 0.80> <FuncUnit> <Opcode : 'icmp'> <InPorts = 2> <OutPorts = 1>
ST_1 : Operation 32 [1/1] (0.00ns)   --->   "%speclooptripcount_ln0 = speclooptripcount void @_ssdm_op_SpecLoopTripCount, i64 1, i64 2048, i64 0"   --->   Operation 32 'speclooptripcount' 'speclooptripcount_ln0' <Predicate = true> <Delay = 0.00>
ST_1 : Operation 33 [1/1] (0.80ns)   --->   "%j_4 = add i12 %j_3, i12 1" [/home/training/AUPBoard/aup_hdmi_pass_thru_2023p1_working/aup_hdmi_pass_thru_2023p1/HDMI_Pass_Thru_ExDes/v_hdmi_rx_ss_0_ex/v_hdmi_rx_ss_0_ex.runs/exdes_v_tpg_0_synth_1/prj/sol/.autopilot/db/v_tpg.cpp:805]   --->   Operation 33 'add' 'j_4' <Predicate = true> <Delay = 0.80> <CoreInst = "Adder">   --->   Core 1 'Adder' <Latency = 0> <II = 1> <Delay = 0.80> <FuncUnit> <Opcode : 'add' 'sub'> <InPorts = 2> <OutPorts = 1>
ST_1 : Operation 34 [1/1] (0.00ns)   --->   "%br_ln805 = br i1 %icmp_ln805, void %for.body12.split, void %loop_wait_for_eol.loopexit.exitStub" [/home/training/AUPBoard/aup_hdmi_pass_thru_2023p1_working/aup_hdmi_pass_thru_2023p1/HDMI_Pass_Thru_ExDes/v_hdmi_rx_ss_0_ex/v_hdmi_rx_ss_0_ex.runs/exdes_v_tpg_0_synth_1/prj/sol/.autopilot/db/v_tpg.cpp:805]   --->   Operation 34 'br' 'br_ln805' <Predicate = true> <Delay = 0.00>
ST_1 : Operation 35 [1/1] (0.00ns)   --->   "%specpipeline_ln808 = specpipeline void @_ssdm_op_SpecPipeline, i32 1, i32 0, i32 0, i32 0, void @empty_29" [/home/training/AUPBoard/aup_hdmi_pass_thru_2023p1_working/aup_hdmi_pass_thru_2023p1/HDMI_Pass_Thru_ExDes/v_hdmi_rx_ss_0_ex/v_hdmi_rx_ss_0_ex.runs/exdes_v_tpg_0_synth_1/prj/sol/.autopilot/db/v_tpg.cpp:808]   --->   Operation 35 'specpipeline' 'specpipeline_ln808' <Predicate = (!icmp_ln805)> <Delay = 0.00>
ST_1 : Operation 36 [1/1] (0.00ns)   --->   "%specloopname_ln805 = specloopname void @_ssdm_op_SpecLoopName, void @empty_42" [/home/training/AUPBoard/aup_hdmi_pass_thru_2023p1_working/aup_hdmi_pass_thru_2023p1/HDMI_Pass_Thru_ExDes/v_hdmi_rx_ss_0_ex/v_hdmi_rx_ss_0_ex.runs/exdes_v_tpg_0_synth_1/prj/sol/.autopilot/db/v_tpg.cpp:805]   --->   Operation 36 'specloopname' 'specloopname_ln805' <Predicate = (!icmp_ln805)> <Delay = 0.00>
ST_1 : Operation 37 [1/1] (0.28ns)   --->   "%or_ln809 = or i1 %sof, i1 %eol" [/home/training/AUPBoard/aup_hdmi_pass_thru_2023p1_working/aup_hdmi_pass_thru_2023p1/HDMI_Pass_Thru_ExDes/v_hdmi_rx_ss_0_ex/v_hdmi_rx_ss_0_ex.runs/exdes_v_tpg_0_synth_1/prj/sol/.autopilot/db/v_tpg.cpp:809]   --->   Operation 37 'or' 'or_ln809' <Predicate = (!icmp_ln805)> <Delay = 0.28> <CoreInst = "LogicGate">   --->   Core 74 'LogicGate' <Latency = 0> <II = 1> <Delay = 0.28> <FuncUnit> <Opcode : 'and' 'or' 'xor'> <InPorts = 2> <OutPorts = 1>
ST_1 : Operation 38 [1/1] (0.00ns)   --->   "%br_ln809 = br i1 %or_ln809, void %if.else, void %if.end_ifconv" [/home/training/AUPBoard/aup_hdmi_pass_thru_2023p1_working/aup_hdmi_pass_thru_2023p1/HDMI_Pass_Thru_ExDes/v_hdmi_rx_ss_0_ex/v_hdmi_rx_ss_0_ex.runs/exdes_v_tpg_0_synth_1/prj/sol/.autopilot/db/v_tpg.cpp:809]   --->   Operation 38 'br' 'br_ln809' <Predicate = (!icmp_ln805)> <Delay = 0.00>
ST_1 : Operation 39 [1/1] (0.00ns)   --->   "%empty = read i64 @_ssdm_op_Read.axis.volatile.i48P0A.i6P0A.i6P0A.i1P0A.i1P0A.i1P0A.i1P0A, i48 %s_axis_video_V_data_V, i6 %s_axis_video_V_keep_V, i6 %s_axis_video_V_strb_V, i1 %s_axis_video_V_user_V, i1 %s_axis_video_V_last_V, i1 %s_axis_video_V_id_V, i1 %s_axis_video_V_dest_V" [/home/training/AUPBoard/aup_hdmi_pass_thru_2023p1_working/aup_hdmi_pass_thru_2023p1/HDMI_Pass_Thru_ExDes/v_hdmi_rx_ss_0_ex/v_hdmi_rx_ss_0_ex.runs/exdes_v_tpg_0_synth_1/prj/sol/.autopilot/db/v_tpg.cpp:816]   --->   Operation 39 'read' 'empty' <Predicate = (!icmp_ln805 & !or_ln809)> <Delay = 0.00> <CoreInst = "axis">   --->   Core 123 'axis' <Latency = 0> <II = 1> <Delay = 1.00> <Adapter> <Opcode : >
ST_1 : Operation 40 [1/1] (0.00ns)   --->   "%axi_data_4 = extractvalue i64 %empty" [/home/training/AUPBoard/aup_hdmi_pass_thru_2023p1_working/aup_hdmi_pass_thru_2023p1/HDMI_Pass_Thru_ExDes/v_hdmi_rx_ss_0_ex/v_hdmi_rx_ss_0_ex.runs/exdes_v_tpg_0_synth_1/prj/sol/.autopilot/db/v_tpg.cpp:816]   --->   Operation 40 'extractvalue' 'axi_data_4' <Predicate = (!icmp_ln805 & !or_ln809)> <Delay = 0.00>
ST_1 : Operation 41 [1/1] (0.00ns)   --->   "%axi_last_5 = extractvalue i64 %empty" [/home/training/AUPBoard/aup_hdmi_pass_thru_2023p1_working/aup_hdmi_pass_thru_2023p1/HDMI_Pass_Thru_ExDes/v_hdmi_rx_ss_0_ex/v_hdmi_rx_ss_0_ex.runs/exdes_v_tpg_0_synth_1/prj/sol/.autopilot/db/v_tpg.cpp:816]   --->   Operation 41 'extractvalue' 'axi_last_5' <Predicate = (!icmp_ln805 & !or_ln809)> <Delay = 0.00>
ST_1 : Operation 42 [1/1] (0.42ns)   --->   "%store_ln816 = store i1 %axi_last_5, i1 %axi_last" [/home/training/AUPBoard/aup_hdmi_pass_thru_2023p1_working/aup_hdmi_pass_thru_2023p1/HDMI_Pass_Thru_ExDes/v_hdmi_rx_ss_0_ex/v_hdmi_rx_ss_0_ex.runs/exdes_v_tpg_0_synth_1/prj/sol/.autopilot/db/v_tpg.cpp:816]   --->   Operation 42 'store' 'store_ln816' <Predicate = (!icmp_ln805 & !or_ln809)> <Delay = 0.42>
ST_1 : Operation 43 [1/1] (0.42ns)   --->   "%store_ln816 = store i48 %axi_data_4, i48 %axi_data" [/home/training/AUPBoard/aup_hdmi_pass_thru_2023p1_working/aup_hdmi_pass_thru_2023p1/HDMI_Pass_Thru_ExDes/v_hdmi_rx_ss_0_ex/v_hdmi_rx_ss_0_ex.runs/exdes_v_tpg_0_synth_1/prj/sol/.autopilot/db/v_tpg.cpp:816]   --->   Operation 43 'store' 'store_ln816' <Predicate = (!icmp_ln805 & !or_ln809)> <Delay = 0.42>
ST_1 : Operation 44 [1/1] (0.00ns)   --->   "%br_ln0 = br void %if.end_ifconv"   --->   Operation 44 'br' 'br_ln0' <Predicate = (!icmp_ln805 & !or_ln809)> <Delay = 0.00>
ST_1 : Operation 45 [1/1] (0.42ns)   --->   "%store_ln805 = store i12 %j_4, i12 %j" [/home/training/AUPBoard/aup_hdmi_pass_thru_2023p1_working/aup_hdmi_pass_thru_2023p1/HDMI_Pass_Thru_ExDes/v_hdmi_rx_ss_0_ex/v_hdmi_rx_ss_0_ex.runs/exdes_v_tpg_0_synth_1/prj/sol/.autopilot/db/v_tpg.cpp:805]   --->   Operation 45 'store' 'store_ln805' <Predicate = (!icmp_ln805)> <Delay = 0.42>
ST_1 : Operation 46 [1/1] (0.00ns)   --->   "%br_ln805 = br void %for.body12" [/home/training/AUPBoard/aup_hdmi_pass_thru_2023p1_working/aup_hdmi_pass_thru_2023p1/HDMI_Pass_Thru_ExDes/v_hdmi_rx_ss_0_ex/v_hdmi_rx_ss_0_ex.runs/exdes_v_tpg_0_synth_1/prj/sol/.autopilot/db/v_tpg.cpp:805]   --->   Operation 46 'br' 'br_ln805' <Predicate = (!icmp_ln805)> <Delay = 0.00>

State 2 <SV = 1> <Delay = 1.31>
ST_2 : Operation 47 [1/1] (0.00ns)   --->   "%axi_data_7 = load i48 %axi_data" [/home/training/AUPBoard/aup_hdmi_pass_thru_2023p1_working/aup_hdmi_pass_thru_2023p1/HDMI_Pass_Thru_ExDes/v_hdmi_rx_ss_0_ex/v_hdmi_rx_ss_0_ex.gen/sources_1/bd/exdes/ip/exdes_v_tpg_0/src/hls/hls_axi_io.h:49->/home/training/AUPBoard/aup_hdmi_pass_thru_2023p1_working/aup_hdmi_pass_thru_2023p1/HDMI_Pass_Thru_ExDes/v_hdmi_rx_ss_0_ex/v_hdmi_rx_ss_0_ex.gen/sources_1/bd/exdes/ip/exdes_v_tpg_0/src/hls/hls_axi_io.h:71->/home/training/AUPBoard/aup_hdmi_pass_thru_2023p1_working/aup_hdmi_pass_thru_2023p1/HDMI_Pass_Thru_ExDes/v_hdmi_rx_ss_0_ex/v_hdmi_rx_ss_0_ex.runs/exdes_v_tpg_0_synth_1/prj/sol/.autopilot/db/v_tpg.cpp:833]   --->   Operation 47 'load' 'axi_data_7' <Predicate = (!icmp_ln805)> <Delay = 0.00>
ST_2 : Operation 48 [1/1] (0.00ns)   --->   "%axi_last_4 = load i1 %axi_last"   --->   Operation 48 'load' 'axi_last_4' <Predicate = (!icmp_ln805)> <Delay = 0.00>
ST_2 : Operation 49 [1/1] (0.00ns)   --->   "%tmp_17 = partselect i8 @_ssdm_op_PartSelect.i8.i48.i32.i32, i48 %axi_data_7, i32 16, i32 23" [/home/training/AUPBoard/aup_hdmi_pass_thru_2023p1_working/aup_hdmi_pass_thru_2023p1/HDMI_Pass_Thru_ExDes/v_hdmi_rx_ss_0_ex/v_hdmi_rx_ss_0_ex.gen/sources_1/bd/exdes/ip/exdes_v_tpg_0/src/hls/hls_axi_io.h:49->/home/training/AUPBoard/aup_hdmi_pass_thru_2023p1_working/aup_hdmi_pass_thru_2023p1/HDMI_Pass_Thru_ExDes/v_hdmi_rx_ss_0_ex/v_hdmi_rx_ss_0_ex.gen/sources_1/bd/exdes/ip/exdes_v_tpg_0/src/hls/hls_axi_io.h:71->/home/training/AUPBoard/aup_hdmi_pass_thru_2023p1_working/aup_hdmi_pass_thru_2023p1/HDMI_Pass_Thru_ExDes/v_hdmi_rx_ss_0_ex/v_hdmi_rx_ss_0_ex.runs/exdes_v_tpg_0_synth_1/prj/sol/.autopilot/db/v_tpg.cpp:832]   --->   Operation 49 'partselect' 'tmp_17' <Predicate = (!icmp_ln805)> <Delay = 0.00>
ST_2 : Operation 50 [1/1] (0.00ns)   --->   "%trunc_ln49 = trunc i48 %axi_data_7" [/home/training/AUPBoard/aup_hdmi_pass_thru_2023p1_working/aup_hdmi_pass_thru_2023p1/HDMI_Pass_Thru_ExDes/v_hdmi_rx_ss_0_ex/v_hdmi_rx_ss_0_ex.gen/sources_1/bd/exdes/ip/exdes_v_tpg_0/src/hls/hls_axi_io.h:49->/home/training/AUPBoard/aup_hdmi_pass_thru_2023p1_working/aup_hdmi_pass_thru_2023p1/HDMI_Pass_Thru_ExDes/v_hdmi_rx_ss_0_ex/v_hdmi_rx_ss_0_ex.gen/sources_1/bd/exdes/ip/exdes_v_tpg_0/src/hls/hls_axi_io.h:71->/home/training/AUPBoard/aup_hdmi_pass_thru_2023p1_working/aup_hdmi_pass_thru_2023p1/HDMI_Pass_Thru_ExDes/v_hdmi_rx_ss_0_ex/v_hdmi_rx_ss_0_ex.runs/exdes_v_tpg_0_synth_1/prj/sol/.autopilot/db/v_tpg.cpp:833]   --->   Operation 50 'trunc' 'trunc_ln49' <Predicate = (!icmp_ln805)> <Delay = 0.00>
ST_2 : Operation 51 [1/1] (0.38ns)   --->   "%select_ln835 = select i1 %cond_read, i8 %tmp_17, i8 %trunc_ln49" [/home/training/AUPBoard/aup_hdmi_pass_thru_2023p1_working/aup_hdmi_pass_thru_2023p1/HDMI_Pass_Thru_ExDes/v_hdmi_rx_ss_0_ex/v_hdmi_rx_ss_0_ex.runs/exdes_v_tpg_0_synth_1/prj/sol/.autopilot/db/v_tpg.cpp:835]   --->   Operation 51 'select' 'select_ln835' <Predicate = (!icmp_ln805)> <Delay = 0.38> <CoreInst = "Sel">   --->   Core 73 'Sel' <Latency = 0> <II = 1> <Delay = 0.38> <FuncUnit> <Opcode : 'select'> <InPorts = 3> <OutPorts = 1>
ST_2 : Operation 52 [1/1] (0.00ns)   --->   "%tmp_18 = partselect i8 @_ssdm_op_PartSelect.i8.i48.i32.i32, i48 %axi_data_7, i32 8, i32 15" [/home/training/AUPBoard/aup_hdmi_pass_thru_2023p1_working/aup_hdmi_pass_thru_2023p1/HDMI_Pass_Thru_ExDes/v_hdmi_rx_ss_0_ex/v_hdmi_rx_ss_0_ex.gen/sources_1/bd/exdes/ip/exdes_v_tpg_0/src/hls/hls_axi_io.h:49->/home/training/AUPBoard/aup_hdmi_pass_thru_2023p1_working/aup_hdmi_pass_thru_2023p1/HDMI_Pass_Thru_ExDes/v_hdmi_rx_ss_0_ex/v_hdmi_rx_ss_0_ex.gen/sources_1/bd/exdes/ip/exdes_v_tpg_0/src/hls/hls_axi_io.h:71->/home/training/AUPBoard/aup_hdmi_pass_thru_2023p1_working/aup_hdmi_pass_thru_2023p1/HDMI_Pass_Thru_ExDes/v_hdmi_rx_ss_0_ex/v_hdmi_rx_ss_0_ex.runs/exdes_v_tpg_0_synth_1/prj/sol/.autopilot/db/v_tpg.cpp:833]   --->   Operation 52 'partselect' 'tmp_18' <Predicate = (!icmp_ln805)> <Delay = 0.00>
ST_2 : Operation 53 [1/1] (0.38ns)   --->   "%select_ln835_1 = select i1 %cond_read, i8 %trunc_ln49, i8 %tmp_18" [/home/training/AUPBoard/aup_hdmi_pass_thru_2023p1_working/aup_hdmi_pass_thru_2023p1/HDMI_Pass_Thru_ExDes/v_hdmi_rx_ss_0_ex/v_hdmi_rx_ss_0_ex.runs/exdes_v_tpg_0_synth_1/prj/sol/.autopilot/db/v_tpg.cpp:835]   --->   Operation 53 'select' 'select_ln835_1' <Predicate = (!icmp_ln805)> <Delay = 0.38> <CoreInst = "Sel">   --->   Core 73 'Sel' <Latency = 0> <II = 1> <Delay = 0.38> <FuncUnit> <Opcode : 'select'> <InPorts = 3> <OutPorts = 1>
ST_2 : Operation 54 [1/1] (0.38ns)   --->   "%select_ln835_2 = select i1 %cond_read, i8 %tmp_18, i8 %tmp_17" [/home/training/AUPBoard/aup_hdmi_pass_thru_2023p1_working/aup_hdmi_pass_thru_2023p1/HDMI_Pass_Thru_ExDes/v_hdmi_rx_ss_0_ex/v_hdmi_rx_ss_0_ex.runs/exdes_v_tpg_0_synth_1/prj/sol/.autopilot/db/v_tpg.cpp:835]   --->   Operation 54 'select' 'select_ln835_2' <Predicate = (!icmp_ln805)> <Delay = 0.38> <CoreInst = "Sel">   --->   Core 73 'Sel' <Latency = 0> <II = 1> <Delay = 0.38> <FuncUnit> <Opcode : 'select'> <InPorts = 3> <OutPorts = 1>
ST_2 : Operation 55 [1/1] (0.00ns)   --->   "%tmp_19 = partselect i8 @_ssdm_op_PartSelect.i8.i48.i32.i32, i48 %axi_data_7, i32 40, i32 47" [/home/training/AUPBoard/aup_hdmi_pass_thru_2023p1_working/aup_hdmi_pass_thru_2023p1/HDMI_Pass_Thru_ExDes/v_hdmi_rx_ss_0_ex/v_hdmi_rx_ss_0_ex.gen/sources_1/bd/exdes/ip/exdes_v_tpg_0/src/hls/hls_axi_io.h:49->/home/training/AUPBoard/aup_hdmi_pass_thru_2023p1_working/aup_hdmi_pass_thru_2023p1/HDMI_Pass_Thru_ExDes/v_hdmi_rx_ss_0_ex/v_hdmi_rx_ss_0_ex.gen/sources_1/bd/exdes/ip/exdes_v_tpg_0/src/hls/hls_axi_io.h:71->/home/training/AUPBoard/aup_hdmi_pass_thru_2023p1_working/aup_hdmi_pass_thru_2023p1/HDMI_Pass_Thru_ExDes/v_hdmi_rx_ss_0_ex/v_hdmi_rx_ss_0_ex.runs/exdes_v_tpg_0_synth_1/prj/sol/.autopilot/db/v_tpg.cpp:832]   --->   Operation 55 'partselect' 'tmp_19' <Predicate = (!icmp_ln805)> <Delay = 0.00>
ST_2 : Operation 56 [1/1] (0.00ns)   --->   "%tmp_20 = partselect i8 @_ssdm_op_PartSelect.i8.i48.i32.i32, i48 %axi_data_7, i32 24, i32 31" [/home/training/AUPBoard/aup_hdmi_pass_thru_2023p1_working/aup_hdmi_pass_thru_2023p1/HDMI_Pass_Thru_ExDes/v_hdmi_rx_ss_0_ex/v_hdmi_rx_ss_0_ex.gen/sources_1/bd/exdes/ip/exdes_v_tpg_0/src/hls/hls_axi_io.h:49->/home/training/AUPBoard/aup_hdmi_pass_thru_2023p1_working/aup_hdmi_pass_thru_2023p1/HDMI_Pass_Thru_ExDes/v_hdmi_rx_ss_0_ex/v_hdmi_rx_ss_0_ex.gen/sources_1/bd/exdes/ip/exdes_v_tpg_0/src/hls/hls_axi_io.h:71->/home/training/AUPBoard/aup_hdmi_pass_thru_2023p1_working/aup_hdmi_pass_thru_2023p1/HDMI_Pass_Thru_ExDes/v_hdmi_rx_ss_0_ex/v_hdmi_rx_ss_0_ex.runs/exdes_v_tpg_0_synth_1/prj/sol/.autopilot/db/v_tpg.cpp:833]   --->   Operation 56 'partselect' 'tmp_20' <Predicate = (!icmp_ln805)> <Delay = 0.00>
ST_2 : Operation 57 [1/1] (1.31ns)   --->   "%tmp_s = mux i8 @_ssdm_op_Mux.ap_auto.256i8.i8, i8 %tmp_19, i8 %tmp_20, i8 %tmp_17, i8 %tmp_17, i8 %tmp_17, i8 %tmp_17, i8 %tmp_17, i8 %tmp_17, i8 %tmp_17, i8 %tmp_17, i8 %tmp_17, i8 %tmp_17, i8 %tmp_17, i8 %tmp_17, i8 %tmp_17, i8 %tmp_17, i8 %tmp_17, i8 %tmp_17, i8 %tmp_17, i8 %tmp_17, i8 %tmp_17, i8 %tmp_17, i8 %tmp_17, i8 %tmp_17, i8 %tmp_17, i8 %tmp_17, i8 %tmp_17, i8 %tmp_17, i8 %tmp_17, i8 %tmp_17, i8 %tmp_17, i8 %tmp_17, i8 %tmp_17, i8 %tmp_17, i8 %tmp_17, i8 %tmp_17, i8 %tmp_17, i8 %tmp_17, i8 %tmp_17, i8 %tmp_17, i8 %tmp_17, i8 %tmp_17, i8 %tmp_17, i8 %tmp_17, i8 %tmp_17, i8 %tmp_17, i8 %tmp_17, i8 %tmp_17, i8 %tmp_17, i8 %tmp_17, i8 %tmp_17, i8 %tmp_17, i8 %tmp_17, i8 %tmp_17, i8 %tmp_17, i8 %tmp_17, i8 %tmp_17, i8 %tmp_17, i8 %tmp_17, i8 %tmp_17, i8 %tmp_17, i8 %tmp_17, i8 %tmp_17, i8 %tmp_17, i8 %tmp_17, i8 %tmp_17, i8 %tmp_17, i8 %tmp_17, i8 %tmp_17, i8 %tmp_17, i8 %tmp_17, i8 %tmp_17, i8 %tmp_17, i8 %tmp_17, i8 %tmp_17, i8 %tmp_17, i8 %tmp_17, i8 %tmp_17, i8 %tmp_17, i8 %tmp_17, i8 %tmp_17, i8 %tmp_17, i8 %tmp_17, i8 %tmp_17, i8 %tmp_17, i8 %tmp_17, i8 %tmp_17, i8 %tmp_17, i8 %tmp_17, i8 %tmp_17, i8 %tmp_17, i8 %tmp_17, i8 %tmp_17, i8 %tmp_17, i8 %tmp_17, i8 %tmp_17, i8 %tmp_17, i8 %tmp_17, i8 %tmp_17, i8 %tmp_17, i8 %tmp_17, i8 %tmp_17, i8 %tmp_17, i8 %tmp_17, i8 %tmp_17, i8 %tmp_17, i8 %tmp_17, i8 %tmp_17, i8 %tmp_17, i8 %tmp_17, i8 %tmp_17, i8 %tmp_17, i8 %tmp_17, i8 %tmp_17, i8 %tmp_17, i8 %tmp_17, i8 %tmp_17, i8 %tmp_17, i8 %tmp_17, i8 %tmp_17, i8 %tmp_17, i8 %tmp_17, i8 %tmp_17, i8 %tmp_17, i8 %tmp_17, i8 %tmp_17, i8 %tmp_17, i8 %tmp_17, i8 %tmp_17, i8 %tmp_17, i8 %tmp_17, i8 %tmp_17, i8 %tmp_17, i8 %tmp_17, i8 %tmp_17, i8 %tmp_17, i8 %tmp_17, i8 %tmp_17, i8 %tmp_17, i8 %tmp_17, i8 %tmp_17, i8 %tmp_17, i8 %tmp_17, i8 %tmp_17, i8 %tmp_17, i8 %tmp_17, i8 %tmp_17, i8 %tmp_17, i8 %tmp_17, i8 %tmp_17, i8 %tmp_17, i8 %tmp_17, i8 %tmp_17, i8 %tmp_17, i8 %tmp_17, i8 %tmp_17, i8 %tmp_17, i8 %tmp_17, i8 %tmp_17, i8 %tmp_17, i8 %tmp_17, i8 %tmp_17, i8 %tmp_17, i8 %tmp_17, i8 %tmp_17, i8 %tmp_17, i8 %tmp_17, i8 %tmp_17, i8 %tmp_17, i8 %tmp_17, i8 %tmp_17, i8 %tmp_17, i8 %tmp_17, i8 %tmp_17, i8 %tmp_17, i8 %tmp_17, i8 %tmp_17, i8 %tmp_17, i8 %tmp_17, i8 %tmp_17, i8 %tmp_17, i8 %tmp_17, i8 %tmp_17, i8 %tmp_17, i8 %tmp_17, i8 %tmp_17, i8 %tmp_17, i8 %tmp_17, i8 %tmp_17, i8 %tmp_17, i8 %tmp_17, i8 %tmp_17, i8 %tmp_17, i8 %tmp_17, i8 %tmp_17, i8 %tmp_17, i8 %tmp_17, i8 %tmp_17, i8 %tmp_17, i8 %tmp_17, i8 %tmp_17, i8 %tmp_17, i8 %tmp_17, i8 %tmp_17, i8 %tmp_17, i8 %tmp_17, i8 %tmp_17, i8 %tmp_17, i8 %tmp_17, i8 %tmp_17, i8 %tmp_17, i8 %tmp_17, i8 %tmp_17, i8 %tmp_17, i8 %tmp_17, i8 %tmp_17, i8 %tmp_17, i8 %tmp_17, i8 %tmp_17, i8 %tmp_17, i8 %tmp_17, i8 %tmp_17, i8 %tmp_17, i8 %tmp_17, i8 %tmp_17, i8 %tmp_17, i8 %tmp_17, i8 %tmp_17, i8 %tmp_17, i8 %tmp_17, i8 %tmp_17, i8 %tmp_17, i8 %tmp_17, i8 %tmp_17, i8 %tmp_17, i8 %tmp_17, i8 %tmp_17, i8 %tmp_17, i8 %tmp_17, i8 %tmp_17, i8 %tmp_17, i8 %tmp_17, i8 %tmp_17, i8 %tmp_17, i8 %tmp_17, i8 %tmp_17, i8 %tmp_17, i8 %tmp_17, i8 %tmp_17, i8 %tmp_17, i8 %tmp_17, i8 %tmp_17, i8 %tmp_17, i8 %tmp_17, i8 %tmp_17, i8 %tmp_17, i8 %colorFormat_load_read" [/home/training/AUPBoard/aup_hdmi_pass_thru_2023p1_working/aup_hdmi_pass_thru_2023p1/HDMI_Pass_Thru_ExDes/v_hdmi_rx_ss_0_ex/v_hdmi_rx_ss_0_ex.gen/sources_1/bd/exdes/ip/exdes_v_tpg_0/src/hls/hls_axi_io.h:49->/home/training/AUPBoard/aup_hdmi_pass_thru_2023p1_working/aup_hdmi_pass_thru_2023p1/HDMI_Pass_Thru_ExDes/v_hdmi_rx_ss_0_ex/v_hdmi_rx_ss_0_ex.gen/sources_1/bd/exdes/ip/exdes_v_tpg_0/src/hls/hls_axi_io.h:71->/home/training/AUPBoard/aup_hdmi_pass_thru_2023p1_working/aup_hdmi_pass_thru_2023p1/HDMI_Pass_Thru_ExDes/v_hdmi_rx_ss_0_ex/v_hdmi_rx_ss_0_ex.runs/exdes_v_tpg_0_synth_1/prj/sol/.autopilot/db/v_tpg.cpp:832]   --->   Operation 57 'mux' 'tmp_s' <Predicate = (!icmp_ln805)> <Delay = 1.31> <CoreInst = "Multiplexer">   --->   Core 76 'Multiplexer' <Latency = 0> <II = 1> <Delay = 1.31> <FuncUnit> <Opcode : 'mux'> <InPorts = 2> <OutPorts = 1>
ST_2 : Operation 58 [1/1] (0.00ns)   --->   "%tmp_21 = partselect i8 @_ssdm_op_PartSelect.i8.i48.i32.i32, i48 %axi_data_7, i32 32, i32 39" [/home/training/AUPBoard/aup_hdmi_pass_thru_2023p1_working/aup_hdmi_pass_thru_2023p1/HDMI_Pass_Thru_ExDes/v_hdmi_rx_ss_0_ex/v_hdmi_rx_ss_0_ex.gen/sources_1/bd/exdes/ip/exdes_v_tpg_0/src/hls/hls_axi_io.h:49->/home/training/AUPBoard/aup_hdmi_pass_thru_2023p1_working/aup_hdmi_pass_thru_2023p1/HDMI_Pass_Thru_ExDes/v_hdmi_rx_ss_0_ex/v_hdmi_rx_ss_0_ex.gen/sources_1/bd/exdes/ip/exdes_v_tpg_0/src/hls/hls_axi_io.h:71->/home/training/AUPBoard/aup_hdmi_pass_thru_2023p1_working/aup_hdmi_pass_thru_2023p1/HDMI_Pass_Thru_ExDes/v_hdmi_rx_ss_0_ex/v_hdmi_rx_ss_0_ex.runs/exdes_v_tpg_0_synth_1/prj/sol/.autopilot/db/v_tpg.cpp:833]   --->   Operation 58 'partselect' 'tmp_21' <Predicate = (!icmp_ln805)> <Delay = 0.00>
ST_2 : Operation 59 [1/1] (0.76ns)   --->   "%icmp_ln835 = icmp_eq  i8 %colorFormat_load_read, i8 1" [/home/training/AUPBoard/aup_hdmi_pass_thru_2023p1_working/aup_hdmi_pass_thru_2023p1/HDMI_Pass_Thru_ExDes/v_hdmi_rx_ss_0_ex/v_hdmi_rx_ss_0_ex.runs/exdes_v_tpg_0_synth_1/prj/sol/.autopilot/db/v_tpg.cpp:835]   --->   Operation 59 'icmp' 'icmp_ln835' <Predicate = (!icmp_ln805)> <Delay = 0.76> <CoreInst = "Cmp">   --->   Core 9 'Cmp' <Latency = 0> <II = 1> <Delay = 0.76> <FuncUnit> <Opcode : 'icmp'> <InPorts = 2> <OutPorts = 1>
ST_2 : Operation 60 [1/1] (0.38ns)   --->   "%select_ln835_3 = select i1 %icmp_ln835, i8 %tmp_21, i8 %tmp_20" [/home/training/AUPBoard/aup_hdmi_pass_thru_2023p1_working/aup_hdmi_pass_thru_2023p1/HDMI_Pass_Thru_ExDes/v_hdmi_rx_ss_0_ex/v_hdmi_rx_ss_0_ex.runs/exdes_v_tpg_0_synth_1/prj/sol/.autopilot/db/v_tpg.cpp:835]   --->   Operation 60 'select' 'select_ln835_3' <Predicate = (!icmp_ln805)> <Delay = 0.38> <CoreInst = "Sel">   --->   Core 73 'Sel' <Latency = 0> <II = 1> <Delay = 0.38> <FuncUnit> <Opcode : 'select'> <InPorts = 3> <OutPorts = 1>
ST_2 : Operation 61 [1/1] (0.38ns)   --->   "%select_ln835_4 = select i1 %icmp_ln835, i8 %tmp_19, i8 %tmp_21" [/home/training/AUPBoard/aup_hdmi_pass_thru_2023p1_working/aup_hdmi_pass_thru_2023p1/HDMI_Pass_Thru_ExDes/v_hdmi_rx_ss_0_ex/v_hdmi_rx_ss_0_ex.runs/exdes_v_tpg_0_synth_1/prj/sol/.autopilot/db/v_tpg.cpp:835]   --->   Operation 61 'select' 'select_ln835_4' <Predicate = (!icmp_ln805)> <Delay = 0.38> <CoreInst = "Sel">   --->   Core 73 'Sel' <Latency = 0> <II = 1> <Delay = 0.38> <FuncUnit> <Opcode : 'select'> <InPorts = 3> <OutPorts = 1>
ST_2 : Operation 64 [1/1] (0.00ns)   --->   "%axi_data_load = load i48 %axi_data"   --->   Operation 64 'load' 'axi_data_load' <Predicate = (icmp_ln805)> <Delay = 0.00>
ST_2 : Operation 65 [1/1] (0.00ns)   --->   "%write_ln0 = write void @_ssdm_op_Write.ap_auto.i1P0A, i1 %eol_out, i1 %eol"   --->   Operation 65 'write' 'write_ln0' <Predicate = (icmp_ln805)> <Delay = 0.00>
ST_2 : Operation 66 [1/1] (0.00ns)   --->   "%write_ln0 = write void @_ssdm_op_Write.ap_auto.i48P0A, i48 %axi_data_7_out, i48 %axi_data_load"   --->   Operation 66 'write' 'write_ln0' <Predicate = (icmp_ln805)> <Delay = 0.00>
ST_2 : Operation 67 [1/1] (0.00ns)   --->   "%ret_ln0 = ret"   --->   Operation 67 'ret' 'ret_ln0' <Predicate = (icmp_ln805)> <Delay = 0.00>

State 3 <SV = 2> <Delay = 1.21>
ST_3 : Operation 62 [1/1] (0.00ns)   --->   "%p_0 = bitconcatenate i48 @_ssdm_op_BitConcatenate.i48.i8.i8.i8.i8.i8.i8, i8 %select_ln835_4, i8 %select_ln835_3, i8 %tmp_s, i8 %select_ln835_2, i8 %select_ln835_1, i8 %select_ln835" [/home/training/AUPBoard/aup_hdmi_pass_thru_2023p1_working/aup_hdmi_pass_thru_2023p1/HDMI_Pass_Thru_ExDes/v_hdmi_rx_ss_0_ex/v_hdmi_rx_ss_0_ex.runs/exdes_v_tpg_0_synth_1/prj/sol/.autopilot/db/v_tpg.cpp:849]   --->   Operation 62 'bitconcatenate' 'p_0' <Predicate = (!icmp_ln805)> <Delay = 0.00>
ST_3 : Operation 63 [1/1] (1.21ns)   --->   "%write_ln849 = write void @_ssdm_op_Write.ap_fifo.volatile.i48P0A, i48 %srcYUV, i48 %p_0" [/home/training/AUPBoard/aup_hdmi_pass_thru_2023p1_working/aup_hdmi_pass_thru_2023p1/HDMI_Pass_Thru_ExDes/v_hdmi_rx_ss_0_ex/v_hdmi_rx_ss_0_ex.runs/exdes_v_tpg_0_synth_1/prj/sol/.autopilot/db/v_tpg.cpp:849]   --->   Operation 63 'write' 'write_ln849' <Predicate = (!icmp_ln805)> <Delay = 1.21> <CoreInst = "FIFO_SRL">   --->   Core 81 'FIFO_SRL' <Latency = 0> <II = 1> <Delay = 2.04> <Storage> <Opcode : 'read' 'write' 'nbread' 'nbwrite'> <Ports = 0> <Width = 48> <Depth = 16> <FIFO>


============================================================
+ Verbose Summary: Timing violations
============================================================
Target clock period: 3.333ns, clock uncertainty: 0.900ns.

 <State 1>: 1.236ns
The critical path consists of the following:
	'alloca' operation ('j') [17]  (0.000 ns)
	'load' operation ('j', /home/training/AUPBoard/aup_hdmi_pass_thru_2023p1_working/aup_hdmi_pass_thru_2023p1/HDMI_Pass_Thru_ExDes/v_hdmi_rx_ss_0_ex/v_hdmi_rx_ss_0_ex.runs/exdes_v_tpg_0_synth_1/prj/sol/.autopilot/db/v_tpg.cpp:805) on local variable 'j' [42]  (0.000 ns)
	'add' operation ('j', /home/training/AUPBoard/aup_hdmi_pass_thru_2023p1_working/aup_hdmi_pass_thru_2023p1/HDMI_Pass_Thru_ExDes/v_hdmi_rx_ss_0_ex/v_hdmi_rx_ss_0_ex.runs/exdes_v_tpg_0_synth_1/prj/sol/.autopilot/db/v_tpg.cpp:805) [45]  (0.809 ns)
	'store' operation ('store_ln805', /home/training/AUPBoard/aup_hdmi_pass_thru_2023p1_working/aup_hdmi_pass_thru_2023p1/HDMI_Pass_Thru_ExDes/v_hdmi_rx_ss_0_ex/v_hdmi_rx_ss_0_ex.runs/exdes_v_tpg_0_synth_1/prj/sol/.autopilot/db/v_tpg.cpp:805) of variable 'j', /home/training/AUPBoard/aup_hdmi_pass_thru_2023p1_working/aup_hdmi_pass_thru_2023p1/HDMI_Pass_Thru_ExDes/v_hdmi_rx_ss_0_ex/v_hdmi_rx_ss_0_ex.runs/exdes_v_tpg_0_synth_1/prj/sol/.autopilot/db/v_tpg.cpp:805 on local variable 'j' [77]  (0.427 ns)

 <State 2>: 1.318ns
The critical path consists of the following:
	'load' operation ('axi.data', /home/training/AUPBoard/aup_hdmi_pass_thru_2023p1_working/aup_hdmi_pass_thru_2023p1/HDMI_Pass_Thru_ExDes/v_hdmi_rx_ss_0_ex/v_hdmi_rx_ss_0_ex.gen/sources_1/bd/exdes/ip/exdes_v_tpg_0/src/hls/hls_axi_io.h:49->/home/training/AUPBoard/aup_hdmi_pass_thru_2023p1_working/aup_hdmi_pass_thru_2023p1/HDMI_Pass_Thru_ExDes/v_hdmi_rx_ss_0_ex/v_hdmi_rx_ss_0_ex.gen/sources_1/bd/exdes/ip/exdes_v_tpg_0/src/hls/hls_axi_io.h:71->/home/training/AUPBoard/aup_hdmi_pass_thru_2023p1_working/aup_hdmi_pass_thru_2023p1/HDMI_Pass_Thru_ExDes/v_hdmi_rx_ss_0_ex/v_hdmi_rx_ss_0_ex.runs/exdes_v_tpg_0_synth_1/prj/sol/.autopilot/db/v_tpg.cpp:833) on local variable 'axi.data' [60]  (0.000 ns)
	'mux' operation ('tmp_s', /home/training/AUPBoard/aup_hdmi_pass_thru_2023p1_working/aup_hdmi_pass_thru_2023p1/HDMI_Pass_Thru_ExDes/v_hdmi_rx_ss_0_ex/v_hdmi_rx_ss_0_ex.gen/sources_1/bd/exdes/ip/exdes_v_tpg_0/src/hls/hls_axi_io.h:49->/home/training/AUPBoard/aup_hdmi_pass_thru_2023p1_working/aup_hdmi_pass_thru_2023p1/HDMI_Pass_Thru_ExDes/v_hdmi_rx_ss_0_ex/v_hdmi_rx_ss_0_ex.gen/sources_1/bd/exdes/ip/exdes_v_tpg_0/src/hls/hls_axi_io.h:71->/home/training/AUPBoard/aup_hdmi_pass_thru_2023p1_working/aup_hdmi_pass_thru_2023p1/HDMI_Pass_Thru_ExDes/v_hdmi_rx_ss_0_ex/v_hdmi_rx_ss_0_ex.runs/exdes_v_tpg_0_synth_1/prj/sol/.autopilot/db/v_tpg.cpp:832) [70]  (1.318 ns)

 <State 3>: 1.217ns
The critical path consists of the following:
	fifo write operation ('write_ln849', /home/training/AUPBoard/aup_hdmi_pass_thru_2023p1_working/aup_hdmi_pass_thru_2023p1/HDMI_Pass_Thru_ExDes/v_hdmi_rx_ss_0_ex/v_hdmi_rx_ss_0_ex.runs/exdes_v_tpg_0_synth_1/prj/sol/.autopilot/db/v_tpg.cpp:849) on port 'srcYUV' (/home/training/AUPBoard/aup_hdmi_pass_thru_2023p1_working/aup_hdmi_pass_thru_2023p1/HDMI_Pass_Thru_ExDes/v_hdmi_rx_ss_0_ex/v_hdmi_rx_ss_0_ex.runs/exdes_v_tpg_0_synth_1/prj/sol/.autopilot/db/v_tpg.cpp:849) [76]  (1.217 ns)


============================================================
+ Verbose Summary: Binding
============================================================
N/A
* FSMD analyzer results:
  - Output states:
 - Input state : 
  - Chain level:
	State 1
	State 2
	State 3


============================================================
+ Verbose Summary: Datapath Resource usage 
============================================================
N/A
