

================================================================
== Vitis HLS Report for 'MultiPixStream2AXIvideo_Pipeline_VITIS_LOOP_936_2'
================================================================
* Date:           Thu Jan  9 09:27:54 2025

* Version:        2023.1 (Build 3854077 on May  4 2023)
* Project:        prj
* Solution:       sol (Vivado IP Flow Target)
* Product family: artixuplus
* Target device:  xcau15p-ffvb676-2-e


================================================================
== Performance Estimates
================================================================
+ Timing: 
    * Summary: 
    +--------+---------+----------+------------+
    |  Clock |  Target | Estimated| Uncertainty|
    +--------+---------+----------+------------+
    |ap_clk  |  3.33 ns|  1.604 ns|     0.90 ns|
    +--------+---------+----------+------------+

+ Latency: 
    * Summary: 
    +---------+---------+-----------+----------+-----+------+---------+
    |  Latency (cycles) |  Latency (absolute)  |  Interval  | Pipeline|
    |   min   |   max   |    min    |    max   | min |  max |   Type  |
    +---------+---------+-----------+----------+-----+------+---------+
    |        4|     2051|  13.332 ns|  6.836 us|    4|  2051|       no|
    +---------+---------+-----------+----------+-----+------+---------+

    + Detail: 
        * Instance: 
        N/A

        * Loop: 
        +--------------------+---------+---------+----------+-----------+-----------+----------+----------+
        |                    |  Latency (cycles) | Iteration|  Initiation Interval  |   Trip   |          |
        |      Loop Name     |   min   |   max   |  Latency |  achieved |   target  |   Count  | Pipelined|
        +--------------------+---------+---------+----------+-----------+-----------+----------+----------+
        |- VITIS_LOOP_936_2  |        1|     2048|         2|          1|          1|  1 ~ 2048|       yes|
        +--------------------+---------+---------+----------+-----------+-----------+----------+----------+

============================================================
+ Verbose Summary: Synthesis Manager
============================================================
InlineROM: 1
ExposeGlobal: 0
============================================================
+ Verbose Summary: CDFG Model
============================================================
IsTopModel: 0
ResetActiveHigh: 1
IsCombinational: 0
IsDatapathOnly: 0
HasWiredReturn: 1
HasMFsm: 2
HasVarLatency: 1
IsPipeline: 0
IsRtlPipelined: 0
IsInstanceOverlapped: 0
IsDontTouch: 0
HasImplIP: 0
IsGatedGlobalClock: 0

+ Individual pipeline summary: 
  * Pipeline-0: initiation interval (II) = 1, depth = 2


============================================================
+ Verbose Summary: Schedule
============================================================
* Number of FSM states : 5
* Pipeline : 1
  Pipeline-0 : II = 1, D = 2, States = { 2 3 }
* Dataflow Pipeline: 0

* FSM state transitions: 
1 --> 2 
2 --> 4 3 
3 --> 2 
4 --> 5 
5 --> 

* FSM state operations: 

State 1 <SV = 0> <Delay = 0.42>
ST_1 : Operation 6 [1/1] (0.00ns)   --->   "%j = alloca i32 1"   --->   Operation 6 'alloca' 'j' <Predicate = true> <Delay = 0.00>
ST_1 : Operation 7 [1/1] (0.00ns)   --->   "%sub_cast_read = read i12 @_ssdm_op_Read.ap_auto.i12, i12 %sub_cast"   --->   Operation 7 'read' 'sub_cast_read' <Predicate = true> <Delay = 0.00>
ST_1 : Operation 8 [1/1] (0.00ns)   --->   "%colorFormat_load_read = read i8 @_ssdm_op_Read.ap_auto.i8, i8 %colorFormat_load"   --->   Operation 8 'read' 'colorFormat_load_read' <Predicate = true> <Delay = 0.00>
ST_1 : Operation 9 [1/1] (0.00ns)   --->   "%div228_cast_read = read i12 @_ssdm_op_Read.ap_auto.i12, i12 %div228_cast"   --->   Operation 9 'read' 'div228_cast_read' <Predicate = true> <Delay = 0.00>
ST_1 : Operation 10 [1/1] (0.00ns)   --->   "%sof_read = read i1 @_ssdm_op_Read.ap_auto.i1, i1 %sof"   --->   Operation 10 'read' 'sof_read' <Predicate = true> <Delay = 0.00>
ST_1 : Operation 11 [1/1] (0.00ns)   --->   "%sub_cast_cast = sext i12 %sub_cast_read"   --->   Operation 11 'sext' 'sub_cast_cast' <Predicate = true> <Delay = 0.00>
ST_1 : Operation 12 [1/1] (0.00ns)   --->   "%specaxissidechannel_ln0 = specaxissidechannel void @_ssdm_op_SpecAXISSideChannel, i48 %m_axis_video_V_data_V, i6 %m_axis_video_V_keep_V, i6 %m_axis_video_V_strb_V, i1 %m_axis_video_V_user_V, i1 %m_axis_video_V_last_V, i1 %m_axis_video_V_id_V, i1 %m_axis_video_V_dest_V, void @empty_5"   --->   Operation 12 'specaxissidechannel' 'specaxissidechannel_ln0' <Predicate = true> <Delay = 0.00>
ST_1 : Operation 13 [1/1] (0.00ns)   --->   "%specinterface_ln0 = specinterface void @_ssdm_op_SpecInterface, i1 %m_axis_video_V_dest_V, i1 %m_axis_video_V_id_V, i1 %m_axis_video_V_last_V, i1 %m_axis_video_V_user_V, i6 %m_axis_video_V_strb_V, i6 %m_axis_video_V_keep_V, i48 %m_axis_video_V_data_V, void @empty_31, i32 0, i32 0, void @empty_30, i32 0, i32 0, void @empty_29, void @empty_29, void @empty_29, i32 0, i32 0, i32 0, i32 0, void @empty_29, void @empty_29, i32 4294967295, i32 0"   --->   Operation 13 'specinterface' 'specinterface_ln0' <Predicate = true> <Delay = 0.00>
ST_1 : Operation 14 [1/1] (0.00ns)   --->   "%specinterface_ln0 = specinterface void @_ssdm_op_SpecInterface, i48 %ovrlayYUV, void @empty_40, i32 0, i32 0, void @empty_29, i32 0, i32 0, void @empty_29, void @empty_29, void @empty_29, i32 0, i32 0, i32 0, i32 0, void @empty_29, void @empty_29, i32 4294967295, i32 0"   --->   Operation 14 'specinterface' 'specinterface_ln0' <Predicate = true> <Delay = 0.00>
ST_1 : Operation 15 [1/1] (0.42ns)   --->   "%store_ln0 = store i12 0, i12 %j"   --->   Operation 15 'store' 'store_ln0' <Predicate = true> <Delay = 0.42>
ST_1 : Operation 16 [1/1] (0.42ns)   --->   "%br_ln0 = br void %for.body34"   --->   Operation 16 'br' 'br_ln0' <Predicate = true> <Delay = 0.42>

State 2 <SV = 1> <Delay = 1.23>
ST_2 : Operation 17 [1/1] (0.00ns)   --->   "%sof_2 = phi i1 0, void %for.body57_ifconv, i1 %sof_read, void %newFuncRoot"   --->   Operation 17 'phi' 'sof_2' <Predicate = true> <Delay = 0.00>
ST_2 : Operation 18 [1/1] (0.00ns)   --->   "%phi_ln991 = phi i1 %trunc_ln963, void %for.body57_ifconv, i1 0, void %newFuncRoot" [/home/training/AUPBoard/aup_hdmi_pass_thru_2023p1_working/aup_hdmi_pass_thru_2023p1/HDMI_Pass_Thru_ExDes/v_hdmi_rx_ss_0_ex/v_hdmi_rx_ss_0_ex.runs/exdes_v_tpg_0_synth_1/prj/sol/.autopilot/db/v_tpg.cpp:991]   --->   Operation 18 'phi' 'phi_ln991' <Predicate = true> <Delay = 0.00>
ST_2 : Operation 19 [1/1] (0.00ns)   --->   "%j_1 = load i12 %j" [/home/training/AUPBoard/aup_hdmi_pass_thru_2023p1_working/aup_hdmi_pass_thru_2023p1/HDMI_Pass_Thru_ExDes/v_hdmi_rx_ss_0_ex/v_hdmi_rx_ss_0_ex.runs/exdes_v_tpg_0_synth_1/prj/sol/.autopilot/db/v_tpg.cpp:936]   --->   Operation 19 'load' 'j_1' <Predicate = true> <Delay = 0.00>
ST_2 : Operation 20 [1/1] (0.00ns)   --->   "%zext_ln936 = zext i12 %j_1" [/home/training/AUPBoard/aup_hdmi_pass_thru_2023p1_working/aup_hdmi_pass_thru_2023p1/HDMI_Pass_Thru_ExDes/v_hdmi_rx_ss_0_ex/v_hdmi_rx_ss_0_ex.runs/exdes_v_tpg_0_synth_1/prj/sol/.autopilot/db/v_tpg.cpp:936]   --->   Operation 20 'zext' 'zext_ln936' <Predicate = true> <Delay = 0.00>
ST_2 : Operation 21 [1/1] (0.80ns)   --->   "%icmp_ln936 = icmp_eq  i12 %j_1, i12 %div228_cast_read" [/home/training/AUPBoard/aup_hdmi_pass_thru_2023p1_working/aup_hdmi_pass_thru_2023p1/HDMI_Pass_Thru_ExDes/v_hdmi_rx_ss_0_ex/v_hdmi_rx_ss_0_ex.runs/exdes_v_tpg_0_synth_1/prj/sol/.autopilot/db/v_tpg.cpp:936]   --->   Operation 21 'icmp' 'icmp_ln936' <Predicate = true> <Delay = 0.80> <CoreInst = "Cmp">   --->   Core 9 'Cmp' <Latency = 0> <II = 1> <Delay = 0.80> <FuncUnit> <Opcode : 'icmp'> <InPorts = 2> <OutPorts = 1>
ST_2 : Operation 22 [1/1] (0.00ns)   --->   "%speclooptripcount_ln0 = speclooptripcount void @_ssdm_op_SpecLoopTripCount, i64 1, i64 2048, i64 0"   --->   Operation 22 'speclooptripcount' 'speclooptripcount_ln0' <Predicate = true> <Delay = 0.00>
ST_2 : Operation 23 [1/1] (0.80ns)   --->   "%j_2 = add i12 %j_1, i12 1" [/home/training/AUPBoard/aup_hdmi_pass_thru_2023p1_working/aup_hdmi_pass_thru_2023p1/HDMI_Pass_Thru_ExDes/v_hdmi_rx_ss_0_ex/v_hdmi_rx_ss_0_ex.runs/exdes_v_tpg_0_synth_1/prj/sol/.autopilot/db/v_tpg.cpp:936]   --->   Operation 23 'add' 'j_2' <Predicate = true> <Delay = 0.80> <CoreInst = "Adder">   --->   Core 1 'Adder' <Latency = 0> <II = 1> <Delay = 0.80> <FuncUnit> <Opcode : 'add' 'sub'> <InPorts = 2> <OutPorts = 1>
ST_2 : Operation 24 [1/1] (0.00ns)   --->   "%br_ln936 = br i1 %icmp_ln936, void %for.body34.split, void %for.inc126.loopexit.exitStub" [/home/training/AUPBoard/aup_hdmi_pass_thru_2023p1_working/aup_hdmi_pass_thru_2023p1/HDMI_Pass_Thru_ExDes/v_hdmi_rx_ss_0_ex/v_hdmi_rx_ss_0_ex.runs/exdes_v_tpg_0_synth_1/prj/sol/.autopilot/db/v_tpg.cpp:936]   --->   Operation 24 'br' 'br_ln936' <Predicate = true> <Delay = 0.00>
ST_2 : Operation 25 [1/1] (0.00ns)   --->   "%specpipeline_ln939 = specpipeline void @_ssdm_op_SpecPipeline, i32 1, i32 0, i32 0, i32 0, void @empty_29" [/home/training/AUPBoard/aup_hdmi_pass_thru_2023p1_working/aup_hdmi_pass_thru_2023p1/HDMI_Pass_Thru_ExDes/v_hdmi_rx_ss_0_ex/v_hdmi_rx_ss_0_ex.runs/exdes_v_tpg_0_synth_1/prj/sol/.autopilot/db/v_tpg.cpp:939]   --->   Operation 25 'specpipeline' 'specpipeline_ln939' <Predicate = (!icmp_ln936)> <Delay = 0.00>
ST_2 : Operation 26 [1/1] (0.00ns)   --->   "%specloopname_ln936 = specloopname void @_ssdm_op_SpecLoopName, void @empty_26" [/home/training/AUPBoard/aup_hdmi_pass_thru_2023p1_working/aup_hdmi_pass_thru_2023p1/HDMI_Pass_Thru_ExDes/v_hdmi_rx_ss_0_ex/v_hdmi_rx_ss_0_ex.runs/exdes_v_tpg_0_synth_1/prj/sol/.autopilot/db/v_tpg.cpp:936]   --->   Operation 26 'specloopname' 'specloopname_ln936' <Predicate = (!icmp_ln936)> <Delay = 0.00>
ST_2 : Operation 27 [1/1] (0.80ns)   --->   "%axi_last = icmp_eq  i13 %zext_ln936, i13 %sub_cast_cast" [/home/training/AUPBoard/aup_hdmi_pass_thru_2023p1_working/aup_hdmi_pass_thru_2023p1/HDMI_Pass_Thru_ExDes/v_hdmi_rx_ss_0_ex/v_hdmi_rx_ss_0_ex.runs/exdes_v_tpg_0_synth_1/prj/sol/.autopilot/db/v_tpg.cpp:949]   --->   Operation 27 'icmp' 'axi_last' <Predicate = (!icmp_ln936)> <Delay = 0.80> <CoreInst = "Cmp">   --->   Core 9 'Cmp' <Latency = 0> <II = 1> <Delay = 0.80> <FuncUnit> <Opcode : 'icmp'> <InPorts = 2> <OutPorts = 1>
ST_2 : Operation 28 [1/1] (0.00ns)   --->   "%br_ln958 = br i1 %sof_2, void %for.body57_ifconv, void %if.then47" [/home/training/AUPBoard/aup_hdmi_pass_thru_2023p1_working/aup_hdmi_pass_thru_2023p1/HDMI_Pass_Thru_ExDes/v_hdmi_rx_ss_0_ex/v_hdmi_rx_ss_0_ex.runs/exdes_v_tpg_0_synth_1/prj/sol/.autopilot/db/v_tpg.cpp:958]   --->   Operation 28 'br' 'br_ln958' <Predicate = (!icmp_ln936)> <Delay = 0.00>
ST_2 : Operation 29 [1/1] (0.00ns)   --->   "%counter_loc_1_out_load = load i16 %counter_loc_1_out" [/home/training/AUPBoard/aup_hdmi_pass_thru_2023p1_working/aup_hdmi_pass_thru_2023p1/HDMI_Pass_Thru_ExDes/v_hdmi_rx_ss_0_ex/v_hdmi_rx_ss_0_ex.runs/exdes_v_tpg_0_synth_1/prj/sol/.autopilot/db/v_tpg.cpp:960]   --->   Operation 29 'load' 'counter_loc_1_out_load' <Predicate = (!icmp_ln936 & sof_2)> <Delay = 0.00>
ST_2 : Operation 30 [1/1] (0.85ns)   --->   "%add_ln960 = add i16 %counter_loc_1_out_load, i16 1" [/home/training/AUPBoard/aup_hdmi_pass_thru_2023p1_working/aup_hdmi_pass_thru_2023p1/HDMI_Pass_Thru_ExDes/v_hdmi_rx_ss_0_ex/v_hdmi_rx_ss_0_ex.runs/exdes_v_tpg_0_synth_1/prj/sol/.autopilot/db/v_tpg.cpp:960]   --->   Operation 30 'add' 'add_ln960' <Predicate = (!icmp_ln936 & sof_2)> <Delay = 0.85> <CoreInst = "Adder">   --->   Core 1 'Adder' <Latency = 0> <II = 1> <Delay = 0.85> <FuncUnit> <Opcode : 'add' 'sub'> <InPorts = 2> <OutPorts = 1>
ST_2 : Operation 31 [1/1] (0.00ns)   --->   "%store_ln960 = store i16 %add_ln960, i16 %counter" [/home/training/AUPBoard/aup_hdmi_pass_thru_2023p1_working/aup_hdmi_pass_thru_2023p1/HDMI_Pass_Thru_ExDes/v_hdmi_rx_ss_0_ex/v_hdmi_rx_ss_0_ex.runs/exdes_v_tpg_0_synth_1/prj/sol/.autopilot/db/v_tpg.cpp:960]   --->   Operation 31 'store' 'store_ln960' <Predicate = (!icmp_ln936 & sof_2)> <Delay = 0.00>
ST_2 : Operation 32 [1/1] (0.00ns)   --->   "%store_ln961 = store i16 %add_ln960, i16 %counter_loc_1_out" [/home/training/AUPBoard/aup_hdmi_pass_thru_2023p1_working/aup_hdmi_pass_thru_2023p1/HDMI_Pass_Thru_ExDes/v_hdmi_rx_ss_0_ex/v_hdmi_rx_ss_0_ex.runs/exdes_v_tpg_0_synth_1/prj/sol/.autopilot/db/v_tpg.cpp:961]   --->   Operation 32 'store' 'store_ln961' <Predicate = (!icmp_ln936 & sof_2)> <Delay = 0.00>
ST_2 : Operation 33 [1/1] (0.00ns)   --->   "%br_ln961 = br void %for.body57_ifconv" [/home/training/AUPBoard/aup_hdmi_pass_thru_2023p1_working/aup_hdmi_pass_thru_2023p1/HDMI_Pass_Thru_ExDes/v_hdmi_rx_ss_0_ex/v_hdmi_rx_ss_0_ex.runs/exdes_v_tpg_0_synth_1/prj/sol/.autopilot/db/v_tpg.cpp:961]   --->   Operation 33 'br' 'br_ln961' <Predicate = (!icmp_ln936 & sof_2)> <Delay = 0.00>
ST_2 : Operation 34 [1/1] (0.42ns)   --->   "%store_ln936 = store i12 %j_2, i12 %j" [/home/training/AUPBoard/aup_hdmi_pass_thru_2023p1_working/aup_hdmi_pass_thru_2023p1/HDMI_Pass_Thru_ExDes/v_hdmi_rx_ss_0_ex/v_hdmi_rx_ss_0_ex.runs/exdes_v_tpg_0_synth_1/prj/sol/.autopilot/db/v_tpg.cpp:936]   --->   Operation 34 'store' 'store_ln936' <Predicate = (!icmp_ln936)> <Delay = 0.42>
ST_2 : Operation 35 [1/1] (0.00ns)   --->   "%br_ln936 = br void %for.body34" [/home/training/AUPBoard/aup_hdmi_pass_thru_2023p1_working/aup_hdmi_pass_thru_2023p1/HDMI_Pass_Thru_ExDes/v_hdmi_rx_ss_0_ex/v_hdmi_rx_ss_0_ex.runs/exdes_v_tpg_0_synth_1/prj/sol/.autopilot/db/v_tpg.cpp:936]   --->   Operation 35 'br' 'br_ln936' <Predicate = (!icmp_ln936)> <Delay = 0.00>

State 3 <SV = 2> <Delay = 1.60>
ST_3 : Operation 36 [1/1] (0.00ns)   --->   "%counter_loc_1_out_load_1 = load i16 %counter_loc_1_out" [/home/training/AUPBoard/aup_hdmi_pass_thru_2023p1_working/aup_hdmi_pass_thru_2023p1/HDMI_Pass_Thru_ExDes/v_hdmi_rx_ss_0_ex/v_hdmi_rx_ss_0_ex.runs/exdes_v_tpg_0_synth_1/prj/sol/.autopilot/db/v_tpg.cpp:963]   --->   Operation 36 'load' 'counter_loc_1_out_load_1' <Predicate = (!icmp_ln936)> <Delay = 0.00>
ST_3 : Operation 37 [1/1] (0.00ns)   --->   "%trunc_ln963 = trunc i16 %counter_loc_1_out_load_1" [/home/training/AUPBoard/aup_hdmi_pass_thru_2023p1_working/aup_hdmi_pass_thru_2023p1/HDMI_Pass_Thru_ExDes/v_hdmi_rx_ss_0_ex/v_hdmi_rx_ss_0_ex.runs/exdes_v_tpg_0_synth_1/prj/sol/.autopilot/db/v_tpg.cpp:963]   --->   Operation 37 'trunc' 'trunc_ln963' <Predicate = (!icmp_ln936)> <Delay = 0.00>
ST_3 : Operation 38 [1/1] (1.21ns)   --->   "%ovrlayYUV_read = read i48 @_ssdm_op_Read.ap_fifo.volatile.i48P0A, i48 %ovrlayYUV" [/home/training/AUPBoard/aup_hdmi_pass_thru_2023p1_working/aup_hdmi_pass_thru_2023p1/HDMI_Pass_Thru_ExDes/v_hdmi_rx_ss_0_ex/v_hdmi_rx_ss_0_ex.runs/exdes_v_tpg_0_synth_1/prj/sol/.autopilot/db/v_tpg.cpp:963]   --->   Operation 38 'read' 'ovrlayYUV_read' <Predicate = (!icmp_ln936)> <Delay = 1.21> <CoreInst = "FIFO_SRL">   --->   Core 81 'FIFO_SRL' <Latency = 0> <II = 1> <Delay = 2.04> <Storage> <Opcode : 'read' 'write' 'nbread' 'nbwrite'> <Ports = 0> <Width = 48> <Depth = 16> <FIFO>
ST_3 : Operation 39 [1/1] (0.00ns)   --->   "%pix_444 = trunc i48 %ovrlayYUV_read" [/home/training/AUPBoard/aup_hdmi_pass_thru_2023p1_working/aup_hdmi_pass_thru_2023p1/HDMI_Pass_Thru_ExDes/v_hdmi_rx_ss_0_ex/v_hdmi_rx_ss_0_ex.runs/exdes_v_tpg_0_synth_1/prj/sol/.autopilot/db/v_tpg.cpp:963]   --->   Operation 39 'trunc' 'pix_444' <Predicate = (!icmp_ln936)> <Delay = 0.00>
ST_3 : Operation 40 [1/1] (0.00ns)   --->   "%pix_rgb = partselect i8 @_ssdm_op_PartSelect.i8.i48.i32.i32, i48 %ovrlayYUV_read, i32 32, i32 39" [/home/training/AUPBoard/aup_hdmi_pass_thru_2023p1_working/aup_hdmi_pass_thru_2023p1/HDMI_Pass_Thru_ExDes/v_hdmi_rx_ss_0_ex/v_hdmi_rx_ss_0_ex.runs/exdes_v_tpg_0_synth_1/prj/sol/.autopilot/db/v_tpg.cpp:963]   --->   Operation 40 'partselect' 'pix_rgb' <Predicate = (!icmp_ln936)> <Delay = 0.00>
ST_3 : Operation 41 [1/1] (0.00ns)   --->   "%pix_rgb_6 = partselect i8 @_ssdm_op_PartSelect.i8.i48.i32.i32, i48 %ovrlayYUV_read, i32 40, i32 47" [/home/training/AUPBoard/aup_hdmi_pass_thru_2023p1_working/aup_hdmi_pass_thru_2023p1/HDMI_Pass_Thru_ExDes/v_hdmi_rx_ss_0_ex/v_hdmi_rx_ss_0_ex.runs/exdes_v_tpg_0_synth_1/prj/sol/.autopilot/db/v_tpg.cpp:963]   --->   Operation 41 'partselect' 'pix_rgb_6' <Predicate = (!icmp_ln936)> <Delay = 0.00>
ST_3 : Operation 42 [1/1] (0.00ns)   --->   "%pix_rgb_4 = partselect i8 @_ssdm_op_PartSelect.i8.i48.i32.i32, i48 %ovrlayYUV_read, i32 8, i32 15" [/home/training/AUPBoard/aup_hdmi_pass_thru_2023p1_working/aup_hdmi_pass_thru_2023p1/HDMI_Pass_Thru_ExDes/v_hdmi_rx_ss_0_ex/v_hdmi_rx_ss_0_ex.runs/exdes_v_tpg_0_synth_1/prj/sol/.autopilot/db/v_tpg.cpp:963]   --->   Operation 42 'partselect' 'pix_rgb_4' <Predicate = (!icmp_ln936)> <Delay = 0.00>
ST_3 : Operation 43 [1/1] (0.00ns)   --->   "%pix_rgb_5 = partselect i8 @_ssdm_op_PartSelect.i8.i48.i32.i32, i48 %ovrlayYUV_read, i32 16, i32 23" [/home/training/AUPBoard/aup_hdmi_pass_thru_2023p1_working/aup_hdmi_pass_thru_2023p1/HDMI_Pass_Thru_ExDes/v_hdmi_rx_ss_0_ex/v_hdmi_rx_ss_0_ex.runs/exdes_v_tpg_0_synth_1/prj/sol/.autopilot/db/v_tpg.cpp:963]   --->   Operation 43 'partselect' 'pix_rgb_5' <Predicate = (!icmp_ln936)> <Delay = 0.00>
ST_3 : Operation 44 [1/1] (0.00ns)   --->   "%pix_422 = partselect i8 @_ssdm_op_PartSelect.i8.i48.i32.i32, i48 %ovrlayYUV_read, i32 24, i32 31" [/home/training/AUPBoard/aup_hdmi_pass_thru_2023p1_working/aup_hdmi_pass_thru_2023p1/HDMI_Pass_Thru_ExDes/v_hdmi_rx_ss_0_ex/v_hdmi_rx_ss_0_ex.runs/exdes_v_tpg_0_synth_1/prj/sol/.autopilot/db/v_tpg.cpp:963]   --->   Operation 44 'partselect' 'pix_422' <Predicate = (!icmp_ln936)> <Delay = 0.00>
ST_3 : Operation 45 [1/1] (0.00ns)   --->   "%axi_data = bitconcatenate i9 @_ssdm_op_BitConcatenate.i9.i1.i8, i1 1, i8 %pix_444" [/home/training/AUPBoard/aup_hdmi_pass_thru_2023p1_working/aup_hdmi_pass_thru_2023p1/HDMI_Pass_Thru_ExDes/v_hdmi_rx_ss_0_ex/v_hdmi_rx_ss_0_ex.runs/exdes_v_tpg_0_synth_1/prj/sol/.autopilot/db/v_tpg.cpp:984]   --->   Operation 45 'bitconcatenate' 'axi_data' <Predicate = (!icmp_ln936)> <Delay = 0.00>
ST_3 : Operation 46 [1/1] (0.00ns)   --->   "%axi_data_1 = bitconcatenate i9 @_ssdm_op_BitConcatenate.i9.i1.i8, i1 1, i8 %pix_rgb_4" [/home/training/AUPBoard/aup_hdmi_pass_thru_2023p1_working/aup_hdmi_pass_thru_2023p1/HDMI_Pass_Thru_ExDes/v_hdmi_rx_ss_0_ex/v_hdmi_rx_ss_0_ex.runs/exdes_v_tpg_0_synth_1/prj/sol/.autopilot/db/v_tpg.cpp:978]   --->   Operation 46 'bitconcatenate' 'axi_data_1' <Predicate = (!icmp_ln936)> <Delay = 0.00>
ST_3 : Operation 47 [1/1] (0.76ns)   --->   "%icmp_ln975 = icmp_eq  i8 %colorFormat_load_read, i8 1" [/home/training/AUPBoard/aup_hdmi_pass_thru_2023p1_working/aup_hdmi_pass_thru_2023p1/HDMI_Pass_Thru_ExDes/v_hdmi_rx_ss_0_ex/v_hdmi_rx_ss_0_ex.runs/exdes_v_tpg_0_synth_1/prj/sol/.autopilot/db/v_tpg.cpp:975]   --->   Operation 47 'icmp' 'icmp_ln975' <Predicate = (!icmp_ln936)> <Delay = 0.76> <CoreInst = "Cmp">   --->   Core 9 'Cmp' <Latency = 0> <II = 1> <Delay = 0.76> <FuncUnit> <Opcode : 'icmp'> <InPorts = 2> <OutPorts = 1>
ST_3 : Operation 48 [1/1] (0.76ns)   --->   "%icmp_ln975_1 = icmp_eq  i8 %colorFormat_load_read, i8 0" [/home/training/AUPBoard/aup_hdmi_pass_thru_2023p1_working/aup_hdmi_pass_thru_2023p1/HDMI_Pass_Thru_ExDes/v_hdmi_rx_ss_0_ex/v_hdmi_rx_ss_0_ex.runs/exdes_v_tpg_0_synth_1/prj/sol/.autopilot/db/v_tpg.cpp:975]   --->   Operation 48 'icmp' 'icmp_ln975_1' <Predicate = (!icmp_ln936)> <Delay = 0.76> <CoreInst = "Cmp">   --->   Core 9 'Cmp' <Latency = 0> <II = 1> <Delay = 0.76> <FuncUnit> <Opcode : 'icmp'> <InPorts = 2> <OutPorts = 1>
ST_3 : Operation 49 [1/1] (0.38ns)   --->   "%axi_data_2 = select i1 %icmp_ln975_1, i9 %axi_data_1, i9 %axi_data" [/home/training/AUPBoard/aup_hdmi_pass_thru_2023p1_working/aup_hdmi_pass_thru_2023p1/HDMI_Pass_Thru_ExDes/v_hdmi_rx_ss_0_ex/v_hdmi_rx_ss_0_ex.runs/exdes_v_tpg_0_synth_1/prj/sol/.autopilot/db/v_tpg.cpp:975]   --->   Operation 49 'select' 'axi_data_2' <Predicate = (!icmp_ln936)> <Delay = 0.38> <CoreInst = "Sel">   --->   Core 73 'Sel' <Latency = 0> <II = 1> <Delay = 0.38> <FuncUnit> <Opcode : 'select'> <InPorts = 3> <OutPorts = 1>
ST_3 : Operation 50 [1/1] (0.00ns)   --->   "%sext_ln880 = sext i9 %axi_data_2" [/home/training/AUPBoard/aup_hdmi_pass_thru_2023p1_working/aup_hdmi_pass_thru_2023p1/HDMI_Pass_Thru_ExDes/v_hdmi_rx_ss_0_ex/v_hdmi_rx_ss_0_ex.runs/exdes_v_tpg_0_synth_1/prj/sol/.autopilot/db/v_tpg.cpp:880]   --->   Operation 50 'sext' 'sext_ln880' <Predicate = (!icmp_ln936)> <Delay = 0.00>
ST_3 : Operation 51 [1/1] (0.38ns)   --->   "%select_ln975 = select i1 %icmp_ln975_1, i8 %pix_rgb_5, i8 %pix_rgb_4" [/home/training/AUPBoard/aup_hdmi_pass_thru_2023p1_working/aup_hdmi_pass_thru_2023p1/HDMI_Pass_Thru_ExDes/v_hdmi_rx_ss_0_ex/v_hdmi_rx_ss_0_ex.runs/exdes_v_tpg_0_synth_1/prj/sol/.autopilot/db/v_tpg.cpp:975]   --->   Operation 51 'select' 'select_ln975' <Predicate = (!icmp_ln936)> <Delay = 0.38> <CoreInst = "Sel">   --->   Core 73 'Sel' <Latency = 0> <II = 1> <Delay = 0.38> <FuncUnit> <Opcode : 'select'> <InPorts = 3> <OutPorts = 1>
ST_3 : Operation 52 [1/1] (0.00ns) (grouped into LUT with out node select_ln975_2)   --->   "%select_ln975_1 = select i1 %icmp_ln975, i8 %pix_rgb_5, i8 %pix_422" [/home/training/AUPBoard/aup_hdmi_pass_thru_2023p1_working/aup_hdmi_pass_thru_2023p1/HDMI_Pass_Thru_ExDes/v_hdmi_rx_ss_0_ex/v_hdmi_rx_ss_0_ex.runs/exdes_v_tpg_0_synth_1/prj/sol/.autopilot/db/v_tpg.cpp:975]   --->   Operation 52 'select' 'select_ln975_1' <Predicate = (!icmp_ln936)> <Delay = 0.00> <CoreInst = "Sel">   --->   Core 73 'Sel' <Latency = 0> <II = 1> <Delay = 0.38> <FuncUnit> <Opcode : 'select'> <InPorts = 3> <OutPorts = 1>
ST_3 : Operation 53 [1/1] (0.38ns) (out node of the LUT)   --->   "%select_ln975_2 = select i1 %icmp_ln975_1, i8 %pix_444, i8 %select_ln975_1" [/home/training/AUPBoard/aup_hdmi_pass_thru_2023p1_working/aup_hdmi_pass_thru_2023p1/HDMI_Pass_Thru_ExDes/v_hdmi_rx_ss_0_ex/v_hdmi_rx_ss_0_ex.runs/exdes_v_tpg_0_synth_1/prj/sol/.autopilot/db/v_tpg.cpp:975]   --->   Operation 53 'select' 'select_ln975_2' <Predicate = (!icmp_ln936)> <Delay = 0.38> <CoreInst = "Sel">   --->   Core 73 'Sel' <Latency = 0> <II = 1> <Delay = 0.38> <FuncUnit> <Opcode : 'select'> <InPorts = 3> <OutPorts = 1>
ST_3 : Operation 54 [1/1] (0.00ns) (grouped into LUT with out node select_ln975_4)   --->   "%select_ln975_3 = select i1 %icmp_ln975, i8 %pix_422, i8 %pix_rgb" [/home/training/AUPBoard/aup_hdmi_pass_thru_2023p1_working/aup_hdmi_pass_thru_2023p1/HDMI_Pass_Thru_ExDes/v_hdmi_rx_ss_0_ex/v_hdmi_rx_ss_0_ex.runs/exdes_v_tpg_0_synth_1/prj/sol/.autopilot/db/v_tpg.cpp:975]   --->   Operation 54 'select' 'select_ln975_3' <Predicate = (!icmp_ln936)> <Delay = 0.00> <CoreInst = "Sel">   --->   Core 73 'Sel' <Latency = 0> <II = 1> <Delay = 0.38> <FuncUnit> <Opcode : 'select'> <InPorts = 3> <OutPorts = 1>
ST_3 : Operation 55 [1/1] (0.38ns) (out node of the LUT)   --->   "%select_ln975_4 = select i1 %icmp_ln975_1, i8 %pix_rgb, i8 %select_ln975_3" [/home/training/AUPBoard/aup_hdmi_pass_thru_2023p1_working/aup_hdmi_pass_thru_2023p1/HDMI_Pass_Thru_ExDes/v_hdmi_rx_ss_0_ex/v_hdmi_rx_ss_0_ex.runs/exdes_v_tpg_0_synth_1/prj/sol/.autopilot/db/v_tpg.cpp:975]   --->   Operation 55 'select' 'select_ln975_4' <Predicate = (!icmp_ln936)> <Delay = 0.38> <CoreInst = "Sel">   --->   Core 73 'Sel' <Latency = 0> <II = 1> <Delay = 0.38> <FuncUnit> <Opcode : 'select'> <InPorts = 3> <OutPorts = 1>
ST_3 : Operation 56 [1/1] (0.00ns) (grouped into LUT with out node select_ln975_6)   --->   "%select_ln975_5 = select i1 %icmp_ln975, i8 %pix_rgb, i8 %pix_rgb_6" [/home/training/AUPBoard/aup_hdmi_pass_thru_2023p1_working/aup_hdmi_pass_thru_2023p1/HDMI_Pass_Thru_ExDes/v_hdmi_rx_ss_0_ex/v_hdmi_rx_ss_0_ex.runs/exdes_v_tpg_0_synth_1/prj/sol/.autopilot/db/v_tpg.cpp:975]   --->   Operation 56 'select' 'select_ln975_5' <Predicate = (!icmp_ln936)> <Delay = 0.00> <CoreInst = "Sel">   --->   Core 73 'Sel' <Latency = 0> <II = 1> <Delay = 0.38> <FuncUnit> <Opcode : 'select'> <InPorts = 3> <OutPorts = 1>
ST_3 : Operation 57 [1/1] (0.38ns) (out node of the LUT)   --->   "%select_ln975_6 = select i1 %icmp_ln975_1, i8 %pix_rgb_6, i8 %select_ln975_5" [/home/training/AUPBoard/aup_hdmi_pass_thru_2023p1_working/aup_hdmi_pass_thru_2023p1/HDMI_Pass_Thru_ExDes/v_hdmi_rx_ss_0_ex/v_hdmi_rx_ss_0_ex.runs/exdes_v_tpg_0_synth_1/prj/sol/.autopilot/db/v_tpg.cpp:975]   --->   Operation 57 'select' 'select_ln975_6' <Predicate = (!icmp_ln936)> <Delay = 0.38> <CoreInst = "Sel">   --->   Core 73 'Sel' <Latency = 0> <II = 1> <Delay = 0.38> <FuncUnit> <Opcode : 'select'> <InPorts = 3> <OutPorts = 1>
ST_3 : Operation 58 [1/1] (0.00ns) (grouped into LUT with out node select_ln975_8)   --->   "%select_ln975_7 = select i1 %icmp_ln975, i8 %pix_rgb_6, i8 %pix_rgb_5" [/home/training/AUPBoard/aup_hdmi_pass_thru_2023p1_working/aup_hdmi_pass_thru_2023p1/HDMI_Pass_Thru_ExDes/v_hdmi_rx_ss_0_ex/v_hdmi_rx_ss_0_ex.runs/exdes_v_tpg_0_synth_1/prj/sol/.autopilot/db/v_tpg.cpp:975]   --->   Operation 58 'select' 'select_ln975_7' <Predicate = (!icmp_ln936)> <Delay = 0.00> <CoreInst = "Sel">   --->   Core 73 'Sel' <Latency = 0> <II = 1> <Delay = 0.38> <FuncUnit> <Opcode : 'select'> <InPorts = 3> <OutPorts = 1>
ST_3 : Operation 59 [1/1] (0.38ns) (out node of the LUT)   --->   "%select_ln975_8 = select i1 %icmp_ln975_1, i8 %pix_422, i8 %select_ln975_7" [/home/training/AUPBoard/aup_hdmi_pass_thru_2023p1_working/aup_hdmi_pass_thru_2023p1/HDMI_Pass_Thru_ExDes/v_hdmi_rx_ss_0_ex/v_hdmi_rx_ss_0_ex.runs/exdes_v_tpg_0_synth_1/prj/sol/.autopilot/db/v_tpg.cpp:975]   --->   Operation 59 'select' 'select_ln975_8' <Predicate = (!icmp_ln936)> <Delay = 0.38> <CoreInst = "Sel">   --->   Core 73 'Sel' <Latency = 0> <II = 1> <Delay = 0.38> <FuncUnit> <Opcode : 'select'> <InPorts = 3> <OutPorts = 1>
ST_3 : Operation 60 [1/1] (0.00ns)   --->   "%tmp_s = bitconcatenate i40 @_ssdm_op_BitConcatenate.i40.i8.i8.i8.i8.i8, i8 %select_ln975_8, i8 %select_ln975_6, i8 %select_ln975_4, i8 %select_ln975_2, i8 %select_ln975" [/home/training/AUPBoard/aup_hdmi_pass_thru_2023p1_working/aup_hdmi_pass_thru_2023p1/HDMI_Pass_Thru_ExDes/v_hdmi_rx_ss_0_ex/v_hdmi_rx_ss_0_ex.runs/exdes_v_tpg_0_synth_1/prj/sol/.autopilot/db/v_tpg.cpp:975]   --->   Operation 60 'bitconcatenate' 'tmp_s' <Predicate = (!icmp_ln936)> <Delay = 0.00>
ST_3 : Operation 61 [1/1] (0.00ns)   --->   "%axi_data_3 = partset i48 @_ssdm_op_PartSet.i48.i48.i40.i32.i32, i48 %sext_ln880, i40 %tmp_s, i32 8, i32 47" [/home/training/AUPBoard/aup_hdmi_pass_thru_2023p1_working/aup_hdmi_pass_thru_2023p1/HDMI_Pass_Thru_ExDes/v_hdmi_rx_ss_0_ex/v_hdmi_rx_ss_0_ex.runs/exdes_v_tpg_0_synth_1/prj/sol/.autopilot/db/v_tpg.cpp:975]   --->   Operation 61 'partset' 'axi_data_3' <Predicate = (!icmp_ln936)> <Delay = 0.00>
ST_3 : Operation 62 [1/1] (0.00ns)   --->   "%write_ln990 = write void @_ssdm_op_Write.axis.volatile.i48P0A.i6P0A.i6P0A.i1P0A.i1P0A.i1P0A.i1P0A, i48 %m_axis_video_V_data_V, i6 %m_axis_video_V_keep_V, i6 %m_axis_video_V_strb_V, i1 %m_axis_video_V_user_V, i1 %m_axis_video_V_last_V, i1 %m_axis_video_V_id_V, i1 %m_axis_video_V_dest_V, i48 %axi_data_3, i6 63, i6 0, i1 %sof_2, i1 %axi_last, i1 0, i1 0" [/home/training/AUPBoard/aup_hdmi_pass_thru_2023p1_working/aup_hdmi_pass_thru_2023p1/HDMI_Pass_Thru_ExDes/v_hdmi_rx_ss_0_ex/v_hdmi_rx_ss_0_ex.runs/exdes_v_tpg_0_synth_1/prj/sol/.autopilot/db/v_tpg.cpp:990]   --->   Operation 62 'write' 'write_ln990' <Predicate = (!icmp_ln936)> <Delay = 0.00> <CoreInst = "axis">   --->   Core 123 'axis' <Latency = 0> <II = 1> <Delay = 1.00> <Adapter> <Opcode : >

State 4 <SV = 2> <Delay = 0.00>
ST_4 : Operation 63 [1/1] (0.00ns)   --->   "%write_ln991 = write void @_ssdm_op_Write.ap_auto.i1P0A, i1 %phi_ln991_out, i1 %phi_ln991" [/home/training/AUPBoard/aup_hdmi_pass_thru_2023p1_working/aup_hdmi_pass_thru_2023p1/HDMI_Pass_Thru_ExDes/v_hdmi_rx_ss_0_ex/v_hdmi_rx_ss_0_ex.runs/exdes_v_tpg_0_synth_1/prj/sol/.autopilot/db/v_tpg.cpp:991]   --->   Operation 63 'write' 'write_ln991' <Predicate = true> <Delay = 0.00>

State 5 <SV = 3> <Delay = 0.00>
ST_5 : Operation 64 [1/1] (0.00ns)   --->   "%ret_ln0 = ret"   --->   Operation 64 'ret' 'ret_ln0' <Predicate = true> <Delay = 0.00>


============================================================
+ Verbose Summary: Binding
============================================================
STG Binding: 
---------------- STG Properties BEGIN ----------------
- Is combinational: 0
- Is one-state seq: 0
- Is datapath-only: 0
- Is pipelined: 0
- Is top level: 0
Port [ Return ] is wired: 1; IO mode=ap_ctrl_hs:ce=0
Port [ sof]:  wired=1; compound=0; hidden=0; nouse=0; global=0; static=0; extern=0; dir=0; type=0; pingpong=0; private_global=0; IO mode=ap_none:ce=0
Port [ div228_cast]:  wired=1; compound=0; hidden=0; nouse=0; global=0; static=0; extern=0; dir=0; type=0; pingpong=0; private_global=0; IO mode=ap_stable:ce=0
Port [ ovrlayYUV]:  wired=1; compound=1; hidden=0; nouse=0; global=0; static=0; extern=0; dir=0; type=3; pingpong=0; private_global=0; IO mode=ap_fifo:ce=0
Port [ colorFormat_load]:  wired=1; compound=0; hidden=0; nouse=0; global=0; static=0; extern=0; dir=0; type=0; pingpong=0; private_global=0; IO mode=ap_stable:ce=0
Port [ m_axis_video_V_data_V]:  wired=1; compound=1; hidden=0; nouse=0; global=0; static=0; extern=0; dir=1; type=0; pingpong=0; private_global=0; IO mode=axis:ce=0
Port [ m_axis_video_V_keep_V]:  wired=1; compound=1; hidden=0; nouse=0; global=0; static=0; extern=0; dir=1; type=0; pingpong=0; private_global=0; IO mode=axis:ce=0
Port [ m_axis_video_V_strb_V]:  wired=1; compound=1; hidden=0; nouse=0; global=0; static=0; extern=0; dir=1; type=0; pingpong=0; private_global=0; IO mode=axis:ce=0
Port [ m_axis_video_V_user_V]:  wired=1; compound=1; hidden=0; nouse=0; global=0; static=0; extern=0; dir=1; type=0; pingpong=0; private_global=0; IO mode=axis:ce=0
Port [ m_axis_video_V_last_V]:  wired=1; compound=1; hidden=0; nouse=0; global=0; static=0; extern=0; dir=1; type=0; pingpong=0; private_global=0; IO mode=axis:ce=0
Port [ m_axis_video_V_id_V]:  wired=1; compound=1; hidden=0; nouse=0; global=0; static=0; extern=0; dir=1; type=0; pingpong=0; private_global=0; IO mode=axis:ce=0
Port [ m_axis_video_V_dest_V]:  wired=1; compound=1; hidden=0; nouse=0; global=0; static=0; extern=0; dir=1; type=0; pingpong=0; private_global=0; IO mode=axis:ce=0
Port [ sub_cast]:  wired=1; compound=0; hidden=0; nouse=0; global=0; static=0; extern=0; dir=0; type=0; pingpong=0; private_global=0; IO mode=ap_stable:ce=0
Port [ counter_loc_1_out]:  wired=1; compound=0; hidden=0; nouse=0; global=0; static=0; extern=0; dir=2; type=0; pingpong=0; private_global=0; IO mode=ap_ovld:ce=0
Port [ phi_ln991_out]:  wired=1; compound=0; hidden=0; nouse=0; global=0; static=0; extern=0; dir=1; type=0; pingpong=0; private_global=0; IO mode=ap_vld:ce=0
Port [ counter]:  wired=1; compound=0; hidden=0; nouse=0; global=1; static=1; extern=0; dir=1; type=0; pingpong=0; private_global=0; IO mode=ap_vld:ce=0
---------------- STG Properties END ------------------

---------------- Datapath Model BEGIN ----------------

<LifeTime>
<method=bitvector/>
j                        (alloca             ) [ 011100]
sub_cast_read            (read               ) [ 000000]
colorFormat_load_read    (read               ) [ 001100]
div228_cast_read         (read               ) [ 001100]
sof_read                 (read               ) [ 011100]
sub_cast_cast            (sext               ) [ 001100]
specaxissidechannel_ln0  (specaxissidechannel) [ 000000]
specinterface_ln0        (specinterface      ) [ 000000]
specinterface_ln0        (specinterface      ) [ 000000]
store_ln0                (store              ) [ 000000]
br_ln0                   (br                 ) [ 011100]
sof_2                    (phi                ) [ 001100]
phi_ln991                (phi                ) [ 001010]
j_1                      (load               ) [ 000000]
zext_ln936               (zext               ) [ 000000]
icmp_ln936               (icmp               ) [ 001100]
speclooptripcount_ln0    (speclooptripcount  ) [ 000000]
j_2                      (add                ) [ 000000]
br_ln936                 (br                 ) [ 000000]
specpipeline_ln939       (specpipeline       ) [ 000000]
specloopname_ln936       (specloopname       ) [ 000000]
axi_last                 (icmp               ) [ 001100]
br_ln958                 (br                 ) [ 000000]
counter_loc_1_out_load   (load               ) [ 000000]
add_ln960                (add                ) [ 000000]
store_ln960              (store              ) [ 000000]
store_ln961              (store              ) [ 000000]
br_ln961                 (br                 ) [ 000000]
store_ln936              (store              ) [ 000000]
br_ln936                 (br                 ) [ 011100]
counter_loc_1_out_load_1 (load               ) [ 000000]
trunc_ln963              (trunc              ) [ 011000]
ovrlayYUV_read           (read               ) [ 000000]
pix_444                  (trunc              ) [ 000000]
pix_rgb                  (partselect         ) [ 000000]
pix_rgb_6                (partselect         ) [ 000000]
pix_rgb_4                (partselect         ) [ 000000]
pix_rgb_5                (partselect         ) [ 000000]
pix_422                  (partselect         ) [ 000000]
axi_data                 (bitconcatenate     ) [ 000000]
axi_data_1               (bitconcatenate     ) [ 000000]
icmp_ln975               (icmp               ) [ 000000]
icmp_ln975_1             (icmp               ) [ 000000]
axi_data_2               (select             ) [ 000000]
sext_ln880               (sext               ) [ 000000]
select_ln975             (select             ) [ 000000]
select_ln975_1           (select             ) [ 000000]
select_ln975_2           (select             ) [ 000000]
select_ln975_3           (select             ) [ 000000]
select_ln975_4           (select             ) [ 000000]
select_ln975_5           (select             ) [ 000000]
select_ln975_6           (select             ) [ 000000]
select_ln975_7           (select             ) [ 000000]
select_ln975_8           (select             ) [ 000000]
tmp_s                    (bitconcatenate     ) [ 000000]
axi_data_3               (partset            ) [ 000000]
write_ln990              (write              ) [ 000000]
write_ln991              (write              ) [ 000000]
ret_ln0                  (ret                ) [ 000000]
</LifeTime>

<model>

<comp_list>
<comp id="0" class="1000" name="sof">
<pin_list>
<pin id="1" dir="1" index="0" bw="1" slack="0"/>
</pin_list>
<bind>
<StgValue><ssdm name="sof"/></StgValue>
</bind>
</comp>

<comp id="2" class="1000" name="div228_cast">
<pin_list>
<pin id="3" dir="1" index="0" bw="1" slack="0"/>
</pin_list>
<bind>
<StgValue><ssdm name="div228_cast"/></StgValue>
</bind>
</comp>

<comp id="4" class="1000" name="ovrlayYUV">
<pin_list>
<pin id="5" dir="1" index="0" bw="1" slack="0"/>
</pin_list>
<bind>
<StgValue><ssdm name="ovrlayYUV"/></StgValue>
</bind>
</comp>

<comp id="6" class="1000" name="colorFormat_load">
<pin_list>
<pin id="7" dir="1" index="0" bw="1" slack="0"/>
</pin_list>
<bind>
<StgValue><ssdm name="colorFormat_load"/></StgValue>
</bind>
</comp>

<comp id="8" class="1000" name="m_axis_video_V_data_V">
<pin_list>
<pin id="9" dir="1" index="0" bw="1" slack="0"/>
</pin_list>
<bind>
<StgValue><ssdm name="m_axis_video_V_data_V"/></StgValue>
</bind>
</comp>

<comp id="10" class="1000" name="m_axis_video_V_keep_V">
<pin_list>
<pin id="11" dir="1" index="0" bw="1" slack="0"/>
</pin_list>
<bind>
<StgValue><ssdm name="m_axis_video_V_keep_V"/></StgValue>
</bind>
</comp>

<comp id="12" class="1000" name="m_axis_video_V_strb_V">
<pin_list>
<pin id="13" dir="1" index="0" bw="1" slack="0"/>
</pin_list>
<bind>
<StgValue><ssdm name="m_axis_video_V_strb_V"/></StgValue>
</bind>
</comp>

<comp id="14" class="1000" name="m_axis_video_V_user_V">
<pin_list>
<pin id="15" dir="1" index="0" bw="1" slack="0"/>
</pin_list>
<bind>
<StgValue><ssdm name="m_axis_video_V_user_V"/></StgValue>
</bind>
</comp>

<comp id="16" class="1000" name="m_axis_video_V_last_V">
<pin_list>
<pin id="17" dir="1" index="0" bw="1" slack="0"/>
</pin_list>
<bind>
<StgValue><ssdm name="m_axis_video_V_last_V"/></StgValue>
</bind>
</comp>

<comp id="18" class="1000" name="m_axis_video_V_id_V">
<pin_list>
<pin id="19" dir="1" index="0" bw="1" slack="0"/>
</pin_list>
<bind>
<StgValue><ssdm name="m_axis_video_V_id_V"/></StgValue>
</bind>
</comp>

<comp id="20" class="1000" name="m_axis_video_V_dest_V">
<pin_list>
<pin id="21" dir="1" index="0" bw="1" slack="0"/>
</pin_list>
<bind>
<StgValue><ssdm name="m_axis_video_V_dest_V"/></StgValue>
</bind>
</comp>

<comp id="22" class="1000" name="sub_cast">
<pin_list>
<pin id="23" dir="1" index="0" bw="1" slack="0"/>
</pin_list>
<bind>
<StgValue><ssdm name="sub_cast"/></StgValue>
</bind>
</comp>

<comp id="24" class="1000" name="counter_loc_1_out">
<pin_list>
<pin id="25" dir="1" index="0" bw="1" slack="0"/>
</pin_list>
<bind>
<StgValue><ssdm name="counter_loc_1_out"/></StgValue>
</bind>
</comp>

<comp id="26" class="1000" name="phi_ln991_out">
<pin_list>
<pin id="27" dir="1" index="0" bw="1" slack="0"/>
</pin_list>
<bind>
<StgValue><ssdm name="phi_ln991_out"/></StgValue>
</bind>
</comp>

<comp id="28" class="1000" name="counter">
<pin_list>
<pin id="29" dir="1" index="0" bw="1" slack="0"/>
</pin_list>
<bind>
<StgValue><ssdm name="counter"/></StgValue>
</bind>
</comp>

<comp id="30" class="1001" name="const_30">
<pin_list>
<pin id="31" dir="1" index="0" bw="1" slack="0"/>
</pin_list>
<bind>
<StgValue><ssdm name=""/></StgValue>
</bind>
</comp>

<comp id="32" class="1001" name="const_32">
<pin_list>
<pin id="33" dir="1" index="0" bw="1" slack="0"/>
</pin_list>
<bind>
<StgValue><ssdm name="_ssdm_op_Read.ap_auto.i12"/></StgValue>
</bind>
</comp>

<comp id="34" class="1001" name="const_34">
<pin_list>
<pin id="35" dir="1" index="0" bw="1" slack="0"/>
</pin_list>
<bind>
<StgValue><ssdm name="_ssdm_op_Read.ap_auto.i8"/></StgValue>
</bind>
</comp>

<comp id="36" class="1001" name="const_36">
<pin_list>
<pin id="37" dir="1" index="0" bw="1" slack="0"/>
</pin_list>
<bind>
<StgValue><ssdm name="_ssdm_op_Read.ap_auto.i1"/></StgValue>
</bind>
</comp>

<comp id="38" class="1001" name="const_38">
<pin_list>
<pin id="39" dir="1" index="0" bw="1" slack="2147483647"/>
</pin_list>
<bind>
<StgValue><ssdm name="_ssdm_op_SpecAXISSideChannel"/></StgValue>
</bind>
</comp>

<comp id="40" class="1001" name="const_40">
<pin_list>
<pin id="41" dir="1" index="0" bw="1" slack="2147483647"/>
</pin_list>
<bind>
<StgValue><ssdm name="empty_5"/></StgValue>
</bind>
</comp>

<comp id="42" class="1001" name="const_42">
<pin_list>
<pin id="43" dir="1" index="0" bw="1" slack="2147483647"/>
</pin_list>
<bind>
<StgValue><ssdm name="_ssdm_op_SpecInterface"/></StgValue>
</bind>
</comp>

<comp id="44" class="1001" name="const_44">
<pin_list>
<pin id="45" dir="1" index="0" bw="1" slack="2147483647"/>
</pin_list>
<bind>
<StgValue><ssdm name="empty_31"/></StgValue>
</bind>
</comp>

<comp id="46" class="1001" name="const_46">
<pin_list>
<pin id="47" dir="1" index="0" bw="1" slack="2147483647"/>
</pin_list>
<bind>
<StgValue><ssdm name=""/></StgValue>
</bind>
</comp>

<comp id="48" class="1001" name="const_48">
<pin_list>
<pin id="49" dir="1" index="0" bw="1" slack="2147483647"/>
</pin_list>
<bind>
<StgValue><ssdm name="empty_30"/></StgValue>
</bind>
</comp>

<comp id="50" class="1001" name="const_50">
<pin_list>
<pin id="51" dir="1" index="0" bw="1" slack="2147483647"/>
</pin_list>
<bind>
<StgValue><ssdm name="empty_29"/></StgValue>
</bind>
</comp>

<comp id="52" class="1001" name="const_52">
<pin_list>
<pin id="53" dir="1" index="0" bw="1" slack="2147483647"/>
</pin_list>
<bind>
<StgValue><ssdm name=""/></StgValue>
</bind>
</comp>

<comp id="54" class="1001" name="const_54">
<pin_list>
<pin id="55" dir="1" index="0" bw="1" slack="2147483647"/>
</pin_list>
<bind>
<StgValue><ssdm name="empty_40"/></StgValue>
</bind>
</comp>

<comp id="56" class="1001" name="const_56">
<pin_list>
<pin id="57" dir="1" index="0" bw="1" slack="0"/>
</pin_list>
<bind>
<StgValue><ssdm name=""/></StgValue>
</bind>
</comp>

<comp id="58" class="1001" name="const_58">
<pin_list>
<pin id="59" dir="1" index="0" bw="1" slack="0"/>
</pin_list>
<bind>
<StgValue><ssdm name=""/></StgValue>
</bind>
</comp>

<comp id="60" class="1001" name="const_60">
<pin_list>
<pin id="61" dir="1" index="0" bw="1" slack="2147483647"/>
</pin_list>
<bind>
<StgValue><ssdm name="_ssdm_op_SpecLoopTripCount"/></StgValue>
</bind>
</comp>

<comp id="62" class="1001" name="const_62">
<pin_list>
<pin id="63" dir="1" index="0" bw="1" slack="2147483647"/>
</pin_list>
<bind>
<StgValue><ssdm name=""/></StgValue>
</bind>
</comp>

<comp id="64" class="1001" name="const_64">
<pin_list>
<pin id="65" dir="1" index="0" bw="1" slack="2147483647"/>
</pin_list>
<bind>
<StgValue><ssdm name=""/></StgValue>
</bind>
</comp>

<comp id="66" class="1001" name="const_66">
<pin_list>
<pin id="67" dir="1" index="0" bw="1" slack="2147483647"/>
</pin_list>
<bind>
<StgValue><ssdm name=""/></StgValue>
</bind>
</comp>

<comp id="68" class="1001" name="const_68">
<pin_list>
<pin id="69" dir="1" index="0" bw="1" slack="0"/>
</pin_list>
<bind>
<StgValue><ssdm name=""/></StgValue>
</bind>
</comp>

<comp id="70" class="1001" name="const_70">
<pin_list>
<pin id="71" dir="1" index="0" bw="1" slack="2147483647"/>
</pin_list>
<bind>
<StgValue><ssdm name="_ssdm_op_SpecPipeline"/></StgValue>
</bind>
</comp>

<comp id="72" class="1001" name="const_72">
<pin_list>
<pin id="73" dir="1" index="0" bw="1" slack="2147483647"/>
</pin_list>
<bind>
<StgValue><ssdm name="_ssdm_op_SpecLoopName"/></StgValue>
</bind>
</comp>

<comp id="74" class="1001" name="const_74">
<pin_list>
<pin id="75" dir="1" index="0" bw="1" slack="2147483647"/>
</pin_list>
<bind>
<StgValue><ssdm name="empty_26"/></StgValue>
</bind>
</comp>

<comp id="76" class="1001" name="const_76">
<pin_list>
<pin id="77" dir="1" index="0" bw="1" slack="0"/>
</pin_list>
<bind>
<StgValue><ssdm name=""/></StgValue>
</bind>
</comp>

<comp id="78" class="1001" name="const_78">
<pin_list>
<pin id="79" dir="1" index="0" bw="1" slack="0"/>
</pin_list>
<bind>
<StgValue><ssdm name="_ssdm_op_Read.ap_fifo.volatile.i48P0A"/></StgValue>
</bind>
</comp>

<comp id="80" class="1001" name="const_80">
<pin_list>
<pin id="81" dir="1" index="0" bw="1" slack="0"/>
</pin_list>
<bind>
<StgValue><ssdm name="_ssdm_op_PartSelect.i8.i48.i32.i32"/></StgValue>
</bind>
</comp>

<comp id="82" class="1001" name="const_82">
<pin_list>
<pin id="83" dir="1" index="0" bw="1" slack="0"/>
</pin_list>
<bind>
<StgValue><ssdm name=""/></StgValue>
</bind>
</comp>

<comp id="84" class="1001" name="const_84">
<pin_list>
<pin id="85" dir="1" index="0" bw="1" slack="0"/>
</pin_list>
<bind>
<StgValue><ssdm name=""/></StgValue>
</bind>
</comp>

<comp id="86" class="1001" name="const_86">
<pin_list>
<pin id="87" dir="1" index="0" bw="1" slack="0"/>
</pin_list>
<bind>
<StgValue><ssdm name=""/></StgValue>
</bind>
</comp>

<comp id="88" class="1001" name="const_88">
<pin_list>
<pin id="89" dir="1" index="0" bw="1" slack="0"/>
</pin_list>
<bind>
<StgValue><ssdm name=""/></StgValue>
</bind>
</comp>

<comp id="90" class="1001" name="const_90">
<pin_list>
<pin id="91" dir="1" index="0" bw="1" slack="0"/>
</pin_list>
<bind>
<StgValue><ssdm name=""/></StgValue>
</bind>
</comp>

<comp id="92" class="1001" name="const_92">
<pin_list>
<pin id="93" dir="1" index="0" bw="1" slack="0"/>
</pin_list>
<bind>
<StgValue><ssdm name=""/></StgValue>
</bind>
</comp>

<comp id="94" class="1001" name="const_94">
<pin_list>
<pin id="95" dir="1" index="0" bw="1" slack="0"/>
</pin_list>
<bind>
<StgValue><ssdm name=""/></StgValue>
</bind>
</comp>

<comp id="96" class="1001" name="const_96">
<pin_list>
<pin id="97" dir="1" index="0" bw="1" slack="0"/>
</pin_list>
<bind>
<StgValue><ssdm name=""/></StgValue>
</bind>
</comp>

<comp id="98" class="1001" name="const_98">
<pin_list>
<pin id="99" dir="1" index="0" bw="1" slack="0"/>
</pin_list>
<bind>
<StgValue><ssdm name=""/></StgValue>
</bind>
</comp>

<comp id="100" class="1001" name="const_100">
<pin_list>
<pin id="101" dir="1" index="0" bw="1" slack="0"/>
</pin_list>
<bind>
<StgValue><ssdm name=""/></StgValue>
</bind>
</comp>

<comp id="102" class="1001" name="const_102">
<pin_list>
<pin id="103" dir="1" index="0" bw="1" slack="0"/>
</pin_list>
<bind>
<StgValue><ssdm name="_ssdm_op_BitConcatenate.i9.i1.i8"/></StgValue>
</bind>
</comp>

<comp id="104" class="1001" name="const_104">
<pin_list>
<pin id="105" dir="1" index="0" bw="1" slack="0"/>
</pin_list>
<bind>
<StgValue><ssdm name=""/></StgValue>
</bind>
</comp>

<comp id="106" class="1001" name="const_106">
<pin_list>
<pin id="107" dir="1" index="0" bw="1" slack="0"/>
</pin_list>
<bind>
<StgValue><ssdm name=""/></StgValue>
</bind>
</comp>

<comp id="108" class="1001" name="const_108">
<pin_list>
<pin id="109" dir="1" index="0" bw="1" slack="0"/>
</pin_list>
<bind>
<StgValue><ssdm name=""/></StgValue>
</bind>
</comp>

<comp id="110" class="1001" name="const_110">
<pin_list>
<pin id="111" dir="1" index="0" bw="1" slack="0"/>
</pin_list>
<bind>
<StgValue><ssdm name="_ssdm_op_BitConcatenate.i40.i8.i8.i8.i8.i8"/></StgValue>
</bind>
</comp>

<comp id="112" class="1001" name="const_112">
<pin_list>
<pin id="113" dir="1" index="0" bw="1" slack="0"/>
</pin_list>
<bind>
<StgValue><ssdm name="_ssdm_op_PartSet.i48.i48.i40.i32.i32"/></StgValue>
</bind>
</comp>

<comp id="114" class="1001" name="const_114">
<pin_list>
<pin id="115" dir="1" index="0" bw="1" slack="0"/>
</pin_list>
<bind>
<StgValue><ssdm name="_ssdm_op_Write.axis.volatile.i48P0A.i6P0A.i6P0A.i1P0A.i1P0A.i1P0A.i1P0A"/></StgValue>
</bind>
</comp>

<comp id="116" class="1001" name="const_116">
<pin_list>
<pin id="117" dir="1" index="0" bw="1" slack="0"/>
</pin_list>
<bind>
<StgValue><ssdm name=""/></StgValue>
</bind>
</comp>

<comp id="118" class="1001" name="const_118">
<pin_list>
<pin id="119" dir="1" index="0" bw="1" slack="0"/>
</pin_list>
<bind>
<StgValue><ssdm name=""/></StgValue>
</bind>
</comp>

<comp id="120" class="1001" name="const_120">
<pin_list>
<pin id="121" dir="1" index="0" bw="1" slack="0"/>
</pin_list>
<bind>
<StgValue><ssdm name=""/></StgValue>
</bind>
</comp>

<comp id="122" class="1001" name="const_122">
<pin_list>
<pin id="123" dir="1" index="0" bw="1" slack="0"/>
</pin_list>
<bind>
<StgValue><ssdm name="_ssdm_op_Write.ap_auto.i1P0A"/></StgValue>
</bind>
</comp>

<comp id="124" class="1004" name="j_fu_124">
<pin_list>
<pin id="125" dir="0" index="0" bw="1" slack="0"/>
<pin id="126" dir="1" index="1" bw="12" slack="0"/>
</pin_list>
<bind>
<opcode="alloca(26) " fcode="alloca"/>
<opset="j/1 "/>
</bind>
</comp>

<comp id="128" class="1004" name="sub_cast_read_read_fu_128">
<pin_list>
<pin id="129" dir="0" index="0" bw="12" slack="0"/>
<pin id="130" dir="0" index="1" bw="12" slack="0"/>
<pin id="131" dir="1" index="2" bw="12" slack="0"/>
</pin_list>
<bind>
<opcode="read(1150) " fcode="read"/>
<opset="sub_cast_read/1 "/>
</bind>
</comp>

<comp id="134" class="1004" name="colorFormat_load_read_read_fu_134">
<pin_list>
<pin id="135" dir="0" index="0" bw="8" slack="0"/>
<pin id="136" dir="0" index="1" bw="8" slack="0"/>
<pin id="137" dir="1" index="2" bw="8" slack="2"/>
</pin_list>
<bind>
<opcode="read(1150) " fcode="read"/>
<opset="colorFormat_load_read/1 "/>
</bind>
</comp>

<comp id="140" class="1004" name="div228_cast_read_read_fu_140">
<pin_list>
<pin id="141" dir="0" index="0" bw="12" slack="0"/>
<pin id="142" dir="0" index="1" bw="12" slack="0"/>
<pin id="143" dir="1" index="2" bw="12" slack="1"/>
</pin_list>
<bind>
<opcode="read(1150) " fcode="read"/>
<opset="div228_cast_read/1 "/>
</bind>
</comp>

<comp id="146" class="1004" name="sof_read_read_fu_146">
<pin_list>
<pin id="147" dir="0" index="0" bw="1" slack="0"/>
<pin id="148" dir="0" index="1" bw="1" slack="0"/>
<pin id="149" dir="1" index="2" bw="1" slack="1"/>
</pin_list>
<bind>
<opcode="read(1150) " fcode="read"/>
<opset="sof_read/1 "/>
</bind>
</comp>

<comp id="152" class="1004" name="ovrlayYUV_read_read_fu_152">
<pin_list>
<pin id="153" dir="0" index="0" bw="48" slack="0"/>
<pin id="154" dir="0" index="1" bw="48" slack="0"/>
<pin id="155" dir="1" index="2" bw="48" slack="0"/>
</pin_list>
<bind>
<opcode="read(1150) " fcode="read"/>
<opset="ovrlayYUV_read/3 "/>
</bind>
</comp>

<comp id="158" class="1004" name="write_ln990_write_fu_158">
<pin_list>
<pin id="159" dir="0" index="0" bw="0" slack="0"/>
<pin id="160" dir="0" index="1" bw="48" slack="0"/>
<pin id="161" dir="0" index="2" bw="6" slack="0"/>
<pin id="162" dir="0" index="3" bw="6" slack="0"/>
<pin id="163" dir="0" index="4" bw="1" slack="0"/>
<pin id="164" dir="0" index="5" bw="1" slack="0"/>
<pin id="165" dir="0" index="6" bw="1" slack="0"/>
<pin id="166" dir="0" index="7" bw="1" slack="0"/>
<pin id="167" dir="0" index="8" bw="48" slack="0"/>
<pin id="168" dir="0" index="9" bw="1" slack="0"/>
<pin id="169" dir="0" index="10" bw="1" slack="0"/>
<pin id="170" dir="0" index="11" bw="1" slack="1"/>
<pin id="171" dir="0" index="12" bw="1" slack="1"/>
<pin id="172" dir="0" index="13" bw="1" slack="0"/>
<pin id="173" dir="0" index="14" bw="1" slack="0"/>
<pin id="174" dir="1" index="15" bw="0" slack="2147483647"/>
</pin_list>
<bind>
<opcode="write(1151) " fcode="write"/>
<opset="write_ln990/3 "/>
</bind>
</comp>

<comp id="187" class="1004" name="write_ln991_write_fu_187">
<pin_list>
<pin id="188" dir="0" index="0" bw="0" slack="0"/>
<pin id="189" dir="0" index="1" bw="1" slack="0"/>
<pin id="190" dir="0" index="2" bw="1" slack="1"/>
<pin id="191" dir="1" index="3" bw="0" slack="2147483647"/>
</pin_list>
<bind>
<opcode="write(1151) " fcode="write"/>
<opset="write_ln991/4 "/>
</bind>
</comp>

<comp id="194" class="1005" name="sof_2_reg_194">
<pin_list>
<pin id="195" dir="0" index="0" bw="1" slack="1"/>
<pin id="196" dir="1" index="1" bw="1" slack="1"/>
</pin_list>
<bind>
<opset="sof_2 (phireg) "/>
</bind>
</comp>

<comp id="198" class="1004" name="sof_2_phi_fu_198">
<pin_list>
<pin id="199" dir="0" index="0" bw="1" slack="0"/>
<pin id="200" dir="0" index="1" bw="0" slack="2147483647"/>
<pin id="201" dir="0" index="2" bw="1" slack="1"/>
<pin id="202" dir="0" index="3" bw="0" slack="2147483647"/>
<pin id="203" dir="1" index="4" bw="1" slack="1"/>
</pin_list>
<bind>
<opcode="phi(47) " fcode="phi"/>
<opset="sof_2/2 "/>
</bind>
</comp>

<comp id="206" class="1005" name="phi_ln991_reg_206">
<pin_list>
<pin id="207" dir="0" index="0" bw="1" slack="1"/>
<pin id="208" dir="1" index="1" bw="1" slack="1"/>
</pin_list>
<bind>
<opset="phi_ln991 (phireg) "/>
</bind>
</comp>

<comp id="211" class="1004" name="phi_ln991_phi_fu_211">
<pin_list>
<pin id="212" dir="0" index="0" bw="1" slack="1"/>
<pin id="213" dir="0" index="1" bw="0" slack="2147483647"/>
<pin id="214" dir="0" index="2" bw="1" slack="1"/>
<pin id="215" dir="0" index="3" bw="0" slack="2147483647"/>
<pin id="216" dir="1" index="4" bw="1" slack="1"/>
</pin_list>
<bind>
<opcode="phi(47) " fcode="phi"/>
<opset="phi_ln991/2 "/>
</bind>
</comp>

<comp id="219" class="1004" name="sub_cast_cast_fu_219">
<pin_list>
<pin id="220" dir="0" index="0" bw="12" slack="0"/>
<pin id="221" dir="1" index="1" bw="13" slack="1"/>
</pin_list>
<bind>
<opcode="sext(35) " fcode="sext"/>
<opset="sub_cast_cast/1 "/>
</bind>
</comp>

<comp id="223" class="1004" name="store_ln0_store_fu_223">
<pin_list>
<pin id="224" dir="0" index="0" bw="1" slack="0"/>
<pin id="225" dir="0" index="1" bw="12" slack="0"/>
<pin id="226" dir="1" index="2" bw="0" slack="2147483647"/>
</pin_list>
<bind>
<opcode="store(28) " fcode="store"/>
<opset="store_ln0/1 "/>
</bind>
</comp>

<comp id="228" class="1004" name="j_1_load_fu_228">
<pin_list>
<pin id="229" dir="0" index="0" bw="12" slack="1"/>
<pin id="230" dir="1" index="1" bw="12" slack="0"/>
</pin_list>
<bind>
<opcode="load(27) " fcode="load"/>
<opset="j_1/2 "/>
</bind>
</comp>

<comp id="231" class="1004" name="zext_ln936_fu_231">
<pin_list>
<pin id="232" dir="0" index="0" bw="12" slack="0"/>
<pin id="233" dir="1" index="1" bw="13" slack="0"/>
</pin_list>
<bind>
<opcode="zext(34) " fcode="zext"/>
<opset="zext_ln936/2 "/>
</bind>
</comp>

<comp id="235" class="1004" name="icmp_ln936_fu_235">
<pin_list>
<pin id="236" dir="0" index="0" bw="12" slack="0"/>
<pin id="237" dir="0" index="1" bw="12" slack="1"/>
<pin id="238" dir="1" index="2" bw="1" slack="1"/>
</pin_list>
<bind>
<opcode="icmp(45) " fcode="icmp"/>
<opset="icmp_ln936/2 "/>
</bind>
</comp>

<comp id="240" class="1004" name="j_2_fu_240">
<pin_list>
<pin id="241" dir="0" index="0" bw="12" slack="0"/>
<pin id="242" dir="0" index="1" bw="1" slack="0"/>
<pin id="243" dir="1" index="2" bw="12" slack="0"/>
</pin_list>
<bind>
<opcode="add(8) " fcode="add"/>
<opset="j_2/2 "/>
</bind>
</comp>

<comp id="246" class="1004" name="axi_last_fu_246">
<pin_list>
<pin id="247" dir="0" index="0" bw="12" slack="0"/>
<pin id="248" dir="0" index="1" bw="12" slack="1"/>
<pin id="249" dir="1" index="2" bw="1" slack="1"/>
</pin_list>
<bind>
<opcode="icmp(45) " fcode="icmp"/>
<opset="axi_last/2 "/>
</bind>
</comp>

<comp id="251" class="1004" name="counter_loc_1_out_load_load_fu_251">
<pin_list>
<pin id="252" dir="0" index="0" bw="16" slack="0"/>
<pin id="253" dir="1" index="1" bw="16" slack="0"/>
</pin_list>
<bind>
<opcode="load(27) " fcode="load"/>
<opset="counter_loc_1_out_load/2 "/>
</bind>
</comp>

<comp id="255" class="1004" name="add_ln960_fu_255">
<pin_list>
<pin id="256" dir="0" index="0" bw="16" slack="0"/>
<pin id="257" dir="0" index="1" bw="1" slack="0"/>
<pin id="258" dir="1" index="2" bw="16" slack="0"/>
</pin_list>
<bind>
<opcode="add(8) " fcode="add"/>
<opset="add_ln960/2 "/>
</bind>
</comp>

<comp id="261" class="1004" name="store_ln960_store_fu_261">
<pin_list>
<pin id="262" dir="0" index="0" bw="16" slack="0"/>
<pin id="263" dir="0" index="1" bw="16" slack="0"/>
<pin id="264" dir="1" index="2" bw="0" slack="2147483647"/>
</pin_list>
<bind>
<opcode="store(28) " fcode="store"/>
<opset="store_ln960/2 "/>
</bind>
</comp>

<comp id="267" class="1004" name="store_ln961_store_fu_267">
<pin_list>
<pin id="268" dir="0" index="0" bw="16" slack="0"/>
<pin id="269" dir="0" index="1" bw="16" slack="0"/>
<pin id="270" dir="1" index="2" bw="0" slack="2147483647"/>
</pin_list>
<bind>
<opcode="store(28) " fcode="store"/>
<opset="store_ln961/2 "/>
</bind>
</comp>

<comp id="273" class="1004" name="store_ln936_store_fu_273">
<pin_list>
<pin id="274" dir="0" index="0" bw="12" slack="0"/>
<pin id="275" dir="0" index="1" bw="12" slack="1"/>
<pin id="276" dir="1" index="2" bw="0" slack="2147483647"/>
</pin_list>
<bind>
<opcode="store(28) " fcode="store"/>
<opset="store_ln936/2 "/>
</bind>
</comp>

<comp id="278" class="1004" name="counter_loc_1_out_load_1_load_fu_278">
<pin_list>
<pin id="279" dir="0" index="0" bw="16" slack="0"/>
<pin id="280" dir="1" index="1" bw="16" slack="0"/>
</pin_list>
<bind>
<opcode="load(27) " fcode="load"/>
<opset="counter_loc_1_out_load_1/3 "/>
</bind>
</comp>

<comp id="282" class="1004" name="trunc_ln963_fu_282">
<pin_list>
<pin id="283" dir="0" index="0" bw="16" slack="0"/>
<pin id="284" dir="1" index="1" bw="1" slack="1"/>
</pin_list>
<bind>
<opcode="trunc(33) " fcode="trunc"/>
<opset="trunc_ln963/3 "/>
</bind>
</comp>

<comp id="286" class="1004" name="pix_444_fu_286">
<pin_list>
<pin id="287" dir="0" index="0" bw="48" slack="0"/>
<pin id="288" dir="1" index="1" bw="8" slack="0"/>
</pin_list>
<bind>
<opcode="trunc(33) " fcode="trunc"/>
<opset="pix_444/3 "/>
</bind>
</comp>

<comp id="290" class="1004" name="pix_rgb_fu_290">
<pin_list>
<pin id="291" dir="0" index="0" bw="8" slack="0"/>
<pin id="292" dir="0" index="1" bw="48" slack="0"/>
<pin id="293" dir="0" index="2" bw="7" slack="0"/>
<pin id="294" dir="0" index="3" bw="7" slack="0"/>
<pin id="295" dir="1" index="4" bw="8" slack="0"/>
</pin_list>
<bind>
<opcode="partselect(1002) " fcode="partselect"/>
<opset="pix_rgb/3 "/>
</bind>
</comp>

<comp id="300" class="1004" name="pix_rgb_6_fu_300">
<pin_list>
<pin id="301" dir="0" index="0" bw="8" slack="0"/>
<pin id="302" dir="0" index="1" bw="48" slack="0"/>
<pin id="303" dir="0" index="2" bw="7" slack="0"/>
<pin id="304" dir="0" index="3" bw="7" slack="0"/>
<pin id="305" dir="1" index="4" bw="8" slack="0"/>
</pin_list>
<bind>
<opcode="partselect(1002) " fcode="partselect"/>
<opset="pix_rgb_6/3 "/>
</bind>
</comp>

<comp id="310" class="1004" name="pix_rgb_4_fu_310">
<pin_list>
<pin id="311" dir="0" index="0" bw="8" slack="0"/>
<pin id="312" dir="0" index="1" bw="48" slack="0"/>
<pin id="313" dir="0" index="2" bw="5" slack="0"/>
<pin id="314" dir="0" index="3" bw="5" slack="0"/>
<pin id="315" dir="1" index="4" bw="8" slack="0"/>
</pin_list>
<bind>
<opcode="partselect(1002) " fcode="partselect"/>
<opset="pix_rgb_4/3 "/>
</bind>
</comp>

<comp id="320" class="1004" name="pix_rgb_5_fu_320">
<pin_list>
<pin id="321" dir="0" index="0" bw="8" slack="0"/>
<pin id="322" dir="0" index="1" bw="48" slack="0"/>
<pin id="323" dir="0" index="2" bw="6" slack="0"/>
<pin id="324" dir="0" index="3" bw="6" slack="0"/>
<pin id="325" dir="1" index="4" bw="8" slack="0"/>
</pin_list>
<bind>
<opcode="partselect(1002) " fcode="partselect"/>
<opset="pix_rgb_5/3 "/>
</bind>
</comp>

<comp id="330" class="1004" name="pix_422_fu_330">
<pin_list>
<pin id="331" dir="0" index="0" bw="8" slack="0"/>
<pin id="332" dir="0" index="1" bw="48" slack="0"/>
<pin id="333" dir="0" index="2" bw="6" slack="0"/>
<pin id="334" dir="0" index="3" bw="6" slack="0"/>
<pin id="335" dir="1" index="4" bw="8" slack="0"/>
</pin_list>
<bind>
<opcode="partselect(1002) " fcode="partselect"/>
<opset="pix_422/3 "/>
</bind>
</comp>

<comp id="340" class="1004" name="axi_data_fu_340">
<pin_list>
<pin id="341" dir="0" index="0" bw="9" slack="0"/>
<pin id="342" dir="0" index="1" bw="1" slack="0"/>
<pin id="343" dir="0" index="2" bw="8" slack="0"/>
<pin id="344" dir="1" index="3" bw="9" slack="0"/>
</pin_list>
<bind>
<opcode="bitconcatenate(1004) " fcode="bitconcatenate"/>
<opset="axi_data/3 "/>
</bind>
</comp>

<comp id="348" class="1004" name="axi_data_1_fu_348">
<pin_list>
<pin id="349" dir="0" index="0" bw="9" slack="0"/>
<pin id="350" dir="0" index="1" bw="1" slack="0"/>
<pin id="351" dir="0" index="2" bw="8" slack="0"/>
<pin id="352" dir="1" index="3" bw="9" slack="0"/>
</pin_list>
<bind>
<opcode="bitconcatenate(1004) " fcode="bitconcatenate"/>
<opset="axi_data_1/3 "/>
</bind>
</comp>

<comp id="356" class="1004" name="icmp_ln975_fu_356">
<pin_list>
<pin id="357" dir="0" index="0" bw="8" slack="2"/>
<pin id="358" dir="0" index="1" bw="1" slack="0"/>
<pin id="359" dir="1" index="2" bw="1" slack="0"/>
</pin_list>
<bind>
<opcode="icmp(45) " fcode="icmp"/>
<opset="icmp_ln975/3 "/>
</bind>
</comp>

<comp id="361" class="1004" name="icmp_ln975_1_fu_361">
<pin_list>
<pin id="362" dir="0" index="0" bw="8" slack="2"/>
<pin id="363" dir="0" index="1" bw="1" slack="0"/>
<pin id="364" dir="1" index="2" bw="1" slack="0"/>
</pin_list>
<bind>
<opcode="icmp(45) " fcode="icmp"/>
<opset="icmp_ln975_1/3 "/>
</bind>
</comp>

<comp id="366" class="1004" name="axi_data_2_fu_366">
<pin_list>
<pin id="367" dir="0" index="0" bw="1" slack="0"/>
<pin id="368" dir="0" index="1" bw="9" slack="0"/>
<pin id="369" dir="0" index="2" bw="9" slack="0"/>
<pin id="370" dir="1" index="3" bw="9" slack="0"/>
</pin_list>
<bind>
<opcode="select(49) " fcode="select"/>
<opset="axi_data_2/3 "/>
</bind>
</comp>

<comp id="374" class="1004" name="sext_ln880_fu_374">
<pin_list>
<pin id="375" dir="0" index="0" bw="9" slack="0"/>
<pin id="376" dir="1" index="1" bw="48" slack="0"/>
</pin_list>
<bind>
<opcode="sext(35) " fcode="sext"/>
<opset="sext_ln880/3 "/>
</bind>
</comp>

<comp id="378" class="1004" name="select_ln975_fu_378">
<pin_list>
<pin id="379" dir="0" index="0" bw="1" slack="0"/>
<pin id="380" dir="0" index="1" bw="8" slack="0"/>
<pin id="381" dir="0" index="2" bw="8" slack="0"/>
<pin id="382" dir="1" index="3" bw="8" slack="0"/>
</pin_list>
<bind>
<opcode="select(49) " fcode="select"/>
<opset="select_ln975/3 "/>
</bind>
</comp>

<comp id="386" class="1004" name="select_ln975_1_fu_386">
<pin_list>
<pin id="387" dir="0" index="0" bw="1" slack="0"/>
<pin id="388" dir="0" index="1" bw="8" slack="0"/>
<pin id="389" dir="0" index="2" bw="8" slack="0"/>
<pin id="390" dir="1" index="3" bw="8" slack="0"/>
</pin_list>
<bind>
<opcode="select(49) " fcode="select"/>
<opset="select_ln975_1/3 "/>
</bind>
</comp>

<comp id="394" class="1004" name="select_ln975_2_fu_394">
<pin_list>
<pin id="395" dir="0" index="0" bw="1" slack="0"/>
<pin id="396" dir="0" index="1" bw="8" slack="0"/>
<pin id="397" dir="0" index="2" bw="8" slack="0"/>
<pin id="398" dir="1" index="3" bw="8" slack="0"/>
</pin_list>
<bind>
<opcode="select(49) " fcode="select"/>
<opset="select_ln975_2/3 "/>
</bind>
</comp>

<comp id="402" class="1004" name="select_ln975_3_fu_402">
<pin_list>
<pin id="403" dir="0" index="0" bw="1" slack="0"/>
<pin id="404" dir="0" index="1" bw="8" slack="0"/>
<pin id="405" dir="0" index="2" bw="8" slack="0"/>
<pin id="406" dir="1" index="3" bw="8" slack="0"/>
</pin_list>
<bind>
<opcode="select(49) " fcode="select"/>
<opset="select_ln975_3/3 "/>
</bind>
</comp>

<comp id="410" class="1004" name="select_ln975_4_fu_410">
<pin_list>
<pin id="411" dir="0" index="0" bw="1" slack="0"/>
<pin id="412" dir="0" index="1" bw="8" slack="0"/>
<pin id="413" dir="0" index="2" bw="8" slack="0"/>
<pin id="414" dir="1" index="3" bw="8" slack="0"/>
</pin_list>
<bind>
<opcode="select(49) " fcode="select"/>
<opset="select_ln975_4/3 "/>
</bind>
</comp>

<comp id="418" class="1004" name="select_ln975_5_fu_418">
<pin_list>
<pin id="419" dir="0" index="0" bw="1" slack="0"/>
<pin id="420" dir="0" index="1" bw="8" slack="0"/>
<pin id="421" dir="0" index="2" bw="8" slack="0"/>
<pin id="422" dir="1" index="3" bw="8" slack="0"/>
</pin_list>
<bind>
<opcode="select(49) " fcode="select"/>
<opset="select_ln975_5/3 "/>
</bind>
</comp>

<comp id="426" class="1004" name="select_ln975_6_fu_426">
<pin_list>
<pin id="427" dir="0" index="0" bw="1" slack="0"/>
<pin id="428" dir="0" index="1" bw="8" slack="0"/>
<pin id="429" dir="0" index="2" bw="8" slack="0"/>
<pin id="430" dir="1" index="3" bw="8" slack="0"/>
</pin_list>
<bind>
<opcode="select(49) " fcode="select"/>
<opset="select_ln975_6/3 "/>
</bind>
</comp>

<comp id="434" class="1004" name="select_ln975_7_fu_434">
<pin_list>
<pin id="435" dir="0" index="0" bw="1" slack="0"/>
<pin id="436" dir="0" index="1" bw="8" slack="0"/>
<pin id="437" dir="0" index="2" bw="8" slack="0"/>
<pin id="438" dir="1" index="3" bw="8" slack="0"/>
</pin_list>
<bind>
<opcode="select(49) " fcode="select"/>
<opset="select_ln975_7/3 "/>
</bind>
</comp>

<comp id="442" class="1004" name="select_ln975_8_fu_442">
<pin_list>
<pin id="443" dir="0" index="0" bw="1" slack="0"/>
<pin id="444" dir="0" index="1" bw="8" slack="0"/>
<pin id="445" dir="0" index="2" bw="8" slack="0"/>
<pin id="446" dir="1" index="3" bw="8" slack="0"/>
</pin_list>
<bind>
<opcode="select(49) " fcode="select"/>
<opset="select_ln975_8/3 "/>
</bind>
</comp>

<comp id="450" class="1004" name="tmp_s_fu_450">
<pin_list>
<pin id="451" dir="0" index="0" bw="40" slack="0"/>
<pin id="452" dir="0" index="1" bw="8" slack="0"/>
<pin id="453" dir="0" index="2" bw="8" slack="0"/>
<pin id="454" dir="0" index="3" bw="8" slack="0"/>
<pin id="455" dir="0" index="4" bw="8" slack="0"/>
<pin id="456" dir="0" index="5" bw="8" slack="0"/>
<pin id="457" dir="1" index="6" bw="40" slack="0"/>
</pin_list>
<bind>
<opcode="bitconcatenate(1004) " fcode="bitconcatenate"/>
<opset="tmp_s/3 "/>
</bind>
</comp>

<comp id="464" class="1004" name="axi_data_3_fu_464">
<pin_list>
<pin id="465" dir="0" index="0" bw="48" slack="0"/>
<pin id="466" dir="0" index="1" bw="9" slack="0"/>
<pin id="467" dir="0" index="2" bw="40" slack="0"/>
<pin id="468" dir="0" index="3" bw="5" slack="0"/>
<pin id="469" dir="0" index="4" bw="7" slack="0"/>
<pin id="470" dir="1" index="5" bw="48" slack="0"/>
</pin_list>
<bind>
<opcode="partset(1003) " fcode="partset"/>
<opset="axi_data_3/3 "/>
</bind>
</comp>

<comp id="477" class="1005" name="j_reg_477">
<pin_list>
<pin id="478" dir="0" index="0" bw="12" slack="0"/>
<pin id="479" dir="1" index="1" bw="12" slack="0"/>
</pin_list>
<bind>
<opset="j "/>
</bind>
</comp>

<comp id="484" class="1005" name="colorFormat_load_read_reg_484">
<pin_list>
<pin id="485" dir="0" index="0" bw="8" slack="2"/>
<pin id="486" dir="1" index="1" bw="8" slack="2"/>
</pin_list>
<bind>
<opset="colorFormat_load_read "/>
</bind>
</comp>

<comp id="490" class="1005" name="div228_cast_read_reg_490">
<pin_list>
<pin id="491" dir="0" index="0" bw="12" slack="1"/>
<pin id="492" dir="1" index="1" bw="12" slack="1"/>
</pin_list>
<bind>
<opset="div228_cast_read "/>
</bind>
</comp>

<comp id="495" class="1005" name="sof_read_reg_495">
<pin_list>
<pin id="496" dir="0" index="0" bw="1" slack="1"/>
<pin id="497" dir="1" index="1" bw="1" slack="1"/>
</pin_list>
<bind>
<opset="sof_read "/>
</bind>
</comp>

<comp id="500" class="1005" name="sub_cast_cast_reg_500">
<pin_list>
<pin id="501" dir="0" index="0" bw="13" slack="1"/>
<pin id="502" dir="1" index="1" bw="13" slack="1"/>
</pin_list>
<bind>
<opset="sub_cast_cast "/>
</bind>
</comp>

<comp id="505" class="1005" name="icmp_ln936_reg_505">
<pin_list>
<pin id="506" dir="0" index="0" bw="1" slack="1"/>
<pin id="507" dir="1" index="1" bw="1" slack="2147483647"/>
</pin_list>
<bind>
<opset="icmp_ln936 "/>
</bind>
</comp>

<comp id="509" class="1005" name="axi_last_reg_509">
<pin_list>
<pin id="510" dir="0" index="0" bw="1" slack="1"/>
<pin id="511" dir="1" index="1" bw="1" slack="1"/>
</pin_list>
<bind>
<opset="axi_last "/>
</bind>
</comp>

<comp id="514" class="1005" name="trunc_ln963_reg_514">
<pin_list>
<pin id="515" dir="0" index="0" bw="1" slack="1"/>
<pin id="516" dir="1" index="1" bw="1" slack="1"/>
</pin_list>
<bind>
<opset="trunc_ln963 "/>
</bind>
</comp>

</comp_list>

<net_list>
<net id="127"><net_src comp="30" pin="0"/><net_sink comp="124" pin=0"/></net>

<net id="132"><net_src comp="32" pin="0"/><net_sink comp="128" pin=0"/></net>

<net id="133"><net_src comp="22" pin="0"/><net_sink comp="128" pin=1"/></net>

<net id="138"><net_src comp="34" pin="0"/><net_sink comp="134" pin=0"/></net>

<net id="139"><net_src comp="6" pin="0"/><net_sink comp="134" pin=1"/></net>

<net id="144"><net_src comp="32" pin="0"/><net_sink comp="140" pin=0"/></net>

<net id="145"><net_src comp="2" pin="0"/><net_sink comp="140" pin=1"/></net>

<net id="150"><net_src comp="36" pin="0"/><net_sink comp="146" pin=0"/></net>

<net id="151"><net_src comp="0" pin="0"/><net_sink comp="146" pin=1"/></net>

<net id="156"><net_src comp="78" pin="0"/><net_sink comp="152" pin=0"/></net>

<net id="157"><net_src comp="4" pin="0"/><net_sink comp="152" pin=1"/></net>

<net id="175"><net_src comp="114" pin="0"/><net_sink comp="158" pin=0"/></net>

<net id="176"><net_src comp="8" pin="0"/><net_sink comp="158" pin=1"/></net>

<net id="177"><net_src comp="10" pin="0"/><net_sink comp="158" pin=2"/></net>

<net id="178"><net_src comp="12" pin="0"/><net_sink comp="158" pin=3"/></net>

<net id="179"><net_src comp="14" pin="0"/><net_sink comp="158" pin=4"/></net>

<net id="180"><net_src comp="16" pin="0"/><net_sink comp="158" pin=5"/></net>

<net id="181"><net_src comp="18" pin="0"/><net_sink comp="158" pin=6"/></net>

<net id="182"><net_src comp="20" pin="0"/><net_sink comp="158" pin=7"/></net>

<net id="183"><net_src comp="116" pin="0"/><net_sink comp="158" pin=9"/></net>

<net id="184"><net_src comp="118" pin="0"/><net_sink comp="158" pin=10"/></net>

<net id="185"><net_src comp="120" pin="0"/><net_sink comp="158" pin=13"/></net>

<net id="186"><net_src comp="120" pin="0"/><net_sink comp="158" pin=14"/></net>

<net id="192"><net_src comp="122" pin="0"/><net_sink comp="187" pin=0"/></net>

<net id="193"><net_src comp="26" pin="0"/><net_sink comp="187" pin=1"/></net>

<net id="197"><net_src comp="194" pin="1"/><net_sink comp="158" pin=11"/></net>

<net id="204"><net_src comp="58" pin="0"/><net_sink comp="198" pin=0"/></net>

<net id="205"><net_src comp="198" pin="4"/><net_sink comp="194" pin=0"/></net>

<net id="209"><net_src comp="58" pin="0"/><net_sink comp="206" pin=0"/></net>

<net id="210"><net_src comp="206" pin="1"/><net_sink comp="187" pin=2"/></net>

<net id="217"><net_src comp="206" pin="1"/><net_sink comp="211" pin=2"/></net>

<net id="218"><net_src comp="211" pin="4"/><net_sink comp="206" pin=0"/></net>

<net id="222"><net_src comp="128" pin="2"/><net_sink comp="219" pin=0"/></net>

<net id="227"><net_src comp="56" pin="0"/><net_sink comp="223" pin=0"/></net>

<net id="234"><net_src comp="228" pin="1"/><net_sink comp="231" pin=0"/></net>

<net id="239"><net_src comp="228" pin="1"/><net_sink comp="235" pin=0"/></net>

<net id="244"><net_src comp="228" pin="1"/><net_sink comp="240" pin=0"/></net>

<net id="245"><net_src comp="68" pin="0"/><net_sink comp="240" pin=1"/></net>

<net id="250"><net_src comp="231" pin="1"/><net_sink comp="246" pin=0"/></net>

<net id="254"><net_src comp="24" pin="0"/><net_sink comp="251" pin=0"/></net>

<net id="259"><net_src comp="251" pin="1"/><net_sink comp="255" pin=0"/></net>

<net id="260"><net_src comp="76" pin="0"/><net_sink comp="255" pin=1"/></net>

<net id="265"><net_src comp="255" pin="2"/><net_sink comp="261" pin=0"/></net>

<net id="266"><net_src comp="28" pin="0"/><net_sink comp="261" pin=1"/></net>

<net id="271"><net_src comp="255" pin="2"/><net_sink comp="267" pin=0"/></net>

<net id="272"><net_src comp="24" pin="0"/><net_sink comp="267" pin=1"/></net>

<net id="277"><net_src comp="240" pin="2"/><net_sink comp="273" pin=0"/></net>

<net id="281"><net_src comp="24" pin="0"/><net_sink comp="278" pin=0"/></net>

<net id="285"><net_src comp="278" pin="1"/><net_sink comp="282" pin=0"/></net>

<net id="289"><net_src comp="152" pin="2"/><net_sink comp="286" pin=0"/></net>

<net id="296"><net_src comp="80" pin="0"/><net_sink comp="290" pin=0"/></net>

<net id="297"><net_src comp="152" pin="2"/><net_sink comp="290" pin=1"/></net>

<net id="298"><net_src comp="82" pin="0"/><net_sink comp="290" pin=2"/></net>

<net id="299"><net_src comp="84" pin="0"/><net_sink comp="290" pin=3"/></net>

<net id="306"><net_src comp="80" pin="0"/><net_sink comp="300" pin=0"/></net>

<net id="307"><net_src comp="152" pin="2"/><net_sink comp="300" pin=1"/></net>

<net id="308"><net_src comp="86" pin="0"/><net_sink comp="300" pin=2"/></net>

<net id="309"><net_src comp="88" pin="0"/><net_sink comp="300" pin=3"/></net>

<net id="316"><net_src comp="80" pin="0"/><net_sink comp="310" pin=0"/></net>

<net id="317"><net_src comp="152" pin="2"/><net_sink comp="310" pin=1"/></net>

<net id="318"><net_src comp="90" pin="0"/><net_sink comp="310" pin=2"/></net>

<net id="319"><net_src comp="92" pin="0"/><net_sink comp="310" pin=3"/></net>

<net id="326"><net_src comp="80" pin="0"/><net_sink comp="320" pin=0"/></net>

<net id="327"><net_src comp="152" pin="2"/><net_sink comp="320" pin=1"/></net>

<net id="328"><net_src comp="94" pin="0"/><net_sink comp="320" pin=2"/></net>

<net id="329"><net_src comp="96" pin="0"/><net_sink comp="320" pin=3"/></net>

<net id="336"><net_src comp="80" pin="0"/><net_sink comp="330" pin=0"/></net>

<net id="337"><net_src comp="152" pin="2"/><net_sink comp="330" pin=1"/></net>

<net id="338"><net_src comp="98" pin="0"/><net_sink comp="330" pin=2"/></net>

<net id="339"><net_src comp="100" pin="0"/><net_sink comp="330" pin=3"/></net>

<net id="345"><net_src comp="102" pin="0"/><net_sink comp="340" pin=0"/></net>

<net id="346"><net_src comp="104" pin="0"/><net_sink comp="340" pin=1"/></net>

<net id="347"><net_src comp="286" pin="1"/><net_sink comp="340" pin=2"/></net>

<net id="353"><net_src comp="102" pin="0"/><net_sink comp="348" pin=0"/></net>

<net id="354"><net_src comp="104" pin="0"/><net_sink comp="348" pin=1"/></net>

<net id="355"><net_src comp="310" pin="4"/><net_sink comp="348" pin=2"/></net>

<net id="360"><net_src comp="106" pin="0"/><net_sink comp="356" pin=1"/></net>

<net id="365"><net_src comp="108" pin="0"/><net_sink comp="361" pin=1"/></net>

<net id="371"><net_src comp="361" pin="2"/><net_sink comp="366" pin=0"/></net>

<net id="372"><net_src comp="348" pin="3"/><net_sink comp="366" pin=1"/></net>

<net id="373"><net_src comp="340" pin="3"/><net_sink comp="366" pin=2"/></net>

<net id="377"><net_src comp="366" pin="3"/><net_sink comp="374" pin=0"/></net>

<net id="383"><net_src comp="361" pin="2"/><net_sink comp="378" pin=0"/></net>

<net id="384"><net_src comp="320" pin="4"/><net_sink comp="378" pin=1"/></net>

<net id="385"><net_src comp="310" pin="4"/><net_sink comp="378" pin=2"/></net>

<net id="391"><net_src comp="356" pin="2"/><net_sink comp="386" pin=0"/></net>

<net id="392"><net_src comp="320" pin="4"/><net_sink comp="386" pin=1"/></net>

<net id="393"><net_src comp="330" pin="4"/><net_sink comp="386" pin=2"/></net>

<net id="399"><net_src comp="361" pin="2"/><net_sink comp="394" pin=0"/></net>

<net id="400"><net_src comp="286" pin="1"/><net_sink comp="394" pin=1"/></net>

<net id="401"><net_src comp="386" pin="3"/><net_sink comp="394" pin=2"/></net>

<net id="407"><net_src comp="356" pin="2"/><net_sink comp="402" pin=0"/></net>

<net id="408"><net_src comp="330" pin="4"/><net_sink comp="402" pin=1"/></net>

<net id="409"><net_src comp="290" pin="4"/><net_sink comp="402" pin=2"/></net>

<net id="415"><net_src comp="361" pin="2"/><net_sink comp="410" pin=0"/></net>

<net id="416"><net_src comp="290" pin="4"/><net_sink comp="410" pin=1"/></net>

<net id="417"><net_src comp="402" pin="3"/><net_sink comp="410" pin=2"/></net>

<net id="423"><net_src comp="356" pin="2"/><net_sink comp="418" pin=0"/></net>

<net id="424"><net_src comp="290" pin="4"/><net_sink comp="418" pin=1"/></net>

<net id="425"><net_src comp="300" pin="4"/><net_sink comp="418" pin=2"/></net>

<net id="431"><net_src comp="361" pin="2"/><net_sink comp="426" pin=0"/></net>

<net id="432"><net_src comp="300" pin="4"/><net_sink comp="426" pin=1"/></net>

<net id="433"><net_src comp="418" pin="3"/><net_sink comp="426" pin=2"/></net>

<net id="439"><net_src comp="356" pin="2"/><net_sink comp="434" pin=0"/></net>

<net id="440"><net_src comp="300" pin="4"/><net_sink comp="434" pin=1"/></net>

<net id="441"><net_src comp="320" pin="4"/><net_sink comp="434" pin=2"/></net>

<net id="447"><net_src comp="361" pin="2"/><net_sink comp="442" pin=0"/></net>

<net id="448"><net_src comp="330" pin="4"/><net_sink comp="442" pin=1"/></net>

<net id="449"><net_src comp="434" pin="3"/><net_sink comp="442" pin=2"/></net>

<net id="458"><net_src comp="110" pin="0"/><net_sink comp="450" pin=0"/></net>

<net id="459"><net_src comp="442" pin="3"/><net_sink comp="450" pin=1"/></net>

<net id="460"><net_src comp="426" pin="3"/><net_sink comp="450" pin=2"/></net>

<net id="461"><net_src comp="410" pin="3"/><net_sink comp="450" pin=3"/></net>

<net id="462"><net_src comp="394" pin="3"/><net_sink comp="450" pin=4"/></net>

<net id="463"><net_src comp="378" pin="3"/><net_sink comp="450" pin=5"/></net>

<net id="471"><net_src comp="112" pin="0"/><net_sink comp="464" pin=0"/></net>

<net id="472"><net_src comp="374" pin="1"/><net_sink comp="464" pin=1"/></net>

<net id="473"><net_src comp="450" pin="6"/><net_sink comp="464" pin=2"/></net>

<net id="474"><net_src comp="90" pin="0"/><net_sink comp="464" pin=3"/></net>

<net id="475"><net_src comp="88" pin="0"/><net_sink comp="464" pin=4"/></net>

<net id="476"><net_src comp="464" pin="5"/><net_sink comp="158" pin=8"/></net>

<net id="480"><net_src comp="124" pin="1"/><net_sink comp="477" pin=0"/></net>

<net id="481"><net_src comp="477" pin="1"/><net_sink comp="223" pin=1"/></net>

<net id="482"><net_src comp="477" pin="1"/><net_sink comp="228" pin=0"/></net>

<net id="483"><net_src comp="477" pin="1"/><net_sink comp="273" pin=1"/></net>

<net id="487"><net_src comp="134" pin="2"/><net_sink comp="484" pin=0"/></net>

<net id="488"><net_src comp="484" pin="1"/><net_sink comp="356" pin=0"/></net>

<net id="489"><net_src comp="484" pin="1"/><net_sink comp="361" pin=0"/></net>

<net id="493"><net_src comp="140" pin="2"/><net_sink comp="490" pin=0"/></net>

<net id="494"><net_src comp="490" pin="1"/><net_sink comp="235" pin=1"/></net>

<net id="498"><net_src comp="146" pin="2"/><net_sink comp="495" pin=0"/></net>

<net id="499"><net_src comp="495" pin="1"/><net_sink comp="198" pin=2"/></net>

<net id="503"><net_src comp="219" pin="1"/><net_sink comp="500" pin=0"/></net>

<net id="504"><net_src comp="500" pin="1"/><net_sink comp="246" pin=1"/></net>

<net id="508"><net_src comp="235" pin="2"/><net_sink comp="505" pin=0"/></net>

<net id="512"><net_src comp="246" pin="2"/><net_sink comp="509" pin=0"/></net>

<net id="513"><net_src comp="509" pin="1"/><net_sink comp="158" pin=12"/></net>

<net id="517"><net_src comp="282" pin="1"/><net_sink comp="514" pin=0"/></net>

<net id="518"><net_src comp="514" pin="1"/><net_sink comp="211" pin=0"/></net>

</net_list>

</model> 
---------------- Datapath Model END ------------------

* FSMD analyzer results:
  - Output states:
	Port: m_axis_video_V_data_V | {3 }
	Port: m_axis_video_V_keep_V | {3 }
	Port: m_axis_video_V_strb_V | {3 }
	Port: m_axis_video_V_user_V | {3 }
	Port: m_axis_video_V_last_V | {3 }
	Port: m_axis_video_V_id_V | {3 }
	Port: m_axis_video_V_dest_V | {3 }
	Port: counter_loc_1_out | {2 }
	Port: phi_ln991_out | {4 }
	Port: counter | {2 }
 - Input state : 
	Port: MultiPixStream2AXIvideo_Pipeline_VITIS_LOOP_936_2 : sof | {1 }
	Port: MultiPixStream2AXIvideo_Pipeline_VITIS_LOOP_936_2 : div228_cast | {1 }
	Port: MultiPixStream2AXIvideo_Pipeline_VITIS_LOOP_936_2 : ovrlayYUV | {3 }
	Port: MultiPixStream2AXIvideo_Pipeline_VITIS_LOOP_936_2 : colorFormat_load | {1 }
	Port: MultiPixStream2AXIvideo_Pipeline_VITIS_LOOP_936_2 : sub_cast | {1 }
	Port: MultiPixStream2AXIvideo_Pipeline_VITIS_LOOP_936_2 : counter_loc_1_out | {2 3 }
  - Chain level:
	State 1
		store_ln0 : 1
	State 2
		zext_ln936 : 1
		icmp_ln936 : 1
		j_2 : 1
		br_ln936 : 2
		axi_last : 2
		br_ln958 : 1
		add_ln960 : 1
		store_ln960 : 2
		store_ln961 : 2
		store_ln936 : 2
	State 3
		trunc_ln963 : 1
		axi_data : 1
		axi_data_1 : 1
		axi_data_2 : 2
		sext_ln880 : 3
		select_ln975 : 1
		select_ln975_1 : 1
		select_ln975_2 : 2
		select_ln975_3 : 1
		select_ln975_4 : 2
		select_ln975_5 : 1
		select_ln975_6 : 2
		select_ln975_7 : 1
		select_ln975_8 : 2
		tmp_s : 3
		axi_data_3 : 4
		write_ln990 : 5
	State 4
	State 5


============================================================
+ Verbose Summary: Datapath Resource usage 
============================================================

* Functional unit list:
|----------|-----------------------------------|---------|---------|
| Operation|          Functional Unit          |    FF   |   LUT   |
|----------|-----------------------------------|---------|---------|
|          |         axi_data_2_fu_366         |    0    |    9    |
|          |        select_ln975_fu_378        |    0    |    8    |
|          |       select_ln975_1_fu_386       |    0    |    8    |
|          |       select_ln975_2_fu_394       |    0    |    8    |
|  select  |       select_ln975_3_fu_402       |    0    |    8    |
|          |       select_ln975_4_fu_410       |    0    |    8    |
|          |       select_ln975_5_fu_418       |    0    |    8    |
|          |       select_ln975_6_fu_426       |    0    |    8    |
|          |       select_ln975_7_fu_434       |    0    |    8    |
|          |       select_ln975_8_fu_442       |    0    |    8    |
|----------|-----------------------------------|---------|---------|
|          |         icmp_ln936_fu_235         |    0    |    19   |
|   icmp   |          axi_last_fu_246          |    0    |    19   |
|          |         icmp_ln975_fu_356         |    0    |    15   |
|          |        icmp_ln975_1_fu_361        |    0    |    15   |
|----------|-----------------------------------|---------|---------|
|    add   |             j_2_fu_240            |    0    |    19   |
|          |          add_ln960_fu_255         |    0    |    23   |
|----------|-----------------------------------|---------|---------|
|          |     sub_cast_read_read_fu_128     |    0    |    0    |
|          | colorFormat_load_read_read_fu_134 |    0    |    0    |
|   read   |    div228_cast_read_read_fu_140   |    0    |    0    |
|          |        sof_read_read_fu_146       |    0    |    0    |
|          |     ovrlayYUV_read_read_fu_152    |    0    |    0    |
|----------|-----------------------------------|---------|---------|
|   write  |      write_ln990_write_fu_158     |    0    |    0    |
|          |      write_ln991_write_fu_187     |    0    |    0    |
|----------|-----------------------------------|---------|---------|
|   sext   |        sub_cast_cast_fu_219       |    0    |    0    |
|          |         sext_ln880_fu_374         |    0    |    0    |
|----------|-----------------------------------|---------|---------|
|   zext   |         zext_ln936_fu_231         |    0    |    0    |
|----------|-----------------------------------|---------|---------|
|   trunc  |         trunc_ln963_fu_282        |    0    |    0    |
|          |           pix_444_fu_286          |    0    |    0    |
|----------|-----------------------------------|---------|---------|
|          |           pix_rgb_fu_290          |    0    |    0    |
|          |          pix_rgb_6_fu_300         |    0    |    0    |
|partselect|          pix_rgb_4_fu_310         |    0    |    0    |
|          |          pix_rgb_5_fu_320         |    0    |    0    |
|          |           pix_422_fu_330          |    0    |    0    |
|----------|-----------------------------------|---------|---------|
|          |          axi_data_fu_340          |    0    |    0    |
|bitconcatenate|         axi_data_1_fu_348         |    0    |    0    |
|          |            tmp_s_fu_450           |    0    |    0    |
|----------|-----------------------------------|---------|---------|
|  partset |         axi_data_3_fu_464         |    0    |    0    |
|----------|-----------------------------------|---------|---------|
|   Total  |                                   |    0    |   191   |
|----------|-----------------------------------|---------|---------|

Memories:
N/A

* Register list:
+-----------------------------+--------+
|                             |   FF   |
+-----------------------------+--------+
|       axi_last_reg_509      |    1   |
|colorFormat_load_read_reg_484|    8   |
|   div228_cast_read_reg_490  |   12   |
|      icmp_ln936_reg_505     |    1   |
|          j_reg_477          |   12   |
|      phi_ln991_reg_206      |    1   |
|        sof_2_reg_194        |    1   |
|       sof_read_reg_495      |    1   |
|    sub_cast_cast_reg_500    |   13   |
|     trunc_ln963_reg_514     |    1   |
+-----------------------------+--------+
|            Total            |   51   |
+-----------------------------+--------+

* Multiplexer (MUX) list: 
|-------------------|------|------|------|--------||---------||---------|
|        Comp       |  Pin | Size |  BW  | S x BW ||  Delay  ||   LUT   |
|-------------------|------|------|------|--------||---------||---------|
| phi_ln991_reg_206 |  p0  |   2  |   1  |    2   ||    9    |
|-------------------|------|------|------|--------||---------||---------|
|       Total       |      |      |      |    2   ||  0.427  ||    9    |
|-------------------|------|------|------|--------||---------||---------|



* Summary:
+-----------+--------+--------+--------+
|           |  Delay |   FF   |   LUT  |
+-----------+--------+--------+--------+
|  Function |    -   |    0   |   191  |
|   Memory  |    -   |    -   |    -   |
|Multiplexer|    0   |    -   |    9   |
|  Register |    -   |   51   |    -   |
+-----------+--------+--------+--------+
|   Total   |    0   |   51   |   200  |
+-----------+--------+--------+--------+
