

================================================================
== Vitis HLS Report for 'AXIvideo2MultiPixStream_Pipeline_loop_width'
================================================================
* Date:           Wed Jun  3 12:59:09 2026

* Version:        2025.2 (Build 6295257 on Nov 14 2025)
* Project:        prj
* Solution:       sol (Vivado IP Flow Target)
* Product family: artixuplus
* Target device:  xcau15p-ffvb676-2-e


================================================================
== Performance Estimates
================================================================
+ Timing: 
    * Summary: 
    +--------+----------+----------+------------+
    |  Clock |  Target  | Estimated| Uncertainty|
    +--------+----------+----------+------------+
    |ap_clk  |  10.00 ns|  3.196 ns|     2.70 ns|
    +--------+----------+----------+------------+

+ Latency: 
    * Summary: 
    +---------+---------+-----------+----------+-----+-----+-------------------+
    |  Latency (cycles) |  Latency (absolute)  |  Interval |      Pipeline     |
    |   min   |   max   |    min    |    max   | min | max |        Type       |
    +---------+---------+-----------+----------+-----+-----+-------------------+
    |        3|      963|  30.000 ns|  9.630 us|    0|    0|  loop pipeline stp|
    +---------+---------+-----------+----------+-----+-----+-------------------+

    + Detail: 
        * Instance: 
        N/A

        * Loop: 
        +--------------+---------+---------+----------+-----------+-----------+---------+----------+
        |              |  Latency (cycles) | Iteration|  Initiation Interval  |   Trip  |          |
        |   Loop Name  |   min   |   max   |  Latency |  achieved |   target  |  Count  | Pipelined|
        +--------------+---------+---------+----------+-----------+-----------+---------+----------+
        |- loop_width  |        1|      961|         3|          1|          1|  0 ~ 960|       yes|
        +--------------+---------+---------+----------+-----------+-----------+---------+----------+



================================================================
== Utilization Estimates
================================================================
* Summary: 
+-----------------+---------+-----+--------+-------+-----+
|       Name      | BRAM_18K| DSP |   FF   |  LUT  | URAM|
+-----------------+---------+-----+--------+-------+-----+
|DSP              |        -|    -|       -|      -|    -|
|Expression       |        -|    -|       0|    118|    -|
|FIFO             |        -|    -|       -|      -|    -|
|Instance         |        -|    -|       0|      9|    -|
|Memory           |        -|    -|       -|      -|    -|
|Multiplexer      |        -|    -|       0|    108|    -|
|Register         |        -|    -|      77|      -|    -|
+-----------------+---------+-----+--------+-------+-----+
|Total            |        0|    0|      77|    235|    0|
+-----------------+---------+-----+--------+-------+-----+
|Available        |      288|  576|  155520|  77760|    0|
+-----------------+---------+-----+--------+-------+-----+
|Utilization (%)  |        0|    0|      ~0|     ~0|    0|
+-----------------+---------+-----+--------+-------+-----+

+ Detail: 
    * Instance: 
    +-------------------------+---------------------+---------+----+---+----+-----+
    |         Instance        |        Module       | BRAM_18K| DSP| FF| LUT| URAM|
    +-------------------------+---------------------+---------+----+---+----+-----+
    |sparsemux_5_8_8_1_1_U12  |sparsemux_5_8_8_1_1  |        0|   0|  0|   9|    0|
    +-------------------------+---------------------+---------+----+---+----+-----+
    |Total                    |                     |        0|   0|  0|   9|    0|
    +-------------------------+---------------------+---------+----+---+----+-----+

    * DSP: 
    N/A

    * Memory: 
    N/A

    * FIFO: 
    N/A

    * Expression: 
    +----------------------------------+----------+----+---+----+------------+------------+
    |           Variable Name          | Operation| DSP| FF| LUT| Bitwidth P0| Bitwidth P1|
    +----------------------------------+----------+----+---+----+------------+------------+
    |j_4_fu_243_p2                     |         +|   0|  0|  17|          10|           1|
    |ap_block_state2_pp0_stage0_iter1  |       and|   0|  0|   2|           1|           1|
    |ap_block_state3_pp0_stage0_iter2  |       and|   0|  0|   2|           1|           1|
    |ap_condition_355                  |       and|   0|  0|   2|           1|           1|
    |ap_predicate_op42_read_state2     |       and|   0|  0|   2|           1|           1|
    |icmp_ln850_fu_237_p2              |      icmp|   0|  0|  17|          10|          10|
    |icmp_ln880_1_fu_364_p2            |      icmp|   0|  0|  15|           8|           1|
    |icmp_ln880_fu_213_p2              |      icmp|   0|  0|  15|           8|           1|
    |ap_block_pp0_stage0_01001         |        or|   0|  0|   2|           1|           1|
    |or_ln854_fu_254_p2                |        or|   0|  0|   2|           1|           1|
    |empty_198_fu_377_p3               |    select|   0|  0|   8|           1|           8|
    |empty_fu_369_p3                   |    select|   0|  0|   8|           1|           8|
    |select_ln880_1_fu_311_p3          |    select|   0|  0|   8|           1|           8|
    |select_ln880_2_fu_318_p3          |    select|   0|  0|   8|           1|           8|
    |select_ln880_fu_296_p3            |    select|   0|  0|   8|           1|           8|
    |ap_enable_pp0                     |       xor|   0|  0|   2|           1|           2|
    +----------------------------------+----------+----+---+----+------------+------------+
    |Total                             |          |   0|  0| 118|          48|          61|
    +----------------------------------+----------+----+---+----+------------+------------+

    * Multiplexer: 
    +------------------------------+----+-----------+-----+-----------+
    |             Name             | LUT| Input Size| Bits| Total Bits|
    +------------------------------+----+-----------+-----+-----------+
    |ap_done_int                   |   9|          2|    1|          2|
    |ap_enable_reg_pp0_iter2       |   9|          2|    1|          2|
    |ap_phi_mux_eol_phi_fu_195_p4  |   9|          2|    1|          2|
    |ap_phi_mux_sof_phi_fu_206_p4  |   9|          2|    1|          2|
    |ap_sig_allocacmp_j_3          |   9|          2|   10|         20|
    |eol_reg_191                   |   9|          2|    1|          2|
    |j_fu_110                      |   9|          2|   10|         20|
    |p_0_0_0_0178414_i_fu_114      |   9|          2|   48|         96|
    |p_4_0_0_0186423_i_fu_118      |   9|          2|    1|          2|
    |s_axis_video_TDATA_blk_n      |   9|          2|    1|          2|
    |sof_reg_202                   |   9|          2|    1|          2|
    |srcYUV_blk_n                  |   9|          2|    1|          2|
    +------------------------------+----+-----------+-----+-----------+
    |Total                         | 108|         24|   77|        154|
    +------------------------------+----+-----------+-----+-----------+

    * Register: 
    +----------------------------------+----+----+-----+-----------+
    |               Name               | FF | LUT| Bits| Const Bits|
    +----------------------------------+----+----+-----+-----------+
    |ap_CS_fsm                         |   1|   0|    1|          0|
    |ap_done_reg                       |   1|   0|    1|          0|
    |ap_enable_reg_pp0_iter1           |   1|   0|    1|          0|
    |ap_enable_reg_pp0_iter2           |   1|   0|    1|          0|
    |ap_loop_exit_ready_pp0_iter1_reg  |   1|   0|    1|          0|
    |colorFormat_val27_read_reg_433    |   8|   0|    8|          0|
    |eol_reg_191                       |   1|   0|    1|          0|
    |icmp_ln850_reg_451                |   1|   0|    1|          0|
    |icmp_ln850_reg_451_pp0_iter1_reg  |   1|   0|    1|          0|
    |icmp_ln880_reg_444                |   1|   0|    1|          0|
    |j_fu_110                          |  10|   0|   10|          0|
    |p_0_0_0_0178414_i_fu_114          |  48|   0|   48|          0|
    |p_4_0_0_0186423_i_fu_118          |   1|   0|    1|          0|
    |sof_reg_202                       |   1|   0|    1|          0|
    +----------------------------------+----+----+-----+-----------+
    |Total                             |  77|   0|   77|          0|
    +----------------------------------+----+----+-----+-----------+



================================================================
== Interface
================================================================
* Summary: 
+------------------------------+-----+-----+------------+---------------------------------------------+--------------+
|           RTL Ports          | Dir | Bits|  Protocol  |                Source Object                |    C Type    |
+------------------------------+-----+-----+------------+---------------------------------------------+--------------+
|ap_clk                        |   in|    1|  ap_ctrl_hs|  AXIvideo2MultiPixStream_Pipeline_loop_width|  return value|
|ap_rst                        |   in|    1|  ap_ctrl_hs|  AXIvideo2MultiPixStream_Pipeline_loop_width|  return value|
|ap_start                      |   in|    1|  ap_ctrl_hs|  AXIvideo2MultiPixStream_Pipeline_loop_width|  return value|
|ap_done                       |  out|    1|  ap_ctrl_hs|  AXIvideo2MultiPixStream_Pipeline_loop_width|  return value|
|ap_idle                       |  out|    1|  ap_ctrl_hs|  AXIvideo2MultiPixStream_Pipeline_loop_width|  return value|
|ap_ready                      |  out|    1|  ap_ctrl_hs|  AXIvideo2MultiPixStream_Pipeline_loop_width|  return value|
|s_axis_video_TVALID           |   in|    1|        axis|                        s_axis_video_V_data_V|       pointer|
|s_axis_video_TDATA            |   in|   48|        axis|                        s_axis_video_V_data_V|       pointer|
|srcYUV_din                    |  out|   48|     ap_fifo|                                       srcYUV|       pointer|
|srcYUV_full_n                 |   in|    1|     ap_fifo|                                       srcYUV|       pointer|
|srcYUV_write                  |  out|    1|     ap_fifo|                                       srcYUV|       pointer|
|srcYUV_num_data_valid         |   in|    5|     ap_fifo|                                       srcYUV|       pointer|
|srcYUV_fifo_cap               |   in|    5|     ap_fifo|                                       srcYUV|       pointer|
|p_4_0_0_0186422_lcssa447_i    |   in|    1|     ap_none|                   p_4_0_0_0186422_lcssa447_i|        scalar|
|p_0_0_0_0178415_lcssa431_i    |   in|   48|     ap_none|                   p_0_0_0_0178415_lcssa431_i|        scalar|
|sof_4_i                       |   in|    1|     ap_none|                                      sof_4_i|        scalar|
|colorFormat_val27             |   in|    8|   ap_stable|                            colorFormat_val27|        scalar|
|trunc_ln_i                    |   in|   10|     ap_none|                                   trunc_ln_i|        scalar|
|s_axis_video_TREADY           |  out|    1|        axis|                        s_axis_video_V_dest_V|       pointer|
|s_axis_video_TDEST            |   in|    1|        axis|                        s_axis_video_V_dest_V|       pointer|
|s_axis_video_TKEEP            |   in|    6|        axis|                        s_axis_video_V_keep_V|       pointer|
|s_axis_video_TSTRB            |   in|    6|        axis|                        s_axis_video_V_strb_V|       pointer|
|s_axis_video_TUSER            |   in|    1|        axis|                        s_axis_video_V_user_V|       pointer|
|s_axis_video_TLAST            |   in|    1|        axis|                        s_axis_video_V_last_V|       pointer|
|s_axis_video_TID              |   in|    1|        axis|                          s_axis_video_V_id_V|       pointer|
|p_4_0_0_0186423_i_out         |  out|    1|      ap_vld|                        p_4_0_0_0186423_i_out|       pointer|
|p_4_0_0_0186423_i_out_ap_vld  |  out|    1|      ap_vld|                        p_4_0_0_0186423_i_out|       pointer|
|p_0_0_0_0178414_i_out         |  out|   48|      ap_vld|                        p_0_0_0_0178414_i_out|       pointer|
|p_0_0_0_0178414_i_out_ap_vld  |  out|    1|      ap_vld|                        p_0_0_0_0178414_i_out|       pointer|
+------------------------------+-----+-----+------------+---------------------------------------------+--------------+

