================================================================
== Design Size Report
================================================================

* Total Instructions per Compilation Phase
+---------------+----------------------------+--------------+----------------------------------------------------------------------------------------+
| Phase         | Step                       | Instructions | Description                                                                            |
+---------------+----------------------------+--------------+----------------------------------------------------------------------------------------+
| Compile/Link  |                            | 11,561       | After all functions are compiled and linked into a single design                       |
|               |                            |              |                                                                                        |
| Unroll/Inline |                            |              | After user unroll and inline pragmas are applied                                       |
|               | (1) unroll                 |  4,969       | user unroll pragmas are applied                                                        |
|               | (2) simplification         |  3,716       | simplification of applied user unroll pragmas                                          |
|               | (3) inline                 |  3,598       | user inline pragmas are applied                                                        |
|               | (4) simplification         |  3,126       | simplification of applied user inline pragmas                                          |
|               |                            |              |                                                                                        |
| Array/Struct  |                            |              | After user array partition and struct aggregate/disaggregate pragmas are applied       |
|               | (1) array partition        |  3,003       | user array partition pragmas are applied                                               |
|               | (2) simplification         |  2,463       | simplification of applied user array partition & struct aggregate/disaggregate pragmas |
|               | (3) aggregate/disaggregate |  2,469       | user struct aggregate/disaggregate pragmas are applied                                 |
|               | (4) array reshape          |  2,680       | apply array reshape pragmas                                                            |
|               | (5) access patterns        |  2,807       | array access pattern optmizations                                                      |
|               |                            |              |                                                                                        |
| Performance   |                            |              | After transformations are applied to meet performance pragma targets                   |
|               | (1) loop simplification    |  2,789       | loop and instruction simplification                                                    |
|               | (2) parallelization        |  2,536       | loops are unrolled or pipelined to meet performance targets                            |
|               | (3) array partition        |  2,411       | arrays are partitioned to meet performance targets                                     |
|               | (4) simplification         |  2,229       | simplification of design after performance transformations                             |
|               |                            |              |                                                                                        |
| HW Transforms |                            |              | After hardware transfomations                                                          |
|               | (1) lowering               |  2,184       | initial conversion to HW specific instructions                                         |
|               | (2) optimizations          |  2,081       | high level synthesis optimizations                                                     |
+---------------+----------------------------+--------------+----------------------------------------------------------------------------------------+

* Instructions per Function for each Compilation Phase
+---------------------------------------+----------------------+-----------------+----------------+----------------+----------------+----------------+
| Function                              | Location             | Compile/Link    | Unroll/Inline  | Array/Struct   | Performance    | HW Transforms  |
+---------------------------------------+----------------------+-----------------+----------------+----------------+----------------+----------------+
| + v_tpg                               | v_tpg.cpp:409        | 11,561          | 3,126          | 2,807          | 2,229          | 2,081          |
|    reg<unsigned short>                | x_hls_utils.h:222    |     1           |    1           |    1           |    1           |    4           |
|  + v_tpgHlsDataFlow                   | v_tpg.cpp:304        | 11,475          | 3,048          | 2,715          | 2,105          | 1,896          |
|   + AXIvideo2MultiPixStream           | v_tpg.cpp:821        | 1,286           |  263           |  323           |  254           |  167           |
|      Scalar                           | hls_video_core.h:196 |     5           |                |                |                |                |
|      reg<unsigned short>              | x_hls_utils.h:222    |     2 (2 calls) |    2 (2 calls) |    2 (2 calls) |    2 (2 calls) |    8 (2 calls) |
|    + AXIGetBitFields<48, ap_uint<...  | hls_axi_io.h:83      |   228 (3 calls) |                |                |                |                |
|       AXIGetBitFields<48, ap_uint<... | hls_axi_io.h:60      |   210 (3 calls) |                |                |                |                |
|   + tpgBackground                     | v_tpg.cpp:536        | 8,182           | 2,108          | 1,756          | 1,395          | 1,340          |
|      Scalar                           | hls_video_core.h:196 |    10 (2 calls) |                |                |                |                |
|    + tpgPatternHorizontalRamp         | v_tpg.cpp:1067       |   134           |                |                |                |                |
|       Scalar                          | hls_video_core.h:196 |     5           |                |                |                |                |
|    + tpgPatternVerticalRamp           | v_tpg.cpp:1090       |   142           |                |                |                |                |
|       Scalar                          | hls_video_core.h:196 |     5           |                |                |                |                |
|    + tpgPatternTemporalRamp           | v_tpg.cpp:1115       |   120           |                |                |                |                |
|       Scalar                          | hls_video_core.h:196 |     5           |                |                |                |                |
|    + tpgPatternSolidRed               | v_tpg.cpp:1130       |   138           |                |                |                |                |
|       Scalar                          | hls_video_core.h:196 |     5           |                |                |                |                |
|    + tpgPatternSolidGreen             | v_tpg.cpp:1151       |   138           |                |                |                |                |
|       Scalar                          | hls_video_core.h:196 |     5           |                |                |                |                |
|    + tpgPatternSolidBlue              | v_tpg.cpp:1172       |   138           |                |                |                |                |
|       Scalar                          | hls_video_core.h:196 |     5           |                |                |                |                |
|    + tpgPatternSolidBlack             | v_tpg.cpp:1193       |   138           |                |                |                |                |
|       Scalar                          | hls_video_core.h:196 |     5           |                |                |                |                |
|    + tpgPatternSolidWhite             | v_tpg.cpp:1214       |   138           |                |                |                |                |
|       Scalar                          | hls_video_core.h:196 |     5           |                |                |                |                |
|    + tpgPatternColorBars              | v_tpg.cpp:1235       |   758           |  140           |  126           |                |                |
|       Scalar                          | hls_video_core.h:196 |     5           |                |                |                |                |
|    + tpgPatternZonePlate              | v_tpg.cpp:1319       |   203           |                |                |                |                |
|       Scalar                          | hls_video_core.h:196 |     5           |                |                |                |                |
|       reg<int>                        | x_hls_utils.h:222    |     1           |                |                |                |                |
|    + tpgPatternTartanColorBars        | v_tpg.cpp:1369       |   638           |  188           |  174           |                |                |
|       Scalar                          | hls_video_core.h:196 |    10 (2 calls) |                |                |                |                |
|    + tpgPatternCrossHatch             | v_tpg.cpp:1437       |   781           |  189           |  167           |                |                |
|       Scalar                          | hls_video_core.h:196 |     5           |                |                |                |                |
|       reg<ap_uint<10> >               | x_hls_utils.h:222    |     3           |    2           |    2           |                |                |
|    + tpgPatternRainbow                | v_tpg.cpp:1273       |   277           |  181           |  175           |                |                |
|       Scalar                          | hls_video_core.h:196 |     5           |                |                |                |                |
|    + tpgPatternVerticalHorizontal...  | v_tpg.cpp:1527       |   139           |                |                |                |                |
|       Scalar                          | hls_video_core.h:196 |     5           |                |                |                |                |
|    + tpgPatternCheckerBoard           | v_tpg.cpp:1551       |   648           |  183           |  169           |                |                |
|       Scalar                          | hls_video_core.h:196 |     5           |                |                |                |                |
|    + tpgPRBS                          | v_tpg.cpp:1823       | 1,767           |                |                |                |                |
|       Scalar                          | hls_video_core.h:196 |     5           |                |                |                |                |
|    + tpgPatternDPColorRamp            | v_tpg.cpp:1618       |   469           |  144           |   50           |                |                |
|       Scalar                          | hls_video_core.h:196 |    10 (2 calls) |                |                |                |                |
|    + tpgPatternDPBlackWhiteVertic...  | v_tpg.cpp:1718       |   124           |                |                |                |                |
|       Scalar                          | hls_video_core.h:196 |     5           |                |                |                |                |
|    + tpgPatternDPColorSquare          | v_tpg.cpp:1734       |   947           |  259           |  241           |                |                |
|       Scalar                          | hls_video_core.h:196 |     5           |                |                |                |                |
|      reg<int>                         | x_hls_utils.h:222    |                 |    1           |    1           |    1           |    4           |
|      reg<ap_uint<10> >                | x_hls_utils.h:222    |                 |                |                |    2           |    5           |
|   + tpgForeground                     | v_tpg.cpp:759        |   666           |  492           |  369           |  256           |  236           |
|      Scalar                           | hls_video_core.h:196 |    15 (3 calls) |                |                |                |                |
|    + tpgPatternMask                   | v_tpg.cpp:1983       |   137           |                |                |                |                |
|       Scalar                          | hls_video_core.h:196 |     5           |                |                |                |                |
|      tpgPatternBox                    | v_tpg.cpp:1869       |   248           |  123           |  123           |                |                |
|      tpgPatternCrossHair              | v_tpg.cpp:1956       |   144           |                |                |                |                |
|   + MultiPixStream2AXIvideo           | v_tpg.cpp:919        | 1,256           |  171           |  253           |  186           |  137           |
|      Scalar                           | hls_video_core.h:196 |     5           |                |                |                |                |
+---------------------------------------+----------------------+-----------------+----------------+----------------+----------------+----------------+

* Design Size Message Settings
+---------------------------------------------+--------+------------------------------------------------------------------+
| Message Setting                             | Value  | Description                                                      |
+---------------------------------------------+--------+------------------------------------------------------------------+
| config_compile -design_size_maximum_warning | 100000 | Show a warning when total design instructions exceeds this value |
+---------------------------------------------+--------+------------------------------------------------------------------+


