

================================================================
== Vitis HLS Report for 'MultiPixStream2AXIvideo_Pipeline_VITIS_LOOP_981_2'
================================================================
* Date:           Wed Jun  3 12:59:10 2026

* Version:        2025.2 (Build 6295257 on Nov 14 2025)
* Project:        prj
* Solution:       sol (Vivado IP Flow Target)
* Product family: artixuplus
* Target device:  xcau15p-ffvb676-2-e


================================================================
== Performance Estimates
================================================================
+ Timing: 
    * Summary: 
    +--------+----------+----------+------------+
    |  Clock |  Target  | Estimated| Uncertainty|
    +--------+----------+----------+------------+
    |ap_clk  |  10.00 ns|  3.442 ns|     2.70 ns|
    +--------+----------+----------+------------+

+ Latency: 
    * Summary: 
    +---------+---------+-----------+----------+-----+-----+---------+
    |  Latency (cycles) |  Latency (absolute)  |  Interval | Pipeline|
    |   min   |   max   |    min    |    max   | min | max |   Type  |
    +---------+---------+-----------+----------+-----+-----+---------+
    |        3|      963|  30.000 ns|  9.630 us|    3|  963|       no|
    +---------+---------+-----------+----------+-----+-----+---------+

    + Detail: 
        * Instance: 
        N/A

        * Loop: 
        +--------------------+---------+---------+----------+-----------+-----------+---------+----------+
        |                    |  Latency (cycles) | Iteration|  Initiation Interval  |   Trip  |          |
        |      Loop Name     |   min   |   max   |  Latency |  achieved |   target  |  Count  | Pipelined|
        +--------------------+---------+---------+----------+-----------+-----------+---------+----------+
        |- VITIS_LOOP_981_2  |        0|      960|         2|          1|          1|  0 ~ 960|       yes|
        +--------------------+---------+---------+----------+-----------+-----------+---------+----------+



================================================================
== Utilization Estimates
================================================================
* Summary: 
+-----------------+---------+-----+--------+-------+-----+
|       Name      | BRAM_18K| DSP |   FF   |  LUT  | URAM|
+-----------------+---------+-----+--------+-------+-----+
|DSP              |        -|    -|       -|      -|    -|
|Expression       |        -|    -|       0|    145|    -|
|FIFO             |        -|    -|       -|      -|    -|
|Instance         |        -|    -|       0|     18|    -|
|Memory           |        -|    -|       -|      -|    -|
|Multiplexer      |        -|    -|       0|    103|    -|
|Register         |        -|    -|      37|      -|    -|
+-----------------+---------+-----+--------+-------+-----+
|Total            |        0|    0|      37|    266|    0|
+-----------------+---------+-----+--------+-------+-----+
|Available        |      288|  576|  155520|  77760|    0|
+-----------------+---------+-----+--------+-------+-----+
|Utilization (%)  |        0|    0|      ~0|     ~0|    0|
+-----------------+---------+-----+--------+-------+-----+

+ Detail: 
    * Instance: 
    +---------------------------+----------------------+---------+----+---+----+-----+
    |          Instance         |        Module        | BRAM_18K| DSP| FF| LUT| URAM|
    +---------------------------+----------------------+---------+----+---+----+-----+
    |sparsemux_5_8_8_1_1_U298   |sparsemux_5_8_8_1_1   |        0|   0|  0|   9|    0|
    |sparsemux_7_2_48_1_1_U299  |sparsemux_7_2_48_1_1  |        0|   0|  0|   9|    0|
    +---------------------------+----------------------+---------+----+---+----+-----+
    |Total                      |                      |        0|   0|  0|  18|    0|
    +---------------------------+----------------------+---------+----+---+----+-----+

    * DSP: 
    N/A

    * Memory: 
    N/A

    * FIFO: 
    N/A

    * Expression: 
    +---------------------------------------+----------+----+---+----+------------+------------+
    |             Variable Name             | Operation| DSP| FF| LUT| Bitwidth P0| Bitwidth P1|
    +---------------------------------------+----------+----+---+----+------------+------------+
    |add_ln1005_fu_294_p2                   |         +|   0|  0|  23|          16|           1|
    |j_2_fu_276_p2                          |         +|   0|  0|  17|          10|           1|
    |ap_block_pp0_stage0_01001_grp1         |       and|   0|  0|   2|           1|           1|
    |icmp_ln1020_1_fu_406_p2                |      icmp|   0|  0|  15|           8|           1|
    |icmp_ln1020_fu_252_p2                  |      icmp|   0|  0|  15|           8|           1|
    |icmp_ln981_fu_271_p2                   |      icmp|   0|  0|  17|          10|          10|
    |icmp_ln994_fu_286_p2                   |      icmp|   0|  0|  18|          11|          11|
    |ap_block_state3_pp0_stage0_iter1_grp1  |        or|   0|  0|   2|           1|           1|
    |pix_444_3_fu_419_p3                    |    select|   0|  0|   8|           1|           8|
    |pix_rgb_3_fu_411_p3                    |    select|   0|  0|   8|           1|           8|
    |select_ln1020_1_fu_384_p3              |    select|   0|  0|   8|           1|           8|
    |select_ln1020_fu_377_p3                |    select|   0|  0|   8|           1|           8|
    |ap_enable_pp0                          |       xor|   0|  0|   2|           1|           2|
    |ap_enable_reg_pp0_iter1                |       xor|   0|  0|   2|           2|           1|
    +---------------------------------------+----------+----+---+----+------------+------------+
    |Total                                  |          |   0|  0| 145|          72|          62|
    +---------------------------------------+----------+----+---+----+------------+------------+

    * Multiplexer: 
    +------------------------------+----+-----------+-----+-----------+
    |             Name             | LUT| Input Size| Bits| Total Bits|
    +------------------------------+----+-----------+-----+-----------+
    |ap_NS_fsm                     |  26|          5|    1|          5|
    |ap_enable_reg_pp0_iter1       |  14|          3|    1|          3|
    |ap_phi_mux_sof_phi_fu_231_p4  |   9|          2|    1|          2|
    |counter_loc_1_i_i_fu_144      |   9|          2|   16|         32|
    |j_fu_140                      |   9|          2|   10|         20|
    |m_axis_video_TDATA_blk_n      |   9|          2|    1|          2|
    |ovrlayYUV_blk_n               |   9|          2|    1|          2|
    |phi_ln1036_reg_239            |   9|          2|    1|          2|
    |sof_reg_227                   |   9|          2|    1|          2|
    +------------------------------+----+-----------+-----+-----------+
    |Total                         | 103|         22|   33|         70|
    +------------------------------+----+-----------+-----+-----------+

    * Register: 
    +--------------------------+----+----+-----+-----------+
    |           Name           | FF | LUT| Bits| Const Bits|
    +--------------------------+----+----+-----+-----------+
    |ap_CS_fsm                 |   4|   0|    4|          0|
    |ap_enable_reg_pp0_iter0   |   1|   0|    1|          0|
    |ap_enable_reg_pp0_iter1   |   1|   0|    1|          0|
    |counter_loc_1_i_i_fu_144  |  16|   0|   16|          0|
    |icmp_ln1020_reg_544       |   1|   0|    1|          0|
    |icmp_ln981_reg_551        |   1|   0|    1|          0|
    |icmp_ln994_reg_555        |   1|   0|    1|          0|
    |j_fu_140                  |  10|   0|   10|          0|
    |phi_ln1036_reg_239        |   1|   0|    1|          0|
    |sof_reg_227               |   1|   0|    1|          0|
    +--------------------------+----+----+-----+-----------+
    |Total                     |  37|   0|   37|          0|
    +--------------------------+----+----+-----+-----------+



================================================================
== Interface
================================================================
* Summary: 
+------------------------------+-----+-----+------------+---------------------------------------------------+--------------+
|           RTL Ports          | Dir | Bits|  Protocol  |                   Source Object                   |    C Type    |
+------------------------------+-----+-----+------------+---------------------------------------------------+--------------+
|ap_clk                        |   in|    1|  ap_ctrl_hs|  MultiPixStream2AXIvideo_Pipeline_VITIS_LOOP_981_2|  return value|
|ap_rst                        |   in|    1|  ap_ctrl_hs|  MultiPixStream2AXIvideo_Pipeline_VITIS_LOOP_981_2|  return value|
|ap_start                      |   in|    1|  ap_ctrl_hs|  MultiPixStream2AXIvideo_Pipeline_VITIS_LOOP_981_2|  return value|
|ap_done                       |  out|    1|  ap_ctrl_hs|  MultiPixStream2AXIvideo_Pipeline_VITIS_LOOP_981_2|  return value|
|ap_idle                       |  out|    1|  ap_ctrl_hs|  MultiPixStream2AXIvideo_Pipeline_VITIS_LOOP_981_2|  return value|
|ap_ready                      |  out|    1|  ap_ctrl_hs|  MultiPixStream2AXIvideo_Pipeline_VITIS_LOOP_981_2|  return value|
|counter_loc_0_i_i             |   in|   16|     ap_none|                                  counter_loc_0_i_i|        scalar|
|sof_i                         |   in|    1|     ap_none|                                              sof_i|        scalar|
|colorFormat_val27             |   in|    8|   ap_stable|                                  colorFormat_val27|        scalar|
|lshr_ln_i                     |   in|   10|   ap_stable|                                          lshr_ln_i|        scalar|
|ovrlayYUV_dout                |   in|   48|     ap_fifo|                                          ovrlayYUV|       pointer|
|ovrlayYUV_empty_n             |   in|    1|     ap_fifo|                                          ovrlayYUV|       pointer|
|ovrlayYUV_read                |  out|    1|     ap_fifo|                                          ovrlayYUV|       pointer|
|ovrlayYUV_num_data_valid      |   in|    5|     ap_fifo|                                          ovrlayYUV|       pointer|
|ovrlayYUV_fifo_cap            |   in|    5|     ap_fifo|                                          ovrlayYUV|       pointer|
|m_axis_video_TDATA            |  out|   48|        axis|                              m_axis_video_V_data_V|       pointer|
|m_axis_video_TREADY           |   in|    1|        axis|                              m_axis_video_V_data_V|       pointer|
|m_axis_video_TVALID           |  out|    1|        axis|                              m_axis_video_V_dest_V|       pointer|
|m_axis_video_TDEST            |  out|    1|        axis|                              m_axis_video_V_dest_V|       pointer|
|m_axis_video_TKEEP            |  out|    6|        axis|                              m_axis_video_V_keep_V|       pointer|
|m_axis_video_TSTRB            |  out|    6|        axis|                              m_axis_video_V_strb_V|       pointer|
|m_axis_video_TUSER            |  out|    1|        axis|                              m_axis_video_V_user_V|       pointer|
|m_axis_video_TLAST            |  out|    1|        axis|                              m_axis_video_V_last_V|       pointer|
|m_axis_video_TID              |  out|    1|        axis|                                m_axis_video_V_id_V|       pointer|
|add_ln994_i                   |   in|   11|   ap_stable|                                        add_ln994_i|        scalar|
|counter_loc_1_i_i_out         |  out|   16|      ap_vld|                              counter_loc_1_i_i_out|       pointer|
|counter_loc_1_i_i_out_ap_vld  |  out|    1|      ap_vld|                              counter_loc_1_i_i_out|       pointer|
|phi_ln1036_i_out              |  out|    1|      ap_vld|                                   phi_ln1036_i_out|       pointer|
|phi_ln1036_i_out_ap_vld       |  out|    1|      ap_vld|                                   phi_ln1036_i_out|       pointer|
|counter                       |  out|   16|      ap_vld|                                            counter|       pointer|
|counter_ap_vld                |  out|    1|      ap_vld|                                            counter|       pointer|
+------------------------------+-----+-----+------------+---------------------------------------------------+--------------+

