

================================================================
== Vitis HLS Report for 'MultiPixStream2AXIvideo'
================================================================
* Date:           Wed Jun  3 12:59:10 2026

* Version:        2025.2 (Build 6295257 on Nov 14 2025)
* Project:        prj
* Solution:       sol (Vivado IP Flow Target)
* Product family: artixuplus
* Target device:  xcau15p-ffvb676-2-e


================================================================
== Performance Estimates
================================================================
+ Timing: 
    * Summary: 
    +--------+----------+----------+------------+
    |  Clock |  Target  | Estimated| Uncertainty|
    +--------+----------+----------+------------+
    |ap_clk  |  10.00 ns|  3.442 ns|     2.70 ns|
    +--------+----------+----------+------------+

+ Latency: 
    * Summary: 
    +---------+---------+-----------+-----------+-----+---------+---------+
    |  Latency (cycles) |   Latency (absolute)  |    Interval   | Pipeline|
    |   min   |   max   |    min    |    max    | min |   max   |   Type  |
    +---------+---------+-----------+-----------+-----+---------+---------+
    |        1|  1043281|  10.000 ns|  10.433 ms|    1|  1043281|       no|
    +---------+---------+-----------+-----------+-----+---------+---------+

    + Detail: 
        * Instance: 
        +--------------------------------------------------------------+---------------------------------------------------+---------+---------+-----------+----------+-----+-----+---------+
        |                                                              |                                                   |  Latency (cycles) |  Latency (absolute)  |  Interval | Pipeline|
        |                           Instance                           |                       Module                      |   min   |   max   |    min    |    max   | min | max |   Type  |
        +--------------------------------------------------------------+---------------------------------------------------+---------+---------+-----------+----------+-----+-----+---------+
        |grp_MultiPixStream2AXIvideo_Pipeline_VITIS_LOOP_981_2_fu_169  |MultiPixStream2AXIvideo_Pipeline_VITIS_LOOP_981_2  |        3|      963|  30.000 ns|  9.630 us|    3|  963|       no|
        +--------------------------------------------------------------+---------------------------------------------------+---------+---------+-----------+----------+-----+-----+---------+

        * Loop: 
        +--------------------+---------+---------+----------+-----------+-----------+----------+----------+
        |                    |  Latency (cycles) | Iteration|  Initiation Interval  |   Trip   |          |
        |      Loop Name     |   min   |   max   |  Latency |  achieved |   target  |   Count  | Pipelined|
        +--------------------+---------+---------+----------+-----------+-----------+----------+----------+
        |- VITIS_LOOP_979_1  |        0|  1043280|   6 ~ 966|          -|          -|  0 ~ 1080|        no|
        +--------------------+---------+---------+----------+-----------+-----------+----------+----------+



================================================================
== Utilization Estimates
================================================================
* Summary: 
+-----------------+---------+-----+--------+-------+-----+
|       Name      | BRAM_18K| DSP |   FF   |  LUT  | URAM|
+-----------------+---------+-----+--------+-------+-----+
|DSP              |        -|    -|       -|      -|    -|
|Expression       |        -|    -|       0|    177|    -|
|FIFO             |        -|    -|       -|      -|    -|
|Instance         |        -|    -|      37|    266|    -|
|Memory           |        -|    -|       -|      -|    -|
|Multiplexer      |        -|    -|       0|    148|    -|
|Register         |        -|    -|     191|      -|    -|
+-----------------+---------+-----+--------+-------+-----+
|Total            |        0|    0|     228|    591|    0|
+-----------------+---------+-----+--------+-------+-----+
|Available        |      288|  576|  155520|  77760|    0|
+-----------------+---------+-----+--------+-------+-----+
|Utilization (%)  |        0|    0|      ~0|     ~0|    0|
+-----------------+---------+-----+--------+-------+-----+

+ Detail: 
    * Instance: 
    +--------------------------------------------------------------+---------------------------------------------------+---------+----+----+-----+-----+
    |                           Instance                           |                       Module                      | BRAM_18K| DSP| FF | LUT | URAM|
    +--------------------------------------------------------------+---------------------------------------------------+---------+----+----+-----+-----+
    |grp_MultiPixStream2AXIvideo_Pipeline_VITIS_LOOP_981_2_fu_169  |MultiPixStream2AXIvideo_Pipeline_VITIS_LOOP_981_2  |        0|   0|  37|  266|    0|
    +--------------------------------------------------------------+---------------------------------------------------+---------+----+----+-----+-----+
    |Total                                                         |                                                   |        0|   0|  37|  266|    0|
    +--------------------------------------------------------------+---------------------------------------------------+---------+----+----+-----+-----+

    * DSP: 
    N/A

    * Memory: 
    N/A

    * FIFO: 
    N/A

    * Expression: 
    +----------------------------------------------------------------------------------+----------+----+---+----+------------+------------+
    |                                   Variable Name                                  | Operation| DSP| FF| LUT| Bitwidth P0| Bitwidth P1|
    +----------------------------------------------------------------------------------+----------+----+---+----+------------+------------+
    |add_ln994_fu_217_p2                                                               |         +|   0|  0|  18|          11|           2|
    |i_2_fu_303_p2                                                                     |         +|   0|  0|  18|          11|           1|
    |and_ln1038_fu_332_p2                                                              |       and|   0|  0|   2|           1|           1|
    |grp_MultiPixStream2AXIvideo_Pipeline_VITIS_LOOP_981_2_fu_169_m_axis_video_TREADY  |       and|   0|  0|   2|           1|           1|
    |icmp_ln1038_1_fu_259_p2                                                           |      icmp|   0|  0|  23|          16|           1|
    |icmp_ln1038_2_fu_265_p2                                                           |      icmp|   0|  0|  23|          16|           1|
    |icmp_ln1038_fu_253_p2                                                             |      icmp|   0|  0|  23|          16|           2|
    |icmp_ln1051_fu_223_p2                                                             |      icmp|   0|  0|  23|          16|           2|
    |icmp_ln979_fu_298_p2                                                              |      icmp|   0|  0|  18|          11|          11|
    |icmp_ln981_fu_229_p2                                                              |      icmp|   0|  0|  17|          10|           1|
    |ap_block_state1                                                                   |        or|   0|  0|   2|           1|           1|
    |or_ln1038_fu_337_p2                                                               |        or|   0|  0|   2|           1|           1|
    |select_ln1038_fu_354_p3                                                           |    select|   0|  0|   2|           1|           1|
    |select_ln1051_fu_348_p3                                                           |    select|   0|  0|   2|           1|           1|
    |xor_ln1053_fu_342_p2                                                              |       xor|   0|  0|   2|           1|           2|
    +----------------------------------------------------------------------------------+----------+----+---+----+------------+------------+
    |Total                                                                             |          |   0|  0| 177|         114|          29|
    +----------------------------------------------------------------------------------+----------+----+---+----+------------+------------+

    * Multiplexer: 
    +--------------------------+----+-----------+-----+-----------+
    |           Name           | LUT| Input Size| Bits| Total Bits|
    +--------------------------+----+-----------+-----+-----------+
    |ap_NS_fsm                 |  26|          5|    1|          5|
    |ap_done                   |   9|          2|    1|          2|
    |counter_loc_0_i_i_fu_112  |   9|          2|   16|         32|
    |empty_fu_120              |   9|          2|    1|          2|
    |fid                       |  14|          3|    1|          3|
    |fid_preg                  |   9|          2|    1|          2|
    |i_fu_108                  |   9|          2|   11|         22|
    |m_axis_video_TDATA        |   9|          2|   48|         96|
    |m_axis_video_TDEST        |   9|          2|    1|          2|
    |m_axis_video_TID          |   9|          2|    1|          2|
    |m_axis_video_TKEEP        |   9|          2|    6|         12|
    |m_axis_video_TLAST        |   9|          2|    1|          2|
    |m_axis_video_TSTRB        |   9|          2|    6|         12|
    |m_axis_video_TUSER        |   9|          2|    1|          2|
    +--------------------------+----+-----------+-----+-----------+
    |Total                     | 148|         32|   96|        196|
    +--------------------------+----+-----------+-----+-----------+

    * Register: 
    +---------------------------------------------------------------------------+----+----+-----+-----------+
    |                                    Name                                   | FF | LUT| Bits| Const Bits|
    +---------------------------------------------------------------------------+----+----+-----+-----------+
    |add_ln994_reg_441                                                          |  11|   0|   11|          0|
    |ap_CS_fsm                                                                  |   4|   0|    4|          0|
    |ap_done_reg                                                                |   1|   0|    1|          0|
    |colorFormat_val27_read_reg_414                                             |   8|   0|    8|          0|
    |counter                                                                    |  16|   0|   16|          0|
    |counter_loc_0_i_i_fu_112                                                   |  16|   0|   16|          0|
    |counter_loc_1_i_i_loc_fu_128                                               |  16|   0|   16|          0|
    |empty_fu_120                                                               |   1|   0|    1|          0|
    |fidStored                                                                  |   1|   0|    1|          0|
    |fid_in_val12_read_reg_409                                                  |   1|   0|    1|          0|
    |fid_preg                                                                   |   1|   0|    1|          0|
    |grp_MultiPixStream2AXIvideo_Pipeline_VITIS_LOOP_981_2_fu_169_ap_start_reg  |   1|   0|    1|          0|
    |height_val5_read_reg_419                                                   |  11|   0|   11|          0|
    |i_2_reg_473                                                                |  11|   0|   11|          0|
    |i_fu_108                                                                   |  11|   0|   11|          0|
    |icmp_ln1038_1_reg_460                                                      |   1|   0|    1|          0|
    |icmp_ln1038_2_reg_465                                                      |   1|   0|    1|          0|
    |icmp_ln1038_reg_455                                                        |   1|   0|    1|          0|
    |icmp_ln1051_reg_446                                                        |   1|   0|    1|          0|
    |icmp_ln981_reg_451                                                         |   1|   0|    1|          0|
    |lshr_ln_i_reg_436                                                          |  10|   0|   10|          0|
    |m_axis_video_TDATA_reg                                                     |  48|   0|   48|          0|
    |m_axis_video_TDEST_reg                                                     |   1|   0|    1|          0|
    |m_axis_video_TID_reg                                                       |   1|   0|    1|          0|
    |m_axis_video_TKEEP_reg                                                     |   6|   0|    6|          0|
    |m_axis_video_TLAST_reg                                                     |   1|   0|    1|          0|
    |m_axis_video_TSTRB_reg                                                     |   6|   0|    6|          0|
    |m_axis_video_TUSER_reg                                                     |   1|   0|    1|          0|
    |phi_ln1036_i_loc_fu_124                                                    |   1|   0|    1|          0|
    |sof_fu_116                                                                 |   1|   0|    1|          0|
    +---------------------------------------------------------------------------+----+----+-----+-----------+
    |Total                                                                      | 191|   0|  191|          0|
    +---------------------------------------------------------------------------+----+----+-----+-----------+



================================================================
== Interface
================================================================
* Summary: 
+--------------------------+-----+-----+------------+-------------------------+--------------+
|         RTL Ports        | Dir | Bits|  Protocol  |      Source Object      |    C Type    |
+--------------------------+-----+-----+------------+-------------------------+--------------+
|ap_clk                    |   in|    1|  ap_ctrl_hs|  MultiPixStream2AXIvideo|  return value|
|ap_rst                    |   in|    1|  ap_ctrl_hs|  MultiPixStream2AXIvideo|  return value|
|ap_start                  |   in|    1|  ap_ctrl_hs|  MultiPixStream2AXIvideo|  return value|
|ap_done                   |  out|    1|  ap_ctrl_hs|  MultiPixStream2AXIvideo|  return value|
|ap_continue               |   in|    1|  ap_ctrl_hs|  MultiPixStream2AXIvideo|  return value|
|ap_idle                   |  out|    1|  ap_ctrl_hs|  MultiPixStream2AXIvideo|  return value|
|ap_ready                  |  out|    1|  ap_ctrl_hs|  MultiPixStream2AXIvideo|  return value|
|ovrlayYUV_dout            |   in|   48|     ap_fifo|                ovrlayYUV|       pointer|
|ovrlayYUV_empty_n         |   in|    1|     ap_fifo|                ovrlayYUV|       pointer|
|ovrlayYUV_read            |  out|    1|     ap_fifo|                ovrlayYUV|       pointer|
|ovrlayYUV_num_data_valid  |   in|    5|     ap_fifo|                ovrlayYUV|       pointer|
|ovrlayYUV_fifo_cap        |   in|    5|     ap_fifo|                ovrlayYUV|       pointer|
|m_axis_video_TDATA        |  out|   48|        axis|    m_axis_video_V_data_V|       pointer|
|m_axis_video_TVALID       |  out|    1|        axis|    m_axis_video_V_dest_V|       pointer|
|m_axis_video_TREADY       |   in|    1|        axis|    m_axis_video_V_dest_V|       pointer|
|m_axis_video_TDEST        |  out|    1|        axis|    m_axis_video_V_dest_V|       pointer|
|m_axis_video_TKEEP        |  out|    6|        axis|    m_axis_video_V_keep_V|       pointer|
|m_axis_video_TSTRB        |  out|    6|        axis|    m_axis_video_V_strb_V|       pointer|
|m_axis_video_TUSER        |  out|    1|        axis|    m_axis_video_V_user_V|       pointer|
|m_axis_video_TLAST        |  out|    1|        axis|    m_axis_video_V_last_V|       pointer|
|m_axis_video_TID          |  out|    1|        axis|      m_axis_video_V_id_V|       pointer|
|height_val5               |   in|   11|   ap_stable|              height_val5|        scalar|
|width_val10               |   in|   11|   ap_stable|              width_val10|        scalar|
|colorFormat_val27         |   in|    8|   ap_stable|        colorFormat_val27|        scalar|
|fid_in_val12              |   in|    1|   ap_stable|             fid_in_val12|        scalar|
|fid                       |  out|    1|      ap_vld|                      fid|       pointer|
|fid_ap_vld                |  out|    1|      ap_vld|                      fid|       pointer|
|field_id_val11            |   in|   16|   ap_stable|           field_id_val11|        scalar|
+--------------------------+-----+-----+------------+-------------------------+--------------+

