

================================================================
== Vitis HLS Report for 'tpgBackground'
================================================================
* Date:           Wed Jun  3 12:59:09 2026

* Version:        2025.2 (Build 6295257 on Nov 14 2025)
* Project:        prj
* Solution:       sol (Vivado IP Flow Target)
* Product family: artixuplus
* Target device:  xcau15p-ffvb676-2-e


================================================================
== Performance Estimates
================================================================
+ Timing: 
    * Summary: 
    +--------+----------+----------+------------+
    |  Clock |  Target  | Estimated| Uncertainty|
    +--------+----------+----------+------------+
    |ap_clk  |  10.00 ns|  7.199 ns|     2.70 ns|
    +--------+----------+----------+------------+

+ Latency: 
    * Summary: 
    +---------+------------+-----------+------------+-----+------------+---------+
    |   Latency (cycles)   |   Latency (absolute)   |     Interval     | Pipeline|
    |   min   |     max    |    min    |     max    | min |     max    |   Type  |
    +---------+------------+-----------+------------+-----+------------+---------+
    |        2|  2148958187|  20.000 ns|  21.490 sec|    2|  2148958187|       no|
    +---------+------------+-----------+------------+-----+------------+---------+

    + Detail: 
        * Instance: 
        +----------------------------------------------------+-----------------------------------------+---------+---------+----------+----------+-----+-----+-------------------+
        |                                                    |                                         |  Latency (cycles) |  Latency (absolute) |  Interval |      Pipeline     |
        |                      Instance                      |                  Module                 |   min   |   max   |    min   |    max   | min | max |        Type       |
        +----------------------------------------------------+-----------------------------------------+---------+---------+----------+----------+-----+-----+-------------------+
        |grp_tpgBackground_Pipeline_VITIS_LOOP_565_2_fu_621  |tpgBackground_Pipeline_VITIS_LOOP_565_2  |       21|    32788|  0.210 us|  0.328 ms|    0|    0|  loop pipeline stp|
        +----------------------------------------------------+-----------------------------------------+---------+---------+----------+----------+-----+-----+-------------------+

        * Loop: 
        +--------------------+---------+------------+------------+-----------+-----------+-----------+----------+
        |                    |   Latency (cycles)   |  Iteration |  Initiation Interval  |    Trip   |          |
        |      Loop Name     |   min   |     max    |   Latency  |  achieved |   target  |   Count   | Pipelined|
        +--------------------+---------+------------+------------+-----------+-----------+-----------+----------+
        |- VITIS_LOOP_563_1  |        0|  2148958185|  24 ~ 32791|          -|          -|  0 ~ 65535|        no|
        +--------------------+---------+------------+------------+-----------+-----------+-----------+----------+



================================================================
== Utilization Estimates
================================================================
* Summary: 
+-----------------+---------+-----+--------+-------+-----+
|       Name      | BRAM_18K| DSP |   FF   |  LUT  | URAM|
+-----------------+---------+-----+--------+-------+-----+
|DSP              |        -|    -|       -|      -|    -|
|Expression       |        -|    -|       0|    378|    -|
|FIFO             |        -|    -|       -|      -|    -|
|Instance         |       12|   26|    5663|   7607|    -|
|Memory           |        0|    -|      56|      7|    -|
|Multiplexer      |        -|    -|       0|    229|    -|
|Register         |        -|    -|     872|      -|    -|
+-----------------+---------+-----+--------+-------+-----+
|Total            |       12|   26|    6591|   8221|    0|
+-----------------+---------+-----+--------+-------+-----+
|Available        |      288|  576|  155520|  77760|    0|
+-----------------+---------+-----+--------+-------+-----+
|Utilization (%)  |        4|    4|       4|     10|    0|
+-----------------+---------+-----+--------+-------+-----+

+ Detail: 
    * Instance: 
    +----------------------------------------------------+-----------------------------------------+---------+----+------+------+-----+
    |                      Instance                      |                  Module                 | BRAM_18K| DSP|  FF  |  LUT | URAM|
    +----------------------------------------------------+-----------------------------------------+---------+----+------+------+-----+
    |grp_tpgBackground_Pipeline_VITIS_LOOP_565_2_fu_621  |tpgBackground_Pipeline_VITIS_LOOP_565_2  |       12|  26|  5663|  7607|    0|
    +----------------------------------------------------+-----------------------------------------+---------+----+------+------+-----+
    |Total                                               |                                         |       12|  26|  5663|  7607|    0|
    +----------------------------------------------------+-----------------------------------------+---------+----+------+------+-----+

    * DSP: 
    N/A

    * Memory: 
    +------------+----------------------------------+---------+---+----+-----+------+-----+------+-------------+
    |   Memory   |              Module              | BRAM_18K| FF| LUT| URAM| Words| Bits| Banks| W*Bits*Banks|
    +------------+----------------------------------+---------+---+----+-----+------+-----+------+-------------+
    |blkYuv_U    |tpgBackground_blkYuv_ROM_AUTO_1R  |        0|  8|   1|    0|     3|    8|     1|           24|
    |blkYuv_1_U  |tpgBackground_blkYuv_ROM_AUTO_1R  |        0|  8|   1|    0|     3|    8|     1|           24|
    |bluYuv_U    |tpgBackground_bluYuv_ROM_AUTO_1R  |        0|  8|   1|    0|     3|    8|     1|           24|
    |grnYuv_U    |tpgBackground_grnYuv_ROM_AUTO_1R  |        0|  8|   1|    0|     3|    8|     1|           24|
    |redYuv_U    |tpgBackground_redYuv_ROM_AUTO_1R  |        0|  8|   1|    0|     3|    8|     1|           24|
    |whiYuv_U    |tpgBackground_whiYuv_ROM_AUTO_1R  |        0|  8|   1|    0|     3|    8|     1|           24|
    |whiYuv_1_U  |tpgBackground_whiYuv_ROM_AUTO_1R  |        0|  8|   1|    0|     3|    8|     1|           24|
    +------------+----------------------------------+---------+---+----+-----+------+-----+------+-------------+
    |Total       |                                  |        0| 56|   7|    0|    21|   56|     7|          168|
    +------------+----------------------------------+---------+---+----+-----+------+-----+------+-------------+

    * FIFO: 
    N/A

    * Expression: 
    +--------------------------+----------+----+---+----+------------+------------+
    |       Variable Name      | Operation| DSP| FF| LUT| Bitwidth P0| Bitwidth P1|
    +--------------------------+----------+----+---+----+------------+------------+
    |add_ln1241_fu_1076_p2     |         +|   0|  0|  21|          14|           3|
    |add_ln1373_1_fu_1112_p2   |         +|   0|  0|  17|          10|           3|
    |add_ln1373_fu_1096_p2     |         +|   0|  0|  21|          14|           4|
    |add_ln1374_fu_1118_p2     |         +|   0|  0|  21|          14|           4|
    |add_ln1386_fu_1146_p2     |         +|   0|  0|  18|          11|           2|
    |add_ln1449_fu_1158_p2     |         +|   0|  0|  24|          17|           2|
    |add_ln1473_fu_1152_p2     |         +|   0|  0|  24|          17|           2|
    |add_ln1533_fu_1234_p2     |         +|   0|  0|  15|           8|           8|
    |add_ln563_fu_1189_p2      |         +|   0|  0|  23|          16|           1|
    |add_ln750_fu_1256_p2      |         +|   0|  0|  15|           8|           8|
    |icmp_ln1122_fu_1047_p2    |      icmp|   0|  0|  15|           8|           1|
    |icmp_ln1144_fu_823_p2     |      icmp|   0|  0|  15|           8|           1|
    |icmp_ln1337_fu_1217_p2    |      icmp|   0|  0|  23|          16|           1|
    |icmp_ln1449_fu_1224_p2    |      icmp|   0|  0|  24|          17|          17|
    |icmp_ln563_fu_1184_p2     |      icmp|   0|  0|  23|          16|          16|
    |icmp_ln736_fu_1199_p2     |      icmp|   0|  0|  23|          16|          16|
    |icmp_ln737_fu_1205_p2     |      icmp|   0|  0|  23|          16|          16|
    |ap_block_state1           |        or|   0|  0|   2|           1|           1|
    |select_ln1122_fu_1064_p3  |    select|   0|  0|   9|           1|           8|
    |select_ln1144_fu_839_p3   |    select|   0|  0|   2|           1|           1|
    |select_ln1503_fu_1164_p3  |    select|   0|  0|   9|           1|           2|
    |select_ln1518_fu_1172_p3  |    select|   0|  0|   9|           1|           1|
    |xor_ln737_fu_1210_p2      |       xor|   0|  0|   2|           1|           2|
    +--------------------------+----------+----+---+----+------------+------------+
    |Total                     |          |   0|  0| 378|         232|         120|
    +--------------------------+----------+----+---+----+------------+------------+

    * Multiplexer: 
    +----------------------------------------------------------------------------------------+----+-----------+-----+-----------+
    |                                          Name                                          | LUT| Input Size| Bits| Total Bits|
    +----------------------------------------------------------------------------------------+----+-----------+-----+-----------+
    |ap_NS_fsm                                                                               |  31|          6|    1|          6|
    |ap_done                                                                                 |   9|          2|    1|          2|
    |hdata_flag_0_reg_597                                                                    |   9|          2|    1|          2|
    |hdata_loc_0_fu_342                                                                      |   9|          2|   16|         32|
    |rampVal_2_flag_0_reg_609                                                                |   9|          2|    1|          2|
    |rampVal_2_loc_0_fu_322                                                                  |   9|          2|   16|         32|
    |rampVal_3_flag_0_reg_585                                                                |   9|          2|    1|          2|
    |rampVal_3_loc_0_fu_378                                                                  |   9|          2|   16|         32|
    |rampVal_loc_0_fu_374                                                                    |   9|          2|   16|         32|
    |real_start                                                                              |   9|          2|    1|          2|
    |tpgPatternCheckerBoard_unsigned_short_unsigned_short_unsigned_short_unsigned_6_fu_334   |   9|          2|    8|         16|
    |tpgPatternCheckerBoard_unsigned_short_unsigned_short_unsigned_short_unsigned_7_fu_330   |   9|          2|    8|         16|
    |tpgPatternColorBars_unsigned_short_unsigned_short_unsigned_char_int_hBarSel_8_2_fu_366  |   9|          2|    8|         16|
    |tpgPatternColorBars_unsigned_short_unsigned_short_unsigned_char_int_hBarSel_l_1_fu_370  |   9|          2|    8|         16|
    |tpgPatternDPColorSquare_unsigned_short_unsigned_short_unsigned_char_unsigned_6_fu_314   |   9|          2|    8|         16|
    |tpgPatternDPColorSquare_unsigned_short_unsigned_short_unsigned_char_unsigned_7_fu_310   |   9|          2|    8|         16|
    |tpgPatternTartanColorBars_unsigned_short_unsigned_short_unsigned_short_unsign_6_fu_354  |   9|          2|    8|         16|
    |tpgPatternTartanColorBars_unsigned_short_unsigned_short_unsigned_short_unsign_7_fu_350  |   9|          2|    8|         16|
    |vBarSel_2_loc_0_fu_338                                                                  |   9|          2|    8|         16|
    |vBarSel_3_loc_0_fu_318                                                                  |   9|          2|    8|         16|
    |vBarSel_loc_0_fu_358                                                                    |   9|          2|    8|         16|
    |y_fu_306                                                                                |   9|          2|   16|         32|
    |zonePlateVAddr_loc_0_fu_362                                                             |   9|          2|   16|         32|
    +----------------------------------------------------------------------------------------+----+-----------+-----+-----------+
    |Total                                                                                   | 229|         50|  190|        384|
    +----------------------------------------------------------------------------------------+----+-----------+-----+-----------+

    * Register: 
    +----------------------------------------------------------------------------------------+----+----+-----+-----------+
    |                                          Name                                          | FF | LUT| Bits| Const Bits|
    +----------------------------------------------------------------------------------------+----+----+-----+-----------+
    |Sel_reg_1748                                                                            |   2|   0|    2|          0|
    |ZplateHorContDelta_val_read_reg_1572                                                    |  16|   0|   16|          0|
    |ZplateHorContStart_val_read_reg_1577                                                    |  16|   0|   16|          0|
    |ZplateVerContDelta_val_read_reg_1562                                                    |  16|   0|   16|          0|
    |ZplateVerContStart_val_read_reg_1567                                                    |  16|   0|   16|          0|
    |add_ln1373_1_reg_1645                                                                   |  10|   0|   10|          0|
    |add_ln1386_reg_1655                                                                     |  11|   0|   11|          0|
    |add_ln1449_reg_1665                                                                     |  17|   0|   17|          0|
    |add_ln1473_reg_1660                                                                     |  17|   0|   17|          0|
    |add_ln1533_reg_1743                                                                     |   8|   0|    8|          0|
    |ap_CS_fsm                                                                               |   5|   0|    5|          0|
    |ap_done_reg                                                                             |   1|   0|    1|          0|
    |barWidth_reg_1635                                                                       |  11|   0|   11|          0|
    |blkYuv_1_load_reg_1710                                                                  |   8|   0|    8|          0|
    |blkYuv_load_reg_1695                                                                    |   8|   0|    8|          0|
    |bluYuv_load_reg_1690                                                                    |   8|   0|    8|          0|
    |colorFormat_val_read_reg_1483                                                           |   8|   0|    8|          0|
    |dpDynamicRange_val_read_reg_1557                                                        |   8|   0|    8|          0|
    |dpYUVCoef_val_read_reg_1552                                                             |   8|   0|    8|          0|
    |enableInput_val_read_reg_1587                                                           |   8|   0|    8|          0|
    |grnYuv_load_reg_1685                                                                    |   8|   0|    8|          0|
    |grp_tpgBackground_Pipeline_VITIS_LOOP_565_2_fu_621_ap_start_reg                         |   1|   0|    1|          0|
    |hdata                                                                                   |  16|   0|   16|          0|
    |hdata_flag_0_reg_597                                                                    |   1|   0|    1|          0|
    |hdata_loc_0_fu_342                                                                      |  16|   0|   16|          0|
    |hdata_new_0_fu_346                                                                      |  16|   0|   16|          0|
    |height_val_read_reg_1619                                                                |  16|   0|   16|          0|
    |icmp_ln1337_reg_1733                                                                    |   1|   0|    1|          0|
    |icmp_ln1449_reg_1738                                                                    |   1|   0|    1|          0|
    |icmp_ln736_reg_1723                                                                     |   1|   0|    1|          0|
    |motionSpeed_val_read_reg_1547                                                           |   8|   0|    8|          0|
    |outpix_1_fu_286                                                                         |   8|   0|    8|          0|
    |outpix_2_fu_290                                                                         |   8|   0|    8|          0|
    |outpix_3_fu_294                                                                         |   8|   0|    8|          0|
    |outpix_4_fu_298                                                                         |   8|   0|    8|          0|
    |outpix_5_fu_302                                                                         |   8|   0|    8|          0|
    |outpix_fu_282                                                                           |   8|   0|    8|          0|
    |p_0_0_010369_lcssa382_fu_258                                                            |   8|   0|    8|          0|
    |p_0_0_010_1375_lcssa391_fu_270                                                          |   8|   0|    8|          0|
    |p_0_0_0373_lcssa388_fu_266                                                              |   8|   0|    8|          0|
    |p_0_0_09371_lcssa385_fu_262                                                             |   8|   0|    8|          0|
    |p_0_0_09_1377_lcssa394_fu_274                                                           |   8|   0|    8|          0|
    |p_0_0_0_1379_lcssa397_fu_278                                                            |   8|   0|    8|          0|
    |passthruEndX_val_read_reg_1597                                                          |  16|   0|   16|          0|
    |passthruEndY_val_read_reg_1592                                                          |  16|   0|   16|          0|
    |passthruStartX_val_read_reg_1608                                                        |  16|   0|   16|          0|
    |passthruStartY_val_read_reg_1603                                                        |  16|   0|   16|          0|
    |patternId_val_read_reg_1582                                                             |   8|   0|    8|          0|
    |rampStart                                                                               |   8|   0|    8|          0|
    |rampStart_load_reg_1624                                                                 |   8|   0|    8|          0|
    |rampVal                                                                                 |   8|   0|    8|          0|
    |rampVal_1                                                                               |  16|   0|   16|          0|
    |rampVal_2                                                                               |  16|   0|   16|          0|
    |rampVal_2_flag_0_reg_609                                                                |   1|   0|    1|          0|
    |rampVal_2_loc_0_fu_322                                                                  |  16|   0|   16|          0|
    |rampVal_2_new_0_fu_326                                                                  |  16|   0|   16|          0|
    |rampVal_3_flag_0_reg_585                                                                |   1|   0|    1|          0|
    |rampVal_3_loc_0_fu_378                                                                  |  16|   0|   16|          0|
    |rampVal_3_new_0_fu_382                                                                  |  16|   0|   16|          0|
    |rampVal_loc_0_fu_374                                                                    |  16|   0|   16|          0|
    |redYuv_load_reg_1680                                                                    |   8|   0|    8|          0|
    |select_ln1122_reg_1630                                                                  |   8|   0|    8|          0|
    |select_ln1503_reg_1670                                                                  |   7|   0|    8|          1|
    |select_ln1518_reg_1675                                                                  |   1|   0|    8|          7|
    |shl_ln_reg_1650                                                                         |   8|   0|   16|          8|
    |start_once_reg                                                                          |   1|   0|    1|          0|
    |tmp_reg_1507                                                                            |   7|   0|    7|          0|
    |tpgPatternCheckerBoard_unsigned_short_unsigned_short_unsigned_short_unsigned_2          |   3|   0|    3|          0|
    |tpgPatternCheckerBoard_unsigned_short_unsigned_short_unsigned_short_unsigned_3          |   3|   0|    3|          0|
    |tpgPatternCheckerBoard_unsigned_short_unsigned_short_unsigned_short_unsigned_6_fu_334   |   8|   0|    8|          0|
    |tpgPatternCheckerBoard_unsigned_short_unsigned_short_unsigned_short_unsigned_7_fu_330   |   8|   0|    8|          0|
    |tpgPatternColorBars_unsigned_short_unsigned_short_unsigned_char_int_hBarSel             |   8|   0|    8|          0|
    |tpgPatternColorBars_unsigned_short_unsigned_short_unsigned_char_int_hBarSel_8           |   8|   0|    8|          0|
    |tpgPatternColorBars_unsigned_short_unsigned_short_unsigned_char_int_hBarSel_8_2_fu_366  |   8|   0|    8|          0|
    |tpgPatternColorBars_unsigned_short_unsigned_short_unsigned_char_int_hBarSel_l_1_fu_370  |   8|   0|    8|          0|
    |tpgPatternDPColorSquare_unsigned_short_unsigned_short_unsigned_char_unsigned_2          |   3|   0|    3|          0|
    |tpgPatternDPColorSquare_unsigned_short_unsigned_short_unsigned_char_unsigned_3          |   3|   0|    3|          0|
    |tpgPatternDPColorSquare_unsigned_short_unsigned_short_unsigned_char_unsigned_6_fu_314   |   8|   0|    8|          0|
    |tpgPatternDPColorSquare_unsigned_short_unsigned_short_unsigned_char_unsigned_7_fu_310   |   8|   0|    8|          0|
    |tpgPatternTartanColorBars_unsigned_short_unsigned_short_unsigned_short_unsign_2         |   3|   0|    3|          0|
    |tpgPatternTartanColorBars_unsigned_short_unsigned_short_unsigned_short_unsign_3         |   3|   0|    3|          0|
    |tpgPatternTartanColorBars_unsigned_short_unsigned_short_unsigned_short_unsign_6_fu_354  |   8|   0|    8|          0|
    |tpgPatternTartanColorBars_unsigned_short_unsigned_short_unsigned_short_unsign_7_fu_350  |   8|   0|    8|          0|
    |trunc_ln1247_reg_1640                                                                   |   8|   0|    8|          0|
    |vBarSel                                                                                 |   3|   0|    3|          0|
    |vBarSel_1                                                                               |   1|   0|    1|          0|
    |vBarSel_2                                                                               |   8|   0|    8|          0|
    |vBarSel_2_loc_0_fu_338                                                                  |   8|   0|    8|          0|
    |vBarSel_3_loc_0_fu_318                                                                  |   8|   0|    8|          0|
    |vBarSel_loc_0_fu_358                                                                    |   8|   0|    8|          0|
    |whiYuv_1_load_reg_1705                                                                  |   8|   0|    8|          0|
    |whiYuv_load_reg_1700                                                                    |   8|   0|    8|          0|
    |width_val_read_reg_1614                                                                 |  16|   0|   16|          0|
    |xor_ln737_reg_1728                                                                      |   1|   0|    1|          0|
    |y_3_reg_1715                                                                            |  16|   0|   16|          0|
    |y_fu_306                                                                                |  16|   0|   16|          0|
    |zonePlateVAddr                                                                          |  16|   0|   16|          0|
    |zonePlateVAddr_loc_0_fu_362                                                             |  16|   0|   16|          0|
    +----------------------------------------------------------------------------------------+----+----+-----+-----------+
    |Total                                                                                   | 872|   0|  888|         16|
    +----------------------------------------------------------------------------------------+----+----+-----+-----------+



================================================================
== Interface
================================================================
* Summary: 
+--------------------------+-----+-----+------------+------------------------+--------------+
|         RTL Ports        | Dir | Bits|  Protocol  |      Source Object     |    C Type    |
+--------------------------+-----+-----+------------+------------------------+--------------+
|ap_clk                    |   in|    1|  ap_ctrl_hs|           tpgBackground|  return value|
|ap_rst                    |   in|    1|  ap_ctrl_hs|           tpgBackground|  return value|
|ap_start                  |   in|    1|  ap_ctrl_hs|           tpgBackground|  return value|
|start_full_n              |   in|    1|  ap_ctrl_hs|           tpgBackground|  return value|
|ap_done                   |  out|    1|  ap_ctrl_hs|           tpgBackground|  return value|
|ap_continue               |   in|    1|  ap_ctrl_hs|           tpgBackground|  return value|
|ap_idle                   |  out|    1|  ap_ctrl_hs|           tpgBackground|  return value|
|ap_ready                  |  out|    1|  ap_ctrl_hs|           tpgBackground|  return value|
|start_out                 |  out|    1|  ap_ctrl_hs|           tpgBackground|  return value|
|start_write               |  out|    1|  ap_ctrl_hs|           tpgBackground|  return value|
|srcYUV_dout               |   in|   48|     ap_fifo|                  srcYUV|       pointer|
|srcYUV_empty_n            |   in|    1|     ap_fifo|                  srcYUV|       pointer|
|srcYUV_read               |  out|    1|     ap_fifo|                  srcYUV|       pointer|
|srcYUV_num_data_valid     |   in|    5|     ap_fifo|                  srcYUV|       pointer|
|srcYUV_fifo_cap           |   in|    5|     ap_fifo|                  srcYUV|       pointer|
|height_val                |   in|   16|   ap_stable|              height_val|        scalar|
|width_val                 |   in|   16|   ap_stable|               width_val|        scalar|
|passthruStartX_val        |   in|   16|   ap_stable|      passthruStartX_val|        scalar|
|passthruStartY_val        |   in|   16|   ap_stable|      passthruStartY_val|        scalar|
|passthruEndX_val          |   in|   16|   ap_stable|        passthruEndX_val|        scalar|
|passthruEndY_val          |   in|   16|   ap_stable|        passthruEndY_val|        scalar|
|enableInput_val           |   in|    8|   ap_stable|         enableInput_val|        scalar|
|patternId_val             |   in|    8|   ap_stable|           patternId_val|        scalar|
|ZplateHorContStart_val    |   in|   16|   ap_stable|  ZplateHorContStart_val|        scalar|
|ZplateHorContDelta_val    |   in|   16|   ap_stable|  ZplateHorContDelta_val|        scalar|
|ZplateVerContStart_val    |   in|   16|   ap_stable|  ZplateVerContStart_val|        scalar|
|ZplateVerContDelta_val    |   in|   16|   ap_stable|  ZplateVerContDelta_val|        scalar|
|dpDynamicRange_val        |   in|    8|   ap_stable|      dpDynamicRange_val|        scalar|
|dpYUVCoef_val             |   in|    8|   ap_stable|           dpYUVCoef_val|        scalar|
|motionSpeed_val           |   in|    8|   ap_stable|         motionSpeed_val|        scalar|
|colorFormat_val           |   in|    8|   ap_stable|         colorFormat_val|        scalar|
|bckgndYUV_din             |  out|   48|     ap_fifo|               bckgndYUV|       pointer|
|bckgndYUV_full_n          |   in|    1|     ap_fifo|               bckgndYUV|       pointer|
|bckgndYUV_write           |  out|    1|     ap_fifo|               bckgndYUV|       pointer|
|bckgndYUV_num_data_valid  |   in|    5|     ap_fifo|               bckgndYUV|       pointer|
|bckgndYUV_fifo_cap        |   in|    5|     ap_fifo|               bckgndYUV|       pointer|
|s                         |   in|   32|     ap_none|                       s|       pointer|
+--------------------------+-----+-----+------------+------------------------+--------------+

