

================================================================
== Vitis HLS Report for 'v_tpg'
================================================================
* Date:           Wed Jun  3 12:59:10 2026

* Version:        2025.2 (Build 6295257 on Nov 14 2025)
* Project:        prj
* Solution:       sol (Vivado IP Flow Target)
* Product family: artixuplus
* Target device:  xcau15p-ffvb676-2-e


================================================================
== Performance Estimates
================================================================
+ Timing: 
    * Summary: 
    +--------+----------+----------+------------+
    |  Clock |  Target  | Estimated| Uncertainty|
    +--------+----------+----------+------------+
    |ap_clk  |  10.00 ns|  7.199 ns|     2.70 ns|
    +--------+----------+----------+------------+

+ Latency: 
    * Summary: 
    +---------+------------+----------+------------+-----+------------+---------+
    |   Latency (cycles)   |   Latency (absolute)  |     Interval     | Pipeline|
    |   min   |     max    |    min   |     max    | min |     max    |   Type  |
    +---------+------------+----------+------------+-----+------------+---------+
    |       26|  2148958191|  0.260 us|  21.490 sec|   27|  2148958192|       no|
    +---------+------------+----------+------------+-----+------------+---------+

    + Detail: 
        * Instance: 
        +---------------------------------+----------------------+---------+------------+-----------+------------+-----+------------+----------+
        |                                 |                      |   Latency (cycles)   |   Latency (absolute)   |     Interval     | Pipeline |
        |             Instance            |        Module        |   min   |     max    |    min    |     max    | min |     max    |   Type   |
        +---------------------------------+----------------------+---------+------------+-----------+------------+-----+------------+----------+
        |grp_v_tpgHlsDataFlow_fu_525      |v_tpgHlsDataFlow      |       22|  2148958187|   0.220 us|  21.490 sec|    3|  2148958188|  dataflow|
        |grp_reg_unsigned_short_s_fu_760  |reg_unsigned_short_s  |        1|           1|  10.000 ns|   10.000 ns|    1|           1|       yes|
        +---------------------------------+----------------------+---------+------------+-----------+------------+-----+------------+----------+

        * Loop: 
        N/A



================================================================
== Utilization Estimates
================================================================
* Summary: 
+-----------------+---------+-----+--------+-------+-----+
|       Name      | BRAM_18K| DSP |   FF   |  LUT  | URAM|
+-----------------+---------+-----+--------+-------+-----+
|DSP              |        -|    -|       -|      -|    -|
|Expression       |        -|    -|       0|    212|    -|
|FIFO             |        -|    -|       -|      -|    -|
|Instance         |       12|   26|    8356|  11534|    0|
|Memory           |        -|    -|       -|      -|    -|
|Multiplexer      |        -|    -|       0|    121|    -|
|Register         |        -|    -|     483|      -|    -|
+-----------------+---------+-----+--------+-------+-----+
|Total            |       12|   26|    8839|  11867|    0|
+-----------------+---------+-----+--------+-------+-----+
|Available        |      288|  576|  155520|  77760|    0|
+-----------------+---------+-----+--------+-------+-----+
|Utilization (%)  |        4|    4|       5|     15|    0|
+-----------------+---------+-----+--------+-------+-----+

+ Detail: 
    * Instance: 
    +---------------------------------+----------------------+---------+----+------+-------+-----+
    |             Instance            |        Module        | BRAM_18K| DSP|  FF  |  LUT  | URAM|
    +---------------------------------+----------------------+---------+----+------+-------+-----+
    |CTRL_s_axi_U                     |CTRL_s_axi            |        0|   0|   544|    744|    0|
    |grp_reg_unsigned_short_s_fu_760  |reg_unsigned_short_s  |        0|   0|    18|      2|    0|
    |grp_v_tpgHlsDataFlow_fu_525      |v_tpgHlsDataFlow      |       12|  26|  7794|  10788|    0|
    +---------------------------------+----------------------+---------+----+------+-------+-----+
    |Total                            |                      |       12|  26|  8356|  11534|    0|
    +---------------------------------+----------------------+---------+----+------+-------+-----+

    * DSP: 
    N/A

    * Memory: 
    N/A

    * FIFO: 
    N/A

    * Expression: 
    +-------------------------------------------------+----------+----+---+----+------------+------------+
    |                  Variable Name                  | Operation| DSP| FF| LUT| Bitwidth P0| Bitwidth P1|
    +-------------------------------------------------+----------+----+---+----+------------+------------+
    |add_ln502_fu_776_p2                              |         +|   0|  0|  39|          32|           1|
    |add_ln507_fu_808_p2                              |         +|   0|  0|  39|          32|           1|
    |grp_v_tpgHlsDataFlow_fu_525_m_axis_video_TREADY  |       and|   0|  0|   2|           1|           1|
    |icmp_ln500_fu_766_p2                             |      icmp|   0|  0|  23|          16|           1|
    |icmp_ln503_fu_782_p2                             |      icmp|   0|  0|  39|          32|           4|
    |icmp_ln505_fu_802_p2                             |      icmp|   0|  0|  36|          29|           1|
    |ap_sync_grp_v_tpgHlsDataFlow_fu_525_ap_ready     |        or|   0|  0|   2|           1|           1|
    |select_ln505_fu_814_p3                           |    select|   0|  0|  32|           1|          32|
    +-------------------------------------------------+----------+----+---+----+------------+------------+
    |Total                                            |          |   0|  0| 212|         144|          42|
    +-------------------------------------------------+----------+----+---+----+------------+------------+

    * Multiplexer: 
    +----------------------------------+----+-----------+-----+-----------+
    |               Name               | LUT| Input Size| Bits| Total Bits|
    +----------------------------------+----+-----------+-----+-----------+
    |ap_NS_fsm                         |  31|          6|    1|          6|
    |count_new_0_reg_514               |   9|          2|   32|         64|
    |fid                               |   9|          2|    1|          2|
    |m_axis_video_TDATA_int_regslice   |   9|          2|   48|         96|
    |m_axis_video_TDEST_int_regslice   |   9|          2|    1|          2|
    |m_axis_video_TID_int_regslice     |   9|          2|    1|          2|
    |m_axis_video_TKEEP_int_regslice   |   9|          2|    6|         12|
    |m_axis_video_TLAST_int_regslice   |   9|          2|    1|          2|
    |m_axis_video_TSTRB_int_regslice   |   9|          2|    6|         12|
    |m_axis_video_TUSER_int_regslice   |   9|          2|    1|          2|
    |s_axis_video_TREADY_int_regslice  |   9|          2|    1|          2|
    +----------------------------------+----+-----------+-----+-----------+
    |Total                             | 121|         26|   99|        202|
    +----------------------------------+----+-----------+-----+-----------+

    * Register: 
    +--------------------------------------------------+----+----+-----+-----------+
    |                       Name                       | FF | LUT| Bits| Const Bits|
    +--------------------------------------------------+----+----+-----+-----------+
    |ZplateHorContDelta_read_reg_946                   |  16|   0|   16|          0|
    |ZplateHorContStart_read_reg_941                   |  16|   0|   16|          0|
    |ZplateVerContDelta_read_reg_956                   |  16|   0|   16|          0|
    |ZplateVerContStart_read_reg_951                   |  16|   0|   16|          0|
    |ap_CS_fsm                                         |   5|   0|    5|          0|
    |ap_sync_reg_grp_v_tpgHlsDataFlow_fu_525_ap_done   |   1|   0|    1|          0|
    |ap_sync_reg_grp_v_tpgHlsDataFlow_fu_525_ap_ready  |   1|   0|    1|          0|
    |bckgndId_read_reg_906                             |   8|   0|    8|          0|
    |boxSize_read_reg_961                              |  16|   0|   16|          0|
    |colorFormat_read_reg_926                          |   8|   0|    8|          0|
    |count                                             |  32|   0|   32|          0|
    |count_new_0_reg_514                               |  32|   0|   32|          0|
    |crossHairX_read_reg_931                           |  16|   0|   16|          0|
    |crossHairY_read_reg_936                           |  16|   0|   16|          0|
    |dpDynamicRange_read_reg_981                       |   8|   0|    8|          0|
    |dpYUVCoef_read_reg_986                            |   8|   0|    8|          0|
    |empty_73_reg_971                                  |   8|   0|    8|          0|
    |empty_74_reg_976                                  |   8|   0|    8|          0|
    |empty_reg_966                                     |   8|   0|    8|          0|
    |enableInput_read_reg_901                          |   8|   0|    8|          0|
    |fid_in_read_reg_876                               |   1|   0|    1|          0|
    |fid_reg                                           |   1|   0|    1|          0|
    |field_id_read_reg_871                             |  16|   0|   16|          0|
    |grp_v_tpgHlsDataFlow_fu_525_ap_start_reg          |   1|   0|    1|          0|
    |height_read_reg_861                               |  16|   0|   16|          0|
    |icmp_ln500_reg_849                                |   1|   0|    1|          0|
    |m_axis_video_TDATA_reg                            |  48|   0|   48|          0|
    |m_axis_video_TDEST_reg                            |   1|   0|    1|          0|
    |m_axis_video_TID_reg                              |   1|   0|    1|          0|
    |m_axis_video_TKEEP_reg                            |   6|   0|    6|          0|
    |m_axis_video_TLAST_reg                            |   1|   0|    1|          0|
    |m_axis_video_TSTRB_reg                            |   6|   0|    6|          0|
    |m_axis_video_TUSER_reg                            |   1|   0|    1|          0|
    |maskId_read_reg_916                               |   8|   0|    8|          0|
    |motionSpeed_read_reg_921                          |   8|   0|    8|          0|
    |ovrlayId_read_reg_911                             |   8|   0|    8|          0|
    |passthruEndX_read_reg_891                         |  16|   0|   16|          0|
    |passthruEndY_read_reg_896                         |  16|   0|   16|          0|
    |passthruStartX_read_reg_881                       |  16|   0|   16|          0|
    |passthruStartY_read_reg_886                       |  16|   0|   16|          0|
    |s                                                 |  32|   0|   32|          0|
    |width_read_reg_866                                |  16|   0|   16|          0|
    +--------------------------------------------------+----+----+-----+-----------+
    |Total                                             | 483|   0|  483|          0|
    +--------------------------------------------------+----+----+-----+-----------+



================================================================
== Interface
================================================================
* Summary: 
+---------------------+-----+-----+------------+-----------------------+--------------+
|      RTL Ports      | Dir | Bits|  Protocol  |     Source Object     |    C Type    |
+---------------------+-----+-----+------------+-----------------------+--------------+
|s_axi_CTRL_AWVALID   |   in|    1|       s_axi|                   CTRL|       pointer|
|s_axi_CTRL_AWREADY   |  out|    1|       s_axi|                   CTRL|       pointer|
|s_axi_CTRL_AWADDR    |   in|    8|       s_axi|                   CTRL|       pointer|
|s_axi_CTRL_WVALID    |   in|    1|       s_axi|                   CTRL|       pointer|
|s_axi_CTRL_WREADY    |  out|    1|       s_axi|                   CTRL|       pointer|
|s_axi_CTRL_WDATA     |   in|   32|       s_axi|                   CTRL|       pointer|
|s_axi_CTRL_WSTRB     |   in|    4|       s_axi|                   CTRL|       pointer|
|s_axi_CTRL_ARVALID   |   in|    1|       s_axi|                   CTRL|       pointer|
|s_axi_CTRL_ARREADY   |  out|    1|       s_axi|                   CTRL|       pointer|
|s_axi_CTRL_ARADDR    |   in|    8|       s_axi|                   CTRL|       pointer|
|s_axi_CTRL_RVALID    |  out|    1|       s_axi|                   CTRL|       pointer|
|s_axi_CTRL_RREADY    |   in|    1|       s_axi|                   CTRL|       pointer|
|s_axi_CTRL_RDATA     |  out|   32|       s_axi|                   CTRL|       pointer|
|s_axi_CTRL_RRESP     |  out|    2|       s_axi|                   CTRL|       pointer|
|s_axi_CTRL_BVALID    |  out|    1|       s_axi|                   CTRL|       pointer|
|s_axi_CTRL_BREADY    |   in|    1|       s_axi|                   CTRL|       pointer|
|s_axi_CTRL_BRESP     |  out|    2|       s_axi|                   CTRL|       pointer|
|ap_clk               |   in|    1|  ap_ctrl_hs|                  v_tpg|  return value|
|ap_rst_n             |   in|    1|  ap_ctrl_hs|                  v_tpg|  return value|
|interrupt            |  out|    1|  ap_ctrl_hs|                  v_tpg|  return value|
|s_axis_video_TDATA   |   in|   48|        axis|  s_axis_video_V_data_V|       pointer|
|s_axis_video_TVALID  |   in|    1|        axis|  s_axis_video_V_dest_V|       pointer|
|s_axis_video_TREADY  |  out|    1|        axis|  s_axis_video_V_dest_V|       pointer|
|s_axis_video_TDEST   |   in|    1|        axis|  s_axis_video_V_dest_V|       pointer|
|s_axis_video_TKEEP   |   in|    6|        axis|  s_axis_video_V_keep_V|       pointer|
|s_axis_video_TSTRB   |   in|    6|        axis|  s_axis_video_V_strb_V|       pointer|
|s_axis_video_TUSER   |   in|    1|        axis|  s_axis_video_V_user_V|       pointer|
|s_axis_video_TLAST   |   in|    1|        axis|  s_axis_video_V_last_V|       pointer|
|s_axis_video_TID     |   in|    1|        axis|    s_axis_video_V_id_V|       pointer|
|fid_in               |   in|    1|     ap_none|                 fid_in|       pointer|
|m_axis_video_TDATA   |  out|   48|        axis|  m_axis_video_V_data_V|       pointer|
|m_axis_video_TVALID  |  out|    1|        axis|  m_axis_video_V_dest_V|       pointer|
|m_axis_video_TREADY  |   in|    1|        axis|  m_axis_video_V_dest_V|       pointer|
|m_axis_video_TDEST   |  out|    1|        axis|  m_axis_video_V_dest_V|       pointer|
|m_axis_video_TKEEP   |  out|    6|        axis|  m_axis_video_V_keep_V|       pointer|
|m_axis_video_TSTRB   |  out|    6|        axis|  m_axis_video_V_strb_V|       pointer|
|m_axis_video_TUSER   |  out|    1|        axis|  m_axis_video_V_user_V|       pointer|
|m_axis_video_TLAST   |  out|    1|        axis|  m_axis_video_V_last_V|       pointer|
|m_axis_video_TID     |  out|    1|        axis|    m_axis_video_V_id_V|       pointer|
|fid                  |  out|    1|     ap_none|                    fid|       pointer|
+---------------------+-----+-----+------------+-----------------------+--------------+

