Copyright 1986-2022 Xilinx, Inc. All Rights Reserved. Copyright 2022-2025 Advanced Micro Devices, Inc. All Rights Reserved.
---------------------------------------------------------------------------------------------------------------------------------------------
| Tool Version : Vivado v.2025.2 (win64) Build 6299465 Fri Nov 14 19:35:11 GMT 2025
| Date         : Thu Jan 22 19:10:39 2026
| Host         : DESKTOP-6GRI2EI running 64-bit major release  (build 9200)
| Command      : report_drc -file hdmi_tx_bd_wrapper_drc_opted.rpt -pb hdmi_tx_bd_wrapper_drc_opted.pb -rpx hdmi_tx_bd_wrapper_drc_opted.rpx
| Design       : hdmi_tx_bd_wrapper
| Device       : xcau15p-ffvb676-2-e
| Speed File   : -2
| Design State : Synthesized
---------------------------------------------------------------------------------------------------------------------------------------------

Report DRC

Table of Contents
-----------------
1. REPORT SUMMARY
2. REPORT DETAILS

1. REPORT SUMMARY
-----------------
            Netlist: netlist
          Floorplan: design_1
      Design limits: <entire design considered>
           Ruledeck: default
             Max checks: <unlimited>
             Checks found: 46
+-----------+----------+--------------------------------------------+--------+
| Rule      | Severity | Description                                | Checks |
+-----------+----------+--------------------------------------------+--------+
| DPIP-2    | Warning  | Input pipelining                           | 19     |
| DPOP-3    | Warning  | PREG Output pipelining                     | 13     |
| DPOP-4    | Warning  | MREG Output pipelining                     | 12     |
| REQP-1774 | Warning  | RAMB36E2_WRITE_WIDTH_A_18_doesnt_use_WEA32 | 2      |
+-----------+----------+--------------------------------------------+--------+

2. REPORT DETAILS
-----------------
DPIP-2#1 Warning
Input pipelining  
DSP hdmi_tx_bd_i/v_tpg_0/inst/grp_v_tpgHlsDataFlow_fu_460/tpgBackground_U0/grp_tpgBackground_Pipeline_VITIS_LOOP_565_2_fu_615/mac_muladd_16s_16s_16s_16_4_1_U176/hdmi_tx_bd_v_tpg_0_0_mac_muladd_16s_16s_16s_16_4_1_DSP48_0_U/p_reg_reg input hdmi_tx_bd_i/v_tpg_0/inst/grp_v_tpgHlsDataFlow_fu_460/tpgBackground_U0/grp_tpgBackground_Pipeline_VITIS_LOOP_565_2_fu_615/mac_muladd_16s_16s_16s_16_4_1_U176/hdmi_tx_bd_v_tpg_0_0_mac_muladd_16s_16s_16s_16_4_1_DSP48_0_U/p_reg_reg/C[47:0] is not pipelined. Pipelining DSP48 input will improve performance.
Related violations: <none>

DPIP-2#2 Warning
Input pipelining  
DSP hdmi_tx_bd_i/v_tpg_0/inst/grp_v_tpgHlsDataFlow_fu_460/tpgBackground_U0/grp_tpgBackground_Pipeline_VITIS_LOOP_565_2_fu_615/mac_muladd_16s_16s_16s_16_4_1_U177/hdmi_tx_bd_v_tpg_0_0_mac_muladd_16s_16s_16s_16_4_1_DSP48_0_U/p_reg_reg input hdmi_tx_bd_i/v_tpg_0/inst/grp_v_tpgHlsDataFlow_fu_460/tpgBackground_U0/grp_tpgBackground_Pipeline_VITIS_LOOP_565_2_fu_615/mac_muladd_16s_16s_16s_16_4_1_U177/hdmi_tx_bd_v_tpg_0_0_mac_muladd_16s_16s_16s_16_4_1_DSP48_0_U/p_reg_reg/C[47:0] is not pipelined. Pipelining DSP48 input will improve performance.
Related violations: <none>

DPIP-2#3 Warning
Input pipelining  
DSP hdmi_tx_bd_i/v_tpg_0/inst/grp_v_tpgHlsDataFlow_fu_460/tpgBackground_U0/grp_tpgBackground_Pipeline_VITIS_LOOP_565_2_fu_615/mac_muladd_16s_16s_16s_16_4_1_U178/hdmi_tx_bd_v_tpg_0_0_mac_muladd_16s_16s_16s_16_4_1_DSP48_0_U/p_reg_reg input hdmi_tx_bd_i/v_tpg_0/inst/grp_v_tpgHlsDataFlow_fu_460/tpgBackground_U0/grp_tpgBackground_Pipeline_VITIS_LOOP_565_2_fu_615/mac_muladd_16s_16s_16s_16_4_1_U178/hdmi_tx_bd_v_tpg_0_0_mac_muladd_16s_16s_16s_16_4_1_DSP48_0_U/p_reg_reg/C[47:0] is not pipelined. Pipelining DSP48 input will improve performance.
Related violations: <none>

DPIP-2#4 Warning
Input pipelining  
DSP hdmi_tx_bd_i/v_tpg_0/inst/grp_v_tpgHlsDataFlow_fu_460/tpgBackground_U0/grp_tpgBackground_Pipeline_VITIS_LOOP_565_2_fu_615/mac_muladd_8ns_5ns_16ns_17_4_1_U203/hdmi_tx_bd_v_tpg_0_0_mac_muladd_8ns_5ns_16ns_17_4_1_DSP48_0_U/p_reg_reg input hdmi_tx_bd_i/v_tpg_0/inst/grp_v_tpgHlsDataFlow_fu_460/tpgBackground_U0/grp_tpgBackground_Pipeline_VITIS_LOOP_565_2_fu_615/mac_muladd_8ns_5ns_16ns_17_4_1_U203/hdmi_tx_bd_v_tpg_0_0_mac_muladd_8ns_5ns_16ns_17_4_1_DSP48_0_U/p_reg_reg/C[47:0] is not pipelined. Pipelining DSP48 input will improve performance.
Related violations: <none>

DPIP-2#5 Warning
Input pipelining  
DSP hdmi_tx_bd_i/v_tpg_0/inst/grp_v_tpgHlsDataFlow_fu_460/tpgBackground_U0/grp_tpgBackground_Pipeline_VITIS_LOOP_565_2_fu_615/mac_muladd_8ns_5ns_16ns_17_4_1_U204/hdmi_tx_bd_v_tpg_0_0_mac_muladd_8ns_5ns_16ns_17_4_1_DSP48_0_U/p_reg_reg input hdmi_tx_bd_i/v_tpg_0/inst/grp_v_tpgHlsDataFlow_fu_460/tpgBackground_U0/grp_tpgBackground_Pipeline_VITIS_LOOP_565_2_fu_615/mac_muladd_8ns_5ns_16ns_17_4_1_U204/hdmi_tx_bd_v_tpg_0_0_mac_muladd_8ns_5ns_16ns_17_4_1_DSP48_0_U/p_reg_reg/C[47:0] is not pipelined. Pipelining DSP48 input will improve performance.
Related violations: <none>

DPIP-2#6 Warning
Input pipelining  
DSP hdmi_tx_bd_i/v_tpg_0/inst/grp_v_tpgHlsDataFlow_fu_460/tpgBackground_U0/grp_tpgBackground_Pipeline_VITIS_LOOP_565_2_fu_615/mac_muladd_8ns_5ns_16ns_17_4_1_U205/hdmi_tx_bd_v_tpg_0_0_mac_muladd_8ns_5ns_16ns_17_4_1_DSP48_0_U/p_reg_reg input hdmi_tx_bd_i/v_tpg_0/inst/grp_v_tpgHlsDataFlow_fu_460/tpgBackground_U0/grp_tpgBackground_Pipeline_VITIS_LOOP_565_2_fu_615/mac_muladd_8ns_5ns_16ns_17_4_1_U205/hdmi_tx_bd_v_tpg_0_0_mac_muladd_8ns_5ns_16ns_17_4_1_DSP48_0_U/p_reg_reg/C[47:0] is not pipelined. Pipelining DSP48 input will improve performance.
Related violations: <none>

DPIP-2#7 Warning
Input pipelining  
DSP hdmi_tx_bd_i/v_tpg_0/inst/grp_v_tpgHlsDataFlow_fu_460/tpgBackground_U0/grp_tpgBackground_Pipeline_VITIS_LOOP_565_2_fu_615/mac_muladd_8ns_5ns_16ns_17_4_1_U206/hdmi_tx_bd_v_tpg_0_0_mac_muladd_8ns_5ns_16ns_17_4_1_DSP48_0_U/p_reg_reg input hdmi_tx_bd_i/v_tpg_0/inst/grp_v_tpgHlsDataFlow_fu_460/tpgBackground_U0/grp_tpgBackground_Pipeline_VITIS_LOOP_565_2_fu_615/mac_muladd_8ns_5ns_16ns_17_4_1_U206/hdmi_tx_bd_v_tpg_0_0_mac_muladd_8ns_5ns_16ns_17_4_1_DSP48_0_U/p_reg_reg/C[47:0] is not pipelined. Pipelining DSP48 input will improve performance.
Related violations: <none>

DPIP-2#8 Warning
Input pipelining  
DSP hdmi_tx_bd_i/v_tpg_0/inst/grp_v_tpgHlsDataFlow_fu_460/tpgBackground_U0/grp_tpgBackground_Pipeline_VITIS_LOOP_565_2_fu_615/mac_muladd_8ns_8ns_15ns_16_4_1_U187/hdmi_tx_bd_v_tpg_0_0_mac_muladd_8ns_8ns_15ns_16_4_1_DSP48_0_U/p_reg_reg input hdmi_tx_bd_i/v_tpg_0/inst/grp_v_tpgHlsDataFlow_fu_460/tpgBackground_U0/grp_tpgBackground_Pipeline_VITIS_LOOP_565_2_fu_615/mac_muladd_8ns_8ns_15ns_16_4_1_U187/hdmi_tx_bd_v_tpg_0_0_mac_muladd_8ns_8ns_15ns_16_4_1_DSP48_0_U/p_reg_reg/C[47:0] is not pipelined. Pipelining DSP48 input will improve performance.
Related violations: <none>

DPIP-2#9 Warning
Input pipelining  
DSP hdmi_tx_bd_i/v_tpg_0/inst/grp_v_tpgHlsDataFlow_fu_460/tpgBackground_U0/grp_tpgBackground_Pipeline_VITIS_LOOP_565_2_fu_615/mac_muladd_8ns_8ns_15ns_16_4_1_U191/hdmi_tx_bd_v_tpg_0_0_mac_muladd_8ns_8ns_15ns_16_4_1_DSP48_0_U/p_reg_reg input hdmi_tx_bd_i/v_tpg_0/inst/grp_v_tpgHlsDataFlow_fu_460/tpgBackground_U0/grp_tpgBackground_Pipeline_VITIS_LOOP_565_2_fu_615/mac_muladd_8ns_8ns_15ns_16_4_1_U191/hdmi_tx_bd_v_tpg_0_0_mac_muladd_8ns_8ns_15ns_16_4_1_DSP48_0_U/p_reg_reg/C[47:0] is not pipelined. Pipelining DSP48 input will improve performance.
Related violations: <none>

DPIP-2#10 Warning
Input pipelining  
DSP hdmi_tx_bd_i/v_tpg_0/inst/grp_v_tpgHlsDataFlow_fu_460/tpgBackground_U0/grp_tpgBackground_Pipeline_VITIS_LOOP_565_2_fu_615/mac_muladd_8ns_8ns_15ns_16_4_1_U195/hdmi_tx_bd_v_tpg_0_0_mac_muladd_8ns_8ns_15ns_16_4_1_DSP48_0_U/p_reg_reg input hdmi_tx_bd_i/v_tpg_0/inst/grp_v_tpgHlsDataFlow_fu_460/tpgBackground_U0/grp_tpgBackground_Pipeline_VITIS_LOOP_565_2_fu_615/mac_muladd_8ns_8ns_15ns_16_4_1_U195/hdmi_tx_bd_v_tpg_0_0_mac_muladd_8ns_8ns_15ns_16_4_1_DSP48_0_U/p_reg_reg/C[47:0] is not pipelined. Pipelining DSP48 input will improve performance.
Related violations: <none>

DPIP-2#11 Warning
Input pipelining  
DSP hdmi_tx_bd_i/v_tpg_0/inst/grp_v_tpgHlsDataFlow_fu_460/tpgBackground_U0/grp_tpgBackground_Pipeline_VITIS_LOOP_565_2_fu_615/mac_muladd_8ns_8ns_15ns_16_4_1_U199/hdmi_tx_bd_v_tpg_0_0_mac_muladd_8ns_8ns_15ns_16_4_1_DSP48_0_U/p_reg_reg input hdmi_tx_bd_i/v_tpg_0/inst/grp_v_tpgHlsDataFlow_fu_460/tpgBackground_U0/grp_tpgBackground_Pipeline_VITIS_LOOP_565_2_fu_615/mac_muladd_8ns_8ns_15ns_16_4_1_U199/hdmi_tx_bd_v_tpg_0_0_mac_muladd_8ns_8ns_15ns_16_4_1_DSP48_0_U/p_reg_reg/C[47:0] is not pipelined. Pipelining DSP48 input will improve performance.
Related violations: <none>

DPIP-2#12 Warning
Input pipelining  
DSP hdmi_tx_bd_i/v_tpg_0/inst/grp_v_tpgHlsDataFlow_fu_460/tpgBackground_U0/grp_tpgBackground_Pipeline_VITIS_LOOP_565_2_fu_615/mul_11ns_13ns_23_1_1_U18/tmp_product input hdmi_tx_bd_i/v_tpg_0/inst/grp_v_tpgHlsDataFlow_fu_460/tpgBackground_U0/grp_tpgBackground_Pipeline_VITIS_LOOP_565_2_fu_615/mul_11ns_13ns_23_1_1_U18/tmp_product/A[29:0] is not pipelined. Pipelining DSP48 input will improve performance.
Related violations: <none>

DPIP-2#13 Warning
Input pipelining  
DSP hdmi_tx_bd_i/v_tpg_0/inst/grp_v_tpgHlsDataFlow_fu_460/tpgBackground_U0/grp_tpgBackground_Pipeline_VITIS_LOOP_565_2_fu_615/mul_11ns_13ns_23_1_1_U19/tmp_product input hdmi_tx_bd_i/v_tpg_0/inst/grp_v_tpgHlsDataFlow_fu_460/tpgBackground_U0/grp_tpgBackground_Pipeline_VITIS_LOOP_565_2_fu_615/mul_11ns_13ns_23_1_1_U19/tmp_product/A[29:0] is not pipelined. Pipelining DSP48 input will improve performance.
Related violations: <none>

DPIP-2#14 Warning
Input pipelining  
DSP hdmi_tx_bd_i/v_tpg_0/inst/grp_v_tpgHlsDataFlow_fu_460/tpgBackground_U0/grp_tpgBackground_Pipeline_VITIS_LOOP_565_2_fu_615/mul_11ns_13ns_23_1_1_U20/tmp_product input hdmi_tx_bd_i/v_tpg_0/inst/grp_v_tpgHlsDataFlow_fu_460/tpgBackground_U0/grp_tpgBackground_Pipeline_VITIS_LOOP_565_2_fu_615/mul_11ns_13ns_23_1_1_U20/tmp_product/A[29:0] is not pipelined. Pipelining DSP48 input will improve performance.
Related violations: <none>

DPIP-2#15 Warning
Input pipelining  
DSP hdmi_tx_bd_i/v_tpg_0/inst/grp_v_tpgHlsDataFlow_fu_460/tpgBackground_U0/grp_tpgBackground_Pipeline_VITIS_LOOP_565_2_fu_615/mul_11ns_13ns_23_1_1_U23/tmp_product input hdmi_tx_bd_i/v_tpg_0/inst/grp_v_tpgHlsDataFlow_fu_460/tpgBackground_U0/grp_tpgBackground_Pipeline_VITIS_LOOP_565_2_fu_615/mul_11ns_13ns_23_1_1_U23/tmp_product/A[29:0] is not pipelined. Pipelining DSP48 input will improve performance.
Related violations: <none>

DPIP-2#16 Warning
Input pipelining  
DSP hdmi_tx_bd_i/v_tpg_0/inst/grp_v_tpgHlsDataFlow_fu_460/tpgBackground_U0/grp_tpgBackground_Pipeline_VITIS_LOOP_565_2_fu_615/mul_11ns_13ns_23_1_1_U24/tmp_product input hdmi_tx_bd_i/v_tpg_0/inst/grp_v_tpgHlsDataFlow_fu_460/tpgBackground_U0/grp_tpgBackground_Pipeline_VITIS_LOOP_565_2_fu_615/mul_11ns_13ns_23_1_1_U24/tmp_product/A[29:0] is not pipelined. Pipelining DSP48 input will improve performance.
Related violations: <none>

DPIP-2#17 Warning
Input pipelining  
DSP hdmi_tx_bd_i/v_tpg_0/inst/grp_v_tpgHlsDataFlow_fu_460/tpgBackground_U0/grp_tpgBackground_Pipeline_VITIS_LOOP_565_2_fu_615/mul_11ns_13ns_23_1_1_U26/tmp_product input hdmi_tx_bd_i/v_tpg_0/inst/grp_v_tpgHlsDataFlow_fu_460/tpgBackground_U0/grp_tpgBackground_Pipeline_VITIS_LOOP_565_2_fu_615/mul_11ns_13ns_23_1_1_U26/tmp_product/A[29:0] is not pipelined. Pipelining DSP48 input will improve performance.
Related violations: <none>

DPIP-2#18 Warning
Input pipelining  
DSP hdmi_tx_bd_i/v_tpg_0/inst/grp_v_tpgHlsDataFlow_fu_460/tpgBackground_U0/grp_tpgBackground_Pipeline_VITIS_LOOP_565_2_fu_615/mul_11ns_13ns_23_1_1_U27/tmp_product input hdmi_tx_bd_i/v_tpg_0/inst/grp_v_tpgHlsDataFlow_fu_460/tpgBackground_U0/grp_tpgBackground_Pipeline_VITIS_LOOP_565_2_fu_615/mul_11ns_13ns_23_1_1_U27/tmp_product/A[29:0] is not pipelined. Pipelining DSP48 input will improve performance.
Related violations: <none>

DPIP-2#19 Warning
Input pipelining  
DSP hdmi_tx_bd_i/v_tpg_0/inst/grp_v_tpgHlsDataFlow_fu_460/tpgBackground_U0/grp_tpgBackground_Pipeline_VITIS_LOOP_565_2_fu_615/mul_11ns_13ns_23_1_1_U28/tmp_product input hdmi_tx_bd_i/v_tpg_0/inst/grp_v_tpgHlsDataFlow_fu_460/tpgBackground_U0/grp_tpgBackground_Pipeline_VITIS_LOOP_565_2_fu_615/mul_11ns_13ns_23_1_1_U28/tmp_product/A[29:0] is not pipelined. Pipelining DSP48 input will improve performance.
Related violations: <none>

DPOP-3#1 Warning
PREG Output pipelining  
DSP hdmi_tx_bd_i/v_tpg_0/inst/grp_v_tpgHlsDataFlow_fu_460/tpgBackground_U0/grp_tpgBackground_Pipeline_VITIS_LOOP_565_2_fu_615/grp_reg_int_s_fu_3750/trunc_ln224_reg_28_reg output hdmi_tx_bd_i/v_tpg_0/inst/grp_v_tpgHlsDataFlow_fu_460/tpgBackground_U0/grp_tpgBackground_Pipeline_VITIS_LOOP_565_2_fu_615/grp_reg_int_s_fu_3750/trunc_ln224_reg_28_reg/P[47:0] is not pipelined (PREG=0). Pipelining the DSP48 output will improve performance and often saves power so it is suggested whenever possible to fully pipeline this function.  If this DSP48 function was inferred, it is suggested to describe an additional register stage after this function.  If the DSP48 was instantiated in the design, it is suggested to set the PREG attribute to 1.
Related violations: <none>

DPOP-3#2 Warning
PREG Output pipelining  
DSP hdmi_tx_bd_i/v_tpg_0/inst/grp_v_tpgHlsDataFlow_fu_460/tpgBackground_U0/grp_tpgBackground_Pipeline_VITIS_LOOP_565_2_fu_615/mul_11ns_13ns_23_1_1_U17/tmp_product output hdmi_tx_bd_i/v_tpg_0/inst/grp_v_tpgHlsDataFlow_fu_460/tpgBackground_U0/grp_tpgBackground_Pipeline_VITIS_LOOP_565_2_fu_615/mul_11ns_13ns_23_1_1_U17/tmp_product/P[47:0] is not pipelined (PREG=0). Pipelining the DSP48 output will improve performance and often saves power so it is suggested whenever possible to fully pipeline this function.  If this DSP48 function was inferred, it is suggested to describe an additional register stage after this function.  If the DSP48 was instantiated in the design, it is suggested to set the PREG attribute to 1.
Related violations: <none>

DPOP-3#3 Warning
PREG Output pipelining  
DSP hdmi_tx_bd_i/v_tpg_0/inst/grp_v_tpgHlsDataFlow_fu_460/tpgBackground_U0/grp_tpgBackground_Pipeline_VITIS_LOOP_565_2_fu_615/mul_11ns_13ns_23_1_1_U18/tmp_product output hdmi_tx_bd_i/v_tpg_0/inst/grp_v_tpgHlsDataFlow_fu_460/tpgBackground_U0/grp_tpgBackground_Pipeline_VITIS_LOOP_565_2_fu_615/mul_11ns_13ns_23_1_1_U18/tmp_product/P[47:0] is not pipelined (PREG=0). Pipelining the DSP48 output will improve performance and often saves power so it is suggested whenever possible to fully pipeline this function.  If this DSP48 function was inferred, it is suggested to describe an additional register stage after this function.  If the DSP48 was instantiated in the design, it is suggested to set the PREG attribute to 1.
Related violations: <none>

DPOP-3#4 Warning
PREG Output pipelining  
DSP hdmi_tx_bd_i/v_tpg_0/inst/grp_v_tpgHlsDataFlow_fu_460/tpgBackground_U0/grp_tpgBackground_Pipeline_VITIS_LOOP_565_2_fu_615/mul_11ns_13ns_23_1_1_U19/tmp_product output hdmi_tx_bd_i/v_tpg_0/inst/grp_v_tpgHlsDataFlow_fu_460/tpgBackground_U0/grp_tpgBackground_Pipeline_VITIS_LOOP_565_2_fu_615/mul_11ns_13ns_23_1_1_U19/tmp_product/P[47:0] is not pipelined (PREG=0). Pipelining the DSP48 output will improve performance and often saves power so it is suggested whenever possible to fully pipeline this function.  If this DSP48 function was inferred, it is suggested to describe an additional register stage after this function.  If the DSP48 was instantiated in the design, it is suggested to set the PREG attribute to 1.
Related violations: <none>

DPOP-3#5 Warning
PREG Output pipelining  
DSP hdmi_tx_bd_i/v_tpg_0/inst/grp_v_tpgHlsDataFlow_fu_460/tpgBackground_U0/grp_tpgBackground_Pipeline_VITIS_LOOP_565_2_fu_615/mul_11ns_13ns_23_1_1_U20/tmp_product output hdmi_tx_bd_i/v_tpg_0/inst/grp_v_tpgHlsDataFlow_fu_460/tpgBackground_U0/grp_tpgBackground_Pipeline_VITIS_LOOP_565_2_fu_615/mul_11ns_13ns_23_1_1_U20/tmp_product/P[47:0] is not pipelined (PREG=0). Pipelining the DSP48 output will improve performance and often saves power so it is suggested whenever possible to fully pipeline this function.  If this DSP48 function was inferred, it is suggested to describe an additional register stage after this function.  If the DSP48 was instantiated in the design, it is suggested to set the PREG attribute to 1.
Related violations: <none>

DPOP-3#6 Warning
PREG Output pipelining  
DSP hdmi_tx_bd_i/v_tpg_0/inst/grp_v_tpgHlsDataFlow_fu_460/tpgBackground_U0/grp_tpgBackground_Pipeline_VITIS_LOOP_565_2_fu_615/mul_11ns_13ns_23_1_1_U21/tmp_product output hdmi_tx_bd_i/v_tpg_0/inst/grp_v_tpgHlsDataFlow_fu_460/tpgBackground_U0/grp_tpgBackground_Pipeline_VITIS_LOOP_565_2_fu_615/mul_11ns_13ns_23_1_1_U21/tmp_product/P[47:0] is not pipelined (PREG=0). Pipelining the DSP48 output will improve performance and often saves power so it is suggested whenever possible to fully pipeline this function.  If this DSP48 function was inferred, it is suggested to describe an additional register stage after this function.  If the DSP48 was instantiated in the design, it is suggested to set the PREG attribute to 1.
Related violations: <none>

DPOP-3#7 Warning
PREG Output pipelining  
DSP hdmi_tx_bd_i/v_tpg_0/inst/grp_v_tpgHlsDataFlow_fu_460/tpgBackground_U0/grp_tpgBackground_Pipeline_VITIS_LOOP_565_2_fu_615/mul_11ns_13ns_23_1_1_U22/tmp_product output hdmi_tx_bd_i/v_tpg_0/inst/grp_v_tpgHlsDataFlow_fu_460/tpgBackground_U0/grp_tpgBackground_Pipeline_VITIS_LOOP_565_2_fu_615/mul_11ns_13ns_23_1_1_U22/tmp_product/P[47:0] is not pipelined (PREG=0). Pipelining the DSP48 output will improve performance and often saves power so it is suggested whenever possible to fully pipeline this function.  If this DSP48 function was inferred, it is suggested to describe an additional register stage after this function.  If the DSP48 was instantiated in the design, it is suggested to set the PREG attribute to 1.
Related violations: <none>

DPOP-3#8 Warning
PREG Output pipelining  
DSP hdmi_tx_bd_i/v_tpg_0/inst/grp_v_tpgHlsDataFlow_fu_460/tpgBackground_U0/grp_tpgBackground_Pipeline_VITIS_LOOP_565_2_fu_615/mul_11ns_13ns_23_1_1_U23/tmp_product output hdmi_tx_bd_i/v_tpg_0/inst/grp_v_tpgHlsDataFlow_fu_460/tpgBackground_U0/grp_tpgBackground_Pipeline_VITIS_LOOP_565_2_fu_615/mul_11ns_13ns_23_1_1_U23/tmp_product/P[47:0] is not pipelined (PREG=0). Pipelining the DSP48 output will improve performance and often saves power so it is suggested whenever possible to fully pipeline this function.  If this DSP48 function was inferred, it is suggested to describe an additional register stage after this function.  If the DSP48 was instantiated in the design, it is suggested to set the PREG attribute to 1.
Related violations: <none>

DPOP-3#9 Warning
PREG Output pipelining  
DSP hdmi_tx_bd_i/v_tpg_0/inst/grp_v_tpgHlsDataFlow_fu_460/tpgBackground_U0/grp_tpgBackground_Pipeline_VITIS_LOOP_565_2_fu_615/mul_11ns_13ns_23_1_1_U24/tmp_product output hdmi_tx_bd_i/v_tpg_0/inst/grp_v_tpgHlsDataFlow_fu_460/tpgBackground_U0/grp_tpgBackground_Pipeline_VITIS_LOOP_565_2_fu_615/mul_11ns_13ns_23_1_1_U24/tmp_product/P[47:0] is not pipelined (PREG=0). Pipelining the DSP48 output will improve performance and often saves power so it is suggested whenever possible to fully pipeline this function.  If this DSP48 function was inferred, it is suggested to describe an additional register stage after this function.  If the DSP48 was instantiated in the design, it is suggested to set the PREG attribute to 1.
Related violations: <none>

DPOP-3#10 Warning
PREG Output pipelining  
DSP hdmi_tx_bd_i/v_tpg_0/inst/grp_v_tpgHlsDataFlow_fu_460/tpgBackground_U0/grp_tpgBackground_Pipeline_VITIS_LOOP_565_2_fu_615/mul_11ns_13ns_23_1_1_U25/tmp_product output hdmi_tx_bd_i/v_tpg_0/inst/grp_v_tpgHlsDataFlow_fu_460/tpgBackground_U0/grp_tpgBackground_Pipeline_VITIS_LOOP_565_2_fu_615/mul_11ns_13ns_23_1_1_U25/tmp_product/P[47:0] is not pipelined (PREG=0). Pipelining the DSP48 output will improve performance and often saves power so it is suggested whenever possible to fully pipeline this function.  If this DSP48 function was inferred, it is suggested to describe an additional register stage after this function.  If the DSP48 was instantiated in the design, it is suggested to set the PREG attribute to 1.
Related violations: <none>

DPOP-3#11 Warning
PREG Output pipelining  
DSP hdmi_tx_bd_i/v_tpg_0/inst/grp_v_tpgHlsDataFlow_fu_460/tpgBackground_U0/grp_tpgBackground_Pipeline_VITIS_LOOP_565_2_fu_615/mul_11ns_13ns_23_1_1_U26/tmp_product output hdmi_tx_bd_i/v_tpg_0/inst/grp_v_tpgHlsDataFlow_fu_460/tpgBackground_U0/grp_tpgBackground_Pipeline_VITIS_LOOP_565_2_fu_615/mul_11ns_13ns_23_1_1_U26/tmp_product/P[47:0] is not pipelined (PREG=0). Pipelining the DSP48 output will improve performance and often saves power so it is suggested whenever possible to fully pipeline this function.  If this DSP48 function was inferred, it is suggested to describe an additional register stage after this function.  If the DSP48 was instantiated in the design, it is suggested to set the PREG attribute to 1.
Related violations: <none>

DPOP-3#12 Warning
PREG Output pipelining  
DSP hdmi_tx_bd_i/v_tpg_0/inst/grp_v_tpgHlsDataFlow_fu_460/tpgBackground_U0/grp_tpgBackground_Pipeline_VITIS_LOOP_565_2_fu_615/mul_11ns_13ns_23_1_1_U27/tmp_product output hdmi_tx_bd_i/v_tpg_0/inst/grp_v_tpgHlsDataFlow_fu_460/tpgBackground_U0/grp_tpgBackground_Pipeline_VITIS_LOOP_565_2_fu_615/mul_11ns_13ns_23_1_1_U27/tmp_product/P[47:0] is not pipelined (PREG=0). Pipelining the DSP48 output will improve performance and often saves power so it is suggested whenever possible to fully pipeline this function.  If this DSP48 function was inferred, it is suggested to describe an additional register stage after this function.  If the DSP48 was instantiated in the design, it is suggested to set the PREG attribute to 1.
Related violations: <none>

DPOP-3#13 Warning
PREG Output pipelining  
DSP hdmi_tx_bd_i/v_tpg_0/inst/grp_v_tpgHlsDataFlow_fu_460/tpgBackground_U0/grp_tpgBackground_Pipeline_VITIS_LOOP_565_2_fu_615/mul_11ns_13ns_23_1_1_U28/tmp_product output hdmi_tx_bd_i/v_tpg_0/inst/grp_v_tpgHlsDataFlow_fu_460/tpgBackground_U0/grp_tpgBackground_Pipeline_VITIS_LOOP_565_2_fu_615/mul_11ns_13ns_23_1_1_U28/tmp_product/P[47:0] is not pipelined (PREG=0). Pipelining the DSP48 output will improve performance and often saves power so it is suggested whenever possible to fully pipeline this function.  If this DSP48 function was inferred, it is suggested to describe an additional register stage after this function.  If the DSP48 was instantiated in the design, it is suggested to set the PREG attribute to 1.
Related violations: <none>

DPOP-4#1 Warning
MREG Output pipelining  
DSP hdmi_tx_bd_i/v_tpg_0/inst/grp_v_tpgHlsDataFlow_fu_460/tpgBackground_U0/grp_tpgBackground_Pipeline_VITIS_LOOP_565_2_fu_615/mul_11ns_13ns_23_1_1_U17/tmp_product multiplier stage hdmi_tx_bd_i/v_tpg_0/inst/grp_v_tpgHlsDataFlow_fu_460/tpgBackground_U0/grp_tpgBackground_Pipeline_VITIS_LOOP_565_2_fu_615/mul_11ns_13ns_23_1_1_U17/tmp_product/P[47:0] is not pipelined (MREG=0). Pipelining the multiplier function will improve performance and will save significant power so it is suggested whenever possible to fully pipeline this function.  If this multiplier was inferred, it is suggested to describe an additional register stage after this function.  If there is no registered adder/accumulator following the multiply function, two pipeline stages are suggested to allow both the MREG and PREG registers to be used.  If the DSP48 was instantiated in the design, it is suggested to set both the MREG and PREG attributes to 1 when performing multiply functions.
Related violations: <none>

DPOP-4#2 Warning
MREG Output pipelining  
DSP hdmi_tx_bd_i/v_tpg_0/inst/grp_v_tpgHlsDataFlow_fu_460/tpgBackground_U0/grp_tpgBackground_Pipeline_VITIS_LOOP_565_2_fu_615/mul_11ns_13ns_23_1_1_U18/tmp_product multiplier stage hdmi_tx_bd_i/v_tpg_0/inst/grp_v_tpgHlsDataFlow_fu_460/tpgBackground_U0/grp_tpgBackground_Pipeline_VITIS_LOOP_565_2_fu_615/mul_11ns_13ns_23_1_1_U18/tmp_product/P[47:0] is not pipelined (MREG=0). Pipelining the multiplier function will improve performance and will save significant power so it is suggested whenever possible to fully pipeline this function.  If this multiplier was inferred, it is suggested to describe an additional register stage after this function.  If there is no registered adder/accumulator following the multiply function, two pipeline stages are suggested to allow both the MREG and PREG registers to be used.  If the DSP48 was instantiated in the design, it is suggested to set both the MREG and PREG attributes to 1 when performing multiply functions.
Related violations: <none>

DPOP-4#3 Warning
MREG Output pipelining  
DSP hdmi_tx_bd_i/v_tpg_0/inst/grp_v_tpgHlsDataFlow_fu_460/tpgBackground_U0/grp_tpgBackground_Pipeline_VITIS_LOOP_565_2_fu_615/mul_11ns_13ns_23_1_1_U19/tmp_product multiplier stage hdmi_tx_bd_i/v_tpg_0/inst/grp_v_tpgHlsDataFlow_fu_460/tpgBackground_U0/grp_tpgBackground_Pipeline_VITIS_LOOP_565_2_fu_615/mul_11ns_13ns_23_1_1_U19/tmp_product/P[47:0] is not pipelined (MREG=0). Pipelining the multiplier function will improve performance and will save significant power so it is suggested whenever possible to fully pipeline this function.  If this multiplier was inferred, it is suggested to describe an additional register stage after this function.  If there is no registered adder/accumulator following the multiply function, two pipeline stages are suggested to allow both the MREG and PREG registers to be used.  If the DSP48 was instantiated in the design, it is suggested to set both the MREG and PREG attributes to 1 when performing multiply functions.
Related violations: <none>

DPOP-4#4 Warning
MREG Output pipelining  
DSP hdmi_tx_bd_i/v_tpg_0/inst/grp_v_tpgHlsDataFlow_fu_460/tpgBackground_U0/grp_tpgBackground_Pipeline_VITIS_LOOP_565_2_fu_615/mul_11ns_13ns_23_1_1_U20/tmp_product multiplier stage hdmi_tx_bd_i/v_tpg_0/inst/grp_v_tpgHlsDataFlow_fu_460/tpgBackground_U0/grp_tpgBackground_Pipeline_VITIS_LOOP_565_2_fu_615/mul_11ns_13ns_23_1_1_U20/tmp_product/P[47:0] is not pipelined (MREG=0). Pipelining the multiplier function will improve performance and will save significant power so it is suggested whenever possible to fully pipeline this function.  If this multiplier was inferred, it is suggested to describe an additional register stage after this function.  If there is no registered adder/accumulator following the multiply function, two pipeline stages are suggested to allow both the MREG and PREG registers to be used.  If the DSP48 was instantiated in the design, it is suggested to set both the MREG and PREG attributes to 1 when performing multiply functions.
Related violations: <none>

DPOP-4#5 Warning
MREG Output pipelining  
DSP hdmi_tx_bd_i/v_tpg_0/inst/grp_v_tpgHlsDataFlow_fu_460/tpgBackground_U0/grp_tpgBackground_Pipeline_VITIS_LOOP_565_2_fu_615/mul_11ns_13ns_23_1_1_U21/tmp_product multiplier stage hdmi_tx_bd_i/v_tpg_0/inst/grp_v_tpgHlsDataFlow_fu_460/tpgBackground_U0/grp_tpgBackground_Pipeline_VITIS_LOOP_565_2_fu_615/mul_11ns_13ns_23_1_1_U21/tmp_product/P[47:0] is not pipelined (MREG=0). Pipelining the multiplier function will improve performance and will save significant power so it is suggested whenever possible to fully pipeline this function.  If this multiplier was inferred, it is suggested to describe an additional register stage after this function.  If there is no registered adder/accumulator following the multiply function, two pipeline stages are suggested to allow both the MREG and PREG registers to be used.  If the DSP48 was instantiated in the design, it is suggested to set both the MREG and PREG attributes to 1 when performing multiply functions.
Related violations: <none>

DPOP-4#6 Warning
MREG Output pipelining  
DSP hdmi_tx_bd_i/v_tpg_0/inst/grp_v_tpgHlsDataFlow_fu_460/tpgBackground_U0/grp_tpgBackground_Pipeline_VITIS_LOOP_565_2_fu_615/mul_11ns_13ns_23_1_1_U22/tmp_product multiplier stage hdmi_tx_bd_i/v_tpg_0/inst/grp_v_tpgHlsDataFlow_fu_460/tpgBackground_U0/grp_tpgBackground_Pipeline_VITIS_LOOP_565_2_fu_615/mul_11ns_13ns_23_1_1_U22/tmp_product/P[47:0] is not pipelined (MREG=0). Pipelining the multiplier function will improve performance and will save significant power so it is suggested whenever possible to fully pipeline this function.  If this multiplier was inferred, it is suggested to describe an additional register stage after this function.  If there is no registered adder/accumulator following the multiply function, two pipeline stages are suggested to allow both the MREG and PREG registers to be used.  If the DSP48 was instantiated in the design, it is suggested to set both the MREG and PREG attributes to 1 when performing multiply functions.
Related violations: <none>

DPOP-4#7 Warning
MREG Output pipelining  
DSP hdmi_tx_bd_i/v_tpg_0/inst/grp_v_tpgHlsDataFlow_fu_460/tpgBackground_U0/grp_tpgBackground_Pipeline_VITIS_LOOP_565_2_fu_615/mul_11ns_13ns_23_1_1_U23/tmp_product multiplier stage hdmi_tx_bd_i/v_tpg_0/inst/grp_v_tpgHlsDataFlow_fu_460/tpgBackground_U0/grp_tpgBackground_Pipeline_VITIS_LOOP_565_2_fu_615/mul_11ns_13ns_23_1_1_U23/tmp_product/P[47:0] is not pipelined (MREG=0). Pipelining the multiplier function will improve performance and will save significant power so it is suggested whenever possible to fully pipeline this function.  If this multiplier was inferred, it is suggested to describe an additional register stage after this function.  If there is no registered adder/accumulator following the multiply function, two pipeline stages are suggested to allow both the MREG and PREG registers to be used.  If the DSP48 was instantiated in the design, it is suggested to set both the MREG and PREG attributes to 1 when performing multiply functions.
Related violations: <none>

DPOP-4#8 Warning
MREG Output pipelining  
DSP hdmi_tx_bd_i/v_tpg_0/inst/grp_v_tpgHlsDataFlow_fu_460/tpgBackground_U0/grp_tpgBackground_Pipeline_VITIS_LOOP_565_2_fu_615/mul_11ns_13ns_23_1_1_U24/tmp_product multiplier stage hdmi_tx_bd_i/v_tpg_0/inst/grp_v_tpgHlsDataFlow_fu_460/tpgBackground_U0/grp_tpgBackground_Pipeline_VITIS_LOOP_565_2_fu_615/mul_11ns_13ns_23_1_1_U24/tmp_product/P[47:0] is not pipelined (MREG=0). Pipelining the multiplier function will improve performance and will save significant power so it is suggested whenever possible to fully pipeline this function.  If this multiplier was inferred, it is suggested to describe an additional register stage after this function.  If there is no registered adder/accumulator following the multiply function, two pipeline stages are suggested to allow both the MREG and PREG registers to be used.  If the DSP48 was instantiated in the design, it is suggested to set both the MREG and PREG attributes to 1 when performing multiply functions.
Related violations: <none>

DPOP-4#9 Warning
MREG Output pipelining  
DSP hdmi_tx_bd_i/v_tpg_0/inst/grp_v_tpgHlsDataFlow_fu_460/tpgBackground_U0/grp_tpgBackground_Pipeline_VITIS_LOOP_565_2_fu_615/mul_11ns_13ns_23_1_1_U25/tmp_product multiplier stage hdmi_tx_bd_i/v_tpg_0/inst/grp_v_tpgHlsDataFlow_fu_460/tpgBackground_U0/grp_tpgBackground_Pipeline_VITIS_LOOP_565_2_fu_615/mul_11ns_13ns_23_1_1_U25/tmp_product/P[47:0] is not pipelined (MREG=0). Pipelining the multiplier function will improve performance and will save significant power so it is suggested whenever possible to fully pipeline this function.  If this multiplier was inferred, it is suggested to describe an additional register stage after this function.  If there is no registered adder/accumulator following the multiply function, two pipeline stages are suggested to allow both the MREG and PREG registers to be used.  If the DSP48 was instantiated in the design, it is suggested to set both the MREG and PREG attributes to 1 when performing multiply functions.
Related violations: <none>

DPOP-4#10 Warning
MREG Output pipelining  
DSP hdmi_tx_bd_i/v_tpg_0/inst/grp_v_tpgHlsDataFlow_fu_460/tpgBackground_U0/grp_tpgBackground_Pipeline_VITIS_LOOP_565_2_fu_615/mul_11ns_13ns_23_1_1_U26/tmp_product multiplier stage hdmi_tx_bd_i/v_tpg_0/inst/grp_v_tpgHlsDataFlow_fu_460/tpgBackground_U0/grp_tpgBackground_Pipeline_VITIS_LOOP_565_2_fu_615/mul_11ns_13ns_23_1_1_U26/tmp_product/P[47:0] is not pipelined (MREG=0). Pipelining the multiplier function will improve performance and will save significant power so it is suggested whenever possible to fully pipeline this function.  If this multiplier was inferred, it is suggested to describe an additional register stage after this function.  If there is no registered adder/accumulator following the multiply function, two pipeline stages are suggested to allow both the MREG and PREG registers to be used.  If the DSP48 was instantiated in the design, it is suggested to set both the MREG and PREG attributes to 1 when performing multiply functions.
Related violations: <none>

DPOP-4#11 Warning
MREG Output pipelining  
DSP hdmi_tx_bd_i/v_tpg_0/inst/grp_v_tpgHlsDataFlow_fu_460/tpgBackground_U0/grp_tpgBackground_Pipeline_VITIS_LOOP_565_2_fu_615/mul_11ns_13ns_23_1_1_U27/tmp_product multiplier stage hdmi_tx_bd_i/v_tpg_0/inst/grp_v_tpgHlsDataFlow_fu_460/tpgBackground_U0/grp_tpgBackground_Pipeline_VITIS_LOOP_565_2_fu_615/mul_11ns_13ns_23_1_1_U27/tmp_product/P[47:0] is not pipelined (MREG=0). Pipelining the multiplier function will improve performance and will save significant power so it is suggested whenever possible to fully pipeline this function.  If this multiplier was inferred, it is suggested to describe an additional register stage after this function.  If there is no registered adder/accumulator following the multiply function, two pipeline stages are suggested to allow both the MREG and PREG registers to be used.  If the DSP48 was instantiated in the design, it is suggested to set both the MREG and PREG attributes to 1 when performing multiply functions.
Related violations: <none>

DPOP-4#12 Warning
MREG Output pipelining  
DSP hdmi_tx_bd_i/v_tpg_0/inst/grp_v_tpgHlsDataFlow_fu_460/tpgBackground_U0/grp_tpgBackground_Pipeline_VITIS_LOOP_565_2_fu_615/mul_11ns_13ns_23_1_1_U28/tmp_product multiplier stage hdmi_tx_bd_i/v_tpg_0/inst/grp_v_tpgHlsDataFlow_fu_460/tpgBackground_U0/grp_tpgBackground_Pipeline_VITIS_LOOP_565_2_fu_615/mul_11ns_13ns_23_1_1_U28/tmp_product/P[47:0] is not pipelined (MREG=0). Pipelining the multiplier function will improve performance and will save significant power so it is suggested whenever possible to fully pipeline this function.  If this multiplier was inferred, it is suggested to describe an additional register stage after this function.  If there is no registered adder/accumulator following the multiply function, two pipeline stages are suggested to allow both the MREG and PREG registers to be used.  If the DSP48 was instantiated in the design, it is suggested to set both the MREG and PREG attributes to 1 when performing multiply functions.
Related violations: <none>

REQP-1774#1 Warning
RAMB36E2_WRITE_WIDTH_A_18_doesnt_use_WEA32  
The RAMB36E2 cell hdmi_tx_bd_i/microblaze_0_local_memory/lmb_bram/U0/inst_blk_mem_gen/gnbram.gnative_mem_map_bmg.native_mem_map_blk_mem_gen/valid.cstr/ramloop[0].ram.r/prim_noinit.ram/DEVICE_8SERIES.WITH_BMM_INFO.TRUE_DP.SIMPLE_PRIM36.SERIES8_TDP_SP36_NO_ECC_ATTR.ram has WRITE_WIDTH_A set to 18. The WEA[3:2] pins should not be connected to active signal.
Related violations: <none>

REQP-1774#2 Warning
RAMB36E2_WRITE_WIDTH_A_18_doesnt_use_WEA32  
The RAMB36E2 cell hdmi_tx_bd_i/microblaze_0_local_memory/lmb_bram/U0/inst_blk_mem_gen/gnbram.gnative_mem_map_bmg.native_mem_map_blk_mem_gen/valid.cstr/ramloop[1].ram.r/prim_noinit.ram/DEVICE_8SERIES.WITH_BMM_INFO.TRUE_DP.SIMPLE_PRIM36.SERIES8_TDP_SP36_NO_ECC_ATTR.ram has WRITE_WIDTH_A set to 18. The WEA[3:2] pins should not be connected to active signal.
Related violations: <none>


