Copyright 1986-2022 Xilinx, Inc. All Rights Reserved. Copyright 2022-2025 Advanced Micro Devices, Inc. All Rights Reserved.
------------------------------------------------------------------------------------------------------------------------------------------------
| Tool Version : Vivado v.2025.2 (lin64) Build 6299465 Fri Nov 14 12:34:56 MST 2025
| Date         : Tue Jun  2 22:51:28 2026
| Host         : pop-os running 64-bit Pop!_OS 24.04 LTS
| Command      : report_drc -file hdmi_tx_bd_wrapper_drc_routed.rpt -pb hdmi_tx_bd_wrapper_drc_routed.pb -rpx hdmi_tx_bd_wrapper_drc_routed.rpx
| Design       : hdmi_tx_bd_wrapper
| Device       : xcau15p-ffvb676-2-e
| Speed File   : -2
| Design State : Fully Routed
------------------------------------------------------------------------------------------------------------------------------------------------

Report DRC

Table of Contents
-----------------
1. REPORT SUMMARY
2. REPORT DETAILS

1. REPORT SUMMARY
-----------------
            Netlist: netlist
          Floorplan: design_1
      Design limits: <entire design considered>
           Ruledeck: default
             Max checks: <unlimited>
             Checks found: 10
+-----------+----------+------------------------+--------+
| Rule      | Severity | Description            | Checks |
+-----------+----------+------------------------+--------+
| DPIP-2    | Warning  | Input pipelining       | 6      |
| DPOP-4    | Warning  | MREG Output pipelining | 3      |
| RTSTAT-10 | Warning  | No routable loads      | 1      |
+-----------+----------+------------------------+--------+

2. REPORT DETAILS
-----------------
DPIP-2#1 Warning
Input pipelining  
DSP hdmi_tx_bd_i/vid_phy_controller_0/inst/dru_b0gt0_inst/NIDRU_INST/Inst_dru/fnidru_1.Inst_pd/multOp input hdmi_tx_bd_i/vid_phy_controller_0/inst/dru_b0gt0_inst/NIDRU_INST/Inst_dru/fnidru_1.Inst_pd/multOp/A[29:0] is not pipelined. Pipelining DSP48 input will improve performance.
Related violations: <none>

DPIP-2#2 Warning
Input pipelining  
DSP hdmi_tx_bd_i/vid_phy_controller_0/inst/dru_b0gt0_inst/NIDRU_INST/Inst_dru/fnidru_1.Inst_pd/multOp input hdmi_tx_bd_i/vid_phy_controller_0/inst/dru_b0gt0_inst/NIDRU_INST/Inst_dru/fnidru_1.Inst_pd/multOp/B[17:0] is not pipelined. Pipelining DSP48 input will improve performance.
Related violations: <none>

DPIP-2#3 Warning
Input pipelining  
DSP hdmi_tx_bd_i/vid_phy_controller_0/inst/dru_b0gt1_inst/NIDRU_INST/Inst_dru/fnidru_1.Inst_pd/multOp input hdmi_tx_bd_i/vid_phy_controller_0/inst/dru_b0gt1_inst/NIDRU_INST/Inst_dru/fnidru_1.Inst_pd/multOp/A[29:0] is not pipelined. Pipelining DSP48 input will improve performance.
Related violations: <none>

DPIP-2#4 Warning
Input pipelining  
DSP hdmi_tx_bd_i/vid_phy_controller_0/inst/dru_b0gt1_inst/NIDRU_INST/Inst_dru/fnidru_1.Inst_pd/multOp input hdmi_tx_bd_i/vid_phy_controller_0/inst/dru_b0gt1_inst/NIDRU_INST/Inst_dru/fnidru_1.Inst_pd/multOp/B[17:0] is not pipelined. Pipelining DSP48 input will improve performance.
Related violations: <none>

DPIP-2#5 Warning
Input pipelining  
DSP hdmi_tx_bd_i/vid_phy_controller_0/inst/dru_b0gt2_inst/NIDRU_INST/Inst_dru/fnidru_1.Inst_pd/multOp input hdmi_tx_bd_i/vid_phy_controller_0/inst/dru_b0gt2_inst/NIDRU_INST/Inst_dru/fnidru_1.Inst_pd/multOp/A[29:0] is not pipelined. Pipelining DSP48 input will improve performance.
Related violations: <none>

DPIP-2#6 Warning
Input pipelining  
DSP hdmi_tx_bd_i/vid_phy_controller_0/inst/dru_b0gt2_inst/NIDRU_INST/Inst_dru/fnidru_1.Inst_pd/multOp input hdmi_tx_bd_i/vid_phy_controller_0/inst/dru_b0gt2_inst/NIDRU_INST/Inst_dru/fnidru_1.Inst_pd/multOp/B[17:0] is not pipelined. Pipelining DSP48 input will improve performance.
Related violations: <none>

DPOP-4#1 Warning
MREG Output pipelining  
DSP hdmi_tx_bd_i/vid_phy_controller_0/inst/dru_b0gt0_inst/NIDRU_INST/Inst_dru/fnidru_1.Inst_pd/multOp multiplier stage hdmi_tx_bd_i/vid_phy_controller_0/inst/dru_b0gt0_inst/NIDRU_INST/Inst_dru/fnidru_1.Inst_pd/multOp/P[47:0] is not pipelined (MREG=0). Pipelining the multiplier function will improve performance and will save significant power so it is suggested whenever possible to fully pipeline this function.  If this multiplier was inferred, it is suggested to describe an additional register stage after this function.  If there is no registered adder/accumulator following the multiply function, two pipeline stages are suggested to allow both the MREG and PREG registers to be used.  If the DSP48 was instantiated in the design, it is suggested to set both the MREG and PREG attributes to 1 when performing multiply functions.
Related violations: <none>

DPOP-4#2 Warning
MREG Output pipelining  
DSP hdmi_tx_bd_i/vid_phy_controller_0/inst/dru_b0gt1_inst/NIDRU_INST/Inst_dru/fnidru_1.Inst_pd/multOp multiplier stage hdmi_tx_bd_i/vid_phy_controller_0/inst/dru_b0gt1_inst/NIDRU_INST/Inst_dru/fnidru_1.Inst_pd/multOp/P[47:0] is not pipelined (MREG=0). Pipelining the multiplier function will improve performance and will save significant power so it is suggested whenever possible to fully pipeline this function.  If this multiplier was inferred, it is suggested to describe an additional register stage after this function.  If there is no registered adder/accumulator following the multiply function, two pipeline stages are suggested to allow both the MREG and PREG registers to be used.  If the DSP48 was instantiated in the design, it is suggested to set both the MREG and PREG attributes to 1 when performing multiply functions.
Related violations: <none>

DPOP-4#3 Warning
MREG Output pipelining  
DSP hdmi_tx_bd_i/vid_phy_controller_0/inst/dru_b0gt2_inst/NIDRU_INST/Inst_dru/fnidru_1.Inst_pd/multOp multiplier stage hdmi_tx_bd_i/vid_phy_controller_0/inst/dru_b0gt2_inst/NIDRU_INST/Inst_dru/fnidru_1.Inst_pd/multOp/P[47:0] is not pipelined (MREG=0). Pipelining the multiplier function will improve performance and will save significant power so it is suggested whenever possible to fully pipeline this function.  If this multiplier was inferred, it is suggested to describe an additional register stage after this function.  If there is no registered adder/accumulator following the multiply function, two pipeline stages are suggested to allow both the MREG and PREG registers to be used.  If the DSP48 was instantiated in the design, it is suggested to set both the MREG and PREG attributes to 1 when performing multiply functions.
Related violations: <none>

RTSTAT-10#1 Warning
No routable loads  
98 net(s) have no routable loads. The problem bus(es) and/or net(s) are hdmi_tx_bd_i/microblaze_0_axi_periph/inst/m00_nodes/m00_r_node/inst/mi_handler_m_sc_areset_pipe,
hdmi_tx_bd_i/microblaze_0_axi_periph/inst/m01_nodes/m01_aw_node/inst/mi_handler_m_sc_areset_pipe,
hdmi_tx_bd_i/microblaze_0_axi_periph/inst/m01_nodes/m01_b_node/inst/mi_handler_m_sc_areset_pipe,
hdmi_tx_bd_i/microblaze_0_axi_periph/inst/m01_nodes/m01_r_node/inst/mi_handler_m_sc_areset_pipe,
hdmi_tx_bd_i/microblaze_0_axi_periph/inst/m02_nodes/m02_b_node/inst/mi_handler_m_sc_areset_pipe,
hdmi_tx_bd_i/microblaze_0_axi_periph/inst/m02_nodes/m02_w_node/inst/mi_handler_m_sc_areset_pipe,
hdmi_tx_bd_i/microblaze_0_axi_periph/inst/m03_nodes/m03_aw_node/inst/mi_handler_m_sc_areset_pipe,
hdmi_tx_bd_i/microblaze_0_axi_periph/inst/m04_nodes/m04_r_node/inst/mi_handler_m_sc_areset_pipe,
hdmi_tx_bd_i/microblaze_0_axi_periph/inst/m05_nodes/m05_r_node/inst/mi_handler_m_sc_areset_pipe,
hdmi_tx_bd_i/microblaze_0_axi_periph/inst/m07_nodes/m07_ar_node/inst/mi_handler_m_sc_areset_pipe,
hdmi_tx_bd_i/microblaze_0_axi_periph/inst/m07_nodes/m07_aw_node/inst/mi_handler_m_sc_areset_pipe,
hdmi_tx_bd_i/microblaze_0_axi_periph/inst/m07_nodes/m07_b_node/inst/mi_handler_m_sc_areset_pipe,
hdmi_tx_bd_i/microblaze_0_axi_periph/inst/s00_nodes/s00_aw_node/inst/mi_handler_m_sc_areset_pipe,
hdmi_tx_bd_i/v_hdmi_rx_ss_0/inst/v_hdmi_rx/inst/SYS_INST/lclk_cke[3],
hdmi_tx_bd_i/v_hdmi_tx_ss_0/inst/v_hdmi_tx/inst/SYS_INST/lclk_cke[4]
 (the first 15 of 68 listed nets/buses).
Related violations: <none>


