Copyright 1986-2022 Xilinx, Inc. All Rights Reserved. Copyright 2022-2025 Advanced Micro Devices, Inc. All Rights Reserved.
---------------------------------------------------------------------------------------------------------------------------------------------
| Tool Version : Vivado v.2025.2 (lin64) Build 6299465 Fri Nov 14 12:34:56 MST 2025
| Date         : Wed Jun  3 13:04:10 2026
| Host         : pop-os running 64-bit Pop!_OS 24.04 LTS
| Command      : report_utilization -file hdmi_tx_bd_wrapper_utilization_placed.rpt -pb hdmi_tx_bd_wrapper_utilization_placed.pb
| Design       : hdmi_tx_bd_wrapper
| Device       : xcau15p-ffvb676-2-e
| Speed File   : -2
| Design State : Fully Placed
---------------------------------------------------------------------------------------------------------------------------------------------

Utilization Design Information

Table of Contents
-----------------
1. CLB Logic
1.1 Summary of Registers by Type
2. CLB Logic Distribution
3. BLOCKRAM
4. ARITHMETIC
5. I/O
6. CLOCK
7. ADVANCED
8. CONFIGURATION
9. Primitives
10. Black Boxes
11. Instantiated Netlists

1. CLB Logic
------------

+----------------------------+-------+-------+------------+-----------+-------+
|          Site Type         |  Used | Fixed | Prohibited | Available | Util% |
+----------------------------+-------+-------+------------+-----------+-------+
| CLB LUTs                   | 28328 |     0 |          0 |     77760 | 36.43 |
|   LUT as Logic             | 26187 |     0 |          0 |     77760 | 33.68 |
|   LUT as Memory            |  2141 |     0 |          0 |     40320 |  5.31 |
|     LUT as Distributed RAM |  1518 |     0 |            |           |       |
|     LUT as Shift Register  |   623 |     0 |            |           |       |
| CLB Registers              | 33597 |     0 |          0 |    155520 | 21.60 |
|   Register as Flip Flop    | 33597 |     0 |          0 |    155520 | 21.60 |
|   Register as Latch        |     0 |     0 |          0 |    155520 |  0.00 |
| CARRY8                     |   803 |     0 |          0 |      9720 |  8.26 |
| F7 Muxes                   |   505 |     0 |          0 |     38880 |  1.30 |
| F8 Muxes                   |    20 |     0 |          0 |     19440 |  0.10 |
| F9 Muxes                   |     0 |     0 |          0 |      9720 |  0.00 |
| Unique Control Sets        |  1700 |       |          0 |     19440 |  8.74 |
+----------------------------+-------+-------+------------+-----------+-------+
* Warning! LUT value is adjusted to account for LUT combining.
** Note: Available Control Sets calculated as Slices * 2, Review the Control Sets Report for more information regarding control sets.


1.1 Summary of Registers by Type
--------------------------------

+-------+--------------+-------------+--------------+
| Total | Clock Enable | Synchronous | Asynchronous |
+-------+--------------+-------------+--------------+
| 0     |            _ |           - |            - |
| 0     |            _ |           - |          Set |
| 0     |            _ |           - |        Reset |
| 0     |            _ |         Set |            - |
| 0     |            _ |       Reset |            - |
| 0     |          Yes |           - |            - |
| 314   |          Yes |           - |          Set |
| 9223  |          Yes |           - |        Reset |
| 889   |          Yes |         Set |            - |
| 23171 |          Yes |       Reset |            - |
+-------+--------------+-------------+--------------+


2. CLB Logic Distribution
-------------------------

+--------------------------------------------+-------+-------+------------+-----------+-------+
|                  Site Type                 |  Used | Fixed | Prohibited | Available | Util% |
+--------------------------------------------+-------+-------+------------+-----------+-------+
| CLB                                        |  5892 |     0 |          0 |      9720 | 60.62 |
|   CLBL                                     |  2775 |     0 |            |           |       |
|   CLBM                                     |  3117 |     0 |            |           |       |
| LUT as Logic                               | 26187 |     0 |          0 |     77760 | 33.68 |
|   using O5 output only                     |   600 |       |            |           |       |
|   using O6 output only                     | 19525 |       |            |           |       |
|   using O5 and O6                          |  6062 |       |            |           |       |
| LUT as Memory                              |  2141 |     0 |          0 |     40320 |  5.31 |
|   LUT as Distributed RAM                   |  1518 |     0 |            |           |       |
|     using O5 output only                   |     0 |       |            |           |       |
|     using O6 output only                   |   978 |       |            |           |       |
|     using O5 and O6                        |   540 |       |            |           |       |
|   LUT as Shift Register                    |   623 |     0 |            |           |       |
|     using O5 output only                   |     0 |       |            |           |       |
|     using O6 output only                   |   544 |       |            |           |       |
|     using O5 and O6                        |    79 |       |            |           |       |
| CLB Registers                              | 33597 |     0 |          0 |    155520 | 21.60 |
|   Register driven from within the CLB      | 17342 |       |            |           |       |
|   Register driven from outside the CLB     | 16255 |       |            |           |       |
|     LUT in front of the register is unused | 11095 |       |            |           |       |
|     LUT in front of the register is used   |  5160 |       |            |           |       |
+--------------------------------------------+-------+-------+------------+-----------+-------+


3. BLOCKRAM
-----------

+-------------------+------+-------+------------+-----------+-------+
|     Site Type     | Used | Fixed | Prohibited | Available | Util% |
+-------------------+------+-------+------------+-----------+-------+
| Block RAM Tile    |  111 |     0 |          0 |       144 | 77.08 |
|   RAMB36/FIFO*    |  105 |     0 |          0 |       144 | 72.92 |
|     RAMB36E2 only |  105 |       |            |           |       |
|   RAMB18          |   12 |     0 |          0 |       288 |  4.17 |
|     RAMB18E2 only |   12 |       |            |           |       |
+-------------------+------+-------+------------+-----------+-------+
* Note: Each Block RAM Tile only has one FIFO logic available and therefore can accommodate only one FIFO36E2 or one FIFO18E2. However, if a FIFO18E2 occupies a Block RAM Tile, that tile can still accommodate a RAMB18E2


4. ARITHMETIC
-------------

+----------------+------+-------+------------+-----------+-------+
|    Site Type   | Used | Fixed | Prohibited | Available | Util% |
+----------------+------+-------+------------+-----------+-------+
| DSPs           |   32 |     0 |          0 |       576 |  5.56 |
|   DSP48E2 only |   32 |       |            |           |       |
+----------------+------+-------+------------+-----------+-------+


5. I/O
------

+------------------+------+-------+------------+-----------+-------+
|     Site Type    | Used | Fixed | Prohibited | Available | Util% |
+------------------+------+-------+------------+-----------+-------+
| Bonded IOB       |   18 |    18 |          0 |       228 |  7.89 |
|   HPIOB_M        |    5 |     5 |          0 |        72 |  6.94 |
|     INPUT        |    1 |       |            |           |       |
|     OUTPUT       |    2 |       |            |           |       |
|     BIDIR        |    2 |       |            |           |       |
|   HPIOB_S        |    7 |     7 |          0 |        72 |  9.72 |
|     INPUT        |    3 |       |            |           |       |
|     OUTPUT       |    2 |       |            |           |       |
|     BIDIR        |    2 |       |            |           |       |
|   HDIOB_M        |    0 |     0 |          0 |        36 |  0.00 |
|   HDIOB_S        |    1 |     1 |          0 |        36 |  2.78 |
|     INPUT        |    0 |       |            |           |       |
|     OUTPUT       |    1 |       |            |           |       |
|     BIDIR        |    0 |       |            |           |       |
|   HPIOB_SNGL     |    5 |     5 |          0 |        12 | 41.67 |
|     INPUT        |    2 |       |            |           |       |
|     OUTPUT       |    1 |       |            |           |       |
|     BIDIR        |    2 |       |            |           |       |
| HPIOBDIFFINBUF   |    1 |     1 |          0 |        72 |  1.39 |
|   DIFFINBUF      |    1 |     1 |            |           |       |
| HPIOBDIFFOUTBUF  |    0 |     0 |          0 |        72 |  0.00 |
| HDIOBDIFFINBUF   |    0 |     0 |          0 |        36 |  0.00 |
| BITSLICE_CONTROL |    0 |     0 |          0 |        24 |  0.00 |
| BITSLICE_RX_TX   |    1 |     1 |          0 |       936 |  0.11 |
|   OSERDES        |    1 |     1 |            |           |       |
| BITSLICE_TX      |    0 |     0 |          0 |        24 |  0.00 |
| RIU_OR           |    0 |     0 |          0 |        12 |  0.00 |
+------------------+------+-------+------------+-----------+-------+


6. CLOCK
--------

+------------+------+-------+------------+-----------+--------+
|  Site Type | Used | Fixed | Prohibited | Available |  Util% |
+------------+------+-------+------------+-----------+--------+
| BUFGCE     |   10 |     0 |          0 |        84 |  11.90 |
| BUFGCE_DIV |    0 |     0 |          0 |        12 |   0.00 |
| BUFG_GT    |   10 |     0 |          0 |        72 |  13.89 |
| BUFGCTRL*  |    0 |     0 |          0 |        24 |   0.00 |
| PLL        |    0 |     0 |          0 |         6 |   0.00 |
| MMCM       |    3 |     0 |          0 |         3 | 100.00 |
+------------+------+-------+------------+-----------+--------+
* Note: Each used BUFGCTRL counts as two GLOBAL CLOCK BUFFERs. This table does not include global clocking resources, only buffer cell usage. See the Clock Utilization Report (report_clock_utilization) for detailed accounting of global clocking resource availability.


7. ADVANCED
-----------

+-----------------+------+-------+------------+-----------+-------+
|    Site Type    | Used | Fixed | Prohibited | Available | Util% |
+-----------------+------+-------+------------+-----------+-------+
| GTHE4_CHANNEL   |    3 |     3 |          0 |        12 | 25.00 |
| GTHE4_COMMON    |    1 |     0 |          0 |         3 | 33.33 |
| OBUFDS_GTE4     |    0 |     0 |          0 |         6 |  0.00 |
| OBUFDS_GTE4_ADV |    0 |     0 |          0 |         6 |  0.00 |
| PCIE4CE4        |    0 |     0 |          0 |         1 |  0.00 |
| SYSMONE4        |    0 |     0 |          0 |         1 |  0.00 |
+-----------------+------+-------+------------+-----------+-------+


8. CONFIGURATION
----------------

+-------------+------+-------+------------+-----------+-------+
|  Site Type  | Used | Fixed | Prohibited | Available | Util% |
+-------------+------+-------+------------+-----------+-------+
| BSCANE2     |    1 |     0 |          0 |         4 | 25.00 |
| DNA_PORTE2  |    0 |     0 |          0 |         1 |  0.00 |
| EFUSE_USR   |    0 |     0 |          0 |         1 |  0.00 |
| FRAME_ECCE4 |    0 |     0 |          0 |         1 |  0.00 |
| ICAPE3      |    0 |     0 |          0 |         2 |  0.00 |
| MASTER_JTAG |    0 |     0 |          0 |         1 |  0.00 |
| STARTUPE3   |    0 |     0 |          0 |         1 |  0.00 |
+-------------+------+-------+------------+-----------+-------+


9. Primitives
-------------

+---------------+-------+---------------------+
|    Ref Name   |  Used | Functional Category |
+---------------+-------+---------------------+
| FDRE          | 23171 |            Register |
| LUT6          | 10200 |                 CLB |
| FDCE          |  9223 |            Register |
| LUT2          |  5736 |                 CLB |
| LUT4          |  5694 |                 CLB |
| LUT5          |  5259 |                 CLB |
| LUT3          |  4404 |                 CLB |
| RAMD64E       |   976 |                 CLB |
| RAMD32        |   962 |                 CLB |
| LUT1          |   956 |                 CLB |
| FDSE          |   889 |            Register |
| CARRY8        |   803 |                 CLB |
| SRL16E        |   692 |                 CLB |
| MUXF7         |   505 |                 CLB |
| FDPE          |   314 |            Register |
| RAMS32        |   118 |                 CLB |
| RAMB36E2      |   105 |            BLOCKRAM |
| DSP48E2       |    32 |          Arithmetic |
| MUXF8         |    20 |                 CLB |
| RAMB18E2      |    12 |            BLOCKRAM |
| IBUFCTRL      |    11 |              Others |
| INBUF         |    10 |                 I/O |
| BUFG_GT       |    10 |               Clock |
| BUFGCE        |    10 |               Clock |
| OBUFT         |     8 |                 I/O |
| BUFG_GT_SYNC  |     8 |               Clock |
| SRLC16E       |     7 |                 CLB |
| OBUF          |     4 |                 I/O |
| SRLC32E       |     3 |                 CLB |
| MMCME4_ADV    |     3 |               Clock |
| GTHE4_CHANNEL |     3 |            Advanced |
| RAMS64E       |     2 |                 CLB |
| IBUFDS_GTE4   |     2 |                 I/O |
| OSERDESE3     |     1 |                 I/O |
| INV           |     1 |                 CLB |
| GTHE4_COMMON  |     1 |            Advanced |
| DIFFINBUF     |     1 |                 I/O |
| BSCANE2       |     1 |       Configuration |
+---------------+-------+---------------------+


10. Black Boxes
---------------

+----------+------+
| Ref Name | Used |
+----------+------+


11. Instantiated Netlists
-------------------------

+----------------------------------------------+------+
|                   Ref Name                   | Used |
+----------------------------------------------+------+
| hdmi_tx_bd_vid_phy_controller_0_0            |    1 |
| hdmi_tx_bd_v_tpg_0_0                         |    1 |
| hdmi_tx_bd_v_hdmi_tx_ss_0_0                  |    1 |
| hdmi_tx_bd_v_hdmi_rx_ss_0_0                  |    1 |
| hdmi_tx_bd_rst_microblaze_0_clk_wiz_1_100M_0 |    1 |
| hdmi_tx_bd_rst_clk_out2_0                    |    1 |
| hdmi_tx_bd_microblaze_0_clk_wiz_1_0          |    1 |
| hdmi_tx_bd_microblaze_0_axi_periph_0         |    1 |
| hdmi_tx_bd_microblaze_0_axi_intc_0           |    1 |
| hdmi_tx_bd_microblaze_0_1                    |    1 |
| hdmi_tx_bd_mdm_1_0                           |    1 |
| hdmi_tx_bd_lmb_bram_1                        |    1 |
| hdmi_tx_bd_ilmb_v10_1                        |    1 |
| hdmi_tx_bd_ilmb_bram_if_cntlr_1              |    1 |
| hdmi_tx_bd_dlmb_v10_1                        |    1 |
| hdmi_tx_bd_dlmb_bram_if_cntlr_1              |    1 |
| hdmi_tx_bd_axis_register_slice_0_0           |    1 |
| hdmi_tx_bd_axi_iic_0_0                       |    1 |
| hdmi_tx_bd_axi_gpio_0_0                      |    1 |
| bd_8312_v_vid_in_axi4s_0                     |    1 |
| bd_8312_v_hdmi_rx_0                          |    1 |
| bd_2339_v_tc_0                               |    1 |
| bd_2339_v_hdmi_tx_0                          |    1 |
| bd_2339_v_axi4s_vid_out_0                    |    1 |
| bd_2339_axi_smartconnect_0                   |    1 |
+----------------------------------------------+------+


