Copyright 1986-2022 Xilinx, Inc. All Rights Reserved. Copyright 2022-2025 Advanced Micro Devices, Inc. All Rights Reserved.
----------------------------------------------------------------------------------------------------------------------------------------------------------------------------
| Tool Version     : Vivado v.2025.2 (lin64) Build 6299465 Fri Nov 14 12:34:56 MST 2025
| Date             : Tue Jun  2 22:51:53 2026
| Host             : pop-os running 64-bit Pop!_OS 24.04 LTS
| Command          : report_power -file hdmi_tx_bd_wrapper_power_routed.rpt -pb hdmi_tx_bd_wrapper_power_summary_routed.pb -rpx hdmi_tx_bd_wrapper_power_routed.rpx
| Design           : hdmi_tx_bd_wrapper
| Device           : xcau15p-ffvb676-2-e
| Design State     : routed
| Grade            : extended
| Process          : typical
| Characterization : Production
----------------------------------------------------------------------------------------------------------------------------------------------------------------------------

Power Report

Table of Contents
-----------------
1. Summary
1.1 On-Chip Components
1.2 Power Supply Summary
1.3 Confidence Level
2. Settings
2.1 Environment
2.2 Clock Constraints
3. Detailed Reports
3.1 By Hierarchy

1. Summary
----------

+--------------------------+--------------+
| Total On-Chip Power (W)  | 1.462        |
| Design Power Budget (W)  | Unspecified* |
| Power Budget Margin (W)  | NA           |
| Dynamic (W)              | 1.197        |
| Device Static (W)        | 0.265        |
| Effective TJA (C/W)      | 1.7          |
| Max Ambient (C)          | 97.5         |
| Junction Temperature (C) | 27.5         |
| Confidence Level         | Low          |
| Setting File             | ---          |
| Simulation Activity File | ---          |
| Design Nets Matched      | NA           |
+--------------------------+--------------+
* Specify Design Power Budget using, set_operating_conditions -design_power_budget <value in Watts>


1.1 On-Chip Components
----------------------

+--------------------------+-----------+----------+-----------+-----------------+
| On-Chip                  | Power (W) | Used     | Available | Utilization (%) |
+--------------------------+-----------+----------+-----------+-----------------+
| Clocks                   |     0.194 |       34 |       --- |             --- |
| CLB Logic                |     0.025 |    65742 |       --- |             --- |
|   LUT as Logic           |     0.019 |    23281 |     77760 |           29.94 |
|   LUT as Shift Register  |     0.002 |      419 |     40320 |            1.04 |
|   Register               |     0.001 |    30604 |    155520 |           19.68 |
|   CARRY8                 |     0.001 |      689 |      9720 |            7.09 |
|   LUT as Distributed RAM |     0.001 |     1518 |     40320 |            3.76 |
|   Others                 |     0.000 |     2829 |       --- |             --- |
|   F7/F8 Muxes            |     0.000 |      525 |     77760 |            0.68 |
| Signals                  |     0.023 |    50409 |       --- |             --- |
| Block RAM                |     0.037 |      105 |       144 |           72.92 |
| MMCM                     |     0.293 |        0 |       --- |             --- |
| DSPs                     |     0.001 |        6 |       576 |            1.04 |
| I/O                      |     0.017 |       18 |       228 |            7.89 |
| GTH                      |     0.608 |        3 |        12 |           25.00 |
| Static Power             |     0.265 |          |           |                 |
| Total                    |     1.462 |          |           |                 |
+--------------------------+-----------+----------+-----------+-----------------+


1.2 Power Supply Summary
------------------------

+------------------+-------------+-----------+-------------+------------+-------------+-------------+------------+
| Source           | Voltage (V) | Total (A) | Dynamic (A) | Static (A) | Powerup (A) | Budget (A)  | Margin (A) |
+------------------+-------------+-----------+-------------+------------+-------------+-------------+------------+
| Vccint           |       0.850 |     0.506 |       0.452 |      0.054 |       NA    | Unspecified | NA         |
| Vccint_io        |       0.850 |     0.029 |       0.003 |      0.027 |       NA    | Unspecified | NA         |
| Vccbram          |       0.850 |     0.001 |       0.000 |      0.001 |       NA    | Unspecified | NA         |
| Vccaux           |       1.800 |     0.226 |       0.162 |      0.064 |       NA    | Unspecified | NA         |
| Vccaux_io        |       1.800 |     0.031 |       0.008 |      0.023 |       NA    | Unspecified | NA         |
| Vcco33           |       3.300 |     0.000 |       0.000 |      0.000 |       NA    | Unspecified | NA         |
| Vcco25           |       2.500 |     0.000 |       0.000 |      0.000 |       NA    | Unspecified | NA         |
| Vcco18           |       1.800 |     0.000 |       0.000 |      0.000 |       NA    | Unspecified | NA         |
| Vcco15           |       1.500 |     0.000 |       0.000 |      0.000 |       NA    | Unspecified | NA         |
| Vcco135          |       1.350 |     0.000 |       0.000 |      0.000 |       NA    | Unspecified | NA         |
| Vcco12           |       1.200 |     0.000 |       0.000 |      0.000 |       NA    | Unspecified | NA         |
| Vcco10           |       1.000 |     0.000 |       0.000 |      0.000 |       NA    | Unspecified | NA         |
| Vccadc           |       1.800 |     0.008 |       0.000 |      0.008 |       NA    | Unspecified | NA         |
| VMGTAVCC (GTH)   |       0.900 |     0.180 |       0.172 |      0.008 |       NA    | Unspecified | NA         |
| VMGTAVTT (GTH)   |       1.200 |     0.305 |       0.291 |      0.014 |       NA    | Unspecified | NA         |
| VMGTVCCAUX (GTH) |       1.800 |     0.000 |       0.000 |      0.000 |       NA    | Unspecified | NA         |
+------------------+-------------+-----------+-------------+------------+-------------+-------------+------------+


1.3 Confidence Level
--------------------

+-----------------------------+------------+--------------------------------------------------------+------------------------------------------------------------------------------------------------------------+
| User Input Data             | Confidence | Details                                                | Action                                                                                                     |
+-----------------------------+------------+--------------------------------------------------------+------------------------------------------------------------------------------------------------------------+
| Design implementation state | High       | Design is routed                                       |                                                                                                            |
| Clock nodes activity        | High       | User specified more than 95% of clocks                 |                                                                                                            |
| I/O nodes activity          | Low        | More than 75% of inputs are missing user specification | Provide missing input activity with simulation results or by editing the "By Resource Type -> I/Os" view   |
| Internal nodes activity     | Medium     | User specified less than 25% of internal nodes         | Provide missing internal nodes activity with simulation results or by editing the "By Resource Type" views |
| Device models               | High       | Device models are Production                           |                                                                                                            |
|                             |            |                                                        |                                                                                                            |
| Overall confidence level    | Low        |                                                        |                                                                                                            |
+-----------------------------+------------+--------------------------------------------------------+------------------------------------------------------------------------------------------------------------+


2. Settings
-----------

2.1 Environment
---------------

+-----------------------+--------------------------+
| Ambient Temp (C)      | 25.0                     |
| ThetaJA (C/W)         | 1.7                      |
| Airflow (LFM)         | 250                      |
| Heat Sink             | medium (Medium Profile)  |
| ThetaSA (C/W)         | 2.8                      |
| Board Selection       | medium (10"x10")         |
| # of Board Layers     | 12to15 (12 to 15 Layers) |
| Board Temperature (C) | 25.0                     |
+-----------------------+--------------------------+


2.2 Clock Constraints
---------------------

+--------------------------------------------------------------------------------------------------------------------------------------------------------------------------------------------------------------------------------------------------------------------------------------------------------------------------------------------------------------------------+-----------------------------------------------------------------------------------------------------------------------------------------------------------------------------------------------------------------------------------------------------------------------------------------------------------------------------------------------------------+-----------------+
| Clock                                                                                                                                                                                                                                                                                                                                                                    | Domain                                                                                                                                                                                                                                                                                                                                                    | Constraint (ns) |
+--------------------------------------------------------------------------------------------------------------------------------------------------------------------------------------------------------------------------------------------------------------------------------------------------------------------------------------------------------------------------+-----------------------------------------------------------------------------------------------------------------------------------------------------------------------------------------------------------------------------------------------------------------------------------------------------------------------------------------------------------+-----------------+
| GTHE4_CHANNEL_RXOUTCLKPCS[0]                                                                                                                                                                                                                                                                                                                                             | hdmi_tx_bd_i/vid_phy_controller_0/inst/gt_wrapper_inst/inst/gen_gtwizard_gthe4_top.hdmi_tx_bd_vid_phy_controller_0_0_gtwrapper_gtwizard_gthe4_inst/gen_gtwizard_gthe4.gen_channel_container[2].gen_enabled_channel.gthe4_channel_wrapper_inst/channel_inst/GTHE4_CHANNEL_RXOUTCLKPCS[0]                                                                   |             3.4 |
| GTHE4_CHANNEL_RXOUTCLKPCS[1]                                                                                                                                                                                                                                                                                                                                             | hdmi_tx_bd_i/vid_phy_controller_0/inst/gt_wrapper_inst/inst/gen_gtwizard_gthe4_top.hdmi_tx_bd_vid_phy_controller_0_0_gtwrapper_gtwizard_gthe4_inst/gen_gtwizard_gthe4.gen_channel_container[2].gen_enabled_channel.gthe4_channel_wrapper_inst/channel_inst/GTHE4_CHANNEL_RXOUTCLKPCS[1]                                                                   |             3.4 |
| GTHE4_CHANNEL_RXOUTCLKPCS[2]                                                                                                                                                                                                                                                                                                                                             | hdmi_tx_bd_i/vid_phy_controller_0/inst/gt_wrapper_inst/inst/gen_gtwizard_gthe4_top.hdmi_tx_bd_vid_phy_controller_0_0_gtwrapper_gtwizard_gthe4_inst/gen_gtwizard_gthe4.gen_channel_container[2].gen_enabled_channel.gthe4_channel_wrapper_inst/channel_inst/GTHE4_CHANNEL_RXOUTCLKPCS[2]                                                                   |             3.4 |
| GTHE4_CHANNEL_RXOUTCLK[0]                                                                                                                                                                                                                                                                                                                                                | hdmi_tx_bd_i/vid_phy_controller_0/inst/gt_wrapper_inst/inst/gen_gtwizard_gthe4_top.hdmi_tx_bd_vid_phy_controller_0_0_gtwrapper_gtwizard_gthe4_inst/gen_gtwizard_gthe4.gen_channel_container[2].gen_enabled_channel.gthe4_channel_wrapper_inst/channel_inst/GTHE4_CHANNEL_RXOUTCLK[0]                                                                      |             3.4 |
| GTHE4_CHANNEL_RXOUTCLK[1]                                                                                                                                                                                                                                                                                                                                                | hdmi_tx_bd_i/vid_phy_controller_0/inst/gt_wrapper_inst/inst/gen_gtwizard_gthe4_top.hdmi_tx_bd_vid_phy_controller_0_0_gtwrapper_gtwizard_gthe4_inst/gen_gtwizard_gthe4.gen_channel_container[2].gen_enabled_channel.gthe4_channel_wrapper_inst/channel_inst/GTHE4_CHANNEL_RXOUTCLK[1]                                                                      |             3.4 |
| GTHE4_CHANNEL_RXOUTCLK[2]                                                                                                                                                                                                                                                                                                                                                | hdmi_tx_bd_i/vid_phy_controller_0/inst/gt_wrapper_inst/inst/gen_gtwizard_gthe4_top.hdmi_tx_bd_vid_phy_controller_0_0_gtwrapper_gtwizard_gthe4_inst/gen_gtwizard_gthe4.gen_channel_container[2].gen_enabled_channel.gthe4_channel_wrapper_inst/channel_inst/GTHE4_CHANNEL_RXOUTCLK[2]                                                                      |             3.4 |
| GTHE4_CHANNEL_TXOUTCLK[0]                                                                                                                                                                                                                                                                                                                                                | hdmi_tx_bd_i/vid_phy_controller_0/inst/gt_wrapper_inst/inst/gen_gtwizard_gthe4_top.hdmi_tx_bd_vid_phy_controller_0_0_gtwrapper_gtwizard_gthe4_inst/gen_gtwizard_gthe4.gen_channel_container[2].gen_enabled_channel.gthe4_channel_wrapper_inst/channel_inst/GTHE4_CHANNEL_TXOUTCLK[0]                                                                      |             3.4 |
| GTHE4_CHANNEL_TXOUTCLK[1]                                                                                                                                                                                                                                                                                                                                                | hdmi_tx_bd_i/vid_phy_controller_0/inst/gt_wrapper_inst/inst/gen_gtwizard_gthe4_top.hdmi_tx_bd_vid_phy_controller_0_0_gtwrapper_gtwizard_gthe4_inst/gen_gtwizard_gthe4.gen_channel_container[2].gen_enabled_channel.gthe4_channel_wrapper_inst/channel_inst/GTHE4_CHANNEL_TXOUTCLK[1]                                                                      |             3.4 |
| GTHE4_CHANNEL_TXOUTCLK[2]                                                                                                                                                                                                                                                                                                                                                | hdmi_tx_bd_i/vid_phy_controller_0/inst/gt_wrapper_inst/inst/gen_gtwizard_gthe4_top.hdmi_tx_bd_vid_phy_controller_0_0_gtwrapper_gtwizard_gthe4_inst/gen_gtwizard_gthe4.gen_channel_container[2].gen_enabled_channel.gthe4_channel_wrapper_inst/channel_inst/GTHE4_CHANNEL_TXOUTCLK[2]                                                                      |             3.4 |
| clk_out1_hdmi_tx_bd_microblaze_0_clk_wiz_1_0_1                                                                                                                                                                                                                                                                                                                           | hdmi_tx_bd_i/microblaze_0_clk_wiz_1/inst/clk_out1_hdmi_tx_bd_microblaze_0_clk_wiz_1_0                                                                                                                                                                                                                                                                     |            10.0 |
| clk_out2_hdmi_tx_bd_microblaze_0_clk_wiz_1_0_1                                                                                                                                                                                                                                                                                                                           | hdmi_tx_bd_i/microblaze_0_clk_wiz_1/inst/clk_out2_hdmi_tx_bd_microblaze_0_clk_wiz_1_0                                                                                                                                                                                                                                                                     |            10.0 |
| clk_ref_p                                                                                                                                                                                                                                                                                                                                                                | HDMI_CLK_8T49N241_P                                                                                                                                                                                                                                                                                                                                       |             3.4 |
| clkout1_1                                                                                                                                                                                                                                                                                                                                                                | hdmi_tx_bd_i/vid_phy_controller_0/inst/gt_usrclk_source_inst/tx_mmcm.txoutclk_mmcm0_i/clkout1                                                                                                                                                                                                                                                             |             3.4 |
| clkout2                                                                                                                                                                                                                                                                                                                                                                  | hdmi_tx_bd_i/vid_phy_controller_0/inst/gt_usrclk_source_inst/rx_mmcm.rxoutclk_mmcm0_i/clkout2                                                                                                                                                                                                                                                             |             3.4 |
| clkout2_1                                                                                                                                                                                                                                                                                                                                                                | hdmi_tx_bd_i/vid_phy_controller_0/inst/gt_usrclk_source_inst/tx_mmcm.txoutclk_mmcm0_i/clkout2                                                                                                                                                                                                                                                             |             3.4 |
| hdmi_rclkout                                                                                                                                                                                                                                                                                                                                                             | HDMI_RCLKOUT_P                                                                                                                                                                                                                                                                                                                                            |             3.4 |
| hdmi_tx_bd_i/mdm_1/U0/Use_E2.BSCAN_I/Use_E2.BSCANE2_I/DRCK                                                                                                                                                                                                                                                                                                               | hdmi_tx_bd_i/mdm_1/U0/Use_E2.BSCAN_I/DRCK                                                                                                                                                                                                                                                                                                                 |            33.3 |
| hdmi_tx_bd_i/mdm_1/U0/Use_E2.BSCAN_I/Use_E2.BSCANE2_I/UPDATE                                                                                                                                                                                                                                                                                                             | hdmi_tx_bd_i/mdm_1/U0/Use_E2.BSCAN_I/Dbg_Update_0                                                                                                                                                                                                                                                                                                         |            66.7 |
| hdmi_tx_bd_i/vid_phy_controller_0/inst/gt_wrapper_inst/inst/gen_gtwizard_gthe4_top.hdmi_tx_bd_vid_phy_controller_0_0_gtwrapper_gtwizard_gthe4_inst/gen_gtwizard_gthe4.gen_cpll_cal_gthe4.gen_cpll_cal_inst[0].gen_inst_cpll_cal.gtwizard_ultrascale_v1_7_22_gthe4_cpll_cal_inst/gtwizard_ultrascale_v1_7_22_gthe4_cpll_cal_rx_i/gen_cal_rx_en.bufg_gt_rxoutclkmon_inst/O | hdmi_tx_bd_i/vid_phy_controller_0/inst/gt_wrapper_inst/inst/gen_gtwizard_gthe4_top.hdmi_tx_bd_vid_phy_controller_0_0_gtwrapper_gtwizard_gthe4_inst/gen_gtwizard_gthe4.gen_cpll_cal_gthe4.gen_cpll_cal_inst[0].gen_inst_cpll_cal.gtwizard_ultrascale_v1_7_22_gthe4_cpll_cal_inst/gtwizard_ultrascale_v1_7_22_gthe4_cpll_cal_rx_i/gen_cal_rx_en.rxoutclkmon |             3.4 |
| hdmi_tx_bd_i/vid_phy_controller_0/inst/gt_wrapper_inst/inst/gen_gtwizard_gthe4_top.hdmi_tx_bd_vid_phy_controller_0_0_gtwrapper_gtwizard_gthe4_inst/gen_gtwizard_gthe4.gen_cpll_cal_gthe4.gen_cpll_cal_inst[0].gen_inst_cpll_cal.gtwizard_ultrascale_v1_7_22_gthe4_cpll_cal_inst/gtwizard_ultrascale_v1_7_22_gthe4_cpll_cal_tx_i/bufg_gt_txoutclkmon_inst/O               | hdmi_tx_bd_i/vid_phy_controller_0/inst/gt_wrapper_inst/inst/gen_gtwizard_gthe4_top.hdmi_tx_bd_vid_phy_controller_0_0_gtwrapper_gtwizard_gthe4_inst/gen_gtwizard_gthe4.gen_cpll_cal_gthe4.gen_cpll_cal_inst[0].gen_inst_cpll_cal.gtwizard_ultrascale_v1_7_22_gthe4_cpll_cal_inst/gtwizard_ultrascale_v1_7_22_gthe4_cpll_cal_tx_i/txoutclkmon               |             3.4 |
| hdmi_tx_bd_i/vid_phy_controller_0/inst/gt_wrapper_inst/inst/gen_gtwizard_gthe4_top.hdmi_tx_bd_vid_phy_controller_0_0_gtwrapper_gtwizard_gthe4_inst/gen_gtwizard_gthe4.gen_cpll_cal_gthe4.gen_cpll_cal_inst[1].gen_inst_cpll_cal.gtwizard_ultrascale_v1_7_22_gthe4_cpll_cal_inst/gtwizard_ultrascale_v1_7_22_gthe4_cpll_cal_rx_i/gen_cal_rx_en.bufg_gt_rxoutclkmon_inst/O | hdmi_tx_bd_i/vid_phy_controller_0/inst/gt_wrapper_inst/inst/gen_gtwizard_gthe4_top.hdmi_tx_bd_vid_phy_controller_0_0_gtwrapper_gtwizard_gthe4_inst/gen_gtwizard_gthe4.gen_cpll_cal_gthe4.gen_cpll_cal_inst[1].gen_inst_cpll_cal.gtwizard_ultrascale_v1_7_22_gthe4_cpll_cal_inst/gtwizard_ultrascale_v1_7_22_gthe4_cpll_cal_rx_i/gen_cal_rx_en.rxoutclkmon |             3.4 |
| hdmi_tx_bd_i/vid_phy_controller_0/inst/gt_wrapper_inst/inst/gen_gtwizard_gthe4_top.hdmi_tx_bd_vid_phy_controller_0_0_gtwrapper_gtwizard_gthe4_inst/gen_gtwizard_gthe4.gen_cpll_cal_gthe4.gen_cpll_cal_inst[1].gen_inst_cpll_cal.gtwizard_ultrascale_v1_7_22_gthe4_cpll_cal_inst/gtwizard_ultrascale_v1_7_22_gthe4_cpll_cal_tx_i/bufg_gt_txoutclkmon_inst/O               | hdmi_tx_bd_i/vid_phy_controller_0/inst/gt_wrapper_inst/inst/gen_gtwizard_gthe4_top.hdmi_tx_bd_vid_phy_controller_0_0_gtwrapper_gtwizard_gthe4_inst/gen_gtwizard_gthe4.gen_cpll_cal_gthe4.gen_cpll_cal_inst[1].gen_inst_cpll_cal.gtwizard_ultrascale_v1_7_22_gthe4_cpll_cal_inst/gtwizard_ultrascale_v1_7_22_gthe4_cpll_cal_tx_i/txoutclkmon               |             3.4 |
| hdmi_tx_bd_i/vid_phy_controller_0/inst/gt_wrapper_inst/inst/gen_gtwizard_gthe4_top.hdmi_tx_bd_vid_phy_controller_0_0_gtwrapper_gtwizard_gthe4_inst/gen_gtwizard_gthe4.gen_cpll_cal_gthe4.gen_cpll_cal_inst[2].gen_inst_cpll_cal.gtwizard_ultrascale_v1_7_22_gthe4_cpll_cal_inst/gtwizard_ultrascale_v1_7_22_gthe4_cpll_cal_rx_i/gen_cal_rx_en.bufg_gt_rxoutclkmon_inst/O | hdmi_tx_bd_i/vid_phy_controller_0/inst/gt_wrapper_inst/inst/gen_gtwizard_gthe4_top.hdmi_tx_bd_vid_phy_controller_0_0_gtwrapper_gtwizard_gthe4_inst/gen_gtwizard_gthe4.gen_cpll_cal_gthe4.gen_cpll_cal_inst[2].gen_inst_cpll_cal.gtwizard_ultrascale_v1_7_22_gthe4_cpll_cal_inst/gtwizard_ultrascale_v1_7_22_gthe4_cpll_cal_rx_i/gen_cal_rx_en.rxoutclkmon |             3.4 |
| hdmi_tx_bd_i/vid_phy_controller_0/inst/gt_wrapper_inst/inst/gen_gtwizard_gthe4_top.hdmi_tx_bd_vid_phy_controller_0_0_gtwrapper_gtwizard_gthe4_inst/gen_gtwizard_gthe4.gen_cpll_cal_gthe4.gen_cpll_cal_inst[2].gen_inst_cpll_cal.gtwizard_ultrascale_v1_7_22_gthe4_cpll_cal_inst/gtwizard_ultrascale_v1_7_22_gthe4_cpll_cal_tx_i/bufg_gt_txoutclkmon_inst/O               | hdmi_tx_bd_i/vid_phy_controller_0/inst/gt_wrapper_inst/inst/gen_gtwizard_gthe4_top.hdmi_tx_bd_vid_phy_controller_0_0_gtwrapper_gtwizard_gthe4_inst/gen_gtwizard_gthe4.gen_cpll_cal_gthe4.gen_cpll_cal_inst[2].gen_inst_cpll_cal.gtwizard_ultrascale_v1_7_22_gthe4_cpll_cal_inst/gtwizard_ultrascale_v1_7_22_gthe4_cpll_cal_tx_i/txoutclkmon               |             3.4 |
| qpll0clk_in[0]                                                                                                                                                                                                                                                                                                                                                           | hdmi_tx_bd_i/vid_phy_controller_0/inst/gt_common_inst/common_inst/qpll0clk_in[0]                                                                                                                                                                                                                                                                          |             0.2 |
| qpll0refclk_in[0]                                                                                                                                                                                                                                                                                                                                                        | hdmi_tx_bd_i/vid_phy_controller_0/inst/gt_common_inst/common_inst/qpll0refclk_in[0]                                                                                                                                                                                                                                                                       |             3.4 |
| qpll1clk_in[0]                                                                                                                                                                                                                                                                                                                                                           | hdmi_tx_bd_i/vid_phy_controller_0/inst/gt_common_inst/common_inst/qpll1clk_in[0]                                                                                                                                                                                                                                                                          |             0.2 |
| qpll1refclk_in[0]                                                                                                                                                                                                                                                                                                                                                        | hdmi_tx_bd_i/vid_phy_controller_0/inst/gt_common_inst/common_inst/qpll1refclk_in[0]                                                                                                                                                                                                                                                                       |             3.4 |
| sys_clk_p                                                                                                                                                                                                                                                                                                                                                                | SYS_CLK_P                                                                                                                                                                                                                                                                                                                                                 |             3.3 |
| vid_phy_controller_0_rxoutclk                                                                                                                                                                                                                                                                                                                                            | hdmi_tx_bd_i/vid_phy_controller_0/inst/gt_usrclk_source_inst/rxoutclk                                                                                                                                                                                                                                                                                     |             3.4 |
| vid_phy_controller_0_txoutclk                                                                                                                                                                                                                                                                                                                                            | hdmi_tx_bd_i/vid_phy_controller_0/inst/gt_usrclk_source_inst/txoutclk                                                                                                                                                                                                                                                                                     |             3.4 |
+--------------------------------------------------------------------------------------------------------------------------------------------------------------------------------------------------------------------------------------------------------------------------------------------------------------------------------------------------------------------------+-----------------------------------------------------------------------------------------------------------------------------------------------------------------------------------------------------------------------------------------------------------------------------------------------------------------------------------------------------------+-----------------+


3. Detailed Reports
-------------------

3.1 By Hierarchy
----------------

+-------------------------------+-----------+
| Name                          | Power (W) |
+-------------------------------+-----------+
| hdmi_tx_bd_wrapper            |     1.197 |
|   hdmi_tx_bd_i                |     1.195 |
|     axi_iic_0                 |     0.002 |
|       U0                      |     0.002 |
|     microblaze_0              |     0.016 |
|       U0                      |     0.016 |
|     microblaze_0_axi_intc     |     0.001 |
|       U0                      |     0.001 |
|     microblaze_0_axi_periph   |     0.005 |
|       inst                    |     0.005 |
|     microblaze_0_clk_wiz_1    |     0.103 |
|       inst                    |     0.103 |
|     microblaze_0_local_memory |     0.030 |
|       lmb_bram                |     0.030 |
|     v_hdmi_rx_ss_0            |     0.074 |
|       inst                    |     0.074 |
|     v_hdmi_tx_ss_0            |     0.080 |
|       inst                    |     0.080 |
|     v_tpg_0                   |     0.003 |
|       inst                    |     0.003 |
|     vid_phy_controller_0      |     0.880 |
|       inst                    |     0.880 |
+-------------------------------+-----------+


