

================================================================
== Vitis HLS Report for 'tpgBackground_Pipeline_VITIS_LOOP_520_2'
================================================================
* Date:           Thu Jan  9 09:27:56 2025

* Version:        2023.1 (Build 3854077 on May  4 2023)
* Project:        prj
* Solution:       sol (Vivado IP Flow Target)
* Product family: artixuplus
* Target device:  xcau15p-ffvb676-2-e


================================================================
== Performance Estimates
================================================================
+ Timing: 
    * Summary: 
    +--------+---------+----------+------------+
    |  Clock |  Target | Estimated| Uncertainty|
    +--------+---------+----------+------------+
    |ap_clk  |  3.33 ns|  2.707 ns|     0.90 ns|
    +--------+---------+----------+------------+

+ Latency: 
    * Summary: 
    +---------+---------+----------+----------+-----+-----+---------+
    |  Latency (cycles) |  Latency (absolute) |  Interval | Pipeline|
    |   min   |   max   |    min   |    max   | min | max |   Type  |
    +---------+---------+----------+----------+-----+-----+---------+
    |        ?|        ?|         ?|         ?|    ?|    ?|       no|
    +---------+---------+----------+----------+-----+-----+---------+

    + Detail: 
        * Instance: 
        +------------------------------+------------------+---------+---------+----------+----------+-----+-----+---------+
        |                              |                  |  Latency (cycles) |  Latency (absolute) |  Interval | Pipeline|
        |           Instance           |      Module      |   min   |   max   |    min   |    max   | min | max |   Type  |
        +------------------------------+------------------+---------+---------+----------+----------+-----+-----+---------+
        |grp_reg_ap_uint_10_s_fu_2104  |reg_ap_uint_10_s  |        1|        1|  3.333 ns|  3.333 ns|    1|    1|      yes|
        +------------------------------+------------------+---------+---------+----------+----------+-----+-----+---------+

        * Loop: 
        +--------------------+---------+---------+----------+-----------+-----------+------+----------+
        |                    |  Latency (cycles) | Iteration|  Initiation Interval  | Trip |          |
        |      Loop Name     |   min   |   max   |  Latency |  achieved |   target  | Count| Pipelined|
        +--------------------+---------+---------+----------+-----------+-----------+------+----------+
        |- VITIS_LOOP_520_2  |        ?|        ?|         7|          1|          1|     ?|       yes|
        +--------------------+---------+---------+----------+-----------+-----------+------+----------+



================================================================
== Utilization Estimates
================================================================
* Summary: 
+-----------------+---------+-----+--------+-------+-----+
|       Name      | BRAM_18K| DSP |   FF   |  LUT  | URAM|
+-----------------+---------+-----+--------+-------+-----+
|DSP              |        -|    -|       -|      -|    -|
|Expression       |        -|    -|       0|   1538|    -|
|FIFO             |        -|    -|       -|      -|    -|
|Instance         |        -|    -|      21|     14|    -|
|Memory           |        0|    -|      94|     13|    -|
|Multiplexer      |        -|    -|       -|   1442|    -|
|Register         |        -|    -|    1003|    160|    -|
+-----------------+---------+-----+--------+-------+-----+
|Total            |        0|    0|    1118|   3167|    0|
+-----------------+---------+-----+--------+-------+-----+
|Available        |      288|  576|  155520|  77760|    0|
+-----------------+---------+-----+--------+-------+-----+
|Utilization (%)  |        0|    0|      ~0|      4|    0|
+-----------------+---------+-----+--------+-------+-----+

+ Detail: 
    * Instance: 
    +------------------------------+------------------+---------+----+----+----+-----+
    |           Instance           |      Module      | BRAM_18K| DSP| FF | LUT| URAM|
    +------------------------------+------------------+---------+----+----+----+-----+
    |grp_reg_ap_uint_10_s_fu_2104  |reg_ap_uint_10_s  |        0|   0|  21|  14|    0|
    +------------------------------+------------------+---------+----+----+----+-----+
    |Total                         |                  |        0|   0|  21|  14|    0|
    +------------------------------+------------------+---------+----+----+----+-----+

    * DSP: 
    N/A

    * Memory: 
    +------------------------+--------------------------------------------------------------------------+---------+----+----+-----+------+-----+------+-------------+
    |         Memory         |                                  Module                                  | BRAM_18K| FF | LUT| URAM| Words| Bits| Banks| W*Bits*Banks|
    +------------------------+--------------------------------------------------------------------------+---------+----+----+-----+------+-----+------+-------------+
    |blkYuv_U                |tpgBackground_Pipeline_VITIS_LOOP_520_2_blkYuv_ROM_AUTO_1R                |        0|   8|   1|    0|     3|    8|     1|           24|
    |blkYuv_1_U              |tpgBackground_Pipeline_VITIS_LOOP_520_2_blkYuv_ROM_AUTO_1R                |        0|   8|   1|    0|     3|    8|     1|           24|
    |tpgBarSelRgb_b_U        |tpgBackground_Pipeline_VITIS_LOOP_520_2_tpgBarSelRgb_b_ROM_AUTO_1R        |        0|   4|   1|    0|     8|    2|     1|           16|
    |tpgBarSelRgb_g_U        |tpgBackground_Pipeline_VITIS_LOOP_520_2_tpgBarSelRgb_g_ROM_AUTO_1R        |        0|   4|   1|    0|     8|    2|     1|           16|
    |tpgBarSelRgb_r_U        |tpgBackground_Pipeline_VITIS_LOOP_520_2_tpgBarSelRgb_r_ROM_AUTO_1R        |        0|   4|   1|    0|     8|    2|     1|           16|
    |tpgBarSelYuv_u_U        |tpgBackground_Pipeline_VITIS_LOOP_520_2_tpgBarSelYuv_u_ROM_AUTO_1R        |        0|  16|   1|    0|     8|    8|     1|           64|
    |tpgBarSelYuv_v_U        |tpgBackground_Pipeline_VITIS_LOOP_520_2_tpgBarSelYuv_v_ROM_AUTO_1R        |        0|  16|   1|    0|     8|    8|     1|           64|
    |tpgBarSelYuv_y_U        |tpgBackground_Pipeline_VITIS_LOOP_520_2_tpgBarSelYuv_y_ROM_AUTO_1R        |        0|  16|   1|    0|     8|    8|     1|           64|
    |tpgCheckerBoardArray_U  |tpgBackground_Pipeline_VITIS_LOOP_520_2_tpgCheckerBoardArray_ROM_AUTO_1R  |        0|   4|   1|    0|    32|    2|     1|           64|
    |tpgTartanBarArray_U     |tpgBackground_Pipeline_VITIS_LOOP_520_2_tpgTartanBarArray_ROM_AUTO_1R     |        0|   6|   3|    0|    64|    3|     1|          192|
    |whiYuv_U                |tpgBackground_Pipeline_VITIS_LOOP_520_2_whiYuv_ROM_AUTO_1R                |        0|   8|   1|    0|     3|    8|     1|           24|
    +------------------------+--------------------------------------------------------------------------+---------+----+----+-----+------+-----+------+-------------+
    |Total                   |                                                                          |        0|  94|  13|    0|   153|   59|    11|          568|
    +------------------------+--------------------------------------------------------------------------+---------+----+----+-----+------+-----+------+-------------+

    * FIFO: 
    N/A

    * Expression: 
    +----------------------------------+----------+----+---+----+------------+------------+
    |           Variable Name          | Operation| DSP| FF| LUT| Bitwidth P0| Bitwidth P1|
    +----------------------------------+----------+----+---+----+------------+------------+
    |add_ln1196_fu_2922_p2             |         +|   0|  0|  21|          14|           3|
    |add_ln1205_1_fu_2993_p2           |         +|   0|  0|  19|          12|           2|
    |add_ln1205_fu_2949_p2             |         +|   0|  0|  19|          12|           2|
    |add_ln1207_1_fu_3005_p2           |         +|   0|  0|  18|          11|           2|
    |add_ln1207_fu_2961_p2             |         +|   0|  0|  18|          11|           2|
    |add_ln1212_1_fu_3213_p2           |         +|   0|  0|  10|           3|           1|
    |add_ln1212_fu_3171_p2             |         +|   0|  0|  10|           3|           1|
    |add_ln1341_fu_2703_p2             |         +|   0|  0|  18|          11|           2|
    |add_ln1343_fu_2764_p2             |         +|   0|  0|  17|          10|           1|
    |add_ln1348_fu_2742_p2             |         +|   0|  0|  10|           3|           1|
    |add_ln1362_1_fu_2904_p2           |         +|   0|  0|  17|          10|           2|
    |add_ln1362_fu_2834_p2             |         +|   0|  0|  17|          10|           2|
    |add_ln1367_1_fu_2882_p2           |         +|   0|  0|  10|           3|           1|
    |add_ln1367_fu_2812_p2             |         +|   0|  0|  10|           3|           1|
    |add_ln1404_fu_2116_p2             |         +|   0|  0|  24|          17|           2|
    |add_ln1409_fu_2564_p2             |         +|   0|  0|  18|          11|           2|
    |add_ln1416_fu_2589_p2             |         +|   0|  0|  17|          10|           1|
    |add_ln1435_1_fu_2687_p2           |         +|   0|  0|  17|          10|           2|
    |add_ln1435_fu_2641_p2             |         +|   0|  0|  17|          10|           2|
    |add_ln1523_fu_2349_p2             |         +|   0|  0|  18|          11|           2|
    |add_ln1525_fu_2402_p2             |         +|   0|  0|  17|          10|           1|
    |add_ln1530_fu_2384_p2             |         +|   0|  0|  15|           8|           1|
    |add_ln1543_1_fu_2542_p2           |         +|   0|  0|  17|          10|           2|
    |add_ln1543_fu_2472_p2             |         +|   0|  0|  17|          10|           2|
    |add_ln1548_1_fu_2520_p2           |         +|   0|  0|  10|           3|           1|
    |add_ln1548_fu_2450_p2             |         +|   0|  0|  10|           3|           1|
    |grp_fu_1810_p2                    |         +|   0|  0|  21|          14|           4|
    |grp_fu_1826_p2                    |         +|   0|  0|  17|          10|           3|
    |grp_fu_1832_p2                    |         +|   0|  0|  21|          14|           4|
    |sub40_i_fu_2144_p2                |         +|   0|  0|  24|          17|           2|
    |x_3_fu_2334_p2                    |         +|   0|  0|  23|          16|           2|
    |sub_ln1211_1_fu_3011_p2           |         -|   0|  0|  18|          11|          11|
    |sub_ln1211_fu_2967_p2             |         -|   0|  0|  18|          11|          11|
    |sub_ln1366_1_fu_2866_p2           |         -|   0|  0|  17|          10|          10|
    |sub_ln1366_fu_2796_p2             |         -|   0|  0|  17|          10|          10|
    |sub_ln1445_1_fu_2669_p2           |         -|   0|  0|  17|          10|          10|
    |sub_ln1445_fu_2623_p2             |         -|   0|  0|  17|          10|          10|
    |sub_ln1547_1_fu_2504_p2           |         -|   0|  0|  17|          10|          10|
    |sub_ln1547_fu_2434_p2             |         -|   0|  0|  17|          10|          10|
    |and_ln1341_fu_2723_p2             |       and|   0|  0|   2|           1|           1|
    |and_ln1404_fu_2128_p2             |       and|   0|  0|   2|           1|           1|
    |and_ln1409_fu_2584_p2             |       and|   0|  0|   2|           1|           1|
    |and_ln1523_fu_2369_p2             |       and|   0|  0|   2|           1|           1|
    |ap_block_state4_pp0_stage0_iter3  |       and|   0|  0|   2|           1|           1|
    |ap_condition_1066                 |       and|   0|  0|   2|           1|           1|
    |ap_condition_1074                 |       and|   0|  0|   2|           1|           1|
    |ap_condition_2694                 |       and|   0|  0|   2|           1|           1|
    |ap_condition_2698                 |       and|   0|  0|   2|           1|           1|
    |ap_condition_2701                 |       and|   0|  0|   2|           1|           1|
    |ap_condition_2706                 |       and|   0|  0|   2|           1|           1|
    |ap_condition_2709                 |       and|   0|  0|   2|           1|           1|
    |ap_condition_2712                 |       and|   0|  0|   2|           1|           1|
    |ap_condition_2715                 |       and|   0|  0|   2|           1|           1|
    |ap_condition_2720                 |       and|   0|  0|   2|           1|           1|
    |ap_condition_2725                 |       and|   0|  0|   2|           1|           1|
    |ap_condition_2730                 |       and|   0|  0|   2|           1|           1|
    |ap_condition_2737                 |       and|   0|  0|   2|           1|           1|
    |ap_condition_2742                 |       and|   0|  0|   2|           1|           1|
    |ap_condition_2745                 |       and|   0|  0|   2|           1|           1|
    |ap_condition_2750                 |       and|   0|  0|   2|           1|           1|
    |ap_condition_2755                 |       and|   0|  0|   2|           1|           1|
    |ap_condition_2762                 |       and|   0|  0|   2|           1|           1|
    |ap_condition_2769                 |       and|   0|  0|   2|           1|           1|
    |ap_condition_2775                 |       and|   0|  0|   2|           1|           1|
    |ap_condition_2778                 |       and|   0|  0|   2|           1|           1|
    |ap_condition_2781                 |       and|   0|  0|   2|           1|           1|
    |ap_condition_2785                 |       and|   0|  0|   2|           1|           1|
    |ap_condition_2788                 |       and|   0|  0|   2|           1|           1|
    |ap_condition_2791                 |       and|   0|  0|   2|           1|           1|
    |ap_condition_2794                 |       and|   0|  0|   2|           1|           1|
    |ap_condition_2797                 |       and|   0|  0|   2|           1|           1|
    |ap_condition_2802                 |       and|   0|  0|   2|           1|           1|
    |ap_condition_2808                 |       and|   0|  0|   2|           1|           1|
    |ap_condition_2810                 |       and|   0|  0|   2|           1|           1|
    |ap_condition_2814                 |       and|   0|  0|   2|           1|           1|
    |ap_condition_2818                 |       and|   0|  0|   2|           1|           1|
    |ap_condition_2820                 |       and|   0|  0|   2|           1|           1|
    |ap_condition_2824                 |       and|   0|  0|   2|           1|           1|
    |ap_condition_2834                 |       and|   0|  0|   2|           1|           1|
    |ap_condition_2839                 |       and|   0|  0|   2|           1|           1|
    |ap_condition_359                  |       and|   0|  0|   2|           1|           1|
    |ap_predicate_op372_read_state4    |       and|   0|  0|   2|           1|           1|
    |ap_predicate_op76_call_state1     |       and|   0|  0|   2|           1|           1|
    |empty_65_fu_2050_p2               |      icmp|   0|  0|  23|          16|           1|
    |icmp_ln1205_1_fu_2999_p2          |      icmp|   0|  0|  19|          12|          12|
    |icmp_ln1205_fu_2955_p2            |      icmp|   0|  0|  19|          12|          12|
    |icmp_ln1336_fu_2202_p2            |      icmp|   0|  0|  23|          16|           1|
    |icmp_ln1341_fu_2717_p2            |      icmp|   0|  0|  18|          11|          11|
    |icmp_ln1360_1_fu_2856_p2          |      icmp|   0|  0|  17|          10|          10|
    |icmp_ln1360_fu_2786_p2            |      icmp|   0|  0|  17|          10|          10|
    |icmp_ln1404_1_fu_2122_p2          |      icmp|   0|  0|  24|          17|          17|
    |icmp_ln1404_fu_2110_p2            |      icmp|   0|  0|  23|          16|           1|
    |icmp_ln1409_fu_2578_p2            |      icmp|   0|  0|  18|          11|          11|
    |icmp_ln1428_1_fu_2172_p2          |      icmp|   0|  0|  24|          17|          17|
    |icmp_ln1428_fu_2150_p2            |      icmp|   0|  0|  24|          17|          17|
    |icmp_ln1433_1_fu_2657_p2          |      icmp|   0|  0|  17|          10|          10|
    |icmp_ln1433_fu_2611_p2            |      icmp|   0|  0|  17|          10|          10|
    |icmp_ln1438_1_fu_2663_p2          |      icmp|   0|  0|  17|          10|          10|
    |icmp_ln1438_fu_2617_p2            |      icmp|   0|  0|  17|          10|          10|
    |icmp_ln1518_fu_2062_p2            |      icmp|   0|  0|  23|          16|           1|
    |icmp_ln1523_fu_2363_p2            |      icmp|   0|  0|  18|          11|          11|
    |icmp_ln1541_1_fu_2494_p2          |      icmp|   0|  0|  17|          10|          10|
    |icmp_ln1541_fu_2424_p2            |      icmp|   0|  0|  17|          10|          10|
    |icmp_ln520_fu_2044_p2             |      icmp|   0|  0|  23|          16|          16|
    |icmp_ln691_1_fu_2262_p2           |      icmp|   0|  0|  23|          16|          16|
    |icmp_ln691_2_fu_2298_p2           |      icmp|   0|  0|  23|          16|          16|
    |icmp_ln691_3_fu_2304_p2           |      icmp|   0|  0|  23|          16|          16|
    |icmp_ln691_fu_2256_p2             |      icmp|   0|  0|  23|          16|          16|
    |ap_block_pp0_stage0_01001         |        or|   0|  0|   2|           1|           1|
    |or_ln1336_fu_2196_p2              |        or|   0|  0|  16|          16|          16|
    |or_ln1370_1_fu_3144_p2            |        or|   0|  0|   6|           6|           6|
    |or_ln1370_fu_3125_p2              |        or|   0|  0|   6|           6|           6|
    |or_ln1428_fu_2162_p2              |        or|   0|  0|  16|          16|           1|
    |or_ln1449_fu_3375_p2              |        or|   0|  0|   2|           1|           1|
    |or_ln1518_fu_2056_p2              |        or|   0|  0|  16|          16|          16|
    |or_ln691_1_fu_2274_p2             |        or|   0|  0|   2|           1|           1|
    |or_ln691_2_fu_2286_p2             |        or|   0|  0|   2|           1|           1|
    |or_ln691_3_fu_2292_p2             |        or|   0|  0|  16|          16|           1|
    |or_ln691_4_fu_2322_p2             |        or|   0|  0|   2|           1|           1|
    |or_ln691_5_fu_2316_p2             |        or|   0|  0|   2|           1|           1|
    |or_ln691_6_fu_2328_p2             |        or|   0|  0|   2|           1|           1|
    |or_ln691_fu_2280_p2               |        or|   0|  0|   2|           1|           1|
    |outpix_74_fu_3369_p2              |        or|   0|  0|   2|           1|           1|
    |tBarSel_1_fu_3072_p2              |        or|   0|  0|   5|           5|           5|
    |tBarSel_fu_3053_p2                |        or|   0|  0|   5|           5|           5|
    |grp_fu_1848_p3                    |    select|   0|  0|   2|           1|           1|
    |grp_fu_1871_p3                    |    select|   0|  0|   9|           1|           1|
    |grp_fu_1878_p3                    |    select|   0|  0|   8|           1|           8|
    |outpix_100_fu_3803_p3             |    select|   0|  0|   8|           1|           8|
    |outpix_41_fu_3777_p3              |    select|   0|  0|   8|           1|           8|
    |outpix_73_fu_3836_p3              |    select|   0|  0|   8|           1|           8|
    |outpix_75_fu_3978_p3              |    select|   0|  0|   8|           1|           8|
    |outpix_76_fu_3971_p3              |    select|   0|  0|   8|           1|           8|
    |outpix_77_fu_3964_p3              |    select|   0|  0|   8|           1|           8|
    |outpix_78_fu_3999_p3              |    select|   0|  0|   8|           1|           8|
    |outpix_79_fu_3992_p3              |    select|   0|  0|   8|           1|           8|
    |outpix_80_fu_3985_p3              |    select|   0|  0|   8|           1|           8|
    |outpix_89_fu_3921_p3              |    select|   0|  0|   8|           1|           8|
    |outpix_90_fu_3907_p3              |    select|   0|  0|   8|           1|           8|
    |outpix_91_fu_3914_p3              |    select|   0|  0|   8|           1|           8|
    |outpix_93_fu_3876_p3              |    select|   0|  0|   8|           1|           8|
    |outpix_94_fu_3862_p3              |    select|   0|  0|   8|           1|           8|
    |outpix_95_fu_3869_p3              |    select|   0|  0|   8|           1|           8|
    |outpix_98_fu_3810_p3              |    select|   0|  0|   8|           1|           8|
    |outpix_99_fu_3796_p3              |    select|   0|  0|   8|           1|           8|
    |pix_17_fu_3829_p3                 |    select|   0|  0|   9|           1|           2|
    |select_ln507_fu_3843_p3           |    select|   0|  0|   2|           1|           2|
    |ap_enable_pp0                     |       xor|   0|  0|   2|           1|           2|
    |xor_ln1794_1_fu_3599_p2           |       xor|   0|  0|   2|           1|           1|
    |xor_ln1794_fu_3469_p2             |       xor|   0|  0|   2|           1|           1|
    |xor_ln1801_1_fu_3647_p2           |       xor|   0|  0|   2|           1|           1|
    |xor_ln1801_fu_3491_p2             |       xor|   0|  0|   2|           1|           1|
    |xor_ln1808_1_fu_3695_p2           |       xor|   0|  0|   2|           1|           1|
    |xor_ln1808_fu_3513_p2             |       xor|   0|  0|   2|           1|           1|
    |xor_ln691_1_fu_2310_p2            |       xor|   0|  0|   2|           1|           2|
    |xor_ln691_fu_2268_p2              |       xor|   0|  0|   2|           1|           2|
    +----------------------------------+----------+----+---+----+------------+------------+
    |Total                             |          |   0|  0|1538|         884|         682|
    +----------------------------------+----------+----+---+----+------------+------------+

    * Multiplexer: 
    +---------------------------------------------------------------------------------------+----+-----------+-----+-----------+
    |                                          Name                                         | LUT| Input Size| Bits| Total Bits|
    +---------------------------------------------------------------------------------------+----+-----------+-----+-----------+
    |ap_done_int                                                                            |   9|          2|    1|          2|
    |ap_enable_reg_pp0_iter6                                                                |   9|          2|    1|          2|
    |ap_phi_mux_outpix_45_phi_fu_1632_p82                                                   |   9|          2|    8|         16|
    |ap_phi_mux_outpix_46_phi_fu_1516_p82                                                   |   9|          2|    8|         16|
    |ap_phi_mux_outpix_47_phi_fu_1427_p82                                                   |   9|          2|    8|         16|
    |ap_phi_mux_outpix_48_phi_fu_1308_p82                                                   |   9|          2|    8|         16|
    |ap_phi_mux_outpix_49_phi_fu_1203_p82                                                   |   9|          2|    8|         16|
    |ap_phi_mux_outpix_50_phi_fu_1114_p82                                                   |   9|          2|    8|         16|
    |ap_phi_mux_outpix_57_phi_fu_1802_p4                                                    |  14|          3|    8|         24|
    |ap_phi_mux_outpix_58_phi_fu_1791_p4                                                    |  14|          3|    8|         24|
    |ap_phi_mux_outpix_59_phi_fu_1780_p4                                                    |  14|          3|    8|         24|
    |ap_phi_mux_outpix_60_phi_fu_1769_p4                                                    |  14|          3|    8|         24|
    |ap_phi_mux_outpix_61_phi_fu_1758_p4                                                    |  14|          3|    8|         24|
    |ap_phi_mux_outpix_62_phi_fu_1747_p4                                                    |  14|          3|    8|         24|
    |ap_phi_reg_pp0_iter1_hHatch_3_i302_reg_1068                                            |   9|          2|    1|          2|
    |ap_phi_reg_pp0_iter1_hHatch_3_i_ph_reg_1048                                            |   9|          2|    1|          2|
    |ap_phi_reg_pp0_iter1_hHatch_reg_1089                                                   |   9|          2|    1|          2|
    |ap_phi_reg_pp0_iter2_hHatch_3_i_ph_reg_1048                                            |  14|          3|    1|          3|
    |ap_phi_reg_pp0_iter3_hHatch_3_i302_reg_1068                                            |   9|          2|    1|          2|
    |ap_phi_reg_pp0_iter3_hHatch_reg_1089                                                   |  14|          3|    1|          3|
    |ap_phi_reg_pp0_iter5_outpix_45_reg_1628                                                |  43|          8|    8|         64|
    |ap_phi_reg_pp0_iter5_outpix_46_reg_1511                                                |  49|          9|    8|         72|
    |ap_phi_reg_pp0_iter5_outpix_47_reg_1424                                                |  43|          8|    8|         64|
    |ap_phi_reg_pp0_iter5_outpix_48_reg_1303                                                |  49|          9|    8|         72|
    |ap_phi_reg_pp0_iter5_outpix_49_reg_1198                                                |  65|         12|    8|         96|
    |ap_phi_reg_pp0_iter5_outpix_50_reg_1111                                                |  49|          9|    8|         72|
    |ap_sig_allocacmp_x_2                                                                   |   9|          2|   16|         32|
    |blkYuv_address0                                                                        |  65|         15|    2|         30|
    |outpix_10_fu_360                                                                       |   9|          2|    8|         16|
    |outpix_11_fu_364                                                                       |   9|          2|    8|         16|
    |outpix_57_reg_1799                                                                     |  14|          3|    8|         24|
    |outpix_58_reg_1788                                                                     |  14|          3|    8|         24|
    |outpix_59_reg_1777                                                                     |  14|          3|    8|         24|
    |outpix_60_reg_1766                                                                     |  14|          3|    8|         24|
    |outpix_61_reg_1755                                                                     |  14|          3|    8|         24|
    |outpix_62_reg_1744                                                                     |  14|          3|    8|         24|
    |outpix_6_fu_344                                                                        |   9|          2|    8|         16|
    |outpix_7_fu_348                                                                        |   9|          2|    8|         16|
    |outpix_8_fu_352                                                                        |   9|          2|    8|         16|
    |outpix_9_fu_356                                                                        |   9|          2|    8|         16|
    |ovrlayYUV_blk_n                                                                        |   9|          2|    1|          2|
    |p_0_0_0_0_0243373_out_o                                                                |   9|          2|    8|         16|
    |p_0_1_0_0_0245375_out_o                                                                |   9|          2|    8|         16|
    |p_0_2_0_0_0247377_out_o                                                                |   9|          2|    8|         16|
    |p_0_3_0_0_0249379_out_o                                                                |   9|          2|    8|         16|
    |p_0_4_0_0_0251381_out_o                                                                |   9|          2|    8|         16|
    |p_0_5_0_0_0253383_out_o                                                                |   9|          2|    8|         16|
    |srcYUV_blk_n                                                                           |   9|          2|    1|          2|
    |tpgBarSelRgb_b_address0                                                                |  20|          4|    3|         12|
    |tpgBarSelRgb_b_address1                                                                |  20|          4|    3|         12|
    |tpgBarSelRgb_g_address0                                                                |  20|          4|    3|         12|
    |tpgBarSelRgb_g_address1                                                                |  20|          4|    3|         12|
    |tpgBarSelRgb_r_address0                                                                |  20|          4|    3|         12|
    |tpgBarSelRgb_r_address1                                                                |  20|          4|    3|         12|
    |tpgBarSelYuv_u_address0                                                                |  20|          4|    3|         12|
    |tpgBarSelYuv_u_address1                                                                |  20|          4|    3|         12|
    |tpgBarSelYuv_v_address0                                                                |  20|          4|    3|         12|
    |tpgBarSelYuv_v_address1                                                                |  20|          4|    3|         12|
    |tpgBarSelYuv_y_address0                                                                |  20|          4|    3|         12|
    |tpgBarSelYuv_y_address1                                                                |  20|          4|    3|         12|
    |tpgPatternCheckerBoard_unsigned_short_unsigned_short_unsigned_short_unsigned_1         |  14|          3|   10|         30|
    |tpgPatternCheckerBoard_unsigned_short_unsigned_short_unsigned_short_unsigned_2         |  14|          3|    3|          9|
    |tpgPatternCheckerBoard_unsigned_short_unsigned_short_unsigned_short_unsigned_3         |  14|          3|    3|          9|
    |tpgPatternCheckerBoard_unsigned_short_unsigned_short_unsigned_short_unsigned_8_out_o   |  14|          3|    8|         24|
    |tpgPatternCheckerBoard_unsigned_short_unsigned_short_unsigned_short_unsigned_9_out_o   |  14|          3|    8|         24|
    |tpgPatternCheckerBoard_unsigned_short_unsigned_short_unsigned_short_unsigned_s         |  14|          3|   10|         30|
    |tpgPatternColorBars_unsigned_short_unsigned_short_unsigned_char_int_hBarSel            |  14|          3|    8|         24|
    |tpgPatternColorBars_unsigned_short_unsigned_short_unsigned_char_int_hBarSel_7          |  14|          3|    8|         24|
    |tpgPatternColorBars_unsigned_short_unsigned_short_unsigned_char_int_hBarSel_7_3_out_o  |  14|          3|    8|         24|
    |tpgPatternColorBars_unsigned_short_unsigned_short_unsigned_char_int_hBarSel_l_2_out_o  |  14|          3|    8|         24|
    |tpgPatternColorBars_unsigned_short_unsigned_short_unsigned_char_int_xBar               |  14|          3|   11|         33|
    |tpgPatternColorBars_unsigned_short_unsigned_short_unsigned_char_int_xBar_6             |  14|          3|   11|         33|
    |tpgPatternCrossHatch_unsigned_short_unsigned_short_unsigned_short_unsigned_sh          |  20|          4|   10|         40|
    |tpgPatternCrossHatch_unsigned_short_unsigned_short_unsigned_short_unsigned_sh_1        |  26|          5|   10|         50|
    |tpgPatternTartanColorBars_unsigned_short_unsigned_short_unsigned_short_unsign          |  14|          3|   10|         30|
    |tpgPatternTartanColorBars_unsigned_short_unsigned_short_unsigned_short_unsign_1        |  14|          3|   10|         30|
    |tpgPatternTartanColorBars_unsigned_short_unsigned_short_unsigned_short_unsign_2        |  14|          3|    3|          9|
    |tpgPatternTartanColorBars_unsigned_short_unsigned_short_unsigned_short_unsign_3        |  14|          3|    3|          9|
    |tpgPatternTartanColorBars_unsigned_short_unsigned_short_unsigned_short_unsign_8_out_o  |  14|          3|    8|         24|
    |tpgPatternTartanColorBars_unsigned_short_unsigned_short_unsigned_short_unsign_9_out_o  |  14|          3|    8|         24|
    |vBarSel                                                                                |  14|          3|    3|          9|
    |vBarSel_1                                                                              |  14|          3|    8|         24|
    |vBarSel_1_loc_1_out_o                                                                  |  14|          3|    8|         24|
    |vBarSel_loc_1_out_o                                                                    |  14|          3|    8|         24|
    |x_fu_340                                                                               |   9|          2|   16|         32|
    |yCount                                                                                 |  14|          3|   10|         30|
    |yCount_1                                                                               |   9|          2|   10|         20|
    |yCount_2                                                                               |  14|          3|   10|         30|
    +---------------------------------------------------------------------------------------+----+-----------+-----+-----------+
    |Total                                                                                  |1442|        299|  583|       1941|
    +---------------------------------------------------------------------------------------+----+-----------+-----+-----------+

    * Register: 
    +---------------------------------------------------------------------------------+----+----+-----+-----------+
    |                                       Name                                      | FF | LUT| Bits| Const Bits|
    +---------------------------------------------------------------------------------+----+----+-----+-----------+
    |and_ln1404_reg_4196                                                              |   1|   0|    1|          0|
    |and_ln1404_reg_4196_pp0_iter1_reg                                                |   1|   0|    1|          0|
    |and_ln1409_reg_4235                                                              |   1|   0|    1|          0|
    |ap_CS_fsm                                                                        |   1|   0|    1|          0|
    |ap_done_reg                                                                      |   1|   0|    1|          0|
    |ap_enable_reg_pp0_iter1                                                          |   1|   0|    1|          0|
    |ap_enable_reg_pp0_iter2                                                          |   1|   0|    1|          0|
    |ap_enable_reg_pp0_iter3                                                          |   1|   0|    1|          0|
    |ap_enable_reg_pp0_iter4                                                          |   1|   0|    1|          0|
    |ap_enable_reg_pp0_iter5                                                          |   1|   0|    1|          0|
    |ap_enable_reg_pp0_iter6                                                          |   1|   0|    1|          0|
    |ap_loop_exit_ready_pp0_iter1_reg                                                 |   1|   0|    1|          0|
    |ap_loop_exit_ready_pp0_iter2_reg                                                 |   1|   0|    1|          0|
    |ap_loop_exit_ready_pp0_iter3_reg                                                 |   1|   0|    1|          0|
    |ap_loop_exit_ready_pp0_iter4_reg                                                 |   1|   0|    1|          0|
    |ap_loop_exit_ready_pp0_iter5_reg                                                 |   1|   0|    1|          0|
    |ap_phi_reg_pp0_iter1_hHatch_3_i302_reg_1068                                      |   1|   0|    1|          0|
    |ap_phi_reg_pp0_iter1_hHatch_3_i_ph_reg_1048                                      |   1|   0|    1|          0|
    |ap_phi_reg_pp0_iter1_hHatch_reg_1089                                             |   1|   0|    1|          0|
    |ap_phi_reg_pp0_iter1_outpix_45_reg_1628                                          |   8|   0|    8|          0|
    |ap_phi_reg_pp0_iter1_outpix_46_reg_1511                                          |   8|   0|    8|          0|
    |ap_phi_reg_pp0_iter1_outpix_47_reg_1424                                          |   8|   0|    8|          0|
    |ap_phi_reg_pp0_iter1_outpix_48_reg_1303                                          |   8|   0|    8|          0|
    |ap_phi_reg_pp0_iter1_outpix_49_reg_1198                                          |   8|   0|    8|          0|
    |ap_phi_reg_pp0_iter1_outpix_50_reg_1111                                          |   8|   0|    8|          0|
    |ap_phi_reg_pp0_iter2_hHatch_3_i302_reg_1068                                      |   1|   0|    1|          0|
    |ap_phi_reg_pp0_iter2_hHatch_3_i_ph_reg_1048                                      |   1|   0|    1|          0|
    |ap_phi_reg_pp0_iter2_hHatch_reg_1089                                             |   1|   0|    1|          0|
    |ap_phi_reg_pp0_iter2_outpix_45_reg_1628                                          |   8|   0|    8|          0|
    |ap_phi_reg_pp0_iter2_outpix_46_reg_1511                                          |   8|   0|    8|          0|
    |ap_phi_reg_pp0_iter2_outpix_47_reg_1424                                          |   8|   0|    8|          0|
    |ap_phi_reg_pp0_iter2_outpix_48_reg_1303                                          |   8|   0|    8|          0|
    |ap_phi_reg_pp0_iter2_outpix_49_reg_1198                                          |   8|   0|    8|          0|
    |ap_phi_reg_pp0_iter2_outpix_50_reg_1111                                          |   8|   0|    8|          0|
    |ap_phi_reg_pp0_iter3_hHatch_3_i302_reg_1068                                      |   1|   0|    1|          0|
    |ap_phi_reg_pp0_iter3_hHatch_reg_1089                                             |   1|   0|    1|          0|
    |ap_phi_reg_pp0_iter3_outpix_45_reg_1628                                          |   8|   0|    8|          0|
    |ap_phi_reg_pp0_iter3_outpix_46_reg_1511                                          |   8|   0|    8|          0|
    |ap_phi_reg_pp0_iter3_outpix_47_reg_1424                                          |   8|   0|    8|          0|
    |ap_phi_reg_pp0_iter3_outpix_48_reg_1303                                          |   8|   0|    8|          0|
    |ap_phi_reg_pp0_iter3_outpix_49_reg_1198                                          |   8|   0|    8|          0|
    |ap_phi_reg_pp0_iter3_outpix_50_reg_1111                                          |   8|   0|    8|          0|
    |ap_phi_reg_pp0_iter4_outpix_45_reg_1628                                          |   8|   0|    8|          0|
    |ap_phi_reg_pp0_iter4_outpix_46_reg_1511                                          |   8|   0|    8|          0|
    |ap_phi_reg_pp0_iter4_outpix_47_reg_1424                                          |   8|   0|    8|          0|
    |ap_phi_reg_pp0_iter4_outpix_48_reg_1303                                          |   8|   0|    8|          0|
    |ap_phi_reg_pp0_iter4_outpix_49_reg_1198                                          |   8|   0|    8|          0|
    |ap_phi_reg_pp0_iter4_outpix_50_reg_1111                                          |   8|   0|    8|          0|
    |ap_phi_reg_pp0_iter5_outpix_45_reg_1628                                          |   8|   0|    8|          0|
    |ap_phi_reg_pp0_iter5_outpix_46_reg_1511                                          |   8|   0|    8|          0|
    |ap_phi_reg_pp0_iter5_outpix_47_reg_1424                                          |   8|   0|    8|          0|
    |ap_phi_reg_pp0_iter5_outpix_48_reg_1303                                          |   8|   0|    8|          0|
    |ap_phi_reg_pp0_iter5_outpix_49_reg_1198                                          |   8|   0|    8|          0|
    |ap_phi_reg_pp0_iter5_outpix_50_reg_1111                                          |   8|   0|    8|          0|
    |bSerie                                                                           |  28|   0|   28|          0|
    |bckgndId_load_read_reg_4169                                                      |   8|   0|    8|          0|
    |cmp35_i_read_reg_4138                                                            |   1|   0|    1|          0|
    |cmp8_read_reg_4173                                                               |   1|   0|    1|          0|
    |empty_65_reg_4181                                                                |   1|   0|    1|          0|
    |gSerie                                                                           |  28|   0|   28|          0|
    |icmp_ln1205_1_reg_4268                                                           |   1|   0|    1|          0|
    |icmp_ln1205_reg_4264                                                             |   1|   0|    1|          0|
    |icmp_ln1336_reg_4208                                                             |   1|   0|    1|          0|
    |icmp_ln1404_reg_4192                                                             |   1|   0|    1|          0|
    |icmp_ln1404_reg_4192_pp0_iter1_reg                                               |   1|   0|    1|          0|
    |icmp_ln1428_1_reg_4204                                                           |   1|   0|    1|          0|
    |icmp_ln1428_reg_4200                                                             |   1|   0|    1|          0|
    |icmp_ln1433_1_reg_4247                                                           |   1|   0|    1|          0|
    |icmp_ln1438_1_reg_4251                                                           |   1|   0|    1|          0|
    |icmp_ln1518_reg_4188                                                             |   1|   0|    1|          0|
    |icmp_ln520_reg_4177                                                              |   1|   0|    1|          0|
    |or_ln1449_reg_4383                                                               |   1|   0|    1|          0|
    |or_ln691_2_reg_4212                                                              |   1|   0|    1|          0|
    |or_ln691_6_reg_4219                                                              |   1|   0|    1|          0|
    |outpix_10_fu_360                                                                 |   8|   0|    8|          0|
    |outpix_11_fu_364                                                                 |   8|   0|    8|          0|
    |outpix_21_reg_4592                                                               |   8|   0|    8|          0|
    |outpix_22_reg_4586                                                               |   8|   0|    8|          0|
    |outpix_23_reg_4580                                                               |   8|   0|    8|          0|
    |outpix_24_reg_4574                                                               |   8|   0|    8|          0|
    |outpix_25_reg_4568                                                               |   8|   0|    8|          0|
    |outpix_26_reg_4562                                                               |   8|   0|    8|          0|
    |outpix_57_reg_1799                                                               |   8|   0|    8|          0|
    |outpix_58_reg_1788                                                               |   8|   0|    8|          0|
    |outpix_59_reg_1777                                                               |   8|   0|    8|          0|
    |outpix_60_reg_1766                                                               |   8|   0|    8|          0|
    |outpix_61_reg_1755                                                               |   8|   0|    8|          0|
    |outpix_62_reg_1744                                                               |   8|   0|    8|          0|
    |outpix_6_fu_344                                                                  |   8|   0|    8|          0|
    |outpix_74_reg_4377                                                               |   1|   0|    1|          0|
    |outpix_7_fu_348                                                                  |   8|   0|    8|          0|
    |outpix_8_fu_352                                                                  |   8|   0|    8|          0|
    |outpix_9_fu_356                                                                  |   8|   0|    8|          0|
    |rSerie                                                                           |  28|   0|   28|          0|
    |reg_1885                                                                         |  10|   0|   10|          0|
    |reg_1889                                                                         |  10|   0|   10|          0|
    |tmp_14_reg_4148                                                                  |   1|   0|    1|          0|
    |tmp_18_reg_4154                                                                  |   1|   0|    1|          0|
    |tpgPatternCheckerBoard_unsigned_short_unsigned_short_unsigned_short_unsigned_1   |  10|   0|   10|          0|
    |tpgPatternCheckerBoard_unsigned_short_unsigned_short_unsigned_short_unsigned_s   |  10|   0|   10|          0|
    |tpgPatternColorBars_unsigned_short_unsigned_short_unsigned_char_int_xBar         |  11|   0|   11|          0|
    |tpgPatternColorBars_unsigned_short_unsigned_short_unsigned_char_int_xBar_6       |  11|   0|   11|          0|
    |tpgPatternCrossHatch_unsigned_short_unsigned_short_unsigned_short_unsigned_sh    |  10|   0|   10|          0|
    |tpgPatternCrossHatch_unsigned_short_unsigned_short_unsigned_short_unsigned_sh_1  |  10|   0|   10|          0|
    |tpgPatternTartanColorBars_unsigned_short_unsigned_short_unsigned_short_unsign    |  10|   0|   10|          0|
    |tpgPatternTartanColorBars_unsigned_short_unsigned_short_unsigned_short_unsign_1  |  10|   0|   10|          0|
    |trunc_ln1_read_reg_4143                                                          |  14|   0|   14|          0|
    |vHatch                                                                           |   1|   0|    1|          0|
    |x_fu_340                                                                         |  16|   0|   16|          0|
    |yCount                                                                           |  10|   0|   10|          0|
    |yCount_1                                                                         |  10|   0|   10|          0|
    |yCount_2                                                                         |  10|   0|   10|          0|
    |empty_65_reg_4181                                                                |  64|  32|    1|          0|
    |icmp_ln1428_1_reg_4204                                                           |  64|  32|    1|          0|
    |icmp_ln520_reg_4177                                                              |  64|  32|    1|          0|
    |or_ln691_2_reg_4212                                                              |  64|  32|    1|          0|
    |or_ln691_6_reg_4219                                                              |  64|  32|    1|          0|
    +---------------------------------------------------------------------------------+----+----+-----+-----------+
    |Total                                                                            |1003| 160|  688|          0|
    +---------------------------------------------------------------------------------+----+----+-----+-----------+



================================================================
== Interface
================================================================
* Summary: 
+----------------------------------------------------------------------------------------------+-----+-----+------------+-------------------------------------------------------------------------------------+--------------+
|                                           RTL Ports                                          | Dir | Bits|  Protocol  |                                    Source Object                                    |    C Type    |
+----------------------------------------------------------------------------------------------+-----+-----+------------+-------------------------------------------------------------------------------------+--------------+
|ap_clk                                                                                        |   in|    1|  ap_ctrl_hs|                                              tpgBackground_Pipeline_VITIS_LOOP_520_2|  return value|
|ap_rst                                                                                        |   in|    1|  ap_ctrl_hs|                                              tpgBackground_Pipeline_VITIS_LOOP_520_2|  return value|
|ap_start                                                                                      |   in|    1|  ap_ctrl_hs|                                              tpgBackground_Pipeline_VITIS_LOOP_520_2|  return value|
|ap_done                                                                                       |  out|    1|  ap_ctrl_hs|                                              tpgBackground_Pipeline_VITIS_LOOP_520_2|  return value|
|ap_idle                                                                                       |  out|    1|  ap_ctrl_hs|                                              tpgBackground_Pipeline_VITIS_LOOP_520_2|  return value|
|ap_ready                                                                                      |  out|    1|  ap_ctrl_hs|                                              tpgBackground_Pipeline_VITIS_LOOP_520_2|  return value|
|srcYUV_dout                                                                                   |   in|   48|     ap_fifo|                                                                               srcYUV|       pointer|
|srcYUV_num_data_valid                                                                         |   in|    5|     ap_fifo|                                                                               srcYUV|       pointer|
|srcYUV_fifo_cap                                                                               |   in|    5|     ap_fifo|                                                                               srcYUV|       pointer|
|srcYUV_empty_n                                                                                |   in|    1|     ap_fifo|                                                                               srcYUV|       pointer|
|srcYUV_read                                                                                   |  out|    1|     ap_fifo|                                                                               srcYUV|       pointer|
|ovrlayYUV_din                                                                                 |  out|   48|     ap_fifo|                                                                            ovrlayYUV|       pointer|
|ovrlayYUV_num_data_valid                                                                      |   in|    5|     ap_fifo|                                                                            ovrlayYUV|       pointer|
|ovrlayYUV_fifo_cap                                                                            |   in|    5|     ap_fifo|                                                                            ovrlayYUV|       pointer|
|ovrlayYUV_full_n                                                                              |   in|    1|     ap_fifo|                                                                            ovrlayYUV|       pointer|
|ovrlayYUV_write                                                                               |  out|    1|     ap_fifo|                                                                            ovrlayYUV|       pointer|
|outpix_5                                                                                      |   in|    8|     ap_none|                                                                             outpix_5|        scalar|
|outpix_4                                                                                      |   in|    8|     ap_none|                                                                             outpix_4|        scalar|
|outpix_3                                                                                      |   in|    8|     ap_none|                                                                             outpix_3|        scalar|
|outpix_2                                                                                      |   in|    8|     ap_none|                                                                             outpix_2|        scalar|
|outpix_1                                                                                      |   in|    8|     ap_none|                                                                             outpix_1|        scalar|
|outpix                                                                                        |   in|    8|     ap_none|                                                                               outpix|        scalar|
|loopWidth                                                                                     |   in|   16|   ap_stable|                                                                            loopWidth|        scalar|
|cmp8                                                                                          |   in|    1|   ap_stable|                                                                                 cmp8|        scalar|
|bckgndId_load                                                                                 |   in|    8|   ap_stable|                                                                        bckgndId_load|        scalar|
|empty_44                                                                                      |   in|    1|   ap_stable|                                                                             empty_44|        scalar|
|empty                                                                                         |   in|    1|   ap_stable|                                                                                empty|        scalar|
|trunc_ln1                                                                                     |   in|   14|   ap_stable|                                                                            trunc_ln1|        scalar|
|trunc_ln                                                                                      |   in|   14|   ap_stable|                                                                             trunc_ln|        scalar|
|y                                                                                             |   in|   16|     ap_none|                                                                                    y|        scalar|
|zext_ln1212                                                                                   |   in|   16|   ap_stable|                                                                          zext_ln1212|        scalar|
|zext_ln1196                                                                                   |   in|   16|   ap_stable|                                                                          zext_ln1196|        scalar|
|zext_ln518_1                                                                                  |   in|   16|     ap_none|                                                                         zext_ln518_1|        scalar|
|cmp35_i                                                                                       |   in|    1|   ap_stable|                                                                              cmp35_i|        scalar|
|passthruStartX_load                                                                           |   in|   16|   ap_stable|                                                                  passthruStartX_load|        scalar|
|passthruEndX_load                                                                             |   in|   16|   ap_stable|                                                                    passthruEndX_load|        scalar|
|cmp59_not                                                                                     |   in|    1|     ap_none|                                                                            cmp59_not|        scalar|
|cmp68_not                                                                                     |   in|    1|     ap_none|                                                                            cmp68_not|        scalar|
|tpgPatternColorBars_unsigned_short_unsigned_short_unsigned_char_int_hBarSel_l_2_out_i         |   in|    8|     ap_ovld|  tpgPatternColorBars_unsigned_short_unsigned_short_unsigned_char_int_hBarSel_l_2_out|       pointer|
|tpgPatternColorBars_unsigned_short_unsigned_short_unsigned_char_int_hBarSel_l_2_out_o         |  out|    8|     ap_ovld|  tpgPatternColorBars_unsigned_short_unsigned_short_unsigned_char_int_hBarSel_l_2_out|       pointer|
|tpgPatternColorBars_unsigned_short_unsigned_short_unsigned_char_int_hBarSel_l_2_out_o_ap_vld  |  out|    1|     ap_ovld|  tpgPatternColorBars_unsigned_short_unsigned_short_unsigned_char_int_hBarSel_l_2_out|       pointer|
|tpgPatternColorBars_unsigned_short_unsigned_short_unsigned_char_int_hBarSel_7_3_out_i         |   in|    8|     ap_ovld|  tpgPatternColorBars_unsigned_short_unsigned_short_unsigned_char_int_hBarSel_7_3_out|       pointer|
|tpgPatternColorBars_unsigned_short_unsigned_short_unsigned_char_int_hBarSel_7_3_out_o         |  out|    8|     ap_ovld|  tpgPatternColorBars_unsigned_short_unsigned_short_unsigned_char_int_hBarSel_7_3_out|       pointer|
|tpgPatternColorBars_unsigned_short_unsigned_short_unsigned_char_int_hBarSel_7_3_out_o_ap_vld  |  out|    1|     ap_ovld|  tpgPatternColorBars_unsigned_short_unsigned_short_unsigned_char_int_hBarSel_7_3_out|       pointer|
|vBarSel_loc_1_out_i                                                                           |   in|    8|     ap_ovld|                                                                    vBarSel_loc_1_out|       pointer|
|vBarSel_loc_1_out_o                                                                           |  out|    8|     ap_ovld|                                                                    vBarSel_loc_1_out|       pointer|
|vBarSel_loc_1_out_o_ap_vld                                                                    |  out|    1|     ap_ovld|                                                                    vBarSel_loc_1_out|       pointer|
|tpgPatternTartanColorBars_unsigned_short_unsigned_short_unsigned_short_unsign_8_out_i         |   in|    8|     ap_ovld|  tpgPatternTartanColorBars_unsigned_short_unsigned_short_unsigned_short_unsign_8_out|       pointer|
|tpgPatternTartanColorBars_unsigned_short_unsigned_short_unsigned_short_unsign_8_out_o         |  out|    8|     ap_ovld|  tpgPatternTartanColorBars_unsigned_short_unsigned_short_unsigned_short_unsign_8_out|       pointer|
|tpgPatternTartanColorBars_unsigned_short_unsigned_short_unsigned_short_unsign_8_out_o_ap_vld  |  out|    1|     ap_ovld|  tpgPatternTartanColorBars_unsigned_short_unsigned_short_unsigned_short_unsign_8_out|       pointer|
|tpgPatternTartanColorBars_unsigned_short_unsigned_short_unsigned_short_unsign_9_out_i         |   in|    8|     ap_ovld|  tpgPatternTartanColorBars_unsigned_short_unsigned_short_unsigned_short_unsign_9_out|       pointer|
|tpgPatternTartanColorBars_unsigned_short_unsigned_short_unsigned_short_unsign_9_out_o         |  out|    8|     ap_ovld|  tpgPatternTartanColorBars_unsigned_short_unsigned_short_unsigned_short_unsign_9_out|       pointer|
|tpgPatternTartanColorBars_unsigned_short_unsigned_short_unsigned_short_unsign_9_out_o_ap_vld  |  out|    1|     ap_ovld|  tpgPatternTartanColorBars_unsigned_short_unsigned_short_unsigned_short_unsign_9_out|       pointer|
|vBarSel_1_loc_1_out_i                                                                         |   in|    8|     ap_ovld|                                                                  vBarSel_1_loc_1_out|       pointer|
|vBarSel_1_loc_1_out_o                                                                         |  out|    8|     ap_ovld|                                                                  vBarSel_1_loc_1_out|       pointer|
|vBarSel_1_loc_1_out_o_ap_vld                                                                  |  out|    1|     ap_ovld|                                                                  vBarSel_1_loc_1_out|       pointer|
|tpgPatternCheckerBoard_unsigned_short_unsigned_short_unsigned_short_unsigned_8_out_i          |   in|    8|     ap_ovld|   tpgPatternCheckerBoard_unsigned_short_unsigned_short_unsigned_short_unsigned_8_out|       pointer|
|tpgPatternCheckerBoard_unsigned_short_unsigned_short_unsigned_short_unsigned_8_out_o          |  out|    8|     ap_ovld|   tpgPatternCheckerBoard_unsigned_short_unsigned_short_unsigned_short_unsigned_8_out|       pointer|
|tpgPatternCheckerBoard_unsigned_short_unsigned_short_unsigned_short_unsigned_8_out_o_ap_vld   |  out|    1|     ap_ovld|   tpgPatternCheckerBoard_unsigned_short_unsigned_short_unsigned_short_unsigned_8_out|       pointer|
|tpgPatternCheckerBoard_unsigned_short_unsigned_short_unsigned_short_unsigned_9_out_i          |   in|    8|     ap_ovld|   tpgPatternCheckerBoard_unsigned_short_unsigned_short_unsigned_short_unsigned_9_out|       pointer|
|tpgPatternCheckerBoard_unsigned_short_unsigned_short_unsigned_short_unsigned_9_out_o          |  out|    8|     ap_ovld|   tpgPatternCheckerBoard_unsigned_short_unsigned_short_unsigned_short_unsigned_9_out|       pointer|
|tpgPatternCheckerBoard_unsigned_short_unsigned_short_unsigned_short_unsigned_9_out_o_ap_vld   |  out|    1|     ap_ovld|   tpgPatternCheckerBoard_unsigned_short_unsigned_short_unsigned_short_unsigned_9_out|       pointer|
|outpix_11_out                                                                                 |  out|    8|      ap_vld|                                                                        outpix_11_out|       pointer|
|outpix_11_out_ap_vld                                                                          |  out|    1|      ap_vld|                                                                        outpix_11_out|       pointer|
|outpix_10_out                                                                                 |  out|    8|      ap_vld|                                                                        outpix_10_out|       pointer|
|outpix_10_out_ap_vld                                                                          |  out|    1|      ap_vld|                                                                        outpix_10_out|       pointer|
|outpix_9_out                                                                                  |  out|    8|      ap_vld|                                                                         outpix_9_out|       pointer|
|outpix_9_out_ap_vld                                                                           |  out|    1|      ap_vld|                                                                         outpix_9_out|       pointer|
|outpix_8_out                                                                                  |  out|    8|      ap_vld|                                                                         outpix_8_out|       pointer|
|outpix_8_out_ap_vld                                                                           |  out|    1|      ap_vld|                                                                         outpix_8_out|       pointer|
|outpix_7_out                                                                                  |  out|    8|      ap_vld|                                                                         outpix_7_out|       pointer|
|outpix_7_out_ap_vld                                                                           |  out|    1|      ap_vld|                                                                         outpix_7_out|       pointer|
|outpix_6_out                                                                                  |  out|    8|      ap_vld|                                                                         outpix_6_out|       pointer|
|outpix_6_out_ap_vld                                                                           |  out|    1|      ap_vld|                                                                         outpix_6_out|       pointer|
|p_0_5_0_0_0253383_out_i                                                                       |   in|    8|     ap_ovld|                                                                p_0_5_0_0_0253383_out|       pointer|
|p_0_5_0_0_0253383_out_o                                                                       |  out|    8|     ap_ovld|                                                                p_0_5_0_0_0253383_out|       pointer|
|p_0_5_0_0_0253383_out_o_ap_vld                                                                |  out|    1|     ap_ovld|                                                                p_0_5_0_0_0253383_out|       pointer|
|p_0_4_0_0_0251381_out_i                                                                       |   in|    8|     ap_ovld|                                                                p_0_4_0_0_0251381_out|       pointer|
|p_0_4_0_0_0251381_out_o                                                                       |  out|    8|     ap_ovld|                                                                p_0_4_0_0_0251381_out|       pointer|
|p_0_4_0_0_0251381_out_o_ap_vld                                                                |  out|    1|     ap_ovld|                                                                p_0_4_0_0_0251381_out|       pointer|
|p_0_3_0_0_0249379_out_i                                                                       |   in|    8|     ap_ovld|                                                                p_0_3_0_0_0249379_out|       pointer|
|p_0_3_0_0_0249379_out_o                                                                       |  out|    8|     ap_ovld|                                                                p_0_3_0_0_0249379_out|       pointer|
|p_0_3_0_0_0249379_out_o_ap_vld                                                                |  out|    1|     ap_ovld|                                                                p_0_3_0_0_0249379_out|       pointer|
|p_0_2_0_0_0247377_out_i                                                                       |   in|    8|     ap_ovld|                                                                p_0_2_0_0_0247377_out|       pointer|
|p_0_2_0_0_0247377_out_o                                                                       |  out|    8|     ap_ovld|                                                                p_0_2_0_0_0247377_out|       pointer|
|p_0_2_0_0_0247377_out_o_ap_vld                                                                |  out|    1|     ap_ovld|                                                                p_0_2_0_0_0247377_out|       pointer|
|p_0_1_0_0_0245375_out_i                                                                       |   in|    8|     ap_ovld|                                                                p_0_1_0_0_0245375_out|       pointer|
|p_0_1_0_0_0245375_out_o                                                                       |  out|    8|     ap_ovld|                                                                p_0_1_0_0_0245375_out|       pointer|
|p_0_1_0_0_0245375_out_o_ap_vld                                                                |  out|    1|     ap_ovld|                                                                p_0_1_0_0_0245375_out|       pointer|
|p_0_0_0_0_0243373_out_i                                                                       |   in|    8|     ap_ovld|                                                                p_0_0_0_0_0243373_out|       pointer|
|p_0_0_0_0_0243373_out_o                                                                       |  out|    8|     ap_ovld|                                                                p_0_0_0_0_0243373_out|       pointer|
|p_0_0_0_0_0243373_out_o_ap_vld                                                                |  out|    1|     ap_ovld|                                                                p_0_0_0_0_0243373_out|       pointer|
|tpgPatternColorBars_unsigned_short_unsigned_short_unsigned_char_int_hBarSel_7                 |  out|    8|      ap_vld|        tpgPatternColorBars_unsigned_short_unsigned_short_unsigned_char_int_hBarSel_7|       pointer|
|tpgPatternColorBars_unsigned_short_unsigned_short_unsigned_char_int_hBarSel_7_ap_vld          |  out|    1|      ap_vld|        tpgPatternColorBars_unsigned_short_unsigned_short_unsigned_char_int_hBarSel_7|       pointer|
|tpgPatternColorBars_unsigned_short_unsigned_short_unsigned_char_int_hBarSel                   |  out|    8|      ap_vld|          tpgPatternColorBars_unsigned_short_unsigned_short_unsigned_char_int_hBarSel|       pointer|
|tpgPatternColorBars_unsigned_short_unsigned_short_unsigned_char_int_hBarSel_ap_vld            |  out|    1|      ap_vld|          tpgPatternColorBars_unsigned_short_unsigned_short_unsigned_char_int_hBarSel|       pointer|
|s                                                                                             |   in|   32|     ap_none|                                                                                    s|       pointer|
|tpgPatternTartanColorBars_unsigned_short_unsigned_short_unsigned_short_unsign_2               |  out|    3|      ap_vld|      tpgPatternTartanColorBars_unsigned_short_unsigned_short_unsigned_short_unsign_2|       pointer|
|tpgPatternTartanColorBars_unsigned_short_unsigned_short_unsigned_short_unsign_2_ap_vld        |  out|    1|      ap_vld|      tpgPatternTartanColorBars_unsigned_short_unsigned_short_unsigned_short_unsign_2|       pointer|
|tpgPatternTartanColorBars_unsigned_short_unsigned_short_unsigned_short_unsign_3               |  out|    3|      ap_vld|      tpgPatternTartanColorBars_unsigned_short_unsigned_short_unsigned_short_unsign_3|       pointer|
|tpgPatternTartanColorBars_unsigned_short_unsigned_short_unsigned_short_unsign_3_ap_vld        |  out|    1|      ap_vld|      tpgPatternTartanColorBars_unsigned_short_unsigned_short_unsigned_short_unsign_3|       pointer|
|vBarSel                                                                                       |  out|    3|      ap_vld|                                                                              vBarSel|       pointer|
|vBarSel_ap_vld                                                                                |  out|    1|      ap_vld|                                                                              vBarSel|       pointer|
|tpgPatternCheckerBoard_unsigned_short_unsigned_short_unsigned_short_unsigned_2                |  out|    3|      ap_vld|       tpgPatternCheckerBoard_unsigned_short_unsigned_short_unsigned_short_unsigned_2|       pointer|
|tpgPatternCheckerBoard_unsigned_short_unsigned_short_unsigned_short_unsigned_2_ap_vld         |  out|    1|      ap_vld|       tpgPatternCheckerBoard_unsigned_short_unsigned_short_unsigned_short_unsigned_2|       pointer|
|tpgPatternCheckerBoard_unsigned_short_unsigned_short_unsigned_short_unsigned_3                |  out|    3|      ap_vld|       tpgPatternCheckerBoard_unsigned_short_unsigned_short_unsigned_short_unsigned_3|       pointer|
|tpgPatternCheckerBoard_unsigned_short_unsigned_short_unsigned_short_unsigned_3_ap_vld         |  out|    1|      ap_vld|       tpgPatternCheckerBoard_unsigned_short_unsigned_short_unsigned_short_unsigned_3|       pointer|
|vBarSel_1                                                                                     |  out|    8|      ap_vld|                                                                            vBarSel_1|       pointer|
|vBarSel_1_ap_vld                                                                              |  out|    1|      ap_vld|                                                                            vBarSel_1|       pointer|
+----------------------------------------------------------------------------------------------+-----+-----+------------+-------------------------------------------------------------------------------------+--------------+

