

================================================================
== Vitis HLS Report for 'AXIvideo2MultiPixStream_Pipeline_loop_width'
================================================================
* Date:           Wed Jun  3 12:59:09 2026

* Version:        2025.2 (Build 6295257 on Nov 14 2025)
* Project:        prj
* Solution:       sol (Vivado IP Flow Target)
* Product family: artixuplus
* Target device:  xcau15p-ffvb676-2-e


================================================================
== Performance Estimates
================================================================
+ Timing: 
    * Summary: 
    +--------+----------+----------+------------+
    |  Clock |  Target  | Estimated| Uncertainty|
    +--------+----------+----------+------------+
    |ap_clk  |  10.00 ns|  3.196 ns|     2.70 ns|
    +--------+----------+----------+------------+

+ Latency: 
    * Summary: 
    +---------+---------+-----------+----------+-----+-----+-------------------+
    |  Latency (cycles) |  Latency (absolute)  |  Interval |      Pipeline     |
    |   min   |   max   |    min    |    max   | min | max |        Type       |
    +---------+---------+-----------+----------+-----+-----+-------------------+
    |        3|      963|  30.000 ns|  9.630 us|    0|    0|  loop pipeline stp|
    +---------+---------+-----------+----------+-----+-----+-------------------+

    + Detail: 
        * Instance: 
        N/A

        * Loop: 
        +--------------+---------+---------+----------+-----------+-----------+---------+----------+
        |              |  Latency (cycles) | Iteration|  Initiation Interval  |   Trip  |          |
        |   Loop Name  |   min   |   max   |  Latency |  achieved |   target  |  Count  | Pipelined|
        +--------------+---------+---------+----------+-----------+-----------+---------+----------+
        |- loop_width  |        1|      961|         3|          1|          1|  0 ~ 960|       yes|
        +--------------+---------+---------+----------+-----------+-----------+---------+----------+



================================================================
== Utilization Estimates
================================================================
* Summary: 
+-----------------+---------+-----+--------+-------+-----+
|       Name      | BRAM_18K| DSP |   FF   |  LUT  | URAM|
+-----------------+---------+-----+--------+-------+-----+
|DSP              |        -|    -|       -|      -|    -|
|Expression       |        -|    -|       0|    118|    -|
|FIFO             |        -|    -|       -|      -|    -|
|Instance         |        -|    -|       0|      9|    -|
|Memory           |        -|    -|       -|      -|    -|
|Multiplexer      |        -|    -|       0|    108|    -|
|Register         |        -|    -|      77|      -|    -|
+-----------------+---------+-----+--------+-------+-----+
|Total            |        0|    0|      77|    235|    0|
+-----------------+---------+-----+--------+-------+-----+
|Available        |      288|  576|  155520|  77760|    0|
+-----------------+---------+-----+--------+-------+-----+
|Utilization (%)  |        0|    0|      ~0|     ~0|    0|
+-----------------+---------+-----+--------+-------+-----+

+ Detail: 
    * Instance: 
    +-------------------------+---------------------+---------+----+---+----+-----+
    |         Instance        |        Module       | BRAM_18K| DSP| FF| LUT| URAM|
    +-------------------------+---------------------+---------+----+---+----+-----+
    |sparsemux_5_8_8_1_1_U12  |sparsemux_5_8_8_1_1  |        0|   0|  0|   9|    0|
    +-------------------------+---------------------+---------+----+---+----+-----+
    |Total                    |                     |        0|   0|  0|   9|    0|
    +-------------------------+---------------------+---------+----+---+----+-----+

    * DSP: 
    N/A

    * Memory: 
    N/A

    * FIFO: 
    N/A

    * Expression: 
    +----------------------------------+----------+----+---+----+------------+------------+
    |           Variable Name          | Operation| DSP| FF| LUT| Bitwidth P0| Bitwidth P1|
    +----------------------------------+----------+----+---+----+------------+------------+
    |j_4_fu_243_p2                     |         +|   0|  0|  17|          10|           1|
    |ap_block_state2_pp0_stage0_iter1  |       and|   0|  0|   2|           1|           1|
    |ap_block_state3_pp0_stage0_iter2  |       and|   0|  0|   2|           1|           1|
    |ap_condition_355                  |       and|   0|  0|   2|           1|           1|
    |ap_predicate_op42_read_state2     |       and|   0|  0|   2|           1|           1|
    |icmp_ln850_fu_237_p2              |      icmp|   0|  0|  17|          10|          10|
    |icmp_ln880_1_fu_364_p2            |      icmp|   0|  0|  15|           8|           1|
    |icmp_ln880_fu_213_p2              |      icmp|   0|  0|  15|           8|           1|
    |ap_block_pp0_stage0_01001         |        or|   0|  0|   2|           1|           1|
    |or_ln854_fu_254_p2                |        or|   0|  0|   2|           1|           1|
    |empty_198_fu_377_p3               |    select|   0|  0|   8|           1|           8|
    |empty_fu_369_p3                   |    select|   0|  0|   8|           1|           8|
    |select_ln880_1_fu_311_p3          |    select|   0|  0|   8|           1|           8|
    |select_ln880_2_fu_318_p3          |    select|   0|  0|   8|           1|           8|
    |select_ln880_fu_296_p3            |    select|   0|  0|   8|           1|           8|
    |ap_enable_pp0                     |       xor|   0|  0|   2|           1|           2|
    +----------------------------------+----------+----+---+----+------------+------------+
    |Total                             |          |   0|  0| 118|          48|          61|
    +----------------------------------+----------+----+---+----+------------+------------+

    * Multiplexer: 
    +------------------------------+----+-----------+-----+-----------+
    |             Name             | LUT| Input Size| Bits| Total Bits|
    +------------------------------+----+-----------+-----+-----------+
    |ap_done_int                   |   9|          2|    1|          2|
    |ap_enable_reg_pp0_iter2       |   9|          2|    1|          2|
    |ap_phi_mux_eol_phi_fu_195_p4  |   9|          2|    1|          2|
    |ap_phi_mux_sof_phi_fu_206_p4  |   9|          2|    1|          2|
    |ap_sig_allocacmp_j_3          |   9|          2|   10|         20|
    |eol_reg_191                   |   9|          2|    1|          2|
    |j_fu_110                      |   9|          2|   10|         20|
    |p_0_0_0_0178414_i_fu_114      |   9|          2|   48|         96|
    |p_4_0_0_0186423_i_fu_118      |   9|          2|    1|          2|
    |s_axis_video_TDATA_blk_n      |   9|          2|    1|          2|
    |sof_reg_202                   |   9|          2|    1|          2|
    |srcYUV_blk_n                  |   9|          2|    1|          2|
    +------------------------------+----+-----------+-----+-----------+
    |Total                         | 108|         24|   77|        154|
    +------------------------------+----+-----------+-----+-----------+

    * Register: 
    +----------------------------------+----+----+-----+-----------+
    |               Name               | FF | LUT| Bits| Const Bits|
    +----------------------------------+----+----+-----+-----------+
    |ap_CS_fsm                         |   1|   0|    1|          0|
    |ap_done_reg                       |   1|   0|    1|          0|
    |ap_enable_reg_pp0_iter1           |   1|   0|    1|          0|
    |ap_enable_reg_pp0_iter2           |   1|   0|    1|          0|
    |ap_loop_exit_ready_pp0_iter1_reg  |   1|   0|    1|          0|
    |colorFormat_val27_read_reg_433    |   8|   0|    8|          0|
    |eol_reg_191                       |   1|   0|    1|          0|
    |icmp_ln850_reg_451                |   1|   0|    1|          0|
    |icmp_ln850_reg_451_pp0_iter1_reg  |   1|   0|    1|          0|
    |icmp_ln880_reg_444                |   1|   0|    1|          0|
    |j_fu_110                          |  10|   0|   10|          0|
    |p_0_0_0_0178414_i_fu_114          |  48|   0|   48|          0|
    |p_4_0_0_0186423_i_fu_118          |   1|   0|    1|          0|
    |sof_reg_202                       |   1|   0|    1|          0|
    +----------------------------------+----+----+-----+-----------+
    |Total                             |  77|   0|   77|          0|
    +----------------------------------+----+----+-----+-----------+



================================================================
== Interface
================================================================
* Summary: 
+------------------------------+-----+-----+------------+---------------------------------------------+--------------+
|           RTL Ports          | Dir | Bits|  Protocol  |                Source Object                |    C Type    |
+------------------------------+-----+-----+------------+---------------------------------------------+--------------+
|ap_clk                        |   in|    1|  ap_ctrl_hs|  AXIvideo2MultiPixStream_Pipeline_loop_width|  return value|
|ap_rst                        |   in|    1|  ap_ctrl_hs|  AXIvideo2MultiPixStream_Pipeline_loop_width|  return value|
|ap_start                      |   in|    1|  ap_ctrl_hs|  AXIvideo2MultiPixStream_Pipeline_loop_width|  return value|
|ap_done                       |  out|    1|  ap_ctrl_hs|  AXIvideo2MultiPixStream_Pipeline_loop_width|  return value|
|ap_idle                       |  out|    1|  ap_ctrl_hs|  AXIvideo2MultiPixStream_Pipeline_loop_width|  return value|
|ap_ready                      |  out|    1|  ap_ctrl_hs|  AXIvideo2MultiPixStream_Pipeline_loop_width|  return value|
|s_axis_video_TVALID           |   in|    1|        axis|                        s_axis_video_V_data_V|       pointer|
|s_axis_video_TDATA            |   in|   48|        axis|                        s_axis_video_V_data_V|       pointer|
|srcYUV_din                    |  out|   48|     ap_fifo|                                       srcYUV|       pointer|
|srcYUV_full_n                 |   in|    1|     ap_fifo|                                       srcYUV|       pointer|
|srcYUV_write                  |  out|    1|     ap_fifo|                                       srcYUV|       pointer|
|srcYUV_num_data_valid         |   in|    5|     ap_fifo|                                       srcYUV|       pointer|
|srcYUV_fifo_cap               |   in|    5|     ap_fifo|                                       srcYUV|       pointer|
|p_4_0_0_0186422_lcssa447_i    |   in|    1|     ap_none|                   p_4_0_0_0186422_lcssa447_i|        scalar|
|p_0_0_0_0178415_lcssa431_i    |   in|   48|     ap_none|                   p_0_0_0_0178415_lcssa431_i|        scalar|
|sof_4_i                       |   in|    1|     ap_none|                                      sof_4_i|        scalar|
|colorFormat_val27             |   in|    8|   ap_stable|                            colorFormat_val27|        scalar|
|trunc_ln_i                    |   in|   10|     ap_none|                                   trunc_ln_i|        scalar|
|s_axis_video_TREADY           |  out|    1|        axis|                        s_axis_video_V_dest_V|       pointer|
|s_axis_video_TDEST            |   in|    1|        axis|                        s_axis_video_V_dest_V|       pointer|
|s_axis_video_TKEEP            |   in|    6|        axis|                        s_axis_video_V_keep_V|       pointer|
|s_axis_video_TSTRB            |   in|    6|        axis|                        s_axis_video_V_strb_V|       pointer|
|s_axis_video_TUSER            |   in|    1|        axis|                        s_axis_video_V_user_V|       pointer|
|s_axis_video_TLAST            |   in|    1|        axis|                        s_axis_video_V_last_V|       pointer|
|s_axis_video_TID              |   in|    1|        axis|                          s_axis_video_V_id_V|       pointer|
|p_4_0_0_0186423_i_out         |  out|    1|      ap_vld|                        p_4_0_0_0186423_i_out|       pointer|
|p_4_0_0_0186423_i_out_ap_vld  |  out|    1|      ap_vld|                        p_4_0_0_0186423_i_out|       pointer|
|p_0_0_0_0178414_i_out         |  out|   48|      ap_vld|                        p_0_0_0_0178414_i_out|       pointer|
|p_0_0_0_0178414_i_out_ap_vld  |  out|    1|      ap_vld|                        p_0_0_0_0178414_i_out|       pointer|
+------------------------------+-----+-----+------------+---------------------------------------------+--------------+

============================================================
+ Verbose Summary: Synthesis Manager
============================================================
InlineROM: 1
ExposeGlobal: 0
============================================================
+ Verbose Summary: CDFG Model
============================================================
IsTopModel: 0
ResetActiveHigh: 1
IsCombinational: 2
IsDatapathOnly: 2
HasWiredReturn: 1
HasMFsm: 2
HasVarLatency: 1
IsPipeline: 0
IsRtlPipelined: 0
IsInstanceOverlapped: 0
IsDontTouch: 0
HasImplIP: 0
IsGatedGlobalClock: 0

+ Individual pipeline summary: 
  * Pipeline-0: initiation interval (II) = 1, depth = 3


============================================================
+ Verbose Summary: Schedule
============================================================
* Number of FSM states : 3
* Pipeline : 1
  Pipeline-0 : II = 1, D = 3, States = { 1 2 3 }
* Dataflow Pipeline: 0

* FSM state transitions: 
1 --> 2 
2 --> 3 
3 --> 

* FSM state operations: 

State 1 <SV = 0> <Delay = 1.64>
ST_1 : Operation 6 [1/1] (0.00ns)   --->   "%j = alloca i32 1" [prj/sol/.autopilot/db/v_tpg.cpp:850->prj/sol/.autopilot/db/v_tpg.cpp:342]   --->   Operation 6 'alloca' 'j' <Predicate = true> <Delay = 0.00>
ST_1 : Operation 7 [1/1] (0.00ns)   --->   "%p_0_0_0_0178414_i = alloca i32 1"   --->   Operation 7 'alloca' 'p_0_0_0_0178414_i' <Predicate = true> <Delay = 0.00>
ST_1 : Operation 8 [1/1] (0.00ns)   --->   "%p_4_0_0_0186423_i = alloca i32 1"   --->   Operation 8 'alloca' 'p_4_0_0_0186423_i' <Predicate = true> <Delay = 0.00>
ST_1 : Operation 9 [1/1] (0.00ns)   --->   "%specaxissidechannel_ln0 = specaxissidechannel void @_ssdm_op_SpecAXISSideChannel, i48 %s_axis_video_V_data_V, i6 %s_axis_video_V_keep_V, i6 %s_axis_video_V_strb_V, i1 %s_axis_video_V_user_V, i1 %s_axis_video_V_last_V, i1 %s_axis_video_V_id_V, i1 %s_axis_video_V_dest_V, void @empty_34"   --->   Operation 9 'specaxissidechannel' 'specaxissidechannel_ln0' <Predicate = true> <Delay = 0.00>
ST_1 : Operation 10 [1/1] (0.00ns)   --->   "%specstablecontent_ln0 = specstablecontent void @_ssdm_op_SpecStableContent, i8 %colorFormat_val27, i1 1, void @p_str"   --->   Operation 10 'specstablecontent' 'specstablecontent_ln0' <Predicate = true> <Delay = 0.00>
ST_1 : Operation 11 [1/1] (0.00ns)   --->   "%specinterface_ln0 = specinterface void @_ssdm_op_SpecInterface, i1 %s_axis_video_V_dest_V, void @empty_13, i32 0, i32 0, void @empty_4, i32 0, i32 0, void @empty_15, void @empty_15, void @empty_15, i32 0, i32 0, i32 0, i32 0, void @empty_15, void @empty_15, i32 4294967295, i32 0, i32 0, i32 0"   --->   Operation 11 'specinterface' 'specinterface_ln0' <Predicate = true> <Delay = 0.00>
ST_1 : Operation 12 [1/1] (0.00ns)   --->   "%specinterface_ln0 = specinterface void @_ssdm_op_SpecInterface, i1 %s_axis_video_V_id_V, void @empty_13, i32 0, i32 0, void @empty_4, i32 0, i32 0, void @empty_15, void @empty_15, void @empty_15, i32 0, i32 0, i32 0, i32 0, void @empty_15, void @empty_15, i32 4294967295, i32 0, i32 0, i32 0"   --->   Operation 12 'specinterface' 'specinterface_ln0' <Predicate = true> <Delay = 0.00>
ST_1 : Operation 13 [1/1] (0.00ns)   --->   "%specinterface_ln0 = specinterface void @_ssdm_op_SpecInterface, i1 %s_axis_video_V_last_V, void @empty_13, i32 0, i32 0, void @empty_4, i32 0, i32 0, void @empty_15, void @empty_15, void @empty_15, i32 0, i32 0, i32 0, i32 0, void @empty_15, void @empty_15, i32 4294967295, i32 0, i32 0, i32 0"   --->   Operation 13 'specinterface' 'specinterface_ln0' <Predicate = true> <Delay = 0.00>
ST_1 : Operation 14 [1/1] (0.00ns)   --->   "%specinterface_ln0 = specinterface void @_ssdm_op_SpecInterface, i1 %s_axis_video_V_user_V, void @empty_13, i32 0, i32 0, void @empty_4, i32 0, i32 0, void @empty_15, void @empty_15, void @empty_15, i32 0, i32 0, i32 0, i32 0, void @empty_15, void @empty_15, i32 4294967295, i32 0, i32 0, i32 0"   --->   Operation 14 'specinterface' 'specinterface_ln0' <Predicate = true> <Delay = 0.00>
ST_1 : Operation 15 [1/1] (0.00ns)   --->   "%specinterface_ln0 = specinterface void @_ssdm_op_SpecInterface, i6 %s_axis_video_V_strb_V, void @empty_13, i32 0, i32 0, void @empty_4, i32 0, i32 0, void @empty_15, void @empty_15, void @empty_15, i32 0, i32 0, i32 0, i32 0, void @empty_15, void @empty_15, i32 4294967295, i32 0, i32 0, i32 0"   --->   Operation 15 'specinterface' 'specinterface_ln0' <Predicate = true> <Delay = 0.00>
ST_1 : Operation 16 [1/1] (0.00ns)   --->   "%specinterface_ln0 = specinterface void @_ssdm_op_SpecInterface, i6 %s_axis_video_V_keep_V, void @empty_13, i32 0, i32 0, void @empty_4, i32 0, i32 0, void @empty_15, void @empty_15, void @empty_15, i32 0, i32 0, i32 0, i32 0, void @empty_15, void @empty_15, i32 4294967295, i32 0, i32 0, i32 0"   --->   Operation 16 'specinterface' 'specinterface_ln0' <Predicate = true> <Delay = 0.00>
ST_1 : Operation 17 [1/1] (0.00ns)   --->   "%specinterface_ln0 = specinterface void @_ssdm_op_SpecInterface, i48 %s_axis_video_V_data_V, void @empty_13, i32 0, i32 0, void @empty_4, i32 0, i32 0, void @empty_15, void @empty_15, void @empty_15, i32 0, i32 0, i32 0, i32 0, void @empty_15, void @empty_15, i32 4294967295, i32 0, i32 0, i32 0"   --->   Operation 17 'specinterface' 'specinterface_ln0' <Predicate = true> <Delay = 0.00>
ST_1 : Operation 18 [1/1] (0.00ns)   --->   "%specinterface_ln0 = specinterface void @_ssdm_op_SpecInterface, i48 %srcYUV, void @empty_35, i32 0, i32 0, void @empty_15, i32 0, i32 0, void @empty_15, void @empty_15, void @empty_15, i32 0, i32 0, i32 0, i32 0, void @empty_15, void @empty_15, i32 4294967295, i32 0, i32 0, i32 0"   --->   Operation 18 'specinterface' 'specinterface_ln0' <Predicate = true> <Delay = 0.00>
ST_1 : Operation 19 [1/1] (0.00ns)   --->   "%trunc_ln_i_read = read i10 @_ssdm_op_Read.ap_auto.i10, i10 %trunc_ln_i"   --->   Operation 19 'read' 'trunc_ln_i_read' <Predicate = true> <Delay = 0.00>
ST_1 : Operation 20 [1/1] (0.00ns)   --->   "%colorFormat_val27_read = read i8 @_ssdm_op_Read.ap_auto.i8, i8 %colorFormat_val27"   --->   Operation 20 'read' 'colorFormat_val27_read' <Predicate = true> <Delay = 0.00>
ST_1 : Operation 21 [1/1] (0.00ns)   --->   "%sof_4_i_read = read i1 @_ssdm_op_Read.ap_auto.i1, i1 %sof_4_i"   --->   Operation 21 'read' 'sof_4_i_read' <Predicate = true> <Delay = 0.00>
ST_1 : Operation 22 [1/1] (0.00ns)   --->   "%p_0_0_0_0178415_lcssa431_i_read = read i48 @_ssdm_op_Read.ap_auto.i48, i48 %p_0_0_0_0178415_lcssa431_i"   --->   Operation 22 'read' 'p_0_0_0_0178415_lcssa431_i_read' <Predicate = true> <Delay = 0.00>
ST_1 : Operation 23 [1/1] (0.00ns)   --->   "%p_4_0_0_0186422_lcssa447_i_read = read i1 @_ssdm_op_Read.ap_auto.i1, i1 %p_4_0_0_0186422_lcssa447_i"   --->   Operation 23 'read' 'p_4_0_0_0186422_lcssa447_i_read' <Predicate = true> <Delay = 0.00>
ST_1 : Operation 24 [1/1] (0.76ns)   --->   "%icmp_ln880 = icmp_eq  i8 %colorFormat_val27_read, i8 0" [prj/sol/.autopilot/db/v_tpg.cpp:880->prj/sol/.autopilot/db/v_tpg.cpp:342]   --->   Operation 24 'icmp' 'icmp_ln880' <Predicate = true> <Delay = 0.76> <CoreInst = "Cmp">   --->   Core 9 'Cmp' <Latency = 0> <II = 1> <Delay = 0.76> <FuncUnit> <Opcode : 'seteq' 'setne' 'setle' 'setge' 'setlt' 'setgt'> <InPorts = 2> <OutPorts = 1>
ST_1 : Operation 25 [1/1] (0.42ns)   --->   "%store_ln0 = store i1 %p_4_0_0_0186422_lcssa447_i_read, i1 %p_4_0_0_0186423_i"   --->   Operation 25 'store' 'store_ln0' <Predicate = true> <Delay = 0.42>
ST_1 : Operation 26 [1/1] (0.42ns)   --->   "%store_ln0 = store i48 %p_0_0_0_0178415_lcssa431_i_read, i48 %p_0_0_0_0178414_i"   --->   Operation 26 'store' 'store_ln0' <Predicate = true> <Delay = 0.42>
ST_1 : Operation 27 [1/1] (0.42ns)   --->   "%store_ln850 = store i10 0, i10 %j" [prj/sol/.autopilot/db/v_tpg.cpp:850->prj/sol/.autopilot/db/v_tpg.cpp:342]   --->   Operation 27 'store' 'store_ln850' <Predicate = true> <Delay = 0.42>
ST_1 : Operation 28 [1/1] (0.42ns)   --->   "%br_ln850 = br void %for.body12.i" [prj/sol/.autopilot/db/v_tpg.cpp:850->prj/sol/.autopilot/db/v_tpg.cpp:342]   --->   Operation 28 'br' 'br_ln850' <Predicate = true> <Delay = 0.42>
ST_1 : Operation 29 [1/1] (0.00ns)   --->   "%j_3 = load i10 %j" [prj/sol/.autopilot/db/v_tpg.cpp:850->prj/sol/.autopilot/db/v_tpg.cpp:342]   --->   Operation 29 'load' 'j_3' <Predicate = true> <Delay = 0.00>
ST_1 : Operation 30 [1/1] (0.78ns)   --->   "%icmp_ln850 = icmp_eq  i10 %j_3, i10 %trunc_ln_i_read" [prj/sol/.autopilot/db/v_tpg.cpp:850->prj/sol/.autopilot/db/v_tpg.cpp:342]   --->   Operation 30 'icmp' 'icmp_ln850' <Predicate = true> <Delay = 0.78> <CoreInst = "Cmp">   --->   Core 9 'Cmp' <Latency = 0> <II = 1> <Delay = 0.78> <FuncUnit> <Opcode : 'seteq' 'setne' 'setle' 'setge' 'setlt' 'setgt'> <InPorts = 2> <OutPorts = 1>
ST_1 : Operation 31 [1/1] (0.78ns)   --->   "%j_4 = add i10 %j_3, i10 1" [prj/sol/.autopilot/db/v_tpg.cpp:850->prj/sol/.autopilot/db/v_tpg.cpp:342]   --->   Operation 31 'add' 'j_4' <Predicate = true> <Delay = 0.78> <CoreInst = "Adder">   --->   Core 1 'Adder' <Latency = 0> <II = 1> <Delay = 0.78> <FuncUnit> <Opcode : 'add' 'sub'> <InPorts = 2> <OutPorts = 1>
ST_1 : Operation 32 [1/1] (0.00ns)   --->   "%br_ln850 = br i1 %icmp_ln850, void %for.body12.split.i, void %loop_wait_for_eol.i.exitStub" [prj/sol/.autopilot/db/v_tpg.cpp:850->prj/sol/.autopilot/db/v_tpg.cpp:342]   --->   Operation 32 'br' 'br_ln850' <Predicate = true> <Delay = 0.00>
ST_1 : Operation 33 [1/1] (0.42ns)   --->   "%store_ln850 = store i10 %j_4, i10 %j" [prj/sol/.autopilot/db/v_tpg.cpp:850->prj/sol/.autopilot/db/v_tpg.cpp:342]   --->   Operation 33 'store' 'store_ln850' <Predicate = (!icmp_ln850)> <Delay = 0.42>
ST_1 : Operation 34 [1/1] (0.00ns)   --->   "%br_ln850 = br void %for.body12.i" [prj/sol/.autopilot/db/v_tpg.cpp:850->prj/sol/.autopilot/db/v_tpg.cpp:342]   --->   Operation 34 'br' 'br_ln850' <Predicate = (!icmp_ln850)> <Delay = 0.00>

State 2 <SV = 1> <Delay = 0.70>
ST_2 : Operation 35 [1/1] (0.00ns)   --->   "%eol = phi i1 0, void %newFuncRoot, i1 %eol_2, void %if.end_ifconv.i"   --->   Operation 35 'phi' 'eol' <Predicate = true> <Delay = 0.00>
ST_2 : Operation 36 [1/1] (0.00ns)   --->   "%sof = phi i1 %sof_4_i_read, void %newFuncRoot, i1 0, void %if.end_ifconv.i"   --->   Operation 36 'phi' 'sof' <Predicate = true> <Delay = 0.00>
ST_2 : Operation 37 [1/1] (0.00ns)   --->   "%speclooptripcount_ln0 = speclooptripcount void @_ssdm_op_SpecLoopTripCount, i64 0, i64 960, i64 0"   --->   Operation 37 'speclooptripcount' 'speclooptripcount_ln0' <Predicate = true> <Delay = 0.00>
ST_2 : Operation 38 [1/1] (0.00ns)   --->   "%specpipeline_ln853 = specpipeline void @_ssdm_op_SpecPipeline, i32 1, i32 0, i32 0, i32 0, i32 4294967295, void @empty_15" [prj/sol/.autopilot/db/v_tpg.cpp:853->prj/sol/.autopilot/db/v_tpg.cpp:342]   --->   Operation 38 'specpipeline' 'specpipeline_ln853' <Predicate = (!icmp_ln850)> <Delay = 0.00>
ST_2 : Operation 39 [1/1] (0.00ns)   --->   "%specloopname_ln850 = specloopname void @_ssdm_op_SpecLoopName, void @empty_18" [prj/sol/.autopilot/db/v_tpg.cpp:850->prj/sol/.autopilot/db/v_tpg.cpp:342]   --->   Operation 39 'specloopname' 'specloopname_ln850' <Predicate = (!icmp_ln850)> <Delay = 0.00>
ST_2 : Operation 40 [1/1] (0.28ns)   --->   "%or_ln854 = or i1 %sof, i1 %eol" [prj/sol/.autopilot/db/v_tpg.cpp:854->prj/sol/.autopilot/db/v_tpg.cpp:342]   --->   Operation 40 'or' 'or_ln854' <Predicate = (!icmp_ln850)> <Delay = 0.28> <CoreInst = "LogicGate">   --->   Core 74 'LogicGate' <Latency = 0> <II = 1> <Delay = 0.28> <FuncUnit> <Opcode : 'and' 'or' 'xor'> <InPorts = 2> <OutPorts = 1>
ST_2 : Operation 41 [1/1] (0.00ns)   --->   "%br_ln854 = br i1 %or_ln854, void %if.else.i, void %if.end_ifconv.i" [prj/sol/.autopilot/db/v_tpg.cpp:854->prj/sol/.autopilot/db/v_tpg.cpp:342]   --->   Operation 41 'br' 'br_ln854' <Predicate = (!icmp_ln850)> <Delay = 0.00>
ST_2 : Operation 42 [1/1] ( I:0.07ns O:0.07ns )   --->   "%empty_199 = read i64 @_ssdm_op_Read.axis.volatile.i48P0A.i6P0A.i6P0A.i1P0A.i1P0A.i1P0A.i1P0A, i48 %s_axis_video_V_data_V, i6 %s_axis_video_V_keep_V, i6 %s_axis_video_V_strb_V, i1 %s_axis_video_V_user_V, i1 %s_axis_video_V_last_V, i1 %s_axis_video_V_id_V, i1 %s_axis_video_V_dest_V" [prj/sol/.autopilot/db/v_tpg.cpp:861->prj/sol/.autopilot/db/v_tpg.cpp:342]   --->   Operation 42 'read' 'empty_199' <Predicate = (!icmp_ln850 & !or_ln854)> <Delay = 0.07> <CoreInst = "regslice">   --->   Core 147 'regslice' <Latency = 0> <II = 1> <Delay = 0.69> <Adapter> <Opcode : 'read' 'write'>
ST_2 : Operation 43 [1/1] (0.00ns)   --->   "%p_s = extractvalue i64 %empty_199" [prj/sol/.autopilot/db/v_tpg.cpp:861->prj/sol/.autopilot/db/v_tpg.cpp:342]   --->   Operation 43 'extractvalue' 'p_s' <Predicate = (!icmp_ln850 & !or_ln854)> <Delay = 0.00>
ST_2 : Operation 44 [1/1] (0.00ns)   --->   "%eol_1 = extractvalue i64 %empty_199" [prj/sol/.autopilot/db/v_tpg.cpp:861->prj/sol/.autopilot/db/v_tpg.cpp:342]   --->   Operation 44 'extractvalue' 'eol_1' <Predicate = (!icmp_ln850 & !or_ln854)> <Delay = 0.00>
ST_2 : Operation 45 [1/1] (0.42ns)   --->   "%store_ln861 = store i1 %eol_1, i1 %p_4_0_0_0186423_i" [prj/sol/.autopilot/db/v_tpg.cpp:861->prj/sol/.autopilot/db/v_tpg.cpp:342]   --->   Operation 45 'store' 'store_ln861' <Predicate = (!icmp_ln850 & !or_ln854)> <Delay = 0.42>
ST_2 : Operation 46 [1/1] (0.42ns)   --->   "%store_ln861 = store i48 %p_s, i48 %p_0_0_0_0178414_i" [prj/sol/.autopilot/db/v_tpg.cpp:861->prj/sol/.autopilot/db/v_tpg.cpp:342]   --->   Operation 46 'store' 'store_ln861' <Predicate = (!icmp_ln850 & !or_ln854)> <Delay = 0.42>
ST_2 : Operation 47 [1/1] (0.00ns)   --->   "%br_ln0 = br void %if.end_ifconv.i"   --->   Operation 47 'br' 'br_ln0' <Predicate = (!icmp_ln850 & !or_ln854)> <Delay = 0.00>
ST_2 : Operation 65 [1/1] (0.00ns)   --->   "%p_0_0_0_0178414_i_load = load i48 %p_0_0_0_0178414_i"   --->   Operation 65 'load' 'p_0_0_0_0178414_i_load' <Predicate = (icmp_ln850)> <Delay = 0.00>
ST_2 : Operation 66 [1/1] (0.00ns)   --->   "%p_4_0_0_0186423_i_load = load i1 %p_4_0_0_0186423_i"   --->   Operation 66 'load' 'p_4_0_0_0186423_i_load' <Predicate = (icmp_ln850)> <Delay = 0.00>
ST_2 : Operation 67 [1/1] (0.00ns)   --->   "%write_ln0 = write void @_ssdm_op_Write.ap_auto.i1P0A, i1 %p_4_0_0_0186423_i_out, i1 %p_4_0_0_0186423_i_load"   --->   Operation 67 'write' 'write_ln0' <Predicate = (icmp_ln850)> <Delay = 0.00>
ST_2 : Operation 68 [1/1] (0.00ns)   --->   "%write_ln0 = write void @_ssdm_op_Write.ap_auto.i48P0A, i48 %p_0_0_0_0178414_i_out, i48 %p_0_0_0_0178414_i_load"   --->   Operation 68 'write' 'write_ln0' <Predicate = (icmp_ln850)> <Delay = 0.00>
ST_2 : Operation 69 [1/1] (0.42ns)   --->   "%ret_ln0 = ret"   --->   Operation 69 'ret' 'ret_ln0' <Predicate = (icmp_ln850)> <Delay = 0.42>

State 3 <SV = 2> <Delay = 3.19>
ST_3 : Operation 48 [1/1] (0.00ns)   --->   "%axi_data = load i48 %p_0_0_0_0178414_i" [FPGA_PDS.gen/sources_1/bd/hdmi_tx_bd/ip/hdmi_tx_bd_v_tpg_0_0/src/hls/hls_axi_io.h:63->FPGA_PDS.gen/sources_1/bd/hdmi_tx_bd/ip/hdmi_tx_bd_v_tpg_0_0/src/hls/hls_axi_io.h:85->prj/sol/.autopilot/db/v_tpg.cpp:878->prj/sol/.autopilot/db/v_tpg.cpp:342]   --->   Operation 48 'load' 'axi_data' <Predicate = (!icmp_ln850)> <Delay = 0.00>
ST_3 : Operation 49 [1/1] (0.00ns)   --->   "%eol_2 = load i1 %p_4_0_0_0186423_i"   --->   Operation 49 'load' 'eol_2' <Predicate = (!icmp_ln850)> <Delay = 0.00>
ST_3 : Operation 50 [1/1] (0.00ns)   --->   "%tmp_2_i = partselect i8 @_ssdm_op_PartSelect.i8.i48.i32, i48 %axi_data, i32 16" [FPGA_PDS.gen/sources_1/bd/hdmi_tx_bd/ip/hdmi_tx_bd_v_tpg_0_0/src/hls/hls_axi_io.h:63->FPGA_PDS.gen/sources_1/bd/hdmi_tx_bd/ip/hdmi_tx_bd_v_tpg_0_0/src/hls/hls_axi_io.h:85->prj/sol/.autopilot/db/v_tpg.cpp:877->prj/sol/.autopilot/db/v_tpg.cpp:342]   --->   Operation 50 'partselect' 'tmp_2_i' <Predicate = (!icmp_ln850)> <Delay = 0.00>
ST_3 : Operation 51 [1/1] (0.00ns)   --->   "%trunc_ln63 = trunc i48 %axi_data" [FPGA_PDS.gen/sources_1/bd/hdmi_tx_bd/ip/hdmi_tx_bd_v_tpg_0_0/src/hls/hls_axi_io.h:63->FPGA_PDS.gen/sources_1/bd/hdmi_tx_bd/ip/hdmi_tx_bd_v_tpg_0_0/src/hls/hls_axi_io.h:85->prj/sol/.autopilot/db/v_tpg.cpp:878->prj/sol/.autopilot/db/v_tpg.cpp:342]   --->   Operation 51 'trunc' 'trunc_ln63' <Predicate = (!icmp_ln850)> <Delay = 0.00>
ST_3 : Operation 52 [1/1] (0.38ns)   --->   "%select_ln880 = select i1 %icmp_ln880, i8 %tmp_2_i, i8 %trunc_ln63" [prj/sol/.autopilot/db/v_tpg.cpp:880->prj/sol/.autopilot/db/v_tpg.cpp:342]   --->   Operation 52 'select' 'select_ln880' <Predicate = (!icmp_ln850)> <Delay = 0.38> <CoreInst = "Sel">   --->   Core 73 'Sel' <Latency = 0> <II = 1> <Delay = 0.38> <FuncUnit> <Opcode : 'select'> <InPorts = 3> <OutPorts = 1>
ST_3 : Operation 53 [1/1] (0.00ns)   --->   "%tmp_4_i = partselect i8 @_ssdm_op_PartSelect.i8.i48.i32, i48 %axi_data, i32 8" [FPGA_PDS.gen/sources_1/bd/hdmi_tx_bd/ip/hdmi_tx_bd_v_tpg_0_0/src/hls/hls_axi_io.h:63->FPGA_PDS.gen/sources_1/bd/hdmi_tx_bd/ip/hdmi_tx_bd_v_tpg_0_0/src/hls/hls_axi_io.h:85->prj/sol/.autopilot/db/v_tpg.cpp:878->prj/sol/.autopilot/db/v_tpg.cpp:342]   --->   Operation 53 'partselect' 'tmp_4_i' <Predicate = (!icmp_ln850)> <Delay = 0.00>
ST_3 : Operation 54 [1/1] (0.38ns)   --->   "%select_ln880_1 = select i1 %icmp_ln880, i8 %trunc_ln63, i8 %tmp_4_i" [prj/sol/.autopilot/db/v_tpg.cpp:880->prj/sol/.autopilot/db/v_tpg.cpp:342]   --->   Operation 54 'select' 'select_ln880_1' <Predicate = (!icmp_ln850)> <Delay = 0.38> <CoreInst = "Sel">   --->   Core 73 'Sel' <Latency = 0> <II = 1> <Delay = 0.38> <FuncUnit> <Opcode : 'select'> <InPorts = 3> <OutPorts = 1>
ST_3 : Operation 55 [1/1] (0.38ns)   --->   "%select_ln880_2 = select i1 %icmp_ln880, i8 %tmp_4_i, i8 %tmp_2_i" [prj/sol/.autopilot/db/v_tpg.cpp:880->prj/sol/.autopilot/db/v_tpg.cpp:342]   --->   Operation 55 'select' 'select_ln880_2' <Predicate = (!icmp_ln850)> <Delay = 0.38> <CoreInst = "Sel">   --->   Core 73 'Sel' <Latency = 0> <II = 1> <Delay = 0.38> <FuncUnit> <Opcode : 'select'> <InPorts = 3> <OutPorts = 1>
ST_3 : Operation 56 [1/1] (0.00ns)   --->   "%tmp_5_i = partselect i8 @_ssdm_op_PartSelect.i8.i48.i32, i48 %axi_data, i32 40" [FPGA_PDS.gen/sources_1/bd/hdmi_tx_bd/ip/hdmi_tx_bd_v_tpg_0_0/src/hls/hls_axi_io.h:63->FPGA_PDS.gen/sources_1/bd/hdmi_tx_bd/ip/hdmi_tx_bd_v_tpg_0_0/src/hls/hls_axi_io.h:85->prj/sol/.autopilot/db/v_tpg.cpp:877->prj/sol/.autopilot/db/v_tpg.cpp:342]   --->   Operation 56 'partselect' 'tmp_5_i' <Predicate = (!icmp_ln850)> <Delay = 0.00>
ST_3 : Operation 57 [1/1] (0.00ns)   --->   "%tmp_6_i = partselect i8 @_ssdm_op_PartSelect.i8.i48.i32, i48 %axi_data, i32 24" [FPGA_PDS.gen/sources_1/bd/hdmi_tx_bd/ip/hdmi_tx_bd_v_tpg_0_0/src/hls/hls_axi_io.h:63->FPGA_PDS.gen/sources_1/bd/hdmi_tx_bd/ip/hdmi_tx_bd_v_tpg_0_0/src/hls/hls_axi_io.h:85->prj/sol/.autopilot/db/v_tpg.cpp:878->prj/sol/.autopilot/db/v_tpg.cpp:342]   --->   Operation 57 'partselect' 'tmp_6_i' <Predicate = (!icmp_ln850)> <Delay = 0.00>
ST_3 : Operation 58 [1/1] (0.42ns)   --->   "%tmp_i = sparsemux i8 @_ssdm_op_SparseMux.ap_auto.2i8.i8.i8, i8 0, i8 %tmp_5_i, i8 1, i8 %tmp_6_i, i8 %tmp_2_i, i8 %colorFormat_val27_read" [FPGA_PDS.gen/sources_1/bd/hdmi_tx_bd/ip/hdmi_tx_bd_v_tpg_0_0/src/hls/hls_axi_io.h:63->FPGA_PDS.gen/sources_1/bd/hdmi_tx_bd/ip/hdmi_tx_bd_v_tpg_0_0/src/hls/hls_axi_io.h:85->prj/sol/.autopilot/db/v_tpg.cpp:877->prj/sol/.autopilot/db/v_tpg.cpp:342]   --->   Operation 58 'sparsemux' 'tmp_i' <Predicate = (!icmp_ln850)> <Delay = 0.42> <CoreInst = "BinarySparseMux_HasDef">   --->   Core 150 'BinarySparseMux_HasDef' <Latency = 0> <II = 1> <Delay = 0.42> <FuncUnit> <Opcode : 'sparsemux'> <InPorts = 2> <OutPorts = 1>
ST_3 : Operation 59 [1/1] (0.00ns)   --->   "%tmp_7_i = partselect i8 @_ssdm_op_PartSelect.i8.i48.i32, i48 %axi_data, i32 32" [FPGA_PDS.gen/sources_1/bd/hdmi_tx_bd/ip/hdmi_tx_bd_v_tpg_0_0/src/hls/hls_axi_io.h:63->FPGA_PDS.gen/sources_1/bd/hdmi_tx_bd/ip/hdmi_tx_bd_v_tpg_0_0/src/hls/hls_axi_io.h:85->prj/sol/.autopilot/db/v_tpg.cpp:878->prj/sol/.autopilot/db/v_tpg.cpp:342]   --->   Operation 59 'partselect' 'tmp_7_i' <Predicate = (!icmp_ln850)> <Delay = 0.00>
ST_3 : Operation 60 [1/1] (0.76ns)   --->   "%icmp_ln880_1 = icmp_eq  i8 %colorFormat_val27_read, i8 1" [prj/sol/.autopilot/db/v_tpg.cpp:880->prj/sol/.autopilot/db/v_tpg.cpp:342]   --->   Operation 60 'icmp' 'icmp_ln880_1' <Predicate = (!icmp_ln850)> <Delay = 0.76> <CoreInst = "Cmp">   --->   Core 9 'Cmp' <Latency = 0> <II = 1> <Delay = 0.76> <FuncUnit> <Opcode : 'seteq' 'setne' 'setle' 'setge' 'setlt' 'setgt'> <InPorts = 2> <OutPorts = 1>
ST_3 : Operation 61 [1/1] (0.38ns)   --->   "%empty = select i1 %icmp_ln880_1, i8 %tmp_7_i, i8 %tmp_6_i" [prj/sol/.autopilot/db/v_tpg.cpp:880->prj/sol/.autopilot/db/v_tpg.cpp:342]   --->   Operation 61 'select' 'empty' <Predicate = (!icmp_ln850)> <Delay = 0.38> <CoreInst = "Sel">   --->   Core 73 'Sel' <Latency = 0> <II = 1> <Delay = 0.38> <FuncUnit> <Opcode : 'select'> <InPorts = 3> <OutPorts = 1>
ST_3 : Operation 62 [1/1] (0.38ns)   --->   "%empty_198 = select i1 %icmp_ln880_1, i8 %tmp_5_i, i8 %tmp_7_i" [prj/sol/.autopilot/db/v_tpg.cpp:880->prj/sol/.autopilot/db/v_tpg.cpp:342]   --->   Operation 62 'select' 'empty_198' <Predicate = (!icmp_ln850)> <Delay = 0.38> <CoreInst = "Sel">   --->   Core 73 'Sel' <Latency = 0> <II = 1> <Delay = 0.38> <FuncUnit> <Opcode : 'select'> <InPorts = 3> <OutPorts = 1>
ST_3 : Operation 63 [1/1] (0.00ns)   --->   "%or_ln894_9_i = bitconcatenate i48 @_ssdm_op_BitConcatenate.i48.i8.i8.i8.i8.i8.i8, i8 %empty_198, i8 %empty, i8 %tmp_i, i8 %select_ln880_2, i8 %select_ln880_1, i8 %select_ln880" [prj/sol/.autopilot/db/v_tpg.cpp:894->prj/sol/.autopilot/db/v_tpg.cpp:342]   --->   Operation 63 'bitconcatenate' 'or_ln894_9_i' <Predicate = (!icmp_ln850)> <Delay = 0.00>
ST_3 : Operation 64 [1/1] ( I:2.04ns O:2.04ns )   --->   "%write_ln894 = write void @_ssdm_op_Write.ap_fifo.volatile.i48P0A, i48 %srcYUV, i48 %or_ln894_9_i" [prj/sol/.autopilot/db/v_tpg.cpp:894->prj/sol/.autopilot/db/v_tpg.cpp:342]   --->   Operation 64 'write' 'write_ln894' <Predicate = (!icmp_ln850)> <Delay = 2.04> <CoreInst = "FIFO_SRL">   --->   Core 80 'FIFO_SRL' <Latency = 0> <II = 1> <Delay = 2.04> <Storage> <Opcode : 'read' 'write' 'nbread' 'nbwrite'> <Ports = 0> <Width = 48> <Depth = 16> <FIFO>


============================================================
+ Verbose Summary: Binding
============================================================
STG Binding: 
---------------- STG Properties BEGIN ----------------
- Is combinational: 0
- Is one-state seq: 0
- Is datapath-only: 0
- Is pipelined: 0
- Is top level: 0
Port [ Return ] is wired: 1; IO mode=ap_ctrl_hs:ce=0
Port [ p_4_0_0_0186422_lcssa447_i]:  wired=1; compound=0; hidden=0; nouse=0; global=0; static=0; extern=0; dir=0; type=0; pingpong=0; private_global=0; IO mode=ap_none:ce=0
Port [ p_0_0_0_0178415_lcssa431_i]:  wired=1; compound=0; hidden=0; nouse=0; global=0; static=0; extern=0; dir=0; type=0; pingpong=0; private_global=0; IO mode=ap_none:ce=0
Port [ sof_4_i]:  wired=1; compound=0; hidden=0; nouse=0; global=0; static=0; extern=0; dir=0; type=0; pingpong=0; private_global=0; IO mode=ap_none:ce=0
Port [ colorFormat_val27]:  wired=1; compound=0; hidden=0; nouse=0; global=0; static=0; extern=0; dir=0; type=0; pingpong=0; private_global=0; IO mode=ap_stable:ce=0
Port [ trunc_ln_i]:  wired=1; compound=0; hidden=0; nouse=0; global=0; static=0; extern=0; dir=0; type=0; pingpong=0; private_global=0; IO mode=ap_none:ce=0
Port [ srcYUV]:  wired=1; compound=1; hidden=0; nouse=0; global=0; static=0; extern=0; dir=1; type=3; pingpong=0; private_global=0; IO mode=ap_fifo:ce=0
Port [ s_axis_video_V_data_V]:  wired=1; compound=1; hidden=0; nouse=0; global=0; static=0; extern=0; dir=0; type=0; pingpong=0; private_global=0; IO mode=axis:ce=0
Port [ s_axis_video_V_keep_V]:  wired=1; compound=1; hidden=0; nouse=0; global=0; static=0; extern=0; dir=0; type=0; pingpong=0; private_global=0; IO mode=axis:ce=0
Port [ s_axis_video_V_strb_V]:  wired=1; compound=1; hidden=0; nouse=0; global=0; static=0; extern=0; dir=0; type=0; pingpong=0; private_global=0; IO mode=axis:ce=0
Port [ s_axis_video_V_user_V]:  wired=1; compound=1; hidden=0; nouse=0; global=0; static=0; extern=0; dir=0; type=0; pingpong=0; private_global=0; IO mode=axis:ce=0
Port [ s_axis_video_V_last_V]:  wired=1; compound=1; hidden=0; nouse=0; global=0; static=0; extern=0; dir=0; type=0; pingpong=0; private_global=0; IO mode=axis:ce=0
Port [ s_axis_video_V_id_V]:  wired=1; compound=1; hidden=0; nouse=0; global=0; static=0; extern=0; dir=0; type=0; pingpong=0; private_global=0; IO mode=axis:ce=0
Port [ s_axis_video_V_dest_V]:  wired=1; compound=1; hidden=0; nouse=0; global=0; static=0; extern=0; dir=0; type=0; pingpong=0; private_global=0; IO mode=axis:ce=0
Port [ p_4_0_0_0186423_i_out]:  wired=1; compound=0; hidden=0; nouse=0; global=0; static=0; extern=0; dir=1; type=0; pingpong=0; private_global=0; IO mode=ap_vld:ce=0
Port [ p_0_0_0_0178414_i_out]:  wired=1; compound=0; hidden=0; nouse=0; global=0; static=0; extern=0; dir=1; type=0; pingpong=0; private_global=0; IO mode=ap_vld:ce=0
---------------- STG Properties END ------------------

---------------- Datapath Model BEGIN ----------------

<LifeTime>
<method=bitvector/>
j                               (alloca             ) [ 0100]
p_0_0_0_0178414_i               (alloca             ) [ 0111]
p_4_0_0_0186423_i               (alloca             ) [ 0111]
specaxissidechannel_ln0         (specaxissidechannel) [ 0000]
specstablecontent_ln0           (specstablecontent  ) [ 0000]
specinterface_ln0               (specinterface      ) [ 0000]
specinterface_ln0               (specinterface      ) [ 0000]
specinterface_ln0               (specinterface      ) [ 0000]
specinterface_ln0               (specinterface      ) [ 0000]
specinterface_ln0               (specinterface      ) [ 0000]
specinterface_ln0               (specinterface      ) [ 0000]
specinterface_ln0               (specinterface      ) [ 0000]
specinterface_ln0               (specinterface      ) [ 0000]
trunc_ln_i_read                 (read               ) [ 0000]
colorFormat_val27_read          (read               ) [ 0111]
sof_4_i_read                    (read               ) [ 0110]
p_0_0_0_0178415_lcssa431_i_read (read               ) [ 0000]
p_4_0_0_0186422_lcssa447_i_read (read               ) [ 0000]
icmp_ln880                      (icmp               ) [ 0111]
store_ln0                       (store              ) [ 0000]
store_ln0                       (store              ) [ 0000]
store_ln850                     (store              ) [ 0000]
br_ln850                        (br                 ) [ 0110]
j_3                             (load               ) [ 0000]
icmp_ln850                      (icmp               ) [ 0111]
j_4                             (add                ) [ 0000]
br_ln850                        (br                 ) [ 0000]
store_ln850                     (store              ) [ 0000]
br_ln850                        (br                 ) [ 0110]
eol                             (phi                ) [ 0110]
sof                             (phi                ) [ 0110]
speclooptripcount_ln0           (speclooptripcount  ) [ 0000]
specpipeline_ln853              (specpipeline       ) [ 0000]
specloopname_ln850              (specloopname       ) [ 0000]
or_ln854                        (or                 ) [ 0110]
br_ln854                        (br                 ) [ 0000]
empty_199                       (read               ) [ 0000]
p_s                             (extractvalue       ) [ 0000]
eol_1                           (extractvalue       ) [ 0000]
store_ln861                     (store              ) [ 0000]
store_ln861                     (store              ) [ 0000]
br_ln0                          (br                 ) [ 0000]
axi_data                        (load               ) [ 0000]
eol_2                           (load               ) [ 0110]
tmp_2_i                         (partselect         ) [ 0000]
trunc_ln63                      (trunc              ) [ 0000]
select_ln880                    (select             ) [ 0000]
tmp_4_i                         (partselect         ) [ 0000]
select_ln880_1                  (select             ) [ 0000]
select_ln880_2                  (select             ) [ 0000]
tmp_5_i                         (partselect         ) [ 0000]
tmp_6_i                         (partselect         ) [ 0000]
tmp_i                           (sparsemux          ) [ 0000]
tmp_7_i                         (partselect         ) [ 0000]
icmp_ln880_1                    (icmp               ) [ 0000]
empty                           (select             ) [ 0000]
empty_198                       (select             ) [ 0000]
or_ln894_9_i                    (bitconcatenate     ) [ 0000]
write_ln894                     (write              ) [ 0000]
p_0_0_0_0178414_i_load          (load               ) [ 0000]
p_4_0_0_0186423_i_load          (load               ) [ 0000]
write_ln0                       (write              ) [ 0000]
write_ln0                       (write              ) [ 0000]
ret_ln0                         (ret                ) [ 0000]
</LifeTime>

<model>

<comp_list>
<comp id="0" class="1000" name="p_4_0_0_0186422_lcssa447_i">
<pin_list>
<pin id="1" dir="1" index="0" bw="1" slack="0"/>
</pin_list>
<bind>
<StgValue><ssdm name="p_4_0_0_0186422_lcssa447_i"/></StgValue>
</bind>
</comp>

<comp id="2" class="1000" name="p_0_0_0_0178415_lcssa431_i">
<pin_list>
<pin id="3" dir="1" index="0" bw="1" slack="0"/>
</pin_list>
<bind>
<StgValue><ssdm name="p_0_0_0_0178415_lcssa431_i"/></StgValue>
</bind>
</comp>

<comp id="4" class="1000" name="sof_4_i">
<pin_list>
<pin id="5" dir="1" index="0" bw="1" slack="0"/>
</pin_list>
<bind>
<StgValue><ssdm name="sof_4_i"/></StgValue>
</bind>
</comp>

<comp id="6" class="1000" name="colorFormat_val27">
<pin_list>
<pin id="7" dir="1" index="0" bw="1" slack="0"/>
</pin_list>
<bind>
<StgValue><ssdm name="colorFormat_val27"/></StgValue>
</bind>
</comp>

<comp id="8" class="1000" name="trunc_ln_i">
<pin_list>
<pin id="9" dir="1" index="0" bw="1" slack="0"/>
</pin_list>
<bind>
<StgValue><ssdm name="trunc_ln_i"/></StgValue>
</bind>
</comp>

<comp id="10" class="1000" name="srcYUV">
<pin_list>
<pin id="11" dir="1" index="0" bw="1" slack="0"/>
</pin_list>
<bind>
<StgValue><ssdm name="srcYUV"/></StgValue>
</bind>
</comp>

<comp id="12" class="1000" name="s_axis_video_V_data_V">
<pin_list>
<pin id="13" dir="1" index="0" bw="1" slack="0"/>
</pin_list>
<bind>
<StgValue><ssdm name="s_axis_video_V_data_V"/></StgValue>
</bind>
</comp>

<comp id="14" class="1000" name="s_axis_video_V_keep_V">
<pin_list>
<pin id="15" dir="1" index="0" bw="1" slack="0"/>
</pin_list>
<bind>
<StgValue><ssdm name="s_axis_video_V_keep_V"/></StgValue>
</bind>
</comp>

<comp id="16" class="1000" name="s_axis_video_V_strb_V">
<pin_list>
<pin id="17" dir="1" index="0" bw="1" slack="0"/>
</pin_list>
<bind>
<StgValue><ssdm name="s_axis_video_V_strb_V"/></StgValue>
</bind>
</comp>

<comp id="18" class="1000" name="s_axis_video_V_user_V">
<pin_list>
<pin id="19" dir="1" index="0" bw="1" slack="0"/>
</pin_list>
<bind>
<StgValue><ssdm name="s_axis_video_V_user_V"/></StgValue>
</bind>
</comp>

<comp id="20" class="1000" name="s_axis_video_V_last_V">
<pin_list>
<pin id="21" dir="1" index="0" bw="1" slack="0"/>
</pin_list>
<bind>
<StgValue><ssdm name="s_axis_video_V_last_V"/></StgValue>
</bind>
</comp>

<comp id="22" class="1000" name="s_axis_video_V_id_V">
<pin_list>
<pin id="23" dir="1" index="0" bw="1" slack="0"/>
</pin_list>
<bind>
<StgValue><ssdm name="s_axis_video_V_id_V"/></StgValue>
</bind>
</comp>

<comp id="24" class="1000" name="s_axis_video_V_dest_V">
<pin_list>
<pin id="25" dir="1" index="0" bw="1" slack="0"/>
</pin_list>
<bind>
<StgValue><ssdm name="s_axis_video_V_dest_V"/></StgValue>
</bind>
</comp>

<comp id="26" class="1000" name="p_4_0_0_0186423_i_out">
<pin_list>
<pin id="27" dir="1" index="0" bw="1" slack="0"/>
</pin_list>
<bind>
<StgValue><ssdm name="p_4_0_0_0186423_i_out"/></StgValue>
</bind>
</comp>

<comp id="28" class="1000" name="p_0_0_0_0178414_i_out">
<pin_list>
<pin id="29" dir="1" index="0" bw="1" slack="0"/>
</pin_list>
<bind>
<StgValue><ssdm name="p_0_0_0_0178414_i_out"/></StgValue>
</bind>
</comp>

<comp id="30" class="1001" name="const_30">
<pin_list>
<pin id="31" dir="1" index="0" bw="1" slack="0"/>
</pin_list>
<bind>
<StgValue><ssdm name=""/></StgValue>
</bind>
</comp>

<comp id="32" class="1001" name="const_32">
<pin_list>
<pin id="33" dir="1" index="0" bw="1" slack="2147483647"/>
</pin_list>
<bind>
<StgValue><ssdm name="_ssdm_op_SpecAXISSideChannel"/></StgValue>
</bind>
</comp>

<comp id="34" class="1001" name="const_34">
<pin_list>
<pin id="35" dir="1" index="0" bw="1" slack="2147483647"/>
</pin_list>
<bind>
<StgValue><ssdm name="empty_34"/></StgValue>
</bind>
</comp>

<comp id="36" class="1001" name="const_36">
<pin_list>
<pin id="37" dir="1" index="0" bw="1" slack="2147483647"/>
</pin_list>
<bind>
<StgValue><ssdm name="_ssdm_op_SpecStableContent"/></StgValue>
</bind>
</comp>

<comp id="38" class="1001" name="const_38">
<pin_list>
<pin id="39" dir="1" index="0" bw="1" slack="2147483647"/>
</pin_list>
<bind>
<StgValue><ssdm name=""/></StgValue>
</bind>
</comp>

<comp id="40" class="1001" name="const_40">
<pin_list>
<pin id="41" dir="1" index="0" bw="1" slack="2147483647"/>
</pin_list>
<bind>
<StgValue><ssdm name="p_str"/></StgValue>
</bind>
</comp>

<comp id="42" class="1001" name="const_42">
<pin_list>
<pin id="43" dir="1" index="0" bw="1" slack="2147483647"/>
</pin_list>
<bind>
<StgValue><ssdm name="_ssdm_op_SpecInterface"/></StgValue>
</bind>
</comp>

<comp id="44" class="1001" name="const_44">
<pin_list>
<pin id="45" dir="1" index="0" bw="1" slack="2147483647"/>
</pin_list>
<bind>
<StgValue><ssdm name="empty_13"/></StgValue>
</bind>
</comp>

<comp id="46" class="1001" name="const_46">
<pin_list>
<pin id="47" dir="1" index="0" bw="1" slack="2147483647"/>
</pin_list>
<bind>
<StgValue><ssdm name=""/></StgValue>
</bind>
</comp>

<comp id="48" class="1001" name="const_48">
<pin_list>
<pin id="49" dir="1" index="0" bw="1" slack="2147483647"/>
</pin_list>
<bind>
<StgValue><ssdm name="empty_4"/></StgValue>
</bind>
</comp>

<comp id="50" class="1001" name="const_50">
<pin_list>
<pin id="51" dir="1" index="0" bw="1" slack="2147483647"/>
</pin_list>
<bind>
<StgValue><ssdm name="empty_15"/></StgValue>
</bind>
</comp>

<comp id="52" class="1001" name="const_52">
<pin_list>
<pin id="53" dir="1" index="0" bw="1" slack="2147483647"/>
</pin_list>
<bind>
<StgValue><ssdm name=""/></StgValue>
</bind>
</comp>

<comp id="54" class="1001" name="const_54">
<pin_list>
<pin id="55" dir="1" index="0" bw="1" slack="2147483647"/>
</pin_list>
<bind>
<StgValue><ssdm name="empty_35"/></StgValue>
</bind>
</comp>

<comp id="56" class="1001" name="const_56">
<pin_list>
<pin id="57" dir="1" index="0" bw="1" slack="0"/>
</pin_list>
<bind>
<StgValue><ssdm name="_ssdm_op_Read.ap_auto.i10"/></StgValue>
</bind>
</comp>

<comp id="58" class="1001" name="const_58">
<pin_list>
<pin id="59" dir="1" index="0" bw="1" slack="0"/>
</pin_list>
<bind>
<StgValue><ssdm name="_ssdm_op_Read.ap_auto.i8"/></StgValue>
</bind>
</comp>

<comp id="60" class="1001" name="const_60">
<pin_list>
<pin id="61" dir="1" index="0" bw="1" slack="0"/>
</pin_list>
<bind>
<StgValue><ssdm name="_ssdm_op_Read.ap_auto.i1"/></StgValue>
</bind>
</comp>

<comp id="62" class="1001" name="const_62">
<pin_list>
<pin id="63" dir="1" index="0" bw="1" slack="0"/>
</pin_list>
<bind>
<StgValue><ssdm name="_ssdm_op_Read.ap_auto.i48"/></StgValue>
</bind>
</comp>

<comp id="64" class="1001" name="const_64">
<pin_list>
<pin id="65" dir="1" index="0" bw="1" slack="0"/>
</pin_list>
<bind>
<StgValue><ssdm name=""/></StgValue>
</bind>
</comp>

<comp id="66" class="1001" name="const_66">
<pin_list>
<pin id="67" dir="1" index="0" bw="1" slack="0"/>
</pin_list>
<bind>
<StgValue><ssdm name=""/></StgValue>
</bind>
</comp>

<comp id="68" class="1001" name="const_68">
<pin_list>
<pin id="69" dir="1" index="0" bw="1" slack="0"/>
</pin_list>
<bind>
<StgValue><ssdm name=""/></StgValue>
</bind>
</comp>

<comp id="70" class="1001" name="const_70">
<pin_list>
<pin id="71" dir="1" index="0" bw="1" slack="1"/>
</pin_list>
<bind>
<StgValue><ssdm name=""/></StgValue>
</bind>
</comp>

<comp id="72" class="1001" name="const_72">
<pin_list>
<pin id="73" dir="1" index="0" bw="1" slack="2147483647"/>
</pin_list>
<bind>
<StgValue><ssdm name="_ssdm_op_SpecLoopTripCount"/></StgValue>
</bind>
</comp>

<comp id="74" class="1001" name="const_74">
<pin_list>
<pin id="75" dir="1" index="0" bw="1" slack="2147483647"/>
</pin_list>
<bind>
<StgValue><ssdm name=""/></StgValue>
</bind>
</comp>

<comp id="76" class="1001" name="const_76">
<pin_list>
<pin id="77" dir="1" index="0" bw="1" slack="2147483647"/>
</pin_list>
<bind>
<StgValue><ssdm name=""/></StgValue>
</bind>
</comp>

<comp id="78" class="1001" name="const_78">
<pin_list>
<pin id="79" dir="1" index="0" bw="1" slack="2147483647"/>
</pin_list>
<bind>
<StgValue><ssdm name="_ssdm_op_SpecPipeline"/></StgValue>
</bind>
</comp>

<comp id="80" class="1001" name="const_80">
<pin_list>
<pin id="81" dir="1" index="0" bw="1" slack="2147483647"/>
</pin_list>
<bind>
<StgValue><ssdm name="_ssdm_op_SpecLoopName"/></StgValue>
</bind>
</comp>

<comp id="82" class="1001" name="const_82">
<pin_list>
<pin id="83" dir="1" index="0" bw="1" slack="2147483647"/>
</pin_list>
<bind>
<StgValue><ssdm name="empty_18"/></StgValue>
</bind>
</comp>

<comp id="84" class="1001" name="const_84">
<pin_list>
<pin id="85" dir="1" index="0" bw="1" slack="0"/>
</pin_list>
<bind>
<StgValue><ssdm name="_ssdm_op_Read.axis.volatile.i48P0A.i6P0A.i6P0A.i1P0A.i1P0A.i1P0A.i1P0A"/></StgValue>
</bind>
</comp>

<comp id="86" class="1001" name="const_86">
<pin_list>
<pin id="87" dir="1" index="0" bw="1" slack="0"/>
</pin_list>
<bind>
<StgValue><ssdm name="_ssdm_op_PartSelect.i8.i48.i32"/></StgValue>
</bind>
</comp>

<comp id="88" class="1001" name="const_88">
<pin_list>
<pin id="89" dir="1" index="0" bw="1" slack="0"/>
</pin_list>
<bind>
<StgValue><ssdm name=""/></StgValue>
</bind>
</comp>

<comp id="90" class="1001" name="const_90">
<pin_list>
<pin id="91" dir="1" index="0" bw="1" slack="0"/>
</pin_list>
<bind>
<StgValue><ssdm name=""/></StgValue>
</bind>
</comp>

<comp id="92" class="1001" name="const_92">
<pin_list>
<pin id="93" dir="1" index="0" bw="1" slack="0"/>
</pin_list>
<bind>
<StgValue><ssdm name=""/></StgValue>
</bind>
</comp>

<comp id="94" class="1001" name="const_94">
<pin_list>
<pin id="95" dir="1" index="0" bw="1" slack="0"/>
</pin_list>
<bind>
<StgValue><ssdm name=""/></StgValue>
</bind>
</comp>

<comp id="96" class="1001" name="const_96">
<pin_list>
<pin id="97" dir="1" index="0" bw="1" slack="0"/>
</pin_list>
<bind>
<StgValue><ssdm name="_ssdm_op_SparseMux.ap_auto.2i8.i8.i8"/></StgValue>
</bind>
</comp>

<comp id="98" class="1001" name="const_98">
<pin_list>
<pin id="99" dir="1" index="0" bw="1" slack="0"/>
</pin_list>
<bind>
<StgValue><ssdm name=""/></StgValue>
</bind>
</comp>

<comp id="100" class="1001" name="const_100">
<pin_list>
<pin id="101" dir="1" index="0" bw="1" slack="0"/>
</pin_list>
<bind>
<StgValue><ssdm name=""/></StgValue>
</bind>
</comp>

<comp id="102" class="1001" name="const_102">
<pin_list>
<pin id="103" dir="1" index="0" bw="1" slack="0"/>
</pin_list>
<bind>
<StgValue><ssdm name="_ssdm_op_BitConcatenate.i48.i8.i8.i8.i8.i8.i8"/></StgValue>
</bind>
</comp>

<comp id="104" class="1001" name="const_104">
<pin_list>
<pin id="105" dir="1" index="0" bw="1" slack="0"/>
</pin_list>
<bind>
<StgValue><ssdm name="_ssdm_op_Write.ap_fifo.volatile.i48P0A"/></StgValue>
</bind>
</comp>

<comp id="106" class="1001" name="const_106">
<pin_list>
<pin id="107" dir="1" index="0" bw="1" slack="0"/>
</pin_list>
<bind>
<StgValue><ssdm name="_ssdm_op_Write.ap_auto.i1P0A"/></StgValue>
</bind>
</comp>

<comp id="108" class="1001" name="const_108">
<pin_list>
<pin id="109" dir="1" index="0" bw="1" slack="0"/>
</pin_list>
<bind>
<StgValue><ssdm name="_ssdm_op_Write.ap_auto.i48P0A"/></StgValue>
</bind>
</comp>

<comp id="110" class="1004" name="j_fu_110">
<pin_list>
<pin id="111" dir="0" index="0" bw="1" slack="0"/>
<pin id="112" dir="1" index="1" bw="10" slack="0"/>
</pin_list>
<bind>
<opcode="alloca(26) " fcode="alloca"/>
<opset="j/1 "/>
</bind>
</comp>

<comp id="114" class="1004" name="p_0_0_0_0178414_i_fu_114">
<pin_list>
<pin id="115" dir="0" index="0" bw="1" slack="0"/>
<pin id="116" dir="1" index="1" bw="48" slack="0"/>
</pin_list>
<bind>
<opcode="alloca(26) " fcode="alloca"/>
<opset="p_0_0_0_0178414_i/1 "/>
</bind>
</comp>

<comp id="118" class="1004" name="p_4_0_0_0186423_i_fu_118">
<pin_list>
<pin id="119" dir="0" index="0" bw="1" slack="0"/>
<pin id="120" dir="1" index="1" bw="1" slack="0"/>
</pin_list>
<bind>
<opcode="alloca(26) " fcode="alloca"/>
<opset="p_4_0_0_0186423_i/1 "/>
</bind>
</comp>

<comp id="122" class="1004" name="trunc_ln_i_read_read_fu_122">
<pin_list>
<pin id="123" dir="0" index="0" bw="10" slack="0"/>
<pin id="124" dir="0" index="1" bw="10" slack="0"/>
<pin id="125" dir="1" index="2" bw="10" slack="0"/>
</pin_list>
<bind>
<opcode="read(1150) " fcode="read"/>
<opset="trunc_ln_i_read/1 "/>
</bind>
</comp>

<comp id="128" class="1004" name="colorFormat_val27_read_read_fu_128">
<pin_list>
<pin id="129" dir="0" index="0" bw="8" slack="0"/>
<pin id="130" dir="0" index="1" bw="8" slack="0"/>
<pin id="131" dir="1" index="2" bw="8" slack="0"/>
</pin_list>
<bind>
<opcode="read(1150) " fcode="read"/>
<opset="colorFormat_val27_read/1 "/>
</bind>
</comp>

<comp id="134" class="1004" name="sof_4_i_read_read_fu_134">
<pin_list>
<pin id="135" dir="0" index="0" bw="1" slack="0"/>
<pin id="136" dir="0" index="1" bw="1" slack="0"/>
<pin id="137" dir="1" index="2" bw="1" slack="1"/>
</pin_list>
<bind>
<opcode="read(1150) " fcode="read"/>
<opset="sof_4_i_read/1 "/>
</bind>
</comp>

<comp id="140" class="1004" name="p_0_0_0_0178415_lcssa431_i_read_read_fu_140">
<pin_list>
<pin id="141" dir="0" index="0" bw="48" slack="0"/>
<pin id="142" dir="0" index="1" bw="48" slack="0"/>
<pin id="143" dir="1" index="2" bw="48" slack="0"/>
</pin_list>
<bind>
<opcode="read(1150) " fcode="read"/>
<opset="p_0_0_0_0178415_lcssa431_i_read/1 "/>
</bind>
</comp>

<comp id="146" class="1004" name="p_4_0_0_0186422_lcssa447_i_read_read_fu_146">
<pin_list>
<pin id="147" dir="0" index="0" bw="1" slack="0"/>
<pin id="148" dir="0" index="1" bw="1" slack="0"/>
<pin id="149" dir="1" index="2" bw="1" slack="0"/>
</pin_list>
<bind>
<opcode="read(1150) " fcode="read"/>
<opset="p_4_0_0_0186422_lcssa447_i_read/1 "/>
</bind>
</comp>

<comp id="152" class="1004" name="empty_199_read_fu_152">
<pin_list>
<pin id="153" dir="0" index="0" bw="64" slack="0"/>
<pin id="154" dir="0" index="1" bw="48" slack="0"/>
<pin id="155" dir="0" index="2" bw="6" slack="0"/>
<pin id="156" dir="0" index="3" bw="6" slack="0"/>
<pin id="157" dir="0" index="4" bw="1" slack="0"/>
<pin id="158" dir="0" index="5" bw="1" slack="0"/>
<pin id="159" dir="0" index="6" bw="1" slack="0"/>
<pin id="160" dir="0" index="7" bw="1" slack="0"/>
<pin id="161" dir="1" index="8" bw="64" slack="0"/>
</pin_list>
<bind>
<opcode="read(1150) " fcode="read"/>
<opset="empty_199/2 "/>
</bind>
</comp>

<comp id="170" class="1004" name="write_ln894_write_fu_170">
<pin_list>
<pin id="171" dir="0" index="0" bw="0" slack="0"/>
<pin id="172" dir="0" index="1" bw="48" slack="0"/>
<pin id="173" dir="0" index="2" bw="48" slack="0"/>
<pin id="174" dir="1" index="3" bw="0" slack="2147483647"/>
</pin_list>
<bind>
<opcode="write(1151) " fcode="write"/>
<opset="write_ln894/3 "/>
</bind>
</comp>

<comp id="177" class="1004" name="write_ln0_write_fu_177">
<pin_list>
<pin id="178" dir="0" index="0" bw="0" slack="0"/>
<pin id="179" dir="0" index="1" bw="1" slack="0"/>
<pin id="180" dir="0" index="2" bw="1" slack="0"/>
<pin id="181" dir="1" index="3" bw="0" slack="2147483647"/>
</pin_list>
<bind>
<opcode="write(1151) " fcode="write"/>
<opset="write_ln0/2 "/>
</bind>
</comp>

<comp id="184" class="1004" name="write_ln0_write_fu_184">
<pin_list>
<pin id="185" dir="0" index="0" bw="0" slack="0"/>
<pin id="186" dir="0" index="1" bw="48" slack="0"/>
<pin id="187" dir="0" index="2" bw="48" slack="0"/>
<pin id="188" dir="1" index="3" bw="0" slack="2147483647"/>
</pin_list>
<bind>
<opcode="write(1151) " fcode="write"/>
<opset="write_ln0/2 "/>
</bind>
</comp>

<comp id="191" class="1005" name="eol_reg_191">
<pin_list>
<pin id="192" dir="0" index="0" bw="1" slack="1"/>
<pin id="193" dir="1" index="1" bw="1" slack="1"/>
</pin_list>
<bind>
<opset="eol (phireg) "/>
</bind>
</comp>

<comp id="195" class="1004" name="eol_phi_fu_195">
<pin_list>
<pin id="196" dir="0" index="0" bw="1" slack="1"/>
<pin id="197" dir="0" index="1" bw="0" slack="2147483647"/>
<pin id="198" dir="0" index="2" bw="1" slack="1"/>
<pin id="199" dir="0" index="3" bw="0" slack="2147483647"/>
<pin id="200" dir="1" index="4" bw="1" slack="0"/>
</pin_list>
<bind>
<opcode="phi(47) " fcode="phi"/>
<opset="eol/2 "/>
</bind>
</comp>

<comp id="202" class="1005" name="sof_reg_202">
<pin_list>
<pin id="203" dir="0" index="0" bw="1" slack="1"/>
<pin id="204" dir="1" index="1" bw="1" slack="1"/>
</pin_list>
<bind>
<opset="sof (phireg) "/>
</bind>
</comp>

<comp id="206" class="1004" name="sof_phi_fu_206">
<pin_list>
<pin id="207" dir="0" index="0" bw="1" slack="1"/>
<pin id="208" dir="0" index="1" bw="0" slack="2147483647"/>
<pin id="209" dir="0" index="2" bw="1" slack="1"/>
<pin id="210" dir="0" index="3" bw="0" slack="2147483647"/>
<pin id="211" dir="1" index="4" bw="1" slack="0"/>
</pin_list>
<bind>
<opcode="phi(47) " fcode="phi"/>
<opset="sof/2 "/>
</bind>
</comp>

<comp id="213" class="1004" name="icmp_ln880_fu_213">
<pin_list>
<pin id="214" dir="0" index="0" bw="8" slack="0"/>
<pin id="215" dir="0" index="1" bw="8" slack="0"/>
<pin id="216" dir="1" index="2" bw="1" slack="2"/>
</pin_list>
<bind>
<opcode="icmp(45) " fcode="icmp"/>
<opset="icmp_ln880/1 "/>
</bind>
</comp>

<comp id="219" class="1004" name="store_ln0_store_fu_219">
<pin_list>
<pin id="220" dir="0" index="0" bw="1" slack="0"/>
<pin id="221" dir="0" index="1" bw="1" slack="0"/>
<pin id="222" dir="1" index="2" bw="0" slack="2147483647"/>
</pin_list>
<bind>
<opcode="store(28) " fcode="store"/>
<opset="store_ln0/1 "/>
</bind>
</comp>

<comp id="224" class="1004" name="store_ln0_store_fu_224">
<pin_list>
<pin id="225" dir="0" index="0" bw="48" slack="0"/>
<pin id="226" dir="0" index="1" bw="48" slack="0"/>
<pin id="227" dir="1" index="2" bw="0" slack="2147483647"/>
</pin_list>
<bind>
<opcode="store(28) " fcode="store"/>
<opset="store_ln0/1 "/>
</bind>
</comp>

<comp id="229" class="1004" name="store_ln850_store_fu_229">
<pin_list>
<pin id="230" dir="0" index="0" bw="1" slack="0"/>
<pin id="231" dir="0" index="1" bw="10" slack="0"/>
<pin id="232" dir="1" index="2" bw="0" slack="2147483647"/>
</pin_list>
<bind>
<opcode="store(28) " fcode="store"/>
<opset="store_ln850/1 "/>
</bind>
</comp>

<comp id="234" class="1004" name="j_3_load_fu_234">
<pin_list>
<pin id="235" dir="0" index="0" bw="10" slack="0"/>
<pin id="236" dir="1" index="1" bw="10" slack="0"/>
</pin_list>
<bind>
<opcode="load(27) " fcode="load"/>
<opset="j_3/1 "/>
</bind>
</comp>

<comp id="237" class="1004" name="icmp_ln850_fu_237">
<pin_list>
<pin id="238" dir="0" index="0" bw="10" slack="0"/>
<pin id="239" dir="0" index="1" bw="10" slack="0"/>
<pin id="240" dir="1" index="2" bw="1" slack="1"/>
</pin_list>
<bind>
<opcode="icmp(45) " fcode="icmp"/>
<opset="icmp_ln850/1 "/>
</bind>
</comp>

<comp id="243" class="1004" name="j_4_fu_243">
<pin_list>
<pin id="244" dir="0" index="0" bw="10" slack="0"/>
<pin id="245" dir="0" index="1" bw="1" slack="0"/>
<pin id="246" dir="1" index="2" bw="10" slack="0"/>
</pin_list>
<bind>
<opcode="add(8) " fcode="add"/>
<opset="j_4/1 "/>
</bind>
</comp>

<comp id="249" class="1004" name="store_ln850_store_fu_249">
<pin_list>
<pin id="250" dir="0" index="0" bw="10" slack="0"/>
<pin id="251" dir="0" index="1" bw="10" slack="0"/>
<pin id="252" dir="1" index="2" bw="0" slack="2147483647"/>
</pin_list>
<bind>
<opcode="store(28) " fcode="store"/>
<opset="store_ln850/1 "/>
</bind>
</comp>

<comp id="254" class="1004" name="or_ln854_fu_254">
<pin_list>
<pin id="255" dir="0" index="0" bw="1" slack="0"/>
<pin id="256" dir="0" index="1" bw="1" slack="0"/>
<pin id="257" dir="1" index="2" bw="1" slack="2147483647"/>
</pin_list>
<bind>
<opcode="or(24) " fcode="or"/>
<opset="or_ln854/2 "/>
</bind>
</comp>

<comp id="260" class="1004" name="p_s_fu_260">
<pin_list>
<pin id="261" dir="0" index="0" bw="64" slack="0"/>
<pin id="262" dir="1" index="1" bw="48" slack="0"/>
</pin_list>
<bind>
<opcode="extractvalue(56) " fcode="extractvalue"/>
<opset="p_s/2 "/>
</bind>
</comp>

<comp id="264" class="1004" name="eol_1_fu_264">
<pin_list>
<pin id="265" dir="0" index="0" bw="64" slack="0"/>
<pin id="266" dir="1" index="1" bw="1" slack="0"/>
</pin_list>
<bind>
<opcode="extractvalue(56) " fcode="extractvalue"/>
<opset="eol_1/2 "/>
</bind>
</comp>

<comp id="268" class="1004" name="store_ln861_store_fu_268">
<pin_list>
<pin id="269" dir="0" index="0" bw="1" slack="0"/>
<pin id="270" dir="0" index="1" bw="1" slack="1"/>
<pin id="271" dir="1" index="2" bw="0" slack="2147483647"/>
</pin_list>
<bind>
<opcode="store(28) " fcode="store"/>
<opset="store_ln861/2 "/>
</bind>
</comp>

<comp id="273" class="1004" name="store_ln861_store_fu_273">
<pin_list>
<pin id="274" dir="0" index="0" bw="48" slack="0"/>
<pin id="275" dir="0" index="1" bw="48" slack="1"/>
<pin id="276" dir="1" index="2" bw="0" slack="2147483647"/>
</pin_list>
<bind>
<opcode="store(28) " fcode="store"/>
<opset="store_ln861/2 "/>
</bind>
</comp>

<comp id="278" class="1004" name="axi_data_load_fu_278">
<pin_list>
<pin id="279" dir="0" index="0" bw="48" slack="2"/>
<pin id="280" dir="1" index="1" bw="48" slack="0"/>
</pin_list>
<bind>
<opcode="load(27) " fcode="load"/>
<opset="axi_data/3 "/>
</bind>
</comp>

<comp id="281" class="1004" name="eol_2_load_fu_281">
<pin_list>
<pin id="282" dir="0" index="0" bw="1" slack="2"/>
<pin id="283" dir="1" index="1" bw="1" slack="1"/>
</pin_list>
<bind>
<opcode="load(27) " fcode="load"/>
<opset="eol_2/3 "/>
</bind>
</comp>

<comp id="284" class="1004" name="tmp_2_i_fu_284">
<pin_list>
<pin id="285" dir="0" index="0" bw="8" slack="0"/>
<pin id="286" dir="0" index="1" bw="48" slack="0"/>
<pin id="287" dir="0" index="2" bw="6" slack="0"/>
<pin id="288" dir="1" index="3" bw="8" slack="0"/>
</pin_list>
<bind>
<opcode="partselect(1002) " fcode="partselect"/>
<opset="tmp_2_i/3 "/>
</bind>
</comp>

<comp id="292" class="1004" name="trunc_ln63_fu_292">
<pin_list>
<pin id="293" dir="0" index="0" bw="48" slack="0"/>
<pin id="294" dir="1" index="1" bw="8" slack="0"/>
</pin_list>
<bind>
<opcode="trunc(33) " fcode="trunc"/>
<opset="trunc_ln63/3 "/>
</bind>
</comp>

<comp id="296" class="1004" name="select_ln880_fu_296">
<pin_list>
<pin id="297" dir="0" index="0" bw="1" slack="2"/>
<pin id="298" dir="0" index="1" bw="8" slack="0"/>
<pin id="299" dir="0" index="2" bw="8" slack="0"/>
<pin id="300" dir="1" index="3" bw="8" slack="0"/>
</pin_list>
<bind>
<opcode="select(49) " fcode="select"/>
<opset="select_ln880/3 "/>
</bind>
</comp>

<comp id="303" class="1004" name="tmp_4_i_fu_303">
<pin_list>
<pin id="304" dir="0" index="0" bw="8" slack="0"/>
<pin id="305" dir="0" index="1" bw="48" slack="0"/>
<pin id="306" dir="0" index="2" bw="5" slack="0"/>
<pin id="307" dir="1" index="3" bw="8" slack="0"/>
</pin_list>
<bind>
<opcode="partselect(1002) " fcode="partselect"/>
<opset="tmp_4_i/3 "/>
</bind>
</comp>

<comp id="311" class="1004" name="select_ln880_1_fu_311">
<pin_list>
<pin id="312" dir="0" index="0" bw="1" slack="2"/>
<pin id="313" dir="0" index="1" bw="8" slack="0"/>
<pin id="314" dir="0" index="2" bw="8" slack="0"/>
<pin id="315" dir="1" index="3" bw="8" slack="0"/>
</pin_list>
<bind>
<opcode="select(49) " fcode="select"/>
<opset="select_ln880_1/3 "/>
</bind>
</comp>

<comp id="318" class="1004" name="select_ln880_2_fu_318">
<pin_list>
<pin id="319" dir="0" index="0" bw="1" slack="2"/>
<pin id="320" dir="0" index="1" bw="8" slack="0"/>
<pin id="321" dir="0" index="2" bw="8" slack="0"/>
<pin id="322" dir="1" index="3" bw="8" slack="0"/>
</pin_list>
<bind>
<opcode="select(49) " fcode="select"/>
<opset="select_ln880_2/3 "/>
</bind>
</comp>

<comp id="325" class="1004" name="tmp_5_i_fu_325">
<pin_list>
<pin id="326" dir="0" index="0" bw="8" slack="0"/>
<pin id="327" dir="0" index="1" bw="48" slack="0"/>
<pin id="328" dir="0" index="2" bw="7" slack="0"/>
<pin id="329" dir="1" index="3" bw="8" slack="0"/>
</pin_list>
<bind>
<opcode="partselect(1002) " fcode="partselect"/>
<opset="tmp_5_i/3 "/>
</bind>
</comp>

<comp id="333" class="1004" name="tmp_6_i_fu_333">
<pin_list>
<pin id="334" dir="0" index="0" bw="8" slack="0"/>
<pin id="335" dir="0" index="1" bw="48" slack="0"/>
<pin id="336" dir="0" index="2" bw="6" slack="0"/>
<pin id="337" dir="1" index="3" bw="8" slack="0"/>
</pin_list>
<bind>
<opcode="partselect(1002) " fcode="partselect"/>
<opset="tmp_6_i/3 "/>
</bind>
</comp>

<comp id="341" class="1004" name="tmp_i_fu_341">
<pin_list>
<pin id="342" dir="0" index="0" bw="8" slack="0"/>
<pin id="343" dir="0" index="1" bw="8" slack="0"/>
<pin id="344" dir="0" index="2" bw="8" slack="0"/>
<pin id="345" dir="0" index="3" bw="8" slack="0"/>
<pin id="346" dir="0" index="4" bw="8" slack="0"/>
<pin id="347" dir="0" index="5" bw="8" slack="0"/>
<pin id="348" dir="0" index="6" bw="8" slack="2"/>
<pin id="349" dir="1" index="7" bw="8" slack="0"/>
</pin_list>
<bind>
<opcode="sparsemux(1197) " fcode="sparsemux"/>
<opset="tmp_i/3 "/>
</bind>
</comp>

<comp id="356" class="1004" name="tmp_7_i_fu_356">
<pin_list>
<pin id="357" dir="0" index="0" bw="8" slack="0"/>
<pin id="358" dir="0" index="1" bw="48" slack="0"/>
<pin id="359" dir="0" index="2" bw="7" slack="0"/>
<pin id="360" dir="1" index="3" bw="8" slack="0"/>
</pin_list>
<bind>
<opcode="partselect(1002) " fcode="partselect"/>
<opset="tmp_7_i/3 "/>
</bind>
</comp>

<comp id="364" class="1004" name="icmp_ln880_1_fu_364">
<pin_list>
<pin id="365" dir="0" index="0" bw="8" slack="2"/>
<pin id="366" dir="0" index="1" bw="8" slack="0"/>
<pin id="367" dir="1" index="2" bw="1" slack="0"/>
</pin_list>
<bind>
<opcode="icmp(45) " fcode="icmp"/>
<opset="icmp_ln880_1/3 "/>
</bind>
</comp>

<comp id="369" class="1004" name="empty_fu_369">
<pin_list>
<pin id="370" dir="0" index="0" bw="1" slack="0"/>
<pin id="371" dir="0" index="1" bw="8" slack="0"/>
<pin id="372" dir="0" index="2" bw="8" slack="0"/>
<pin id="373" dir="1" index="3" bw="8" slack="0"/>
</pin_list>
<bind>
<opcode="select(49) " fcode="select"/>
<opset="empty/3 "/>
</bind>
</comp>

<comp id="377" class="1004" name="empty_198_fu_377">
<pin_list>
<pin id="378" dir="0" index="0" bw="1" slack="0"/>
<pin id="379" dir="0" index="1" bw="8" slack="0"/>
<pin id="380" dir="0" index="2" bw="8" slack="0"/>
<pin id="381" dir="1" index="3" bw="8" slack="0"/>
</pin_list>
<bind>
<opcode="select(49) " fcode="select"/>
<opset="empty_198/3 "/>
</bind>
</comp>

<comp id="385" class="1004" name="or_ln894_9_i_fu_385">
<pin_list>
<pin id="386" dir="0" index="0" bw="48" slack="0"/>
<pin id="387" dir="0" index="1" bw="8" slack="0"/>
<pin id="388" dir="0" index="2" bw="8" slack="0"/>
<pin id="389" dir="0" index="3" bw="8" slack="0"/>
<pin id="390" dir="0" index="4" bw="8" slack="0"/>
<pin id="391" dir="0" index="5" bw="8" slack="0"/>
<pin id="392" dir="0" index="6" bw="8" slack="0"/>
<pin id="393" dir="1" index="7" bw="48" slack="0"/>
</pin_list>
<bind>
<opcode="bitconcatenate(1004) " fcode="bitconcatenate"/>
<opset="or_ln894_9_i/3 "/>
</bind>
</comp>

<comp id="402" class="1004" name="p_0_0_0_0178414_i_load_load_fu_402">
<pin_list>
<pin id="403" dir="0" index="0" bw="48" slack="1"/>
<pin id="404" dir="1" index="1" bw="48" slack="0"/>
</pin_list>
<bind>
<opcode="load(27) " fcode="load"/>
<opset="p_0_0_0_0178414_i_load/2 "/>
</bind>
</comp>

<comp id="406" class="1004" name="p_4_0_0_0186423_i_load_load_fu_406">
<pin_list>
<pin id="407" dir="0" index="0" bw="1" slack="1"/>
<pin id="408" dir="1" index="1" bw="1" slack="0"/>
</pin_list>
<bind>
<opcode="load(27) " fcode="load"/>
<opset="p_4_0_0_0186423_i_load/2 "/>
</bind>
</comp>

<comp id="410" class="1005" name="j_reg_410">
<pin_list>
<pin id="411" dir="0" index="0" bw="10" slack="0"/>
<pin id="412" dir="1" index="1" bw="10" slack="0"/>
</pin_list>
<bind>
<opset="j "/>
</bind>
</comp>

<comp id="417" class="1005" name="p_0_0_0_0178414_i_reg_417">
<pin_list>
<pin id="418" dir="0" index="0" bw="48" slack="0"/>
<pin id="419" dir="1" index="1" bw="48" slack="0"/>
</pin_list>
<bind>
<opset="p_0_0_0_0178414_i "/>
</bind>
</comp>

<comp id="425" class="1005" name="p_4_0_0_0186423_i_reg_425">
<pin_list>
<pin id="426" dir="0" index="0" bw="1" slack="0"/>
<pin id="427" dir="1" index="1" bw="1" slack="0"/>
</pin_list>
<bind>
<opset="p_4_0_0_0186423_i "/>
</bind>
</comp>

<comp id="433" class="1005" name="colorFormat_val27_read_reg_433">
<pin_list>
<pin id="434" dir="0" index="0" bw="8" slack="2"/>
<pin id="435" dir="1" index="1" bw="8" slack="2"/>
</pin_list>
<bind>
<opset="colorFormat_val27_read "/>
</bind>
</comp>

<comp id="439" class="1005" name="sof_4_i_read_reg_439">
<pin_list>
<pin id="440" dir="0" index="0" bw="1" slack="1"/>
<pin id="441" dir="1" index="1" bw="1" slack="1"/>
</pin_list>
<bind>
<opset="sof_4_i_read "/>
</bind>
</comp>

<comp id="444" class="1005" name="icmp_ln880_reg_444">
<pin_list>
<pin id="445" dir="0" index="0" bw="1" slack="2"/>
<pin id="446" dir="1" index="1" bw="1" slack="2"/>
</pin_list>
<bind>
<opset="icmp_ln880 "/>
</bind>
</comp>

<comp id="451" class="1005" name="icmp_ln850_reg_451">
<pin_list>
<pin id="452" dir="0" index="0" bw="1" slack="1"/>
<pin id="453" dir="1" index="1" bw="1" slack="2147483647"/>
</pin_list>
<bind>
<opset="icmp_ln850 "/>
</bind>
</comp>

<comp id="458" class="1005" name="eol_2_reg_458">
<pin_list>
<pin id="459" dir="0" index="0" bw="1" slack="1"/>
<pin id="460" dir="1" index="1" bw="1" slack="1"/>
</pin_list>
<bind>
<opset="eol_2 "/>
</bind>
</comp>

</comp_list>

<net_list>
<net id="113"><net_src comp="30" pin="0"/><net_sink comp="110" pin=0"/></net>

<net id="117"><net_src comp="30" pin="0"/><net_sink comp="114" pin=0"/></net>

<net id="121"><net_src comp="30" pin="0"/><net_sink comp="118" pin=0"/></net>

<net id="126"><net_src comp="56" pin="0"/><net_sink comp="122" pin=0"/></net>

<net id="127"><net_src comp="8" pin="0"/><net_sink comp="122" pin=1"/></net>

<net id="132"><net_src comp="58" pin="0"/><net_sink comp="128" pin=0"/></net>

<net id="133"><net_src comp="6" pin="0"/><net_sink comp="128" pin=1"/></net>

<net id="138"><net_src comp="60" pin="0"/><net_sink comp="134" pin=0"/></net>

<net id="139"><net_src comp="4" pin="0"/><net_sink comp="134" pin=1"/></net>

<net id="144"><net_src comp="62" pin="0"/><net_sink comp="140" pin=0"/></net>

<net id="145"><net_src comp="2" pin="0"/><net_sink comp="140" pin=1"/></net>

<net id="150"><net_src comp="60" pin="0"/><net_sink comp="146" pin=0"/></net>

<net id="151"><net_src comp="0" pin="0"/><net_sink comp="146" pin=1"/></net>

<net id="162"><net_src comp="84" pin="0"/><net_sink comp="152" pin=0"/></net>

<net id="163"><net_src comp="12" pin="0"/><net_sink comp="152" pin=1"/></net>

<net id="164"><net_src comp="14" pin="0"/><net_sink comp="152" pin=2"/></net>

<net id="165"><net_src comp="16" pin="0"/><net_sink comp="152" pin=3"/></net>

<net id="166"><net_src comp="18" pin="0"/><net_sink comp="152" pin=4"/></net>

<net id="167"><net_src comp="20" pin="0"/><net_sink comp="152" pin=5"/></net>

<net id="168"><net_src comp="22" pin="0"/><net_sink comp="152" pin=6"/></net>

<net id="169"><net_src comp="24" pin="0"/><net_sink comp="152" pin=7"/></net>

<net id="175"><net_src comp="104" pin="0"/><net_sink comp="170" pin=0"/></net>

<net id="176"><net_src comp="10" pin="0"/><net_sink comp="170" pin=1"/></net>

<net id="182"><net_src comp="106" pin="0"/><net_sink comp="177" pin=0"/></net>

<net id="183"><net_src comp="26" pin="0"/><net_sink comp="177" pin=1"/></net>

<net id="189"><net_src comp="108" pin="0"/><net_sink comp="184" pin=0"/></net>

<net id="190"><net_src comp="28" pin="0"/><net_sink comp="184" pin=1"/></net>

<net id="194"><net_src comp="70" pin="0"/><net_sink comp="191" pin=0"/></net>

<net id="201"><net_src comp="191" pin="1"/><net_sink comp="195" pin=0"/></net>

<net id="205"><net_src comp="70" pin="0"/><net_sink comp="202" pin=0"/></net>

<net id="212"><net_src comp="202" pin="1"/><net_sink comp="206" pin=2"/></net>

<net id="217"><net_src comp="128" pin="2"/><net_sink comp="213" pin=0"/></net>

<net id="218"><net_src comp="64" pin="0"/><net_sink comp="213" pin=1"/></net>

<net id="223"><net_src comp="146" pin="2"/><net_sink comp="219" pin=0"/></net>

<net id="228"><net_src comp="140" pin="2"/><net_sink comp="224" pin=0"/></net>

<net id="233"><net_src comp="66" pin="0"/><net_sink comp="229" pin=0"/></net>

<net id="241"><net_src comp="234" pin="1"/><net_sink comp="237" pin=0"/></net>

<net id="242"><net_src comp="122" pin="2"/><net_sink comp="237" pin=1"/></net>

<net id="247"><net_src comp="234" pin="1"/><net_sink comp="243" pin=0"/></net>

<net id="248"><net_src comp="68" pin="0"/><net_sink comp="243" pin=1"/></net>

<net id="253"><net_src comp="243" pin="2"/><net_sink comp="249" pin=0"/></net>

<net id="258"><net_src comp="206" pin="4"/><net_sink comp="254" pin=0"/></net>

<net id="259"><net_src comp="195" pin="4"/><net_sink comp="254" pin=1"/></net>

<net id="263"><net_src comp="152" pin="8"/><net_sink comp="260" pin=0"/></net>

<net id="267"><net_src comp="152" pin="8"/><net_sink comp="264" pin=0"/></net>

<net id="272"><net_src comp="264" pin="1"/><net_sink comp="268" pin=0"/></net>

<net id="277"><net_src comp="260" pin="1"/><net_sink comp="273" pin=0"/></net>

<net id="289"><net_src comp="86" pin="0"/><net_sink comp="284" pin=0"/></net>

<net id="290"><net_src comp="278" pin="1"/><net_sink comp="284" pin=1"/></net>

<net id="291"><net_src comp="88" pin="0"/><net_sink comp="284" pin=2"/></net>

<net id="295"><net_src comp="278" pin="1"/><net_sink comp="292" pin=0"/></net>

<net id="301"><net_src comp="284" pin="3"/><net_sink comp="296" pin=1"/></net>

<net id="302"><net_src comp="292" pin="1"/><net_sink comp="296" pin=2"/></net>

<net id="308"><net_src comp="86" pin="0"/><net_sink comp="303" pin=0"/></net>

<net id="309"><net_src comp="278" pin="1"/><net_sink comp="303" pin=1"/></net>

<net id="310"><net_src comp="90" pin="0"/><net_sink comp="303" pin=2"/></net>

<net id="316"><net_src comp="292" pin="1"/><net_sink comp="311" pin=1"/></net>

<net id="317"><net_src comp="303" pin="3"/><net_sink comp="311" pin=2"/></net>

<net id="323"><net_src comp="303" pin="3"/><net_sink comp="318" pin=1"/></net>

<net id="324"><net_src comp="284" pin="3"/><net_sink comp="318" pin=2"/></net>

<net id="330"><net_src comp="86" pin="0"/><net_sink comp="325" pin=0"/></net>

<net id="331"><net_src comp="278" pin="1"/><net_sink comp="325" pin=1"/></net>

<net id="332"><net_src comp="92" pin="0"/><net_sink comp="325" pin=2"/></net>

<net id="338"><net_src comp="86" pin="0"/><net_sink comp="333" pin=0"/></net>

<net id="339"><net_src comp="278" pin="1"/><net_sink comp="333" pin=1"/></net>

<net id="340"><net_src comp="94" pin="0"/><net_sink comp="333" pin=2"/></net>

<net id="350"><net_src comp="96" pin="0"/><net_sink comp="341" pin=0"/></net>

<net id="351"><net_src comp="64" pin="0"/><net_sink comp="341" pin=1"/></net>

<net id="352"><net_src comp="325" pin="3"/><net_sink comp="341" pin=2"/></net>

<net id="353"><net_src comp="98" pin="0"/><net_sink comp="341" pin=3"/></net>

<net id="354"><net_src comp="333" pin="3"/><net_sink comp="341" pin=4"/></net>

<net id="355"><net_src comp="284" pin="3"/><net_sink comp="341" pin=5"/></net>

<net id="361"><net_src comp="86" pin="0"/><net_sink comp="356" pin=0"/></net>

<net id="362"><net_src comp="278" pin="1"/><net_sink comp="356" pin=1"/></net>

<net id="363"><net_src comp="100" pin="0"/><net_sink comp="356" pin=2"/></net>

<net id="368"><net_src comp="98" pin="0"/><net_sink comp="364" pin=1"/></net>

<net id="374"><net_src comp="364" pin="2"/><net_sink comp="369" pin=0"/></net>

<net id="375"><net_src comp="356" pin="3"/><net_sink comp="369" pin=1"/></net>

<net id="376"><net_src comp="333" pin="3"/><net_sink comp="369" pin=2"/></net>

<net id="382"><net_src comp="364" pin="2"/><net_sink comp="377" pin=0"/></net>

<net id="383"><net_src comp="325" pin="3"/><net_sink comp="377" pin=1"/></net>

<net id="384"><net_src comp="356" pin="3"/><net_sink comp="377" pin=2"/></net>

<net id="394"><net_src comp="102" pin="0"/><net_sink comp="385" pin=0"/></net>

<net id="395"><net_src comp="377" pin="3"/><net_sink comp="385" pin=1"/></net>

<net id="396"><net_src comp="369" pin="3"/><net_sink comp="385" pin=2"/></net>

<net id="397"><net_src comp="341" pin="7"/><net_sink comp="385" pin=3"/></net>

<net id="398"><net_src comp="318" pin="3"/><net_sink comp="385" pin=4"/></net>

<net id="399"><net_src comp="311" pin="3"/><net_sink comp="385" pin=5"/></net>

<net id="400"><net_src comp="296" pin="3"/><net_sink comp="385" pin=6"/></net>

<net id="401"><net_src comp="385" pin="7"/><net_sink comp="170" pin=2"/></net>

<net id="405"><net_src comp="402" pin="1"/><net_sink comp="184" pin=2"/></net>

<net id="409"><net_src comp="406" pin="1"/><net_sink comp="177" pin=2"/></net>

<net id="413"><net_src comp="110" pin="1"/><net_sink comp="410" pin=0"/></net>

<net id="414"><net_src comp="410" pin="1"/><net_sink comp="229" pin=1"/></net>

<net id="415"><net_src comp="410" pin="1"/><net_sink comp="234" pin=0"/></net>

<net id="416"><net_src comp="410" pin="1"/><net_sink comp="249" pin=1"/></net>

<net id="420"><net_src comp="114" pin="1"/><net_sink comp="417" pin=0"/></net>

<net id="421"><net_src comp="417" pin="1"/><net_sink comp="224" pin=1"/></net>

<net id="422"><net_src comp="417" pin="1"/><net_sink comp="273" pin=1"/></net>

<net id="423"><net_src comp="417" pin="1"/><net_sink comp="278" pin=0"/></net>

<net id="424"><net_src comp="417" pin="1"/><net_sink comp="402" pin=0"/></net>

<net id="428"><net_src comp="118" pin="1"/><net_sink comp="425" pin=0"/></net>

<net id="429"><net_src comp="425" pin="1"/><net_sink comp="219" pin=1"/></net>

<net id="430"><net_src comp="425" pin="1"/><net_sink comp="268" pin=1"/></net>

<net id="431"><net_src comp="425" pin="1"/><net_sink comp="281" pin=0"/></net>

<net id="432"><net_src comp="425" pin="1"/><net_sink comp="406" pin=0"/></net>

<net id="436"><net_src comp="128" pin="2"/><net_sink comp="433" pin=0"/></net>

<net id="437"><net_src comp="433" pin="1"/><net_sink comp="341" pin=6"/></net>

<net id="438"><net_src comp="433" pin="1"/><net_sink comp="364" pin=0"/></net>

<net id="442"><net_src comp="134" pin="2"/><net_sink comp="439" pin=0"/></net>

<net id="443"><net_src comp="439" pin="1"/><net_sink comp="206" pin=0"/></net>

<net id="447"><net_src comp="213" pin="2"/><net_sink comp="444" pin=0"/></net>

<net id="448"><net_src comp="444" pin="1"/><net_sink comp="296" pin=0"/></net>

<net id="449"><net_src comp="444" pin="1"/><net_sink comp="311" pin=0"/></net>

<net id="450"><net_src comp="444" pin="1"/><net_sink comp="318" pin=0"/></net>

<net id="454"><net_src comp="237" pin="2"/><net_sink comp="451" pin=0"/></net>

<net id="461"><net_src comp="281" pin="1"/><net_sink comp="458" pin=0"/></net>

<net id="462"><net_src comp="458" pin="1"/><net_sink comp="195" pin=2"/></net>

</net_list>

</model> 
---------------- Datapath Model END ------------------

* FSMD analyzer results:
  - Output states:
	Port: srcYUV | {3 }
	Port: s_axis_video_V_data_V | {}
	Port: s_axis_video_V_keep_V | {}
	Port: s_axis_video_V_strb_V | {}
	Port: s_axis_video_V_user_V | {}
	Port: s_axis_video_V_last_V | {}
	Port: s_axis_video_V_id_V | {}
	Port: s_axis_video_V_dest_V | {}
	Port: p_4_0_0_0186423_i_out | {2 }
	Port: p_0_0_0_0178414_i_out | {2 }
 - Input state : 
	Port: AXIvideo2MultiPixStream_Pipeline_loop_width : p_4_0_0_0186422_lcssa447_i | {1 }
	Port: AXIvideo2MultiPixStream_Pipeline_loop_width : p_0_0_0_0178415_lcssa431_i | {1 }
	Port: AXIvideo2MultiPixStream_Pipeline_loop_width : sof_4_i | {1 }
	Port: AXIvideo2MultiPixStream_Pipeline_loop_width : colorFormat_val27 | {1 }
	Port: AXIvideo2MultiPixStream_Pipeline_loop_width : trunc_ln_i | {1 }
	Port: AXIvideo2MultiPixStream_Pipeline_loop_width : srcYUV | {}
	Port: AXIvideo2MultiPixStream_Pipeline_loop_width : s_axis_video_V_data_V | {2 }
	Port: AXIvideo2MultiPixStream_Pipeline_loop_width : s_axis_video_V_keep_V | {2 }
	Port: AXIvideo2MultiPixStream_Pipeline_loop_width : s_axis_video_V_strb_V | {2 }
	Port: AXIvideo2MultiPixStream_Pipeline_loop_width : s_axis_video_V_user_V | {2 }
	Port: AXIvideo2MultiPixStream_Pipeline_loop_width : s_axis_video_V_last_V | {2 }
	Port: AXIvideo2MultiPixStream_Pipeline_loop_width : s_axis_video_V_id_V | {2 }
	Port: AXIvideo2MultiPixStream_Pipeline_loop_width : s_axis_video_V_dest_V | {2 }
  - Chain level:
	State 1
		store_ln850 : 1
		j_3 : 1
		icmp_ln850 : 2
		j_4 : 2
		br_ln850 : 3
		store_ln850 : 3
	State 2
		or_ln854 : 1
		br_ln854 : 1
		store_ln861 : 1
		store_ln861 : 1
		write_ln0 : 1
		write_ln0 : 1
	State 3
		tmp_2_i : 1
		trunc_ln63 : 1
		select_ln880 : 2
		tmp_4_i : 1
		select_ln880_1 : 2
		select_ln880_2 : 2
		tmp_5_i : 1
		tmp_6_i : 1
		tmp_i : 2
		tmp_7_i : 1
		empty : 2
		empty_198 : 2
		or_ln894_9_i : 3
		write_ln894 : 4


============================================================
+ Verbose Summary: Datapath Resource usage 
============================================================

* Functional unit list:
|----------|---------------------------------------------|---------|---------|
| Operation|               Functional Unit               |    FF   |   LUT   |
|----------|---------------------------------------------|---------|---------|
|          |              icmp_ln880_fu_213              |    0    |    15   |
|   icmp   |              icmp_ln850_fu_237              |    0    |    17   |
|          |             icmp_ln880_1_fu_364             |    0    |    15   |
|----------|---------------------------------------------|---------|---------|
|          |             select_ln880_fu_296             |    0    |    8    |
|          |            select_ln880_1_fu_311            |    0    |    8    |
|  select  |            select_ln880_2_fu_318            |    0    |    8    |
|          |                 empty_fu_369                |    0    |    8    |
|          |               empty_198_fu_377              |    0    |    8    |
|----------|---------------------------------------------|---------|---------|
|    add   |                  j_4_fu_243                 |    0    |    17   |
|----------|---------------------------------------------|---------|---------|
| sparsemux|                 tmp_i_fu_341                |    0    |    9    |
|----------|---------------------------------------------|---------|---------|
|    or    |               or_ln854_fu_254               |    0    |    2    |
|----------|---------------------------------------------|---------|---------|
|          |         trunc_ln_i_read_read_fu_122         |    0    |    0    |
|          |      colorFormat_val27_read_read_fu_128     |    0    |    0    |
|   read   |           sof_4_i_read_read_fu_134          |    0    |    0    |
|          | p_0_0_0_0178415_lcssa431_i_read_read_fu_140 |    0    |    0    |
|          | p_4_0_0_0186422_lcssa447_i_read_read_fu_146 |    0    |    0    |
|          |            empty_199_read_fu_152            |    0    |    0    |
|----------|---------------------------------------------|---------|---------|
|          |           write_ln894_write_fu_170          |    0    |    0    |
|   write  |            write_ln0_write_fu_177           |    0    |    0    |
|          |            write_ln0_write_fu_184           |    0    |    0    |
|----------|---------------------------------------------|---------|---------|
|extractvalue|                  p_s_fu_260                 |    0    |    0    |
|          |                 eol_1_fu_264                |    0    |    0    |
|----------|---------------------------------------------|---------|---------|
|          |                tmp_2_i_fu_284               |    0    |    0    |
|          |                tmp_4_i_fu_303               |    0    |    0    |
|partselect|                tmp_5_i_fu_325               |    0    |    0    |
|          |                tmp_6_i_fu_333               |    0    |    0    |
|          |                tmp_7_i_fu_356               |    0    |    0    |
|----------|---------------------------------------------|---------|---------|
|   trunc  |              trunc_ln63_fu_292              |    0    |    0    |
|----------|---------------------------------------------|---------|---------|
|bitconcatenate|             or_ln894_9_i_fu_385             |    0    |    0    |
|----------|---------------------------------------------|---------|---------|
|   Total  |                                             |    0    |   115   |
|----------|---------------------------------------------|---------|---------|

Memories:
N/A

* Register list:
+------------------------------+--------+
|                              |   FF   |
+------------------------------+--------+
|colorFormat_val27_read_reg_433|    8   |
|         eol_2_reg_458        |    1   |
|          eol_reg_191         |    1   |
|      icmp_ln850_reg_451      |    1   |
|      icmp_ln880_reg_444      |    1   |
|           j_reg_410          |   10   |
|   p_0_0_0_0178414_i_reg_417  |   48   |
|   p_4_0_0_0186423_i_reg_425  |    1   |
|     sof_4_i_read_reg_439     |    1   |
|          sof_reg_202         |    1   |
+------------------------------+--------+
|             Total            |   73   |
+------------------------------+--------+

* Multiplexer (MUX) list: 
|--------|------|------|------|--------|
|  Comp  |  Pin | Size |  BW  | S x BW |
|--------|------|------|------|--------|
|  Total |      |      |      |    0   |
|--------|------|------|------|--------|



* Summary:
+-----------+--------+--------+
|           |   FF   |   LUT  |
+-----------+--------+--------+
|  Function |    0   |   115  |
|   Memory  |    -   |    -   |
|Multiplexer|    -   |    -   |
|  Register |   73   |    -   |
+-----------+--------+--------+
|   Total   |   73   |   115  |
+-----------+--------+--------+
