

================================================================
== Vitis HLS Report for 'AXIvideo2MultiPixStream'
================================================================
* Date:           Wed Jun  3 12:59:09 2026

* Version:        2025.2 (Build 6295257 on Nov 14 2025)
* Project:        prj
* Solution:       sol (Vivado IP Flow Target)
* Product family: artixuplus
* Target device:  xcau15p-ffvb676-2-e


================================================================
== Performance Estimates
================================================================
+ Timing: 
    * Summary: 
    +--------+----------+----------+------------+
    |  Clock |  Target  | Estimated| Uncertainty|
    +--------+----------+----------+------------+
    |ap_clk  |  10.00 ns|  3.196 ns|     2.70 ns|
    +--------+----------+----------+------------+

+ Latency: 
    * Summary: 
    +---------+---------+-----------+-----------+-----+---------+---------+
    |  Latency (cycles) |   Latency (absolute)  |    Interval   | Pipeline|
    |   min   |   max   |    min    |    max    | min |   max   |   Type  |
    +---------+---------+-----------+-----------+-----+---------+---------+
    |        2|  1047606|  20.000 ns|  10.476 ms|    2|  1047606|       no|
    +---------+---------+-----------+-----------+-----+---------+---------+

    + Detail: 
        * Instance: 
        +-----------------------------------------------------------------+------------------------------------------------------+---------+---------+-----------+-----------+-----+-----+-------------------+
        |                                                                 |                                                      |  Latency (cycles) |   Latency (absolute)  |  Interval |      Pipeline     |
        |                             Instance                            |                        Module                        |   min   |   max   |    min    |    max    | min | max |        Type       |
        +-----------------------------------------------------------------+------------------------------------------------------+---------+---------+-----------+-----------+-----+-----+-------------------+
        |grp_AXIvideo2MultiPixStream_Pipeline_loop_wait_for_start_fu_158  |AXIvideo2MultiPixStream_Pipeline_loop_wait_for_start  |        2|        2|  20.000 ns|  20.000 ns|    0|    0|  loop pipeline stp|
        |grp_AXIvideo2MultiPixStream_Pipeline_loop_width_fu_178           |AXIvideo2MultiPixStream_Pipeline_loop_width           |        3|      963|  30.000 ns|   9.630 us|    0|    0|  loop pipeline stp|
        |grp_AXIvideo2MultiPixStream_Pipeline_loop_wait_for_eol_fu_207    |AXIvideo2MultiPixStream_Pipeline_loop_wait_for_eol    |        2|        2|  20.000 ns|  20.000 ns|    0|    0|  loop pipeline stp|
        |grp_reg_unsigned_short_6_fu_230                                  |reg_unsigned_short_6                                  |        1|        1|  10.000 ns|  10.000 ns|    1|    1|                yes|
        |grp_reg_unsigned_short_6_fu_236                                  |reg_unsigned_short_6                                  |        1|        1|  10.000 ns|  10.000 ns|    1|    1|                yes|
        +-----------------------------------------------------------------+------------------------------------------------------+---------+---------+-----------+-----------+-----+-----+-------------------+

        * Loop: 
        +---------------+---------+---------+----------+-----------+-----------+----------+----------+
        |               |  Latency (cycles) | Iteration|  Initiation Interval  |   Trip   |          |
        |   Loop Name   |   min   |   max   |  Latency |  achieved |   target  |   Count  | Pipelined|
        +---------------+---------+---------+----------+-----------+-----------+----------+----------+
        |- loop_height  |        0|  1047600|  10 ~ 970|          -|          -|  0 ~ 1080|        no|
        +---------------+---------+---------+----------+-----------+-----------+----------+----------+



================================================================
== Utilization Estimates
================================================================
* Summary: 
+-----------------+---------+-----+--------+-------+-----+
|       Name      | BRAM_18K| DSP |   FF   |  LUT  | URAM|
+-----------------+---------+-----+--------+-------+-----+
|DSP              |        -|    -|       -|      -|    -|
|Expression       |        -|    -|       0|     76|    -|
|FIFO             |        -|    -|       -|      -|    -|
|Instance         |        -|    -|     111|    338|    -|
|Memory           |        -|    -|       -|      -|    -|
|Multiplexer      |        -|    -|       0|    119|    -|
|Register         |        -|    -|     110|      -|    -|
+-----------------+---------+-----+--------+-------+-----+
|Total            |        0|    0|     221|    533|    0|
+-----------------+---------+-----+--------+-------+-----+
|Available        |      288|  576|  155520|  77760|    0|
+-----------------+---------+-----+--------+-------+-----+
|Utilization (%)  |        0|    0|      ~0|     ~0|    0|
+-----------------+---------+-----+--------+-------+-----+

+ Detail: 
    * Instance: 
    +-----------------------------------------------------------------+------------------------------------------------------+---------+----+----+-----+-----+
    |                             Instance                            |                        Module                        | BRAM_18K| DSP| FF | LUT | URAM|
    +-----------------------------------------------------------------+------------------------------------------------------+---------+----+----+-----+-----+
    |grp_AXIvideo2MultiPixStream_Pipeline_loop_wait_for_eol_fu_207    |AXIvideo2MultiPixStream_Pipeline_loop_wait_for_eol    |        0|   0|   4|   52|    0|
    |grp_AXIvideo2MultiPixStream_Pipeline_loop_wait_for_start_fu_158  |AXIvideo2MultiPixStream_Pipeline_loop_wait_for_start  |        0|   0|   4|   47|    0|
    |grp_AXIvideo2MultiPixStream_Pipeline_loop_width_fu_178           |AXIvideo2MultiPixStream_Pipeline_loop_width           |        0|   0|  77|  235|    0|
    |grp_reg_unsigned_short_6_fu_230                                  |reg_unsigned_short_6                                  |        0|   0|  13|    2|    0|
    |grp_reg_unsigned_short_6_fu_236                                  |reg_unsigned_short_6                                  |        0|   0|  13|    2|    0|
    +-----------------------------------------------------------------+------------------------------------------------------+---------+----+----+-----+-----+
    |Total                                                            |                                                      |        0|   0| 111|  338|    0|
    +-----------------------------------------------------------------+------------------------------------------------------+---------+----+----+-----+-----+

    * DSP: 
    N/A

    * Memory: 
    N/A

    * FIFO: 
    N/A

    * Expression: 
    +-----------------------+----------+----+---+----+------------+------------+
    |     Variable Name     | Operation| DSP| FF| LUT| Bitwidth P0| Bitwidth P1|
    +-----------------------+----------+----+---+----+------------+------------+
    |i_4_fu_323_p2          |         +|   0|  0|  18|          11|           1|
    |and_ln897_1_fu_333_p2  |       and|   0|  0|   2|           1|           1|
    |and_ln897_fu_389_p2    |       and|   0|  0|   2|           1|           1|
    |icmp_ln834_fu_242_p2   |      icmp|   0|  0|  15|           8|           1|
    |icmp_ln845_fu_318_p2   |      icmp|   0|  0|  18|          11|          11|
    |icmp_ln850_fu_304_p2   |      icmp|   0|  0|  17|          10|           1|
    |ap_block_state1        |        or|   0|  0|   2|           1|           1|
    |xor_ln897_fu_309_p2    |       xor|   0|  0|   2|           1|           2|
    +-----------------------+----------+----+---+----+------------+------------+
    |Total                  |          |   0|  0|  76|          44|          19|
    +-----------------------+----------+----+---+----+------------+------------+

    * Multiplexer: 
    +------------------------------------+----+-----------+-----+-----------+
    |                Name                | LUT| Input Size| Bits| Total Bits|
    +------------------------------------+----+-----------+-----+-----------+
    |ap_NS_fsm                           |  54|         10|    1|         10|
    |ap_done                             |   9|          2|    1|          2|
    |i_fu_104                            |   9|          2|   11|         22|
    |p_0_0_0_0178415_lcssa431_i_fu_108   |   9|          2|   48|         96|
    |p_4_0_0_0186422_lcssa447_i_reg_136  |   9|          2|    1|          2|
    |s_axis_video_TREADY                 |  20|          4|    1|          4|
    |sof_reg_146                         |   9|          2|    1|          2|
    +------------------------------------+----+-----------+-----+-----------+
    |Total                               | 119|         24|   64|        138|
    +------------------------------------+----+-----------+-----+-----------+

    * Register: 
    +------------------------------------------------------------------------------+----+----+-----+-----------+
    |                                     Name                                     | FF | LUT| Bits| Const Bits|
    +------------------------------------------------------------------------------+----+----+-----+-----------+
    |and_ln897_1_reg_523                                                           |   1|   0|    1|          0|
    |and_ln897_reg_534                                                             |   1|   0|    1|          0|
    |ap_CS_fsm                                                                     |   9|   0|    9|          0|
    |ap_done_reg                                                                   |   1|   0|    1|          0|
    |axi_last_i_loc_fu_100                                                         |   1|   0|    1|          0|
    |colorFormat_val27_read_reg_470                                                |   8|   0|    8|          0|
    |grp_AXIvideo2MultiPixStream_Pipeline_loop_wait_for_eol_fu_207_ap_start_reg    |   1|   0|    1|          0|
    |grp_AXIvideo2MultiPixStream_Pipeline_loop_wait_for_start_fu_158_ap_start_reg  |   1|   0|    1|          0|
    |grp_AXIvideo2MultiPixStream_Pipeline_loop_width_fu_178_ap_start_reg           |   1|   0|    1|          0|
    |i_fu_104                                                                      |  11|   0|   11|          0|
    |icmp_ln834_reg_480                                                            |   1|   0|    1|          0|
    |icmp_ln850_reg_507                                                            |   1|   0|    1|          0|
    |p_0_0_0_0178415_lcssa431_i_fu_108                                             |  48|   0|   48|          0|
    |p_4_0_0_0186422_lcssa445_i_loc_fu_88                                          |   1|   0|    1|          0|
    |p_4_0_0_0186422_lcssa447_i_reg_136                                            |   1|   0|    1|          0|
    |rows_reg_475                                                                  |  11|   0|   11|          0|
    |sof_reg_146                                                                   |   1|   0|    1|          0|
    |trunc_ln_i_reg_498                                                            |  10|   0|   10|          0|
    |xor_ln897_reg_512                                                             |   1|   0|    1|          0|
    +------------------------------------------------------------------------------+----+----+-----+-----------+
    |Total                                                                         | 110|   0|  110|          0|
    +------------------------------------------------------------------------------+----+----+-----+-----------+



================================================================
== Interface
================================================================
* Summary: 
+-----------------------+-----+-----+------------+-------------------------+--------------+
|       RTL Ports       | Dir | Bits|  Protocol  |      Source Object      |    C Type    |
+-----------------------+-----+-----+------------+-------------------------+--------------+
|ap_clk                 |   in|    1|  ap_ctrl_hs|  AXIvideo2MultiPixStream|  return value|
|ap_rst                 |   in|    1|  ap_ctrl_hs|  AXIvideo2MultiPixStream|  return value|
|ap_start               |   in|    1|  ap_ctrl_hs|  AXIvideo2MultiPixStream|  return value|
|ap_done                |  out|    1|  ap_ctrl_hs|  AXIvideo2MultiPixStream|  return value|
|ap_continue            |   in|    1|  ap_ctrl_hs|  AXIvideo2MultiPixStream|  return value|
|ap_idle                |  out|    1|  ap_ctrl_hs|  AXIvideo2MultiPixStream|  return value|
|ap_ready               |  out|    1|  ap_ctrl_hs|  AXIvideo2MultiPixStream|  return value|
|s_axis_video_TDATA     |   in|   48|        axis|    s_axis_video_V_data_V|       pointer|
|s_axis_video_TVALID    |   in|    1|        axis|    s_axis_video_V_dest_V|       pointer|
|s_axis_video_TREADY    |  out|    1|        axis|    s_axis_video_V_dest_V|       pointer|
|s_axis_video_TDEST     |   in|    1|        axis|    s_axis_video_V_dest_V|       pointer|
|s_axis_video_TKEEP     |   in|    6|        axis|    s_axis_video_V_keep_V|       pointer|
|s_axis_video_TSTRB     |   in|    6|        axis|    s_axis_video_V_strb_V|       pointer|
|s_axis_video_TUSER     |   in|    1|        axis|    s_axis_video_V_user_V|       pointer|
|s_axis_video_TLAST     |   in|    1|        axis|    s_axis_video_V_last_V|       pointer|
|s_axis_video_TID       |   in|    1|        axis|      s_axis_video_V_id_V|       pointer|
|srcYUV_din             |  out|   48|     ap_fifo|                   srcYUV|       pointer|
|srcYUV_full_n          |   in|    1|     ap_fifo|                   srcYUV|       pointer|
|srcYUV_write           |  out|    1|     ap_fifo|                   srcYUV|       pointer|
|srcYUV_num_data_valid  |   in|    5|     ap_fifo|                   srcYUV|       pointer|
|srcYUV_fifo_cap        |   in|    5|     ap_fifo|                   srcYUV|       pointer|
|enableInput_val18      |   in|    8|   ap_stable|        enableInput_val18|        scalar|
|height_val5            |   in|   11|   ap_stable|              height_val5|        scalar|
|width_val10            |   in|   11|   ap_stable|              width_val10|        scalar|
|colorFormat_val27      |   in|    8|   ap_stable|        colorFormat_val27|        scalar|
+-----------------------+-----+-----+------------+-------------------------+--------------+

============================================================
+ Verbose Summary: Synthesis Manager
============================================================
InlineROM: 1
ExposeGlobal: 0
============================================================
+ Verbose Summary: CDFG Model
============================================================
IsTopModel: 0
ResetActiveHigh: 1
IsCombinational: 2
IsDatapathOnly: 0
HasWiredReturn: 1
HasMFsm: 0
HasVarLatency: 1
IsPipeline: 0
IsRtlPipelined: 0
IsInstanceOverlapped: 0
IsDontTouch: 0
HasImplIP: 0
IsGatedGlobalClock: 0


============================================================
+ Verbose Summary: Schedule
============================================================
* Number of FSM states : 9
* Pipeline : 0
* Dataflow Pipeline: 0

* FSM state transitions: 
1 --> 2 
2 --> 3 5 
3 --> 4 
4 --> 5 
5 --> 6 
6 --> 7 
7 --> 8 
8 --> 9 
9 --> 5 

* FSM state operations: 

State 1 <SV = 0> <Delay = 1.83>
ST_1 : Operation 10 [1/1] (1.83ns)   --->   "%width_val10_read = read i11 @_ssdm_op_Read.ap_auto.i11, i11 %width_val10"   --->   Operation 10 'read' 'width_val10_read' <Predicate = true> <Delay = 1.83> <CoreInst = "FIFO_SRL">   --->   Core 80 'FIFO_SRL' <Latency = 0> <II = 1> <Delay = 1.83> <Storage> <Opcode : 'read' 'write' 'nbread' 'nbwrite'> <Ports = 0> <Width = 11> <Depth = 2> <FIFO>
ST_1 : Operation 11 [1/1] (1.83ns)   --->   "%height_val5_read = read i11 @_ssdm_op_Read.ap_auto.i11, i11 %height_val5"   --->   Operation 11 'read' 'height_val5_read' <Predicate = true> <Delay = 1.83> <CoreInst = "FIFO_SRL">   --->   Core 80 'FIFO_SRL' <Latency = 0> <II = 1> <Delay = 1.83> <Storage> <Opcode : 'read' 'write' 'nbread' 'nbwrite'> <Ports = 0> <Width = 11> <Depth = 2> <FIFO>
ST_1 : Operation 12 [1/1] (0.00ns)   --->   "%p_4_0_0_0186422_lcssa445_i_loc = alloca i64 1"   --->   Operation 12 'alloca' 'p_4_0_0_0186422_lcssa445_i_loc' <Predicate = true> <Delay = 0.00>
ST_1 : Operation 13 [1/1] (0.00ns)   --->   "%p_0_0_0_0178414_i_loc = alloca i64 1"   --->   Operation 13 'alloca' 'p_0_0_0_0178414_i_loc' <Predicate = true> <Delay = 0.00>
ST_1 : Operation 14 [1/1] (0.00ns)   --->   "%p_4_0_0_0186423_i_loc = alloca i64 1"   --->   Operation 14 'alloca' 'p_4_0_0_0186423_i_loc' <Predicate = true> <Delay = 0.00>
ST_1 : Operation 15 [1/1] (0.00ns)   --->   "%axi_last_i_loc = alloca i64 1"   --->   Operation 15 'alloca' 'axi_last_i_loc' <Predicate = true> <Delay = 0.00>
ST_1 : Operation 16 [2/2] (0.00ns)   --->   "%rows = call i11 @reg<unsigned short>6, i11 %height_val5_read" [prj/sol/.autopilot/db/v_tpg.cpp:827->prj/sol/.autopilot/db/v_tpg.cpp:342]   --->   Operation 16 'call' 'rows' <Predicate = true> <Delay = 0.00> <CoreType = "Generic">   --->   Generic Core
ST_1 : Operation 17 [2/2] (0.00ns)   --->   "%cols = call i11 @reg<unsigned short>6, i11 %width_val10_read" [prj/sol/.autopilot/db/v_tpg.cpp:828->prj/sol/.autopilot/db/v_tpg.cpp:342]   --->   Operation 17 'call' 'cols' <Predicate = true> <Delay = 0.00> <CoreType = "Generic">   --->   Generic Core

State 2 <SV = 1> <Delay = 1.27>
ST_2 : Operation 18 [1/1] (0.00ns)   --->   "%colorFormat_val27_read = read i8 @_ssdm_op_Read.ap_auto.i8, i8 %colorFormat_val27"   --->   Operation 18 'read' 'colorFormat_val27_read' <Predicate = true> <Delay = 0.00>
ST_2 : Operation 19 [1/1] (0.00ns)   --->   "%enableInput_val18_read = read i8 @_ssdm_op_Read.ap_auto.i8, i8 %enableInput_val18"   --->   Operation 19 'read' 'enableInput_val18_read' <Predicate = true> <Delay = 0.00>
ST_2 : Operation 20 [1/1] (0.00ns)   --->   "%specstablecontent_ln0 = specstablecontent void @_ssdm_op_SpecStableContent, i8 %colorFormat_val27, i1 1, void @p_str"   --->   Operation 20 'specstablecontent' 'specstablecontent_ln0' <Predicate = true> <Delay = 0.00>
ST_2 : Operation 21 [1/1] (0.00ns)   --->   "%specstablecontent_ln0 = specstablecontent void @_ssdm_op_SpecStableContent, i8 %enableInput_val18, i1 1, void @p_str"   --->   Operation 21 'specstablecontent' 'specstablecontent_ln0' <Predicate = true> <Delay = 0.00>
ST_2 : Operation 22 [1/1] (0.00ns)   --->   "%specstablecontent_ln0 = specstablecontent void @_ssdm_op_SpecStableContent, i11 %width_val10, i1 1, void @p_str"   --->   Operation 22 'specstablecontent' 'specstablecontent_ln0' <Predicate = true> <Delay = 0.00>
ST_2 : Operation 23 [1/1] (0.00ns)   --->   "%specstablecontent_ln0 = specstablecontent void @_ssdm_op_SpecStableContent, i11 %height_val5, i1 1, void @p_str"   --->   Operation 23 'specstablecontent' 'specstablecontent_ln0' <Predicate = true> <Delay = 0.00>
ST_2 : Operation 24 [1/1] (0.00ns)   --->   "%specaxissidechannel_ln0 = specaxissidechannel void @_ssdm_op_SpecAXISSideChannel, i48 %s_axis_video_V_data_V, i6 %s_axis_video_V_keep_V, i6 %s_axis_video_V_strb_V, i1 %s_axis_video_V_user_V, i1 %s_axis_video_V_last_V, i1 %s_axis_video_V_id_V, i1 %s_axis_video_V_dest_V, void @empty_34"   --->   Operation 24 'specaxissidechannel' 'specaxissidechannel_ln0' <Predicate = true> <Delay = 0.00>
ST_2 : Operation 25 [1/1] (0.00ns)   --->   "%specinterface_ln0 = specinterface void @_ssdm_op_SpecInterface, i48 %srcYUV, void @empty_35, i32 0, i32 0, void @empty_15, i32 0, i32 0, void @empty_15, void @empty_15, void @empty_15, i32 0, i32 0, i32 0, i32 0, void @empty_15, void @empty_15, i32 4294967295, i32 0, i32 0, i32 0"   --->   Operation 25 'specinterface' 'specinterface_ln0' <Predicate = true> <Delay = 0.00>
ST_2 : Operation 26 [1/1] (0.00ns)   --->   "%specinterface_ln0 = specinterface void @_ssdm_op_SpecInterface, i48 %s_axis_video_V_data_V, i6 %s_axis_video_V_keep_V, i6 %s_axis_video_V_strb_V, i1 %s_axis_video_V_user_V, i1 %s_axis_video_V_last_V, i1 %s_axis_video_V_id_V, i1 %s_axis_video_V_dest_V, void @empty_13, i32 0, i32 0, void @empty_4, i32 0, i32 0, void @empty_15, void @empty_15, void @empty_15, i32 0, i32 0, i32 0, i32 0, void @empty_15, void @empty_15, i32 4294967295, i32 0, i32 0, i32 0"   --->   Operation 26 'specinterface' 'specinterface_ln0' <Predicate = true> <Delay = 0.00>
ST_2 : Operation 27 [1/2] (0.00ns)   --->   "%rows = call i11 @reg<unsigned short>6, i11 %height_val5_read" [prj/sol/.autopilot/db/v_tpg.cpp:827->prj/sol/.autopilot/db/v_tpg.cpp:342]   --->   Operation 27 'call' 'rows' <Predicate = true> <Delay = 0.00> <CoreType = "Generic">   --->   Generic Core
ST_2 : Operation 28 [1/2] (0.00ns)   --->   "%cols = call i11 @reg<unsigned short>6, i11 %width_val10_read" [prj/sol/.autopilot/db/v_tpg.cpp:828->prj/sol/.autopilot/db/v_tpg.cpp:342]   --->   Operation 28 'call' 'cols' <Predicate = true> <Delay = 0.00> <CoreType = "Generic">   --->   Generic Core
ST_2 : Operation 29 [1/1] (0.76ns)   --->   "%icmp_ln834 = icmp_eq  i8 %enableInput_val18_read, i8 0" [prj/sol/.autopilot/db/v_tpg.cpp:834->prj/sol/.autopilot/db/v_tpg.cpp:342]   --->   Operation 29 'icmp' 'icmp_ln834' <Predicate = true> <Delay = 0.76> <CoreInst = "Cmp">   --->   Core 9 'Cmp' <Latency = 0> <II = 1> <Delay = 0.76> <FuncUnit> <Opcode : 'seteq' 'setne' 'setle' 'setge' 'setlt' 'setgt'> <InPorts = 2> <OutPorts = 1>
ST_2 : Operation 30 [1/1] (0.00ns)   --->   "%br_ln834 = br i1 %icmp_ln834, void %while.cond.preheader.i, void %AXIvideo2MultiPixStream.exit" [prj/sol/.autopilot/db/v_tpg.cpp:834->prj/sol/.autopilot/db/v_tpg.cpp:342]   --->   Operation 30 'br' 'br_ln834' <Predicate = true> <Delay = 0.00>
ST_2 : Operation 31 [1/1] (0.00ns)   --->   "%i = alloca i32 1" [prj/sol/.autopilot/db/v_tpg.cpp:845->prj/sol/.autopilot/db/v_tpg.cpp:342]   --->   Operation 31 'alloca' 'i' <Predicate = (!icmp_ln834)> <Delay = 0.00>
ST_2 : Operation 32 [1/1] (0.00ns)   --->   "%p_0_0_0_0178415_lcssa431_i = alloca i32 1"   --->   Operation 32 'alloca' 'p_0_0_0_0178415_lcssa431_i' <Predicate = (!icmp_ln834)> <Delay = 0.00>
ST_2 : Operation 33 [2/2] (0.50ns)   --->   "%call_ln0 = call void @AXIvideo2MultiPixStream_Pipeline_loop_wait_for_start, i48 %s_axis_video_V_data_V, i6 %s_axis_video_V_keep_V, i6 %s_axis_video_V_strb_V, i1 %s_axis_video_V_user_V, i1 %s_axis_video_V_last_V, i1 %s_axis_video_V_id_V, i1 %s_axis_video_V_dest_V, i1 %axi_last_i_loc, i48 %p_0_0_0_0178415_lcssa431_i"   --->   Operation 33 'call' 'call_ln0' <Predicate = (!icmp_ln834)> <Delay = 0.50> <CoreType = "Generic">   --->   Generic Core
ST_2 : Operation 34 [1/1] (0.00ns)   --->   "%trunc_ln_i = partselect i10 @_ssdm_op_PartSelect.i10.i11.i32.i32, i11 %cols, i32 1, i32 10" [prj/sol/.autopilot/db/v_tpg.cpp:832->prj/sol/.autopilot/db/v_tpg.cpp:342]   --->   Operation 34 'partselect' 'trunc_ln_i' <Predicate = (!icmp_ln834)> <Delay = 0.00>
ST_2 : Operation 35 [1/1] (0.42ns)   --->   "%store_ln845 = store i11 0, i11 %i" [prj/sol/.autopilot/db/v_tpg.cpp:845->prj/sol/.autopilot/db/v_tpg.cpp:342]   --->   Operation 35 'store' 'store_ln845' <Predicate = (!icmp_ln834)> <Delay = 0.42>

State 3 <SV = 2> <Delay = 0.85>
ST_3 : Operation 36 [1/2] (0.85ns)   --->   "%call_ln0 = call void @AXIvideo2MultiPixStream_Pipeline_loop_wait_for_start, i48 %s_axis_video_V_data_V, i6 %s_axis_video_V_keep_V, i6 %s_axis_video_V_strb_V, i1 %s_axis_video_V_user_V, i1 %s_axis_video_V_last_V, i1 %s_axis_video_V_id_V, i1 %s_axis_video_V_dest_V, i1 %axi_last_i_loc, i48 %p_0_0_0_0178415_lcssa431_i"   --->   Operation 36 'call' 'call_ln0' <Predicate = true> <Delay = 0.85> <CoreType = "Generic">   --->   Generic Core

State 4 <SV = 3> <Delay = 1.06>
ST_4 : Operation 37 [1/1] (0.00ns)   --->   "%fence_ln832 = fence void @_ssdm_op_Fence, i48 %s_axis_video_V_data_V, i6 %s_axis_video_V_keep_V, i6 %s_axis_video_V_strb_V, i1 %s_axis_video_V_user_V, i1 %s_axis_video_V_last_V, i1 %s_axis_video_V_id_V, i1 %s_axis_video_V_dest_V, i32 4294967295, i48 %s_axis_video_V_data_V, i6 %s_axis_video_V_keep_V, i6 %s_axis_video_V_strb_V, i1 %s_axis_video_V_user_V, i1 %s_axis_video_V_last_V, i1 %s_axis_video_V_id_V, i1 %s_axis_video_V_dest_V, i48 %srcYUV, i32 0" [prj/sol/.autopilot/db/v_tpg.cpp:832->prj/sol/.autopilot/db/v_tpg.cpp:342]   --->   Operation 37 'fence' 'fence_ln832' <Predicate = true> <Delay = 0.00>
ST_4 : Operation 38 [1/1] (0.00ns)   --->   "%axi_last_i_loc_load = load i1 %axi_last_i_loc"   --->   Operation 38 'load' 'axi_last_i_loc_load' <Predicate = true> <Delay = 0.00>
ST_4 : Operation 39 [1/1] (0.78ns)   --->   "%icmp_ln850 = icmp_ne  i10 %trunc_ln_i, i10 0" [prj/sol/.autopilot/db/v_tpg.cpp:850->prj/sol/.autopilot/db/v_tpg.cpp:342]   --->   Operation 39 'icmp' 'icmp_ln850' <Predicate = true> <Delay = 0.78> <CoreInst = "Cmp">   --->   Core 9 'Cmp' <Latency = 0> <II = 1> <Delay = 0.78> <FuncUnit> <Opcode : 'seteq' 'setne' 'setle' 'setge' 'setlt' 'setgt'> <InPorts = 2> <OutPorts = 1>
ST_4 : Operation 40 [1/1] (0.28ns)   --->   "%xor_ln897 = xor i1 %icmp_ln850, i1 1" [prj/sol/.autopilot/db/v_tpg.cpp:897->prj/sol/.autopilot/db/v_tpg.cpp:342]   --->   Operation 40 'xor' 'xor_ln897' <Predicate = true> <Delay = 0.28> <CoreInst = "LogicGate">   --->   Core 74 'LogicGate' <Latency = 0> <II = 1> <Delay = 0.28> <FuncUnit> <Opcode : 'and' 'or' 'xor'> <InPorts = 2> <OutPorts = 1>
ST_4 : Operation 41 [1/1] (0.42ns)   --->   "%br_ln845 = br void %loop_width.i" [prj/sol/.autopilot/db/v_tpg.cpp:845->prj/sol/.autopilot/db/v_tpg.cpp:342]   --->   Operation 41 'br' 'br_ln845' <Predicate = true> <Delay = 0.42>

State 5 <SV = 4> <Delay = 2.01>
ST_5 : Operation 42 [1/1] (0.00ns)   --->   "%p_4_0_0_0186422_lcssa447_i = phi i1 %axi_last_i_loc_load, void %while.cond.preheader.i, i1 %p_4_0_0_0186422_lcssa445_i_loc_load, void %for.body12.lr.ph.i"   --->   Operation 42 'phi' 'p_4_0_0_0186422_lcssa447_i' <Predicate = (!icmp_ln834)> <Delay = 0.00>
ST_5 : Operation 43 [1/1] (0.00ns)   --->   "%sof = phi i1 1, void %while.cond.preheader.i, i1 %and_ln897_1, void %for.body12.lr.ph.i" [prj/sol/.autopilot/db/v_tpg.cpp:897->prj/sol/.autopilot/db/v_tpg.cpp:342]   --->   Operation 43 'phi' 'sof' <Predicate = (!icmp_ln834)> <Delay = 0.00>
ST_5 : Operation 44 [1/1] (0.00ns)   --->   "%i_3 = load i11 %i" [prj/sol/.autopilot/db/v_tpg.cpp:845->prj/sol/.autopilot/db/v_tpg.cpp:342]   --->   Operation 44 'load' 'i_3' <Predicate = (!icmp_ln834)> <Delay = 0.00>
ST_5 : Operation 45 [1/1] (0.79ns)   --->   "%icmp_ln845 = icmp_eq  i11 %i_3, i11 %rows" [prj/sol/.autopilot/db/v_tpg.cpp:845->prj/sol/.autopilot/db/v_tpg.cpp:342]   --->   Operation 45 'icmp' 'icmp_ln845' <Predicate = (!icmp_ln834)> <Delay = 0.79> <CoreInst = "Cmp">   --->   Core 9 'Cmp' <Latency = 0> <II = 1> <Delay = 0.79> <FuncUnit> <Opcode : 'seteq' 'setne' 'setle' 'setge' 'setlt' 'setgt'> <InPorts = 2> <OutPorts = 1>
ST_5 : Operation 46 [1/1] (0.00ns)   --->   "%speclooptripcount_ln0 = speclooptripcount void @_ssdm_op_SpecLoopTripCount, i64 0, i64 1080, i64 0"   --->   Operation 46 'speclooptripcount' 'speclooptripcount_ln0' <Predicate = (!icmp_ln834)> <Delay = 0.00>
ST_5 : Operation 47 [1/1] (0.79ns)   --->   "%i_4 = add i11 %i_3, i11 1" [prj/sol/.autopilot/db/v_tpg.cpp:845->prj/sol/.autopilot/db/v_tpg.cpp:342]   --->   Operation 47 'add' 'i_4' <Predicate = (!icmp_ln834)> <Delay = 0.79> <CoreInst = "Adder">   --->   Core 1 'Adder' <Latency = 0> <II = 1> <Delay = 0.79> <FuncUnit> <Opcode : 'add' 'sub'> <InPorts = 2> <OutPorts = 1>
ST_5 : Operation 48 [1/1] (0.00ns)   --->   "%br_ln845 = br i1 %icmp_ln845, void %for.body12.lr.ph.i, void %AXIvideo2MultiPixStream.exit.loopexit" [prj/sol/.autopilot/db/v_tpg.cpp:845->prj/sol/.autopilot/db/v_tpg.cpp:342]   --->   Operation 48 'br' 'br_ln845' <Predicate = (!icmp_ln834)> <Delay = 0.00>
ST_5 : Operation 49 [1/1] (0.00ns)   --->   "%p_0_0_0_0178415_lcssa431_i_load = load i48 %p_0_0_0_0178415_lcssa431_i"   --->   Operation 49 'load' 'p_0_0_0_0178415_lcssa431_i_load' <Predicate = (!icmp_ln834 & !icmp_ln845)> <Delay = 0.00>
ST_5 : Operation 50 [2/2] (1.21ns)   --->   "%call_ln897 = call void @AXIvideo2MultiPixStream_Pipeline_loop_width, i1 %p_4_0_0_0186422_lcssa447_i, i48 %p_0_0_0_0178415_lcssa431_i_load, i1 %sof, i8 %colorFormat_val27_read, i10 %trunc_ln_i, i48 %srcYUV, i48 %s_axis_video_V_data_V, i6 %s_axis_video_V_keep_V, i6 %s_axis_video_V_strb_V, i1 %s_axis_video_V_user_V, i1 %s_axis_video_V_last_V, i1 %s_axis_video_V_id_V, i1 %s_axis_video_V_dest_V, i1 %p_4_0_0_0186423_i_loc, i48 %p_0_0_0_0178414_i_loc" [prj/sol/.autopilot/db/v_tpg.cpp:897->prj/sol/.autopilot/db/v_tpg.cpp:342]   --->   Operation 50 'call' 'call_ln897' <Predicate = (!icmp_ln834 & !icmp_ln845)> <Delay = 1.21> <CoreType = "Generic">   --->   Generic Core
ST_5 : Operation 51 [1/1] (0.28ns)   --->   "%and_ln897_1 = and i1 %sof, i1 %xor_ln897" [prj/sol/.autopilot/db/v_tpg.cpp:897->prj/sol/.autopilot/db/v_tpg.cpp:342]   --->   Operation 51 'and' 'and_ln897_1' <Predicate = (!icmp_ln834 & !icmp_ln845)> <Delay = 0.28> <CoreInst = "LogicGate">   --->   Core 74 'LogicGate' <Latency = 0> <II = 1> <Delay = 0.28> <FuncUnit> <Opcode : 'and' 'or' 'xor'> <InPorts = 2> <OutPorts = 1>
ST_5 : Operation 52 [1/1] (0.42ns)   --->   "%store_ln845 = store i11 %i_4, i11 %i" [prj/sol/.autopilot/db/v_tpg.cpp:845->prj/sol/.autopilot/db/v_tpg.cpp:342]   --->   Operation 52 'store' 'store_ln845' <Predicate = (!icmp_ln834 & !icmp_ln845)> <Delay = 0.42>
ST_5 : Operation 53 [1/1] (0.00ns)   --->   "%br_ln0 = br void %AXIvideo2MultiPixStream.exit"   --->   Operation 53 'br' 'br_ln0' <Predicate = (!icmp_ln834 & icmp_ln845)> <Delay = 0.00>
ST_5 : Operation 54 [1/1] (0.00ns)   --->   "%ret_ln342 = ret" [prj/sol/.autopilot/db/v_tpg.cpp:342]   --->   Operation 54 'ret' 'ret_ln342' <Predicate = (icmp_ln845) | (icmp_ln834)> <Delay = 0.00>

State 6 <SV = 5> <Delay = 0.00>
ST_6 : Operation 55 [1/2] (0.00ns)   --->   "%call_ln897 = call void @AXIvideo2MultiPixStream_Pipeline_loop_width, i1 %p_4_0_0_0186422_lcssa447_i, i48 %p_0_0_0_0178415_lcssa431_i_load, i1 %sof, i8 %colorFormat_val27_read, i10 %trunc_ln_i, i48 %srcYUV, i48 %s_axis_video_V_data_V, i6 %s_axis_video_V_keep_V, i6 %s_axis_video_V_strb_V, i1 %s_axis_video_V_user_V, i1 %s_axis_video_V_last_V, i1 %s_axis_video_V_id_V, i1 %s_axis_video_V_dest_V, i1 %p_4_0_0_0186423_i_loc, i48 %p_0_0_0_0178414_i_loc" [prj/sol/.autopilot/db/v_tpg.cpp:897->prj/sol/.autopilot/db/v_tpg.cpp:342]   --->   Operation 55 'call' 'call_ln897' <Predicate = true> <Delay = 0.00> <CoreType = "Generic">   --->   Generic Core

State 7 <SV = 6> <Delay = 0.78>
ST_7 : Operation 56 [1/1] (0.00ns)   --->   "%fence_ln897 = fence void @_ssdm_op_Fence, i48 %s_axis_video_V_data_V, i6 %s_axis_video_V_keep_V, i6 %s_axis_video_V_strb_V, i1 %s_axis_video_V_user_V, i1 %s_axis_video_V_last_V, i1 %s_axis_video_V_id_V, i1 %s_axis_video_V_dest_V, i48 %srcYUV, i32 4294967295, i48 %s_axis_video_V_data_V, i6 %s_axis_video_V_keep_V, i6 %s_axis_video_V_strb_V, i1 %s_axis_video_V_user_V, i1 %s_axis_video_V_last_V, i1 %s_axis_video_V_id_V, i1 %s_axis_video_V_dest_V, i32 0" [prj/sol/.autopilot/db/v_tpg.cpp:897->prj/sol/.autopilot/db/v_tpg.cpp:342]   --->   Operation 56 'fence' 'fence_ln897' <Predicate = true> <Delay = 0.00>
ST_7 : Operation 57 [1/1] (0.00ns)   --->   "%p_4_0_0_0186423_i_loc_load = load i1 %p_4_0_0_0186423_i_loc"   --->   Operation 57 'load' 'p_4_0_0_0186423_i_loc_load' <Predicate = true> <Delay = 0.00>
ST_7 : Operation 58 [1/1] (0.00ns)   --->   "%p_0_0_0_0178414_i_loc_load = load i48 %p_0_0_0_0178414_i_loc"   --->   Operation 58 'load' 'p_0_0_0_0178414_i_loc_load' <Predicate = true> <Delay = 0.00>
ST_7 : Operation 59 [1/1] (0.28ns)   --->   "%and_ln897 = and i1 %icmp_ln850, i1 %p_4_0_0_0186423_i_loc_load" [prj/sol/.autopilot/db/v_tpg.cpp:897->prj/sol/.autopilot/db/v_tpg.cpp:342]   --->   Operation 59 'and' 'and_ln897' <Predicate = true> <Delay = 0.28> <CoreInst = "LogicGate">   --->   Core 74 'LogicGate' <Latency = 0> <II = 1> <Delay = 0.28> <FuncUnit> <Opcode : 'and' 'or' 'xor'> <InPorts = 2> <OutPorts = 1>
ST_7 : Operation 60 [1/1] (0.00ns)   --->   "%fence_ln897 = fence void @_ssdm_op_Fence, i48 %s_axis_video_V_data_V, i6 %s_axis_video_V_keep_V, i6 %s_axis_video_V_strb_V, i1 %s_axis_video_V_user_V, i1 %s_axis_video_V_last_V, i1 %s_axis_video_V_id_V, i1 %s_axis_video_V_dest_V, i48 %srcYUV, i32 4294967295, i48 %s_axis_video_V_data_V, i6 %s_axis_video_V_keep_V, i6 %s_axis_video_V_strb_V, i1 %s_axis_video_V_user_V, i1 %s_axis_video_V_last_V, i1 %s_axis_video_V_id_V, i1 %s_axis_video_V_dest_V, i32 0" [prj/sol/.autopilot/db/v_tpg.cpp:897->prj/sol/.autopilot/db/v_tpg.cpp:342]   --->   Operation 60 'fence' 'fence_ln897' <Predicate = true> <Delay = 0.00>
ST_7 : Operation 61 [2/2] (0.50ns)   --->   "%call_ln897 = call void @AXIvideo2MultiPixStream_Pipeline_loop_wait_for_eol, i1 %p_4_0_0_0186423_i_loc_load, i48 %p_0_0_0_0178414_i_loc_load, i1 %and_ln897, i48 %s_axis_video_V_data_V, i6 %s_axis_video_V_keep_V, i6 %s_axis_video_V_strb_V, i1 %s_axis_video_V_user_V, i1 %s_axis_video_V_last_V, i1 %s_axis_video_V_id_V, i1 %s_axis_video_V_dest_V, i1 %p_4_0_0_0186422_lcssa445_i_loc, i48 %p_0_0_0_0178415_lcssa431_i" [prj/sol/.autopilot/db/v_tpg.cpp:897->prj/sol/.autopilot/db/v_tpg.cpp:342]   --->   Operation 61 'call' 'call_ln897' <Predicate = true> <Delay = 0.50> <CoreType = "Generic">   --->   Generic Core

State 8 <SV = 7> <Delay = 0.85>
ST_8 : Operation 62 [1/2] (0.85ns)   --->   "%call_ln897 = call void @AXIvideo2MultiPixStream_Pipeline_loop_wait_for_eol, i1 %p_4_0_0_0186423_i_loc_load, i48 %p_0_0_0_0178414_i_loc_load, i1 %and_ln897, i48 %s_axis_video_V_data_V, i6 %s_axis_video_V_keep_V, i6 %s_axis_video_V_strb_V, i1 %s_axis_video_V_user_V, i1 %s_axis_video_V_last_V, i1 %s_axis_video_V_id_V, i1 %s_axis_video_V_dest_V, i1 %p_4_0_0_0186422_lcssa445_i_loc, i48 %p_0_0_0_0178415_lcssa431_i" [prj/sol/.autopilot/db/v_tpg.cpp:897->prj/sol/.autopilot/db/v_tpg.cpp:342]   --->   Operation 62 'call' 'call_ln897' <Predicate = true> <Delay = 0.85> <CoreType = "Generic">   --->   Generic Core

State 9 <SV = 8> <Delay = 0.00>
ST_9 : Operation 63 [1/1] (0.00ns)   --->   "%specloopname_ln845 = specloopname void @_ssdm_op_SpecLoopName, void @empty_2" [prj/sol/.autopilot/db/v_tpg.cpp:845->prj/sol/.autopilot/db/v_tpg.cpp:342]   --->   Operation 63 'specloopname' 'specloopname_ln845' <Predicate = true> <Delay = 0.00>
ST_9 : Operation 64 [1/1] (0.00ns)   --->   "%p_4_0_0_0186422_lcssa445_i_loc_load = load i1 %p_4_0_0_0186422_lcssa445_i_loc"   --->   Operation 64 'load' 'p_4_0_0_0186422_lcssa445_i_loc_load' <Predicate = true> <Delay = 0.00>
ST_9 : Operation 65 [1/1] (0.00ns)   --->   "%br_ln845 = br void %loop_width.i" [prj/sol/.autopilot/db/v_tpg.cpp:845->prj/sol/.autopilot/db/v_tpg.cpp:342]   --->   Operation 65 'br' 'br_ln845' <Predicate = true> <Delay = 0.00>


============================================================
+ Verbose Summary: Binding
============================================================
STG Binding: 
---------------- STG Properties BEGIN ----------------
- Is combinational: 0
- Is one-state seq: 0
- Is datapath-only: 0
- Is pipelined: 0
- Is top level: 0
Port [ Return ] is wired: 1; IO mode=ap_ctrl_hs:ce=0
Port [ s_axis_video_V_data_V]:  wired=1; compound=1; hidden=0; nouse=0; global=0; static=0; extern=0; dir=0; type=0; pingpong=0; private_global=0; IO mode=axis:ce=0
Port [ s_axis_video_V_keep_V]:  wired=1; compound=1; hidden=0; nouse=0; global=0; static=0; extern=0; dir=0; type=0; pingpong=0; private_global=0; IO mode=axis:ce=0
Port [ s_axis_video_V_strb_V]:  wired=1; compound=1; hidden=0; nouse=0; global=0; static=0; extern=0; dir=0; type=0; pingpong=0; private_global=0; IO mode=axis:ce=0
Port [ s_axis_video_V_user_V]:  wired=1; compound=1; hidden=0; nouse=0; global=0; static=0; extern=0; dir=0; type=0; pingpong=0; private_global=0; IO mode=axis:ce=0
Port [ s_axis_video_V_last_V]:  wired=1; compound=1; hidden=0; nouse=0; global=0; static=0; extern=0; dir=0; type=0; pingpong=0; private_global=0; IO mode=axis:ce=0
Port [ s_axis_video_V_id_V]:  wired=1; compound=1; hidden=0; nouse=0; global=0; static=0; extern=0; dir=0; type=0; pingpong=0; private_global=0; IO mode=axis:ce=0
Port [ s_axis_video_V_dest_V]:  wired=1; compound=1; hidden=0; nouse=0; global=0; static=0; extern=0; dir=0; type=0; pingpong=0; private_global=0; IO mode=axis:ce=0
Port [ srcYUV]:  wired=1; compound=1; hidden=0; nouse=0; global=0; static=0; extern=0; dir=1; type=3; pingpong=0; private_global=0; IO mode=ap_fifo:ce=0
Port [ enableInput_val18]:  wired=1; compound=0; hidden=0; nouse=0; global=0; static=0; extern=0; dir=0; type=0; pingpong=0; private_global=0; IO mode=ap_stable:ce=0
Port [ height_val5]:  wired=1; compound=0; hidden=0; nouse=0; global=0; static=0; extern=0; dir=0; type=0; pingpong=0; private_global=0; IO mode=ap_stable:ce=0
Port [ width_val10]:  wired=1; compound=0; hidden=0; nouse=0; global=0; static=0; extern=0; dir=0; type=0; pingpong=0; private_global=0; IO mode=ap_stable:ce=0
Port [ colorFormat_val27]:  wired=1; compound=0; hidden=0; nouse=0; global=0; static=0; extern=0; dir=0; type=0; pingpong=0; private_global=0; IO mode=ap_stable:ce=0
---------------- STG Properties END ------------------

---------------- Datapath Model BEGIN ----------------

<LifeTime>
<method=bitvector/>
width_val10_read                    (read               ) [ 0010000000]
height_val5_read                    (read               ) [ 0010000000]
p_4_0_0_0186422_lcssa445_i_loc      (alloca             ) [ 0011111111]
p_0_0_0_0178414_i_loc               (alloca             ) [ 0011111111]
p_4_0_0_0186423_i_loc               (alloca             ) [ 0011111111]
axi_last_i_loc                      (alloca             ) [ 0011100000]
colorFormat_val27_read              (read               ) [ 0001111111]
enableInput_val18_read              (read               ) [ 0000000000]
specstablecontent_ln0               (specstablecontent  ) [ 0000000000]
specstablecontent_ln0               (specstablecontent  ) [ 0000000000]
specstablecontent_ln0               (specstablecontent  ) [ 0000000000]
specstablecontent_ln0               (specstablecontent  ) [ 0000000000]
specaxissidechannel_ln0             (specaxissidechannel) [ 0000000000]
specinterface_ln0                   (specinterface      ) [ 0000000000]
specinterface_ln0                   (specinterface      ) [ 0000000000]
rows                                (call               ) [ 0001111111]
cols                                (call               ) [ 0000000000]
icmp_ln834                          (icmp               ) [ 0011111111]
br_ln834                            (br                 ) [ 0000000000]
i                                   (alloca             ) [ 0011111111]
p_0_0_0_0178415_lcssa431_i          (alloca             ) [ 0011111111]
trunc_ln_i                          (partselect         ) [ 0001111111]
store_ln845                         (store              ) [ 0000000000]
call_ln0                            (call               ) [ 0000000000]
fence_ln832                         (fence              ) [ 0000000000]
axi_last_i_loc_load                 (load               ) [ 0000111111]
icmp_ln850                          (icmp               ) [ 0000011111]
xor_ln897                           (xor                ) [ 0000011111]
br_ln845                            (br                 ) [ 0000111111]
p_4_0_0_0186422_lcssa447_i          (phi                ) [ 0000011000]
sof                                 (phi                ) [ 0000011000]
i_3                                 (load               ) [ 0000000000]
icmp_ln845                          (icmp               ) [ 0000011111]
speclooptripcount_ln0               (speclooptripcount  ) [ 0000000000]
i_4                                 (add                ) [ 0000000000]
br_ln845                            (br                 ) [ 0000000000]
p_0_0_0_0178415_lcssa431_i_load     (load               ) [ 0000001000]
and_ln897_1                         (and                ) [ 0000111111]
store_ln845                         (store              ) [ 0000000000]
br_ln0                              (br                 ) [ 0000000000]
ret_ln342                           (ret                ) [ 0000000000]
call_ln897                          (call               ) [ 0000000000]
fence_ln897                         (fence              ) [ 0000000000]
p_4_0_0_0186423_i_loc_load          (load               ) [ 0000000010]
p_0_0_0_0178414_i_loc_load          (load               ) [ 0000000010]
and_ln897                           (and                ) [ 0000000010]
fence_ln897                         (fence              ) [ 0000000000]
call_ln897                          (call               ) [ 0000000000]
specloopname_ln845                  (specloopname       ) [ 0000000000]
p_4_0_0_0186422_lcssa445_i_loc_load (load               ) [ 0000111111]
br_ln845                            (br                 ) [ 0000111111]
</LifeTime>

<model>

<comp_list>
<comp id="0" class="1000" name="s_axis_video_V_data_V">
<pin_list>
<pin id="1" dir="1" index="0" bw="1" slack="0"/>
</pin_list>
<bind>
<StgValue><ssdm name="s_axis_video_V_data_V"/></StgValue>
</bind>
</comp>

<comp id="2" class="1000" name="s_axis_video_V_keep_V">
<pin_list>
<pin id="3" dir="1" index="0" bw="1" slack="0"/>
</pin_list>
<bind>
<StgValue><ssdm name="s_axis_video_V_keep_V"/></StgValue>
</bind>
</comp>

<comp id="4" class="1000" name="s_axis_video_V_strb_V">
<pin_list>
<pin id="5" dir="1" index="0" bw="1" slack="0"/>
</pin_list>
<bind>
<StgValue><ssdm name="s_axis_video_V_strb_V"/></StgValue>
</bind>
</comp>

<comp id="6" class="1000" name="s_axis_video_V_user_V">
<pin_list>
<pin id="7" dir="1" index="0" bw="1" slack="0"/>
</pin_list>
<bind>
<StgValue><ssdm name="s_axis_video_V_user_V"/></StgValue>
</bind>
</comp>

<comp id="8" class="1000" name="s_axis_video_V_last_V">
<pin_list>
<pin id="9" dir="1" index="0" bw="1" slack="0"/>
</pin_list>
<bind>
<StgValue><ssdm name="s_axis_video_V_last_V"/></StgValue>
</bind>
</comp>

<comp id="10" class="1000" name="s_axis_video_V_id_V">
<pin_list>
<pin id="11" dir="1" index="0" bw="1" slack="0"/>
</pin_list>
<bind>
<StgValue><ssdm name="s_axis_video_V_id_V"/></StgValue>
</bind>
</comp>

<comp id="12" class="1000" name="s_axis_video_V_dest_V">
<pin_list>
<pin id="13" dir="1" index="0" bw="1" slack="0"/>
</pin_list>
<bind>
<StgValue><ssdm name="s_axis_video_V_dest_V"/></StgValue>
</bind>
</comp>

<comp id="14" class="1000" name="srcYUV">
<pin_list>
<pin id="15" dir="1" index="0" bw="1" slack="0"/>
</pin_list>
<bind>
<StgValue><ssdm name="srcYUV"/></StgValue>
</bind>
</comp>

<comp id="16" class="1000" name="enableInput_val18">
<pin_list>
<pin id="17" dir="1" index="0" bw="1" slack="0"/>
</pin_list>
<bind>
<StgValue><ssdm name="enableInput_val18"/></StgValue>
</bind>
</comp>

<comp id="18" class="1000" name="height_val5">
<pin_list>
<pin id="19" dir="1" index="0" bw="1" slack="0"/>
</pin_list>
<bind>
<StgValue><ssdm name="height_val5"/></StgValue>
</bind>
</comp>

<comp id="20" class="1000" name="width_val10">
<pin_list>
<pin id="21" dir="1" index="0" bw="1" slack="0"/>
</pin_list>
<bind>
<StgValue><ssdm name="width_val10"/></StgValue>
</bind>
</comp>

<comp id="22" class="1000" name="colorFormat_val27">
<pin_list>
<pin id="23" dir="1" index="0" bw="1" slack="0"/>
</pin_list>
<bind>
<StgValue><ssdm name="colorFormat_val27"/></StgValue>
</bind>
</comp>

<comp id="24" class="1001" name="const_24">
<pin_list>
<pin id="25" dir="1" index="0" bw="1" slack="0"/>
</pin_list>
<bind>
<StgValue><ssdm name="_ssdm_op_Read.ap_auto.i11"/></StgValue>
</bind>
</comp>

<comp id="26" class="1001" name="const_26">
<pin_list>
<pin id="27" dir="1" index="0" bw="1" slack="0"/>
</pin_list>
<bind>
<StgValue><ssdm name=""/></StgValue>
</bind>
</comp>

<comp id="28" class="1001" name="const_28">
<pin_list>
<pin id="29" dir="1" index="0" bw="1" slack="0"/>
</pin_list>
<bind>
<StgValue><ssdm name="reg<unsigned short>6"/></StgValue>
</bind>
</comp>

<comp id="30" class="1001" name="const_30">
<pin_list>
<pin id="31" dir="1" index="0" bw="1" slack="0"/>
</pin_list>
<bind>
<StgValue><ssdm name="_ssdm_op_Read.ap_auto.i8"/></StgValue>
</bind>
</comp>

<comp id="32" class="1001" name="const_32">
<pin_list>
<pin id="33" dir="1" index="0" bw="1" slack="2147483647"/>
</pin_list>
<bind>
<StgValue><ssdm name="_ssdm_op_SpecStableContent"/></StgValue>
</bind>
</comp>

<comp id="34" class="1001" name="const_34">
<pin_list>
<pin id="35" dir="1" index="0" bw="1" slack="0"/>
</pin_list>
<bind>
<StgValue><ssdm name=""/></StgValue>
</bind>
</comp>

<comp id="36" class="1001" name="const_36">
<pin_list>
<pin id="37" dir="1" index="0" bw="1" slack="2147483647"/>
</pin_list>
<bind>
<StgValue><ssdm name="p_str"/></StgValue>
</bind>
</comp>

<comp id="38" class="1001" name="const_38">
<pin_list>
<pin id="39" dir="1" index="0" bw="1" slack="2147483647"/>
</pin_list>
<bind>
<StgValue><ssdm name="_ssdm_op_SpecAXISSideChannel"/></StgValue>
</bind>
</comp>

<comp id="40" class="1001" name="const_40">
<pin_list>
<pin id="41" dir="1" index="0" bw="1" slack="2147483647"/>
</pin_list>
<bind>
<StgValue><ssdm name="empty_34"/></StgValue>
</bind>
</comp>

<comp id="42" class="1001" name="const_42">
<pin_list>
<pin id="43" dir="1" index="0" bw="1" slack="2147483647"/>
</pin_list>
<bind>
<StgValue><ssdm name="_ssdm_op_SpecInterface"/></StgValue>
</bind>
</comp>

<comp id="44" class="1001" name="const_44">
<pin_list>
<pin id="45" dir="1" index="0" bw="1" slack="2147483647"/>
</pin_list>
<bind>
<StgValue><ssdm name="empty_35"/></StgValue>
</bind>
</comp>

<comp id="46" class="1001" name="const_46">
<pin_list>
<pin id="47" dir="1" index="0" bw="1" slack="0"/>
</pin_list>
<bind>
<StgValue><ssdm name=""/></StgValue>
</bind>
</comp>

<comp id="48" class="1001" name="const_48">
<pin_list>
<pin id="49" dir="1" index="0" bw="1" slack="2147483647"/>
</pin_list>
<bind>
<StgValue><ssdm name="empty_15"/></StgValue>
</bind>
</comp>

<comp id="50" class="1001" name="const_50">
<pin_list>
<pin id="51" dir="1" index="0" bw="1" slack="0"/>
</pin_list>
<bind>
<StgValue><ssdm name=""/></StgValue>
</bind>
</comp>

<comp id="52" class="1001" name="const_52">
<pin_list>
<pin id="53" dir="1" index="0" bw="1" slack="2147483647"/>
</pin_list>
<bind>
<StgValue><ssdm name="empty_13"/></StgValue>
</bind>
</comp>

<comp id="54" class="1001" name="const_54">
<pin_list>
<pin id="55" dir="1" index="0" bw="1" slack="2147483647"/>
</pin_list>
<bind>
<StgValue><ssdm name="empty_4"/></StgValue>
</bind>
</comp>

<comp id="56" class="1001" name="const_56">
<pin_list>
<pin id="57" dir="1" index="0" bw="1" slack="0"/>
</pin_list>
<bind>
<StgValue><ssdm name=""/></StgValue>
</bind>
</comp>

<comp id="58" class="1001" name="const_58">
<pin_list>
<pin id="59" dir="1" index="0" bw="1" slack="0"/>
</pin_list>
<bind>
<StgValue><ssdm name=""/></StgValue>
</bind>
</comp>

<comp id="60" class="1001" name="const_60">
<pin_list>
<pin id="61" dir="1" index="0" bw="1" slack="0"/>
</pin_list>
<bind>
<StgValue><ssdm name="AXIvideo2MultiPixStream_Pipeline_loop_wait_for_start"/></StgValue>
</bind>
</comp>

<comp id="62" class="1001" name="const_62">
<pin_list>
<pin id="63" dir="1" index="0" bw="1" slack="0"/>
</pin_list>
<bind>
<StgValue><ssdm name="_ssdm_op_PartSelect.i10.i11.i32.i32"/></StgValue>
</bind>
</comp>

<comp id="64" class="1001" name="const_64">
<pin_list>
<pin id="65" dir="1" index="0" bw="1" slack="0"/>
</pin_list>
<bind>
<StgValue><ssdm name=""/></StgValue>
</bind>
</comp>

<comp id="66" class="1001" name="const_66">
<pin_list>
<pin id="67" dir="1" index="0" bw="1" slack="0"/>
</pin_list>
<bind>
<StgValue><ssdm name=""/></StgValue>
</bind>
</comp>

<comp id="68" class="1001" name="const_68">
<pin_list>
<pin id="69" dir="1" index="0" bw="1" slack="0"/>
</pin_list>
<bind>
<StgValue><ssdm name="_ssdm_op_Fence"/></StgValue>
</bind>
</comp>

<comp id="70" class="1001" name="const_70">
<pin_list>
<pin id="71" dir="1" index="0" bw="1" slack="0"/>
</pin_list>
<bind>
<StgValue><ssdm name=""/></StgValue>
</bind>
</comp>

<comp id="72" class="1001" name="const_72">
<pin_list>
<pin id="73" dir="1" index="0" bw="1" slack="2147483647"/>
</pin_list>
<bind>
<StgValue><ssdm name="_ssdm_op_SpecLoopTripCount"/></StgValue>
</bind>
</comp>

<comp id="74" class="1001" name="const_74">
<pin_list>
<pin id="75" dir="1" index="0" bw="1" slack="2147483647"/>
</pin_list>
<bind>
<StgValue><ssdm name=""/></StgValue>
</bind>
</comp>

<comp id="76" class="1001" name="const_76">
<pin_list>
<pin id="77" dir="1" index="0" bw="1" slack="2147483647"/>
</pin_list>
<bind>
<StgValue><ssdm name=""/></StgValue>
</bind>
</comp>

<comp id="78" class="1001" name="const_78">
<pin_list>
<pin id="79" dir="1" index="0" bw="1" slack="0"/>
</pin_list>
<bind>
<StgValue><ssdm name=""/></StgValue>
</bind>
</comp>

<comp id="80" class="1001" name="const_80">
<pin_list>
<pin id="81" dir="1" index="0" bw="1" slack="0"/>
</pin_list>
<bind>
<StgValue><ssdm name="AXIvideo2MultiPixStream_Pipeline_loop_width"/></StgValue>
</bind>
</comp>

<comp id="82" class="1001" name="const_82">
<pin_list>
<pin id="83" dir="1" index="0" bw="1" slack="0"/>
</pin_list>
<bind>
<StgValue><ssdm name="AXIvideo2MultiPixStream_Pipeline_loop_wait_for_eol"/></StgValue>
</bind>
</comp>

<comp id="84" class="1001" name="const_84">
<pin_list>
<pin id="85" dir="1" index="0" bw="1" slack="2147483647"/>
</pin_list>
<bind>
<StgValue><ssdm name="_ssdm_op_SpecLoopName"/></StgValue>
</bind>
</comp>

<comp id="86" class="1001" name="const_86">
<pin_list>
<pin id="87" dir="1" index="0" bw="1" slack="2147483647"/>
</pin_list>
<bind>
<StgValue><ssdm name="empty_2"/></StgValue>
</bind>
</comp>

<comp id="88" class="1004" name="p_4_0_0_0186422_lcssa445_i_loc_fu_88">
<pin_list>
<pin id="89" dir="0" index="0" bw="1" slack="0"/>
<pin id="90" dir="1" index="1" bw="1" slack="6"/>
</pin_list>
<bind>
<opcode="alloca(26) " fcode="alloca"/>
<opset="p_4_0_0_0186422_lcssa445_i_loc/1 "/>
</bind>
</comp>

<comp id="92" class="1004" name="p_0_0_0_0178414_i_loc_fu_92">
<pin_list>
<pin id="93" dir="0" index="0" bw="1" slack="0"/>
<pin id="94" dir="1" index="1" bw="48" slack="4"/>
</pin_list>
<bind>
<opcode="alloca(26) " fcode="alloca"/>
<opset="p_0_0_0_0178414_i_loc/1 "/>
</bind>
</comp>

<comp id="96" class="1004" name="p_4_0_0_0186423_i_loc_fu_96">
<pin_list>
<pin id="97" dir="0" index="0" bw="1" slack="0"/>
<pin id="98" dir="1" index="1" bw="1" slack="4"/>
</pin_list>
<bind>
<opcode="alloca(26) " fcode="alloca"/>
<opset="p_4_0_0_0186423_i_loc/1 "/>
</bind>
</comp>

<comp id="100" class="1004" name="axi_last_i_loc_fu_100">
<pin_list>
<pin id="101" dir="0" index="0" bw="1" slack="0"/>
<pin id="102" dir="1" index="1" bw="1" slack="1"/>
</pin_list>
<bind>
<opcode="alloca(26) " fcode="alloca"/>
<opset="axi_last_i_loc/1 "/>
</bind>
</comp>

<comp id="104" class="1004" name="i_fu_104">
<pin_list>
<pin id="105" dir="0" index="0" bw="1" slack="0"/>
<pin id="106" dir="1" index="1" bw="11" slack="0"/>
</pin_list>
<bind>
<opcode="alloca(26) " fcode="alloca"/>
<opset="i/2 "/>
</bind>
</comp>

<comp id="108" class="1004" name="p_0_0_0_0178415_lcssa431_i_fu_108">
<pin_list>
<pin id="109" dir="0" index="0" bw="1" slack="0"/>
<pin id="110" dir="1" index="1" bw="48" slack="0"/>
</pin_list>
<bind>
<opcode="alloca(26) " fcode="alloca"/>
<opset="p_0_0_0_0178415_lcssa431_i/2 "/>
</bind>
</comp>

<comp id="112" class="1004" name="width_val10_read_read_fu_112">
<pin_list>
<pin id="113" dir="0" index="0" bw="11" slack="0"/>
<pin id="114" dir="0" index="1" bw="11" slack="0"/>
<pin id="115" dir="1" index="2" bw="11" slack="0"/>
</pin_list>
<bind>
<opcode="read(1150) " fcode="read"/>
<opset="width_val10_read/1 "/>
</bind>
</comp>

<comp id="118" class="1004" name="height_val5_read_read_fu_118">
<pin_list>
<pin id="119" dir="0" index="0" bw="11" slack="0"/>
<pin id="120" dir="0" index="1" bw="11" slack="0"/>
<pin id="121" dir="1" index="2" bw="11" slack="0"/>
</pin_list>
<bind>
<opcode="read(1150) " fcode="read"/>
<opset="height_val5_read/1 "/>
</bind>
</comp>

<comp id="124" class="1004" name="colorFormat_val27_read_read_fu_124">
<pin_list>
<pin id="125" dir="0" index="0" bw="8" slack="0"/>
<pin id="126" dir="0" index="1" bw="8" slack="0"/>
<pin id="127" dir="1" index="2" bw="8" slack="3"/>
</pin_list>
<bind>
<opcode="read(1150) " fcode="read"/>
<opset="colorFormat_val27_read/2 "/>
</bind>
</comp>

<comp id="130" class="1004" name="enableInput_val18_read_read_fu_130">
<pin_list>
<pin id="131" dir="0" index="0" bw="8" slack="0"/>
<pin id="132" dir="0" index="1" bw="8" slack="0"/>
<pin id="133" dir="1" index="2" bw="8" slack="0"/>
</pin_list>
<bind>
<opcode="read(1150) " fcode="read"/>
<opset="enableInput_val18_read/2 "/>
</bind>
</comp>

<comp id="136" class="1005" name="p_4_0_0_0186422_lcssa447_i_reg_136">
<pin_list>
<pin id="137" dir="0" index="0" bw="1" slack="1"/>
<pin id="138" dir="1" index="1" bw="1" slack="2147483647"/>
</pin_list>
<bind>
<opset="p_4_0_0_0186422_lcssa447_i (phireg) "/>
</bind>
</comp>

<comp id="139" class="1004" name="p_4_0_0_0186422_lcssa447_i_phi_fu_139">
<pin_list>
<pin id="140" dir="0" index="0" bw="1" slack="2147483647"/>
<pin id="141" dir="0" index="1" bw="0" slack="2147483647"/>
<pin id="142" dir="0" index="2" bw="1" slack="2147483647"/>
<pin id="143" dir="0" index="3" bw="0" slack="2147483647"/>
<pin id="144" dir="1" index="4" bw="1" slack="0"/>
</pin_list>
<bind>
<opcode="phi(47) " fcode="phi"/>
<opset="p_4_0_0_0186422_lcssa447_i/5 "/>
</bind>
</comp>

<comp id="146" class="1005" name="sof_reg_146">
<pin_list>
<pin id="147" dir="0" index="0" bw="1" slack="1"/>
<pin id="148" dir="1" index="1" bw="1" slack="1"/>
</pin_list>
<bind>
<opset="sof (phireg) "/>
</bind>
</comp>

<comp id="150" class="1004" name="sof_phi_fu_150">
<pin_list>
<pin id="151" dir="0" index="0" bw="1" slack="1"/>
<pin id="152" dir="0" index="1" bw="0" slack="2147483647"/>
<pin id="153" dir="0" index="2" bw="1" slack="0"/>
<pin id="154" dir="0" index="3" bw="0" slack="2147483647"/>
<pin id="155" dir="1" index="4" bw="1" slack="0"/>
</pin_list>
<bind>
<opcode="phi(47) " fcode="phi"/>
<opset="sof/5 "/>
</bind>
</comp>

<comp id="158" class="1004" name="grp_AXIvideo2MultiPixStream_Pipeline_loop_wait_for_start_fu_158">
<pin_list>
<pin id="159" dir="0" index="0" bw="0" slack="0"/>
<pin id="160" dir="0" index="1" bw="48" slack="0"/>
<pin id="161" dir="0" index="2" bw="6" slack="0"/>
<pin id="162" dir="0" index="3" bw="6" slack="0"/>
<pin id="163" dir="0" index="4" bw="1" slack="0"/>
<pin id="164" dir="0" index="5" bw="1" slack="0"/>
<pin id="165" dir="0" index="6" bw="1" slack="0"/>
<pin id="166" dir="0" index="7" bw="1" slack="0"/>
<pin id="167" dir="0" index="8" bw="1" slack="1"/>
<pin id="168" dir="0" index="9" bw="48" slack="0"/>
<pin id="169" dir="1" index="10" bw="0" slack="2147483647"/>
</pin_list>
<bind>
<opcode="call(48) " fcode="call"/>
<opset="call_ln0/2 "/>
</bind>
</comp>

<comp id="178" class="1004" name="grp_AXIvideo2MultiPixStream_Pipeline_loop_width_fu_178">
<pin_list>
<pin id="179" dir="0" index="0" bw="0" slack="0"/>
<pin id="180" dir="0" index="1" bw="1" slack="0"/>
<pin id="181" dir="0" index="2" bw="48" slack="0"/>
<pin id="182" dir="0" index="3" bw="1" slack="0"/>
<pin id="183" dir="0" index="4" bw="8" slack="3"/>
<pin id="184" dir="0" index="5" bw="10" slack="3"/>
<pin id="185" dir="0" index="6" bw="48" slack="0"/>
<pin id="186" dir="0" index="7" bw="48" slack="0"/>
<pin id="187" dir="0" index="8" bw="6" slack="0"/>
<pin id="188" dir="0" index="9" bw="6" slack="0"/>
<pin id="189" dir="0" index="10" bw="1" slack="0"/>
<pin id="190" dir="0" index="11" bw="1" slack="0"/>
<pin id="191" dir="0" index="12" bw="1" slack="0"/>
<pin id="192" dir="0" index="13" bw="1" slack="0"/>
<pin id="193" dir="0" index="14" bw="1" slack="4"/>
<pin id="194" dir="0" index="15" bw="48" slack="4"/>
<pin id="195" dir="1" index="16" bw="0" slack="2147483647"/>
</pin_list>
<bind>
<opcode="call(48) " fcode="call"/>
<opset="call_ln897/5 "/>
</bind>
</comp>

<comp id="207" class="1004" name="grp_AXIvideo2MultiPixStream_Pipeline_loop_wait_for_eol_fu_207">
<pin_list>
<pin id="208" dir="0" index="0" bw="0" slack="0"/>
<pin id="209" dir="0" index="1" bw="1" slack="0"/>
<pin id="210" dir="0" index="2" bw="48" slack="0"/>
<pin id="211" dir="0" index="3" bw="1" slack="0"/>
<pin id="212" dir="0" index="4" bw="48" slack="0"/>
<pin id="213" dir="0" index="5" bw="6" slack="0"/>
<pin id="214" dir="0" index="6" bw="6" slack="0"/>
<pin id="215" dir="0" index="7" bw="1" slack="0"/>
<pin id="216" dir="0" index="8" bw="1" slack="0"/>
<pin id="217" dir="0" index="9" bw="1" slack="0"/>
<pin id="218" dir="0" index="10" bw="1" slack="0"/>
<pin id="219" dir="0" index="11" bw="1" slack="6"/>
<pin id="220" dir="0" index="12" bw="48" slack="5"/>
<pin id="221" dir="1" index="13" bw="0" slack="2147483647"/>
</pin_list>
<bind>
<opcode="call(48) " fcode="call"/>
<opset="call_ln897/7 "/>
</bind>
</comp>

<comp id="230" class="1004" name="grp_reg_unsigned_short_6_fu_230">
<pin_list>
<pin id="231" dir="0" index="0" bw="11" slack="0"/>
<pin id="232" dir="0" index="1" bw="11" slack="0"/>
<pin id="233" dir="1" index="2" bw="11" slack="3"/>
</pin_list>
<bind>
<opcode="call(48) " fcode="call"/>
<opset="rows/1 "/>
</bind>
</comp>

<comp id="236" class="1004" name="grp_reg_unsigned_short_6_fu_236">
<pin_list>
<pin id="237" dir="0" index="0" bw="11" slack="0"/>
<pin id="238" dir="0" index="1" bw="11" slack="0"/>
<pin id="239" dir="1" index="2" bw="11" slack="0"/>
</pin_list>
<bind>
<opcode="call(48) " fcode="call"/>
<opset="cols/1 "/>
</bind>
</comp>

<comp id="242" class="1004" name="icmp_ln834_fu_242">
<pin_list>
<pin id="243" dir="0" index="0" bw="8" slack="0"/>
<pin id="244" dir="0" index="1" bw="8" slack="0"/>
<pin id="245" dir="1" index="2" bw="1" slack="3"/>
</pin_list>
<bind>
<opcode="icmp(45) " fcode="icmp"/>
<opset="icmp_ln834/2 "/>
</bind>
</comp>

<comp id="248" class="1004" name="trunc_ln_i_fu_248">
<pin_list>
<pin id="249" dir="0" index="0" bw="10" slack="0"/>
<pin id="250" dir="0" index="1" bw="11" slack="0"/>
<pin id="251" dir="0" index="2" bw="1" slack="0"/>
<pin id="252" dir="0" index="3" bw="5" slack="0"/>
<pin id="253" dir="1" index="4" bw="10" slack="2"/>
</pin_list>
<bind>
<opcode="partselect(1002) " fcode="partselect"/>
<opset="trunc_ln_i/2 "/>
</bind>
</comp>

<comp id="258" class="1004" name="store_ln845_store_fu_258">
<pin_list>
<pin id="259" dir="0" index="0" bw="1" slack="0"/>
<pin id="260" dir="0" index="1" bw="11" slack="0"/>
<pin id="261" dir="1" index="2" bw="0" slack="2147483647"/>
</pin_list>
<bind>
<opcode="store(28) " fcode="store"/>
<opset="store_ln845/2 "/>
</bind>
</comp>

<comp id="263" class="1004" name="fence_ln832_fu_263">
<pin_list>
<pin id="264" dir="0" index="0" bw="0" slack="0"/>
<pin id="265" dir="0" index="1" bw="48" slack="0"/>
<pin id="266" dir="0" index="2" bw="6" slack="0"/>
<pin id="267" dir="0" index="3" bw="6" slack="0"/>
<pin id="268" dir="0" index="4" bw="1" slack="0"/>
<pin id="269" dir="0" index="5" bw="1" slack="0"/>
<pin id="270" dir="0" index="6" bw="1" slack="0"/>
<pin id="271" dir="0" index="7" bw="1" slack="0"/>
<pin id="272" dir="0" index="8" bw="1" slack="0"/>
<pin id="273" dir="0" index="9" bw="48" slack="0"/>
<pin id="274" dir="0" index="10" bw="6" slack="0"/>
<pin id="275" dir="0" index="11" bw="6" slack="0"/>
<pin id="276" dir="0" index="12" bw="1" slack="0"/>
<pin id="277" dir="0" index="13" bw="1" slack="0"/>
<pin id="278" dir="0" index="14" bw="1" slack="0"/>
<pin id="279" dir="0" index="15" bw="1" slack="0"/>
<pin id="280" dir="0" index="16" bw="48" slack="0"/>
<pin id="281" dir="0" index="17" bw="1" slack="0"/>
<pin id="282" dir="1" index="18" bw="0" slack="2147483647"/>
</pin_list>
<bind>
<opcode="fence(30) " fcode="fence"/>
<opset="fence_ln832/4 "/>
</bind>
</comp>

<comp id="301" class="1004" name="axi_last_i_loc_load_load_fu_301">
<pin_list>
<pin id="302" dir="0" index="0" bw="1" slack="3"/>
<pin id="303" dir="1" index="1" bw="1" slack="2147483647"/>
</pin_list>
<bind>
<opcode="load(27) " fcode="load"/>
<opset="axi_last_i_loc_load/4 "/>
</bind>
</comp>

<comp id="304" class="1004" name="icmp_ln850_fu_304">
<pin_list>
<pin id="305" dir="0" index="0" bw="10" slack="2"/>
<pin id="306" dir="0" index="1" bw="10" slack="0"/>
<pin id="307" dir="1" index="2" bw="1" slack="0"/>
</pin_list>
<bind>
<opcode="icmp(45) " fcode="icmp"/>
<opset="icmp_ln850/4 "/>
</bind>
</comp>

<comp id="309" class="1004" name="xor_ln897_fu_309">
<pin_list>
<pin id="310" dir="0" index="0" bw="1" slack="0"/>
<pin id="311" dir="0" index="1" bw="1" slack="0"/>
<pin id="312" dir="1" index="2" bw="1" slack="1"/>
</pin_list>
<bind>
<opcode="xor(25) " fcode="xor"/>
<opset="xor_ln897/4 "/>
</bind>
</comp>

<comp id="315" class="1004" name="i_3_load_fu_315">
<pin_list>
<pin id="316" dir="0" index="0" bw="11" slack="3"/>
<pin id="317" dir="1" index="1" bw="11" slack="0"/>
</pin_list>
<bind>
<opcode="load(27) " fcode="load"/>
<opset="i_3/5 "/>
</bind>
</comp>

<comp id="318" class="1004" name="icmp_ln845_fu_318">
<pin_list>
<pin id="319" dir="0" index="0" bw="11" slack="0"/>
<pin id="320" dir="0" index="1" bw="11" slack="3"/>
<pin id="321" dir="1" index="2" bw="1" slack="2147483647"/>
</pin_list>
<bind>
<opcode="icmp(45) " fcode="icmp"/>
<opset="icmp_ln845/5 "/>
</bind>
</comp>

<comp id="323" class="1004" name="i_4_fu_323">
<pin_list>
<pin id="324" dir="0" index="0" bw="11" slack="0"/>
<pin id="325" dir="0" index="1" bw="1" slack="0"/>
<pin id="326" dir="1" index="2" bw="11" slack="0"/>
</pin_list>
<bind>
<opcode="add(8) " fcode="add"/>
<opset="i_4/5 "/>
</bind>
</comp>

<comp id="329" class="1004" name="p_0_0_0_0178415_lcssa431_i_load_load_fu_329">
<pin_list>
<pin id="330" dir="0" index="0" bw="48" slack="3"/>
<pin id="331" dir="1" index="1" bw="48" slack="0"/>
</pin_list>
<bind>
<opcode="load(27) " fcode="load"/>
<opset="p_0_0_0_0178415_lcssa431_i_load/5 "/>
</bind>
</comp>

<comp id="333" class="1004" name="and_ln897_1_fu_333">
<pin_list>
<pin id="334" dir="0" index="0" bw="1" slack="0"/>
<pin id="335" dir="0" index="1" bw="1" slack="1"/>
<pin id="336" dir="1" index="2" bw="1" slack="0"/>
</pin_list>
<bind>
<opcode="and(23) " fcode="and"/>
<opset="and_ln897_1/5 "/>
</bind>
</comp>

<comp id="338" class="1004" name="store_ln845_store_fu_338">
<pin_list>
<pin id="339" dir="0" index="0" bw="11" slack="0"/>
<pin id="340" dir="0" index="1" bw="11" slack="3"/>
<pin id="341" dir="1" index="2" bw="0" slack="2147483647"/>
</pin_list>
<bind>
<opcode="store(28) " fcode="store"/>
<opset="store_ln845/5 "/>
</bind>
</comp>

<comp id="343" class="1004" name="fence_ln897_fu_343">
<pin_list>
<pin id="344" dir="0" index="0" bw="0" slack="0"/>
<pin id="345" dir="0" index="1" bw="48" slack="0"/>
<pin id="346" dir="0" index="2" bw="6" slack="0"/>
<pin id="347" dir="0" index="3" bw="6" slack="0"/>
<pin id="348" dir="0" index="4" bw="1" slack="0"/>
<pin id="349" dir="0" index="5" bw="1" slack="0"/>
<pin id="350" dir="0" index="6" bw="1" slack="0"/>
<pin id="351" dir="0" index="7" bw="1" slack="0"/>
<pin id="352" dir="0" index="8" bw="48" slack="0"/>
<pin id="353" dir="0" index="9" bw="1" slack="0"/>
<pin id="354" dir="0" index="10" bw="48" slack="0"/>
<pin id="355" dir="0" index="11" bw="6" slack="0"/>
<pin id="356" dir="0" index="12" bw="6" slack="0"/>
<pin id="357" dir="0" index="13" bw="1" slack="0"/>
<pin id="358" dir="0" index="14" bw="1" slack="0"/>
<pin id="359" dir="0" index="15" bw="1" slack="0"/>
<pin id="360" dir="0" index="16" bw="1" slack="0"/>
<pin id="361" dir="0" index="17" bw="1" slack="0"/>
<pin id="362" dir="1" index="18" bw="0" slack="2147483647"/>
</pin_list>
<bind>
<opcode="fence(30) " fcode="fence"/>
<opset="fence_ln897/7 "/>
</bind>
</comp>

<comp id="381" class="1004" name="p_4_0_0_0186423_i_loc_load_load_fu_381">
<pin_list>
<pin id="382" dir="0" index="0" bw="1" slack="6"/>
<pin id="383" dir="1" index="1" bw="1" slack="0"/>
</pin_list>
<bind>
<opcode="load(27) " fcode="load"/>
<opset="p_4_0_0_0186423_i_loc_load/7 "/>
</bind>
</comp>

<comp id="385" class="1004" name="p_0_0_0_0178414_i_loc_load_load_fu_385">
<pin_list>
<pin id="386" dir="0" index="0" bw="48" slack="6"/>
<pin id="387" dir="1" index="1" bw="48" slack="0"/>
</pin_list>
<bind>
<opcode="load(27) " fcode="load"/>
<opset="p_0_0_0_0178414_i_loc_load/7 "/>
</bind>
</comp>

<comp id="389" class="1004" name="and_ln897_fu_389">
<pin_list>
<pin id="390" dir="0" index="0" bw="1" slack="3"/>
<pin id="391" dir="0" index="1" bw="1" slack="0"/>
<pin id="392" dir="1" index="2" bw="1" slack="0"/>
</pin_list>
<bind>
<opcode="and(23) " fcode="and"/>
<opset="and_ln897/7 "/>
</bind>
</comp>

<comp id="395" class="1004" name="fence_ln897_fu_395">
<pin_list>
<pin id="396" dir="0" index="0" bw="0" slack="0"/>
<pin id="397" dir="0" index="1" bw="48" slack="0"/>
<pin id="398" dir="0" index="2" bw="6" slack="0"/>
<pin id="399" dir="0" index="3" bw="6" slack="0"/>
<pin id="400" dir="0" index="4" bw="1" slack="0"/>
<pin id="401" dir="0" index="5" bw="1" slack="0"/>
<pin id="402" dir="0" index="6" bw="1" slack="0"/>
<pin id="403" dir="0" index="7" bw="1" slack="0"/>
<pin id="404" dir="0" index="8" bw="48" slack="0"/>
<pin id="405" dir="0" index="9" bw="1" slack="0"/>
<pin id="406" dir="0" index="10" bw="48" slack="0"/>
<pin id="407" dir="0" index="11" bw="6" slack="0"/>
<pin id="408" dir="0" index="12" bw="6" slack="0"/>
<pin id="409" dir="0" index="13" bw="1" slack="0"/>
<pin id="410" dir="0" index="14" bw="1" slack="0"/>
<pin id="411" dir="0" index="15" bw="1" slack="0"/>
<pin id="412" dir="0" index="16" bw="1" slack="0"/>
<pin id="413" dir="0" index="17" bw="1" slack="0"/>
<pin id="414" dir="1" index="18" bw="0" slack="2147483647"/>
</pin_list>
<bind>
<opcode="fence(30) " fcode="fence"/>
<opset="fence_ln897/7 "/>
</bind>
</comp>

<comp id="433" class="1004" name="p_4_0_0_0186422_lcssa445_i_loc_load_load_fu_433">
<pin_list>
<pin id="434" dir="0" index="0" bw="1" slack="8"/>
<pin id="435" dir="1" index="1" bw="1" slack="2147483647"/>
</pin_list>
<bind>
<opcode="load(27) " fcode="load"/>
<opset="p_4_0_0_0186422_lcssa445_i_loc_load/9 "/>
</bind>
</comp>

<comp id="436" class="1005" name="width_val10_read_reg_436">
<pin_list>
<pin id="437" dir="0" index="0" bw="11" slack="1"/>
<pin id="438" dir="1" index="1" bw="11" slack="1"/>
</pin_list>
<bind>
<opset="width_val10_read "/>
</bind>
</comp>

<comp id="441" class="1005" name="height_val5_read_reg_441">
<pin_list>
<pin id="442" dir="0" index="0" bw="11" slack="1"/>
<pin id="443" dir="1" index="1" bw="11" slack="1"/>
</pin_list>
<bind>
<opset="height_val5_read "/>
</bind>
</comp>

<comp id="446" class="1005" name="p_4_0_0_0186422_lcssa445_i_loc_reg_446">
<pin_list>
<pin id="447" dir="0" index="0" bw="1" slack="6"/>
<pin id="448" dir="1" index="1" bw="1" slack="6"/>
</pin_list>
<bind>
<opset="p_4_0_0_0186422_lcssa445_i_loc "/>
</bind>
</comp>

<comp id="452" class="1005" name="p_0_0_0_0178414_i_loc_reg_452">
<pin_list>
<pin id="453" dir="0" index="0" bw="48" slack="4"/>
<pin id="454" dir="1" index="1" bw="48" slack="4"/>
</pin_list>
<bind>
<opset="p_0_0_0_0178414_i_loc "/>
</bind>
</comp>

<comp id="458" class="1005" name="p_4_0_0_0186423_i_loc_reg_458">
<pin_list>
<pin id="459" dir="0" index="0" bw="1" slack="4"/>
<pin id="460" dir="1" index="1" bw="1" slack="4"/>
</pin_list>
<bind>
<opset="p_4_0_0_0186423_i_loc "/>
</bind>
</comp>

<comp id="464" class="1005" name="axi_last_i_loc_reg_464">
<pin_list>
<pin id="465" dir="0" index="0" bw="1" slack="1"/>
<pin id="466" dir="1" index="1" bw="1" slack="1"/>
</pin_list>
<bind>
<opset="axi_last_i_loc "/>
</bind>
</comp>

<comp id="470" class="1005" name="colorFormat_val27_read_reg_470">
<pin_list>
<pin id="471" dir="0" index="0" bw="8" slack="3"/>
<pin id="472" dir="1" index="1" bw="8" slack="3"/>
</pin_list>
<bind>
<opset="colorFormat_val27_read "/>
</bind>
</comp>

<comp id="475" class="1005" name="rows_reg_475">
<pin_list>
<pin id="476" dir="0" index="0" bw="11" slack="3"/>
<pin id="477" dir="1" index="1" bw="11" slack="3"/>
</pin_list>
<bind>
<opset="rows "/>
</bind>
</comp>

<comp id="480" class="1005" name="icmp_ln834_reg_480">
<pin_list>
<pin id="481" dir="0" index="0" bw="1" slack="3"/>
<pin id="482" dir="1" index="1" bw="1" slack="2147483647"/>
</pin_list>
<bind>
<opset="icmp_ln834 "/>
</bind>
</comp>

<comp id="484" class="1005" name="i_reg_484">
<pin_list>
<pin id="485" dir="0" index="0" bw="11" slack="0"/>
<pin id="486" dir="1" index="1" bw="11" slack="0"/>
</pin_list>
<bind>
<opset="i "/>
</bind>
</comp>

<comp id="491" class="1005" name="p_0_0_0_0178415_lcssa431_i_reg_491">
<pin_list>
<pin id="492" dir="0" index="0" bw="48" slack="0"/>
<pin id="493" dir="1" index="1" bw="48" slack="0"/>
</pin_list>
<bind>
<opset="p_0_0_0_0178415_lcssa431_i "/>
</bind>
</comp>

<comp id="498" class="1005" name="trunc_ln_i_reg_498">
<pin_list>
<pin id="499" dir="0" index="0" bw="10" slack="2"/>
<pin id="500" dir="1" index="1" bw="10" slack="2"/>
</pin_list>
<bind>
<opset="trunc_ln_i "/>
</bind>
</comp>

<comp id="507" class="1005" name="icmp_ln850_reg_507">
<pin_list>
<pin id="508" dir="0" index="0" bw="1" slack="3"/>
<pin id="509" dir="1" index="1" bw="1" slack="3"/>
</pin_list>
<bind>
<opset="icmp_ln850 "/>
</bind>
</comp>

<comp id="512" class="1005" name="xor_ln897_reg_512">
<pin_list>
<pin id="513" dir="0" index="0" bw="1" slack="1"/>
<pin id="514" dir="1" index="1" bw="1" slack="1"/>
</pin_list>
<bind>
<opset="xor_ln897 "/>
</bind>
</comp>

<comp id="523" class="1005" name="and_ln897_1_reg_523">
<pin_list>
<pin id="524" dir="0" index="0" bw="1" slack="0"/>
<pin id="525" dir="1" index="1" bw="1" slack="0"/>
</pin_list>
<bind>
<opset="and_ln897_1 "/>
</bind>
</comp>

<comp id="534" class="1005" name="and_ln897_reg_534">
<pin_list>
<pin id="535" dir="0" index="0" bw="1" slack="1"/>
<pin id="536" dir="1" index="1" bw="1" slack="1"/>
</pin_list>
<bind>
<opset="and_ln897 "/>
</bind>
</comp>

</comp_list>

<net_list>
<net id="91"><net_src comp="26" pin="0"/><net_sink comp="88" pin=0"/></net>

<net id="95"><net_src comp="26" pin="0"/><net_sink comp="92" pin=0"/></net>

<net id="99"><net_src comp="26" pin="0"/><net_sink comp="96" pin=0"/></net>

<net id="103"><net_src comp="26" pin="0"/><net_sink comp="100" pin=0"/></net>

<net id="107"><net_src comp="58" pin="0"/><net_sink comp="104" pin=0"/></net>

<net id="111"><net_src comp="58" pin="0"/><net_sink comp="108" pin=0"/></net>

<net id="116"><net_src comp="24" pin="0"/><net_sink comp="112" pin=0"/></net>

<net id="117"><net_src comp="20" pin="0"/><net_sink comp="112" pin=1"/></net>

<net id="122"><net_src comp="24" pin="0"/><net_sink comp="118" pin=0"/></net>

<net id="123"><net_src comp="18" pin="0"/><net_sink comp="118" pin=1"/></net>

<net id="128"><net_src comp="30" pin="0"/><net_sink comp="124" pin=0"/></net>

<net id="129"><net_src comp="22" pin="0"/><net_sink comp="124" pin=1"/></net>

<net id="134"><net_src comp="30" pin="0"/><net_sink comp="130" pin=0"/></net>

<net id="135"><net_src comp="16" pin="0"/><net_sink comp="130" pin=1"/></net>

<net id="145"><net_src comp="139" pin="4"/><net_sink comp="136" pin=0"/></net>

<net id="149"><net_src comp="34" pin="0"/><net_sink comp="146" pin=0"/></net>

<net id="156"><net_src comp="146" pin="1"/><net_sink comp="150" pin=0"/></net>

<net id="157"><net_src comp="150" pin="4"/><net_sink comp="146" pin=0"/></net>

<net id="170"><net_src comp="60" pin="0"/><net_sink comp="158" pin=0"/></net>

<net id="171"><net_src comp="0" pin="0"/><net_sink comp="158" pin=1"/></net>

<net id="172"><net_src comp="2" pin="0"/><net_sink comp="158" pin=2"/></net>

<net id="173"><net_src comp="4" pin="0"/><net_sink comp="158" pin=3"/></net>

<net id="174"><net_src comp="6" pin="0"/><net_sink comp="158" pin=4"/></net>

<net id="175"><net_src comp="8" pin="0"/><net_sink comp="158" pin=5"/></net>

<net id="176"><net_src comp="10" pin="0"/><net_sink comp="158" pin=6"/></net>

<net id="177"><net_src comp="12" pin="0"/><net_sink comp="158" pin=7"/></net>

<net id="196"><net_src comp="80" pin="0"/><net_sink comp="178" pin=0"/></net>

<net id="197"><net_src comp="139" pin="4"/><net_sink comp="178" pin=1"/></net>

<net id="198"><net_src comp="150" pin="4"/><net_sink comp="178" pin=3"/></net>

<net id="199"><net_src comp="14" pin="0"/><net_sink comp="178" pin=6"/></net>

<net id="200"><net_src comp="0" pin="0"/><net_sink comp="178" pin=7"/></net>

<net id="201"><net_src comp="2" pin="0"/><net_sink comp="178" pin=8"/></net>

<net id="202"><net_src comp="4" pin="0"/><net_sink comp="178" pin=9"/></net>

<net id="203"><net_src comp="6" pin="0"/><net_sink comp="178" pin=10"/></net>

<net id="204"><net_src comp="8" pin="0"/><net_sink comp="178" pin=11"/></net>

<net id="205"><net_src comp="10" pin="0"/><net_sink comp="178" pin=12"/></net>

<net id="206"><net_src comp="12" pin="0"/><net_sink comp="178" pin=13"/></net>

<net id="222"><net_src comp="82" pin="0"/><net_sink comp="207" pin=0"/></net>

<net id="223"><net_src comp="0" pin="0"/><net_sink comp="207" pin=4"/></net>

<net id="224"><net_src comp="2" pin="0"/><net_sink comp="207" pin=5"/></net>

<net id="225"><net_src comp="4" pin="0"/><net_sink comp="207" pin=6"/></net>

<net id="226"><net_src comp="6" pin="0"/><net_sink comp="207" pin=7"/></net>

<net id="227"><net_src comp="8" pin="0"/><net_sink comp="207" pin=8"/></net>

<net id="228"><net_src comp="10" pin="0"/><net_sink comp="207" pin=9"/></net>

<net id="229"><net_src comp="12" pin="0"/><net_sink comp="207" pin=10"/></net>

<net id="234"><net_src comp="28" pin="0"/><net_sink comp="230" pin=0"/></net>

<net id="235"><net_src comp="118" pin="2"/><net_sink comp="230" pin=1"/></net>

<net id="240"><net_src comp="28" pin="0"/><net_sink comp="236" pin=0"/></net>

<net id="241"><net_src comp="112" pin="2"/><net_sink comp="236" pin=1"/></net>

<net id="246"><net_src comp="130" pin="2"/><net_sink comp="242" pin=0"/></net>

<net id="247"><net_src comp="56" pin="0"/><net_sink comp="242" pin=1"/></net>

<net id="254"><net_src comp="62" pin="0"/><net_sink comp="248" pin=0"/></net>

<net id="255"><net_src comp="236" pin="2"/><net_sink comp="248" pin=1"/></net>

<net id="256"><net_src comp="58" pin="0"/><net_sink comp="248" pin=2"/></net>

<net id="257"><net_src comp="64" pin="0"/><net_sink comp="248" pin=3"/></net>

<net id="262"><net_src comp="66" pin="0"/><net_sink comp="258" pin=0"/></net>

<net id="283"><net_src comp="68" pin="0"/><net_sink comp="263" pin=0"/></net>

<net id="284"><net_src comp="0" pin="0"/><net_sink comp="263" pin=1"/></net>

<net id="285"><net_src comp="2" pin="0"/><net_sink comp="263" pin=2"/></net>

<net id="286"><net_src comp="4" pin="0"/><net_sink comp="263" pin=3"/></net>

<net id="287"><net_src comp="6" pin="0"/><net_sink comp="263" pin=4"/></net>

<net id="288"><net_src comp="8" pin="0"/><net_sink comp="263" pin=5"/></net>

<net id="289"><net_src comp="10" pin="0"/><net_sink comp="263" pin=6"/></net>

<net id="290"><net_src comp="12" pin="0"/><net_sink comp="263" pin=7"/></net>

<net id="291"><net_src comp="50" pin="0"/><net_sink comp="263" pin=8"/></net>

<net id="292"><net_src comp="0" pin="0"/><net_sink comp="263" pin=9"/></net>

<net id="293"><net_src comp="2" pin="0"/><net_sink comp="263" pin=10"/></net>

<net id="294"><net_src comp="4" pin="0"/><net_sink comp="263" pin=11"/></net>

<net id="295"><net_src comp="6" pin="0"/><net_sink comp="263" pin=12"/></net>

<net id="296"><net_src comp="8" pin="0"/><net_sink comp="263" pin=13"/></net>

<net id="297"><net_src comp="10" pin="0"/><net_sink comp="263" pin=14"/></net>

<net id="298"><net_src comp="12" pin="0"/><net_sink comp="263" pin=15"/></net>

<net id="299"><net_src comp="14" pin="0"/><net_sink comp="263" pin=16"/></net>

<net id="300"><net_src comp="46" pin="0"/><net_sink comp="263" pin=17"/></net>

<net id="308"><net_src comp="70" pin="0"/><net_sink comp="304" pin=1"/></net>

<net id="313"><net_src comp="304" pin="2"/><net_sink comp="309" pin=0"/></net>

<net id="314"><net_src comp="34" pin="0"/><net_sink comp="309" pin=1"/></net>

<net id="322"><net_src comp="315" pin="1"/><net_sink comp="318" pin=0"/></net>

<net id="327"><net_src comp="315" pin="1"/><net_sink comp="323" pin=0"/></net>

<net id="328"><net_src comp="78" pin="0"/><net_sink comp="323" pin=1"/></net>

<net id="332"><net_src comp="329" pin="1"/><net_sink comp="178" pin=2"/></net>

<net id="337"><net_src comp="150" pin="4"/><net_sink comp="333" pin=0"/></net>

<net id="342"><net_src comp="323" pin="2"/><net_sink comp="338" pin=0"/></net>

<net id="363"><net_src comp="68" pin="0"/><net_sink comp="343" pin=0"/></net>

<net id="364"><net_src comp="0" pin="0"/><net_sink comp="343" pin=1"/></net>

<net id="365"><net_src comp="2" pin="0"/><net_sink comp="343" pin=2"/></net>

<net id="366"><net_src comp="4" pin="0"/><net_sink comp="343" pin=3"/></net>

<net id="367"><net_src comp="6" pin="0"/><net_sink comp="343" pin=4"/></net>

<net id="368"><net_src comp="8" pin="0"/><net_sink comp="343" pin=5"/></net>

<net id="369"><net_src comp="10" pin="0"/><net_sink comp="343" pin=6"/></net>

<net id="370"><net_src comp="12" pin="0"/><net_sink comp="343" pin=7"/></net>

<net id="371"><net_src comp="14" pin="0"/><net_sink comp="343" pin=8"/></net>

<net id="372"><net_src comp="50" pin="0"/><net_sink comp="343" pin=9"/></net>

<net id="373"><net_src comp="0" pin="0"/><net_sink comp="343" pin=10"/></net>

<net id="374"><net_src comp="2" pin="0"/><net_sink comp="343" pin=11"/></net>

<net id="375"><net_src comp="4" pin="0"/><net_sink comp="343" pin=12"/></net>

<net id="376"><net_src comp="6" pin="0"/><net_sink comp="343" pin=13"/></net>

<net id="377"><net_src comp="8" pin="0"/><net_sink comp="343" pin=14"/></net>

<net id="378"><net_src comp="10" pin="0"/><net_sink comp="343" pin=15"/></net>

<net id="379"><net_src comp="12" pin="0"/><net_sink comp="343" pin=16"/></net>

<net id="380"><net_src comp="46" pin="0"/><net_sink comp="343" pin=17"/></net>

<net id="384"><net_src comp="381" pin="1"/><net_sink comp="207" pin=1"/></net>

<net id="388"><net_src comp="385" pin="1"/><net_sink comp="207" pin=2"/></net>

<net id="393"><net_src comp="381" pin="1"/><net_sink comp="389" pin=1"/></net>

<net id="394"><net_src comp="389" pin="2"/><net_sink comp="207" pin=3"/></net>

<net id="415"><net_src comp="68" pin="0"/><net_sink comp="395" pin=0"/></net>

<net id="416"><net_src comp="0" pin="0"/><net_sink comp="395" pin=1"/></net>

<net id="417"><net_src comp="2" pin="0"/><net_sink comp="395" pin=2"/></net>

<net id="418"><net_src comp="4" pin="0"/><net_sink comp="395" pin=3"/></net>

<net id="419"><net_src comp="6" pin="0"/><net_sink comp="395" pin=4"/></net>

<net id="420"><net_src comp="8" pin="0"/><net_sink comp="395" pin=5"/></net>

<net id="421"><net_src comp="10" pin="0"/><net_sink comp="395" pin=6"/></net>

<net id="422"><net_src comp="12" pin="0"/><net_sink comp="395" pin=7"/></net>

<net id="423"><net_src comp="14" pin="0"/><net_sink comp="395" pin=8"/></net>

<net id="424"><net_src comp="50" pin="0"/><net_sink comp="395" pin=9"/></net>

<net id="425"><net_src comp="0" pin="0"/><net_sink comp="395" pin=10"/></net>

<net id="426"><net_src comp="2" pin="0"/><net_sink comp="395" pin=11"/></net>

<net id="427"><net_src comp="4" pin="0"/><net_sink comp="395" pin=12"/></net>

<net id="428"><net_src comp="6" pin="0"/><net_sink comp="395" pin=13"/></net>

<net id="429"><net_src comp="8" pin="0"/><net_sink comp="395" pin=14"/></net>

<net id="430"><net_src comp="10" pin="0"/><net_sink comp="395" pin=15"/></net>

<net id="431"><net_src comp="12" pin="0"/><net_sink comp="395" pin=16"/></net>

<net id="432"><net_src comp="46" pin="0"/><net_sink comp="395" pin=17"/></net>

<net id="439"><net_src comp="112" pin="2"/><net_sink comp="436" pin=0"/></net>

<net id="440"><net_src comp="436" pin="1"/><net_sink comp="236" pin=1"/></net>

<net id="444"><net_src comp="118" pin="2"/><net_sink comp="441" pin=0"/></net>

<net id="445"><net_src comp="441" pin="1"/><net_sink comp="230" pin=1"/></net>

<net id="449"><net_src comp="88" pin="1"/><net_sink comp="446" pin=0"/></net>

<net id="450"><net_src comp="446" pin="1"/><net_sink comp="207" pin=11"/></net>

<net id="451"><net_src comp="446" pin="1"/><net_sink comp="433" pin=0"/></net>

<net id="455"><net_src comp="92" pin="1"/><net_sink comp="452" pin=0"/></net>

<net id="456"><net_src comp="452" pin="1"/><net_sink comp="178" pin=15"/></net>

<net id="457"><net_src comp="452" pin="1"/><net_sink comp="385" pin=0"/></net>

<net id="461"><net_src comp="96" pin="1"/><net_sink comp="458" pin=0"/></net>

<net id="462"><net_src comp="458" pin="1"/><net_sink comp="178" pin=14"/></net>

<net id="463"><net_src comp="458" pin="1"/><net_sink comp="381" pin=0"/></net>

<net id="467"><net_src comp="100" pin="1"/><net_sink comp="464" pin=0"/></net>

<net id="468"><net_src comp="464" pin="1"/><net_sink comp="158" pin=8"/></net>

<net id="469"><net_src comp="464" pin="1"/><net_sink comp="301" pin=0"/></net>

<net id="473"><net_src comp="124" pin="2"/><net_sink comp="470" pin=0"/></net>

<net id="474"><net_src comp="470" pin="1"/><net_sink comp="178" pin=4"/></net>

<net id="478"><net_src comp="230" pin="2"/><net_sink comp="475" pin=0"/></net>

<net id="479"><net_src comp="475" pin="1"/><net_sink comp="318" pin=1"/></net>

<net id="483"><net_src comp="242" pin="2"/><net_sink comp="480" pin=0"/></net>

<net id="487"><net_src comp="104" pin="1"/><net_sink comp="484" pin=0"/></net>

<net id="488"><net_src comp="484" pin="1"/><net_sink comp="258" pin=1"/></net>

<net id="489"><net_src comp="484" pin="1"/><net_sink comp="315" pin=0"/></net>

<net id="490"><net_src comp="484" pin="1"/><net_sink comp="338" pin=1"/></net>

<net id="494"><net_src comp="108" pin="1"/><net_sink comp="491" pin=0"/></net>

<net id="495"><net_src comp="491" pin="1"/><net_sink comp="158" pin=9"/></net>

<net id="496"><net_src comp="491" pin="1"/><net_sink comp="329" pin=0"/></net>

<net id="497"><net_src comp="491" pin="1"/><net_sink comp="207" pin=12"/></net>

<net id="501"><net_src comp="248" pin="4"/><net_sink comp="498" pin=0"/></net>

<net id="502"><net_src comp="498" pin="1"/><net_sink comp="304" pin=0"/></net>

<net id="503"><net_src comp="498" pin="1"/><net_sink comp="178" pin=5"/></net>

<net id="510"><net_src comp="304" pin="2"/><net_sink comp="507" pin=0"/></net>

<net id="511"><net_src comp="507" pin="1"/><net_sink comp="389" pin=0"/></net>

<net id="515"><net_src comp="309" pin="2"/><net_sink comp="512" pin=0"/></net>

<net id="516"><net_src comp="512" pin="1"/><net_sink comp="333" pin=1"/></net>

<net id="526"><net_src comp="333" pin="2"/><net_sink comp="523" pin=0"/></net>

<net id="527"><net_src comp="523" pin="1"/><net_sink comp="150" pin=2"/></net>

<net id="537"><net_src comp="389" pin="2"/><net_sink comp="534" pin=0"/></net>

<net id="538"><net_src comp="534" pin="1"/><net_sink comp="207" pin=3"/></net>

</net_list>

</model> 
---------------- Datapath Model END ------------------

* FSMD analyzer results:
  - Output states:
	Port: s_axis_video_V_data_V | {}
	Port: s_axis_video_V_keep_V | {}
	Port: s_axis_video_V_strb_V | {}
	Port: s_axis_video_V_user_V | {}
	Port: s_axis_video_V_last_V | {}
	Port: s_axis_video_V_id_V | {}
	Port: s_axis_video_V_dest_V | {}
	Port: srcYUV | {5 6 }
 - Input state : 
	Port: AXIvideo2MultiPixStream : s_axis_video_V_data_V | {2 3 5 6 7 8 }
	Port: AXIvideo2MultiPixStream : s_axis_video_V_keep_V | {2 3 5 6 7 8 }
	Port: AXIvideo2MultiPixStream : s_axis_video_V_strb_V | {2 3 5 6 7 8 }
	Port: AXIvideo2MultiPixStream : s_axis_video_V_user_V | {2 3 5 6 7 8 }
	Port: AXIvideo2MultiPixStream : s_axis_video_V_last_V | {2 3 5 6 7 8 }
	Port: AXIvideo2MultiPixStream : s_axis_video_V_id_V | {2 3 5 6 7 8 }
	Port: AXIvideo2MultiPixStream : s_axis_video_V_dest_V | {2 3 5 6 7 8 }
	Port: AXIvideo2MultiPixStream : enableInput_val18 | {2 }
	Port: AXIvideo2MultiPixStream : height_val5 | {1 }
	Port: AXIvideo2MultiPixStream : width_val10 | {1 }
	Port: AXIvideo2MultiPixStream : colorFormat_val27 | {2 }
  - Chain level:
	State 1
	State 2
		br_ln834 : 1
		call_ln0 : 1
		trunc_ln_i : 1
		store_ln845 : 1
	State 3
	State 4
		xor_ln897 : 1
	State 5
		icmp_ln845 : 1
		i_4 : 1
		br_ln845 : 2
		call_ln897 : 1
		and_ln897_1 : 1
		store_ln845 : 2
	State 6
	State 7
		and_ln897 : 1
		call_ln897 : 1
	State 8
	State 9


============================================================
+ Verbose Summary: Datapath Resource usage 
============================================================

* Functional unit list:
|----------|-----------------------------------------------------------------|---------|---------|
| Operation|                         Functional Unit                         |    FF   |   LUT   |
|----------|-----------------------------------------------------------------|---------|---------|
|          | grp_AXIvideo2MultiPixStream_Pipeline_loop_wait_for_start_fu_158 |    4    |    0    |
|          |      grp_AXIvideo2MultiPixStream_Pipeline_loop_width_fu_178     |    73   |   115   |
|   call   |  grp_AXIvideo2MultiPixStream_Pipeline_loop_wait_for_eol_fu_207  |    3    |    0    |
|          |                 grp_reg_unsigned_short_6_fu_230                 |    0    |    0    |
|          |                 grp_reg_unsigned_short_6_fu_236                 |    0    |    0    |
|----------|-----------------------------------------------------------------|---------|---------|
|          |                        icmp_ln834_fu_242                        |    0    |    15   |
|   icmp   |                        icmp_ln850_fu_304                        |    0    |    17   |
|          |                        icmp_ln845_fu_318                        |    0    |    18   |
|----------|-----------------------------------------------------------------|---------|---------|
|    add   |                            i_4_fu_323                           |    0    |    18   |
|----------|-----------------------------------------------------------------|---------|---------|
|    and   |                        and_ln897_1_fu_333                       |    0    |    2    |
|          |                         and_ln897_fu_389                        |    0    |    2    |
|----------|-----------------------------------------------------------------|---------|---------|
|    xor   |                         xor_ln897_fu_309                        |    0    |    2    |
|----------|-----------------------------------------------------------------|---------|---------|
|          |                   width_val10_read_read_fu_112                  |    0    |    0    |
|   read   |                   height_val5_read_read_fu_118                  |    0    |    0    |
|          |                colorFormat_val27_read_read_fu_124               |    0    |    0    |
|          |                enableInput_val18_read_read_fu_130               |    0    |    0    |
|----------|-----------------------------------------------------------------|---------|---------|
|partselect|                        trunc_ln_i_fu_248                        |    0    |    0    |
|----------|-----------------------------------------------------------------|---------|---------|
|          |                        fence_ln832_fu_263                       |    0    |    0    |
|   fence  |                        fence_ln897_fu_343                       |    0    |    0    |
|          |                        fence_ln897_fu_395                       |    0    |    0    |
|----------|-----------------------------------------------------------------|---------|---------|
|   Total  |                                                                 |    80   |   189   |
|----------|-----------------------------------------------------------------|---------|---------|

Memories:
N/A

* Register list:
+--------------------------------------+--------+
|                                      |   FF   |
+--------------------------------------+--------+
|          and_ln897_1_reg_523         |    1   |
|           and_ln897_reg_534          |    1   |
|        axi_last_i_loc_reg_464        |    1   |
|    colorFormat_val27_read_reg_470    |    8   |
|       height_val5_read_reg_441       |   11   |
|               i_reg_484              |   11   |
|          icmp_ln834_reg_480          |    1   |
|          icmp_ln850_reg_507          |    1   |
|     p_0_0_0_0178414_i_loc_reg_452    |   48   |
|  p_0_0_0_0178415_lcssa431_i_reg_491  |   48   |
|p_4_0_0_0186422_lcssa445_i_loc_reg_446|    1   |
|  p_4_0_0_0186422_lcssa447_i_reg_136  |    1   |
|     p_4_0_0_0186423_i_loc_reg_458    |    1   |
|             rows_reg_475             |   11   |
|              sof_reg_146             |    1   |
|          trunc_ln_i_reg_498          |   10   |
|       width_val10_read_reg_436       |   11   |
|           xor_ln897_reg_512          |    1   |
+--------------------------------------+--------+
|                 Total                |   168  |
+--------------------------------------+--------+

* Multiplexer (MUX) list: 
|---------------------------------------------------------------|------|------|------|--------||---------||---------||---------|
|                              Comp                             |  Pin | Size |  BW  | S x BW ||  Delay  ||    FF   ||   LUT   |
|---------------------------------------------------------------|------|------|------|--------||---------||---------||---------|
|                          sof_reg_146                          |  p0  |   2  |   1  |    2   ||    0    ||    9    |
| grp_AXIvideo2MultiPixStream_Pipeline_loop_wait_for_eol_fu_207 |  p3  |   2  |   1  |    2   ||    0    ||    9    |
|                grp_reg_unsigned_short_6_fu_230                |  p1  |   2  |  11  |   22   ||    0    ||    9    |
|                grp_reg_unsigned_short_6_fu_236                |  p1  |   2  |  11  |   22   ||    0    ||    9    |
|---------------------------------------------------------------|------|------|------|--------||---------||---------||---------|
|                             Total                             |      |      |      |   48   ||  1.708  ||    0    ||    36   |
|---------------------------------------------------------------|------|------|------|--------||---------||---------||---------|



* Summary:
+-----------+--------+--------+--------+
|           |  Delay |   FF   |   LUT  |
+-----------+--------+--------+--------+
|  Function |    -   |   80   |   189  |
|   Memory  |    -   |    -   |    -   |
|Multiplexer|    1   |    0   |   36   |
|  Register |    -   |   168  |    -   |
+-----------+--------+--------+--------+
|   Total   |    1   |   248  |   225  |
+-----------+--------+--------+--------+
