

================================================================
== Vitis HLS Report for 'AXIvideo2MultiPixStream_Pipeline_loop_width'
================================================================
* Date:           Wed Jun  3 12:59:07 2026

* Version:        2025.2 (Build 6295257 on Nov 14 2025)
* Project:        prj
* Solution:       sol (Vivado IP Flow Target)
* Product family: artixuplus
* Target device:  xcau15p-ffvb676-2-e


================================================================
== Performance Estimates
================================================================
+ Timing: 
    * Summary: 
    +--------+----------+----------+------------+
    |  Clock |  Target  | Estimated| Uncertainty|
    +--------+----------+----------+------------+
    |ap_clk  |  10.00 ns|  3.196 ns|     2.70 ns|
    +--------+----------+----------+------------+

+ Latency: 
    * Summary: 
    +---------+---------+-----------+----------+-----+-----+-------------------+
    |  Latency (cycles) |  Latency (absolute)  |  Interval |      Pipeline     |
    |   min   |   max   |    min    |    max   | min | max |        Type       |
    +---------+---------+-----------+----------+-----+-----+-------------------+
    |        3|      963|  30.000 ns|  9.630 us|    0|    0|  loop pipeline stp|
    +---------+---------+-----------+----------+-----+-----+-------------------+

    + Detail: 
        * Instance: 
        N/A

        * Loop: 
        +--------------+---------+---------+----------+-----------+-----------+---------+----------+
        |              |  Latency (cycles) | Iteration|  Initiation Interval  |   Trip  |          |
        |   Loop Name  |   min   |   max   |  Latency |  achieved |   target  |  Count  | Pipelined|
        +--------------+---------+---------+----------+-----------+-----------+---------+----------+
        |- loop_width  |        1|      961|         3|          1|          1|  0 ~ 960|       yes|
        +--------------+---------+---------+----------+-----------+-----------+---------+----------+

============================================================
+ Verbose Summary: Synthesis Manager
============================================================
InlineROM: 1
ExposeGlobal: 0
============================================================
+ Verbose Summary: CDFG Model
============================================================
IsTopModel: 0
ResetActiveHigh: 1
IsCombinational: 0
IsDatapathOnly: 0
HasWiredReturn: 1
HasMFsm: 2
HasVarLatency: 1
IsPipeline: 0
IsRtlPipelined: 0
IsInstanceOverlapped: 0
IsDontTouch: 0
HasImplIP: 0
IsGatedGlobalClock: 0

+ Individual pipeline summary: 
  * Pipeline-0: initiation interval (II) = 1, depth = 3


============================================================
+ Verbose Summary: Schedule
============================================================
* Number of FSM states : 3
* Pipeline : 1
  Pipeline-0 : II = 1, D = 3, States = { 1 2 3 }
* Dataflow Pipeline: 0

* FSM state transitions: 
1 --> 2 
2 --> 3 
3 --> 

* FSM state operations: 

State 1 <SV = 0> <Delay = 1.64>
ST_1 : Operation 6 [1/1] (0.00ns)   --->   "%j = alloca i32 1" [prj/sol/.autopilot/db/v_tpg.cpp:850->prj/sol/.autopilot/db/v_tpg.cpp:342]   --->   Operation 6 'alloca' 'j' <Predicate = true> <Delay = 0.00>
ST_1 : Operation 7 [1/1] (0.00ns)   --->   "%p_0_0_0_0178414_i = alloca i32 1"   --->   Operation 7 'alloca' 'p_0_0_0_0178414_i' <Predicate = true> <Delay = 0.00>
ST_1 : Operation 8 [1/1] (0.00ns)   --->   "%p_4_0_0_0186423_i = alloca i32 1"   --->   Operation 8 'alloca' 'p_4_0_0_0186423_i' <Predicate = true> <Delay = 0.00>
ST_1 : Operation 9 [1/1] (0.00ns)   --->   "%specaxissidechannel_ln0 = specaxissidechannel void @_ssdm_op_SpecAXISSideChannel, i48 %s_axis_video_V_data_V, i6 %s_axis_video_V_keep_V, i6 %s_axis_video_V_strb_V, i1 %s_axis_video_V_user_V, i1 %s_axis_video_V_last_V, i1 %s_axis_video_V_id_V, i1 %s_axis_video_V_dest_V, void @empty_34"   --->   Operation 9 'specaxissidechannel' 'specaxissidechannel_ln0' <Predicate = true> <Delay = 0.00>
ST_1 : Operation 10 [1/1] (0.00ns)   --->   "%specstablecontent_ln0 = specstablecontent void @_ssdm_op_SpecStableContent, i8 %colorFormat_val27, i1 1, void @p_str"   --->   Operation 10 'specstablecontent' 'specstablecontent_ln0' <Predicate = true> <Delay = 0.00>
ST_1 : Operation 11 [1/1] (0.00ns)   --->   "%specinterface_ln0 = specinterface void @_ssdm_op_SpecInterface, i1 %s_axis_video_V_dest_V, void @empty_13, i32 0, i32 0, void @empty_4, i32 0, i32 0, void @empty_15, void @empty_15, void @empty_15, i32 0, i32 0, i32 0, i32 0, void @empty_15, void @empty_15, i32 4294967295, i32 0, i32 0, i32 0"   --->   Operation 11 'specinterface' 'specinterface_ln0' <Predicate = true> <Delay = 0.00>
ST_1 : Operation 12 [1/1] (0.00ns)   --->   "%specinterface_ln0 = specinterface void @_ssdm_op_SpecInterface, i1 %s_axis_video_V_id_V, void @empty_13, i32 0, i32 0, void @empty_4, i32 0, i32 0, void @empty_15, void @empty_15, void @empty_15, i32 0, i32 0, i32 0, i32 0, void @empty_15, void @empty_15, i32 4294967295, i32 0, i32 0, i32 0"   --->   Operation 12 'specinterface' 'specinterface_ln0' <Predicate = true> <Delay = 0.00>
ST_1 : Operation 13 [1/1] (0.00ns)   --->   "%specinterface_ln0 = specinterface void @_ssdm_op_SpecInterface, i1 %s_axis_video_V_last_V, void @empty_13, i32 0, i32 0, void @empty_4, i32 0, i32 0, void @empty_15, void @empty_15, void @empty_15, i32 0, i32 0, i32 0, i32 0, void @empty_15, void @empty_15, i32 4294967295, i32 0, i32 0, i32 0"   --->   Operation 13 'specinterface' 'specinterface_ln0' <Predicate = true> <Delay = 0.00>
ST_1 : Operation 14 [1/1] (0.00ns)   --->   "%specinterface_ln0 = specinterface void @_ssdm_op_SpecInterface, i1 %s_axis_video_V_user_V, void @empty_13, i32 0, i32 0, void @empty_4, i32 0, i32 0, void @empty_15, void @empty_15, void @empty_15, i32 0, i32 0, i32 0, i32 0, void @empty_15, void @empty_15, i32 4294967295, i32 0, i32 0, i32 0"   --->   Operation 14 'specinterface' 'specinterface_ln0' <Predicate = true> <Delay = 0.00>
ST_1 : Operation 15 [1/1] (0.00ns)   --->   "%specinterface_ln0 = specinterface void @_ssdm_op_SpecInterface, i6 %s_axis_video_V_strb_V, void @empty_13, i32 0, i32 0, void @empty_4, i32 0, i32 0, void @empty_15, void @empty_15, void @empty_15, i32 0, i32 0, i32 0, i32 0, void @empty_15, void @empty_15, i32 4294967295, i32 0, i32 0, i32 0"   --->   Operation 15 'specinterface' 'specinterface_ln0' <Predicate = true> <Delay = 0.00>
ST_1 : Operation 16 [1/1] (0.00ns)   --->   "%specinterface_ln0 = specinterface void @_ssdm_op_SpecInterface, i6 %s_axis_video_V_keep_V, void @empty_13, i32 0, i32 0, void @empty_4, i32 0, i32 0, void @empty_15, void @empty_15, void @empty_15, i32 0, i32 0, i32 0, i32 0, void @empty_15, void @empty_15, i32 4294967295, i32 0, i32 0, i32 0"   --->   Operation 16 'specinterface' 'specinterface_ln0' <Predicate = true> <Delay = 0.00>
ST_1 : Operation 17 [1/1] (0.00ns)   --->   "%specinterface_ln0 = specinterface void @_ssdm_op_SpecInterface, i48 %s_axis_video_V_data_V, void @empty_13, i32 0, i32 0, void @empty_4, i32 0, i32 0, void @empty_15, void @empty_15, void @empty_15, i32 0, i32 0, i32 0, i32 0, void @empty_15, void @empty_15, i32 4294967295, i32 0, i32 0, i32 0"   --->   Operation 17 'specinterface' 'specinterface_ln0' <Predicate = true> <Delay = 0.00>
ST_1 : Operation 18 [1/1] (0.00ns)   --->   "%specinterface_ln0 = specinterface void @_ssdm_op_SpecInterface, i48 %srcYUV, void @empty_35, i32 0, i32 0, void @empty_15, i32 0, i32 0, void @empty_15, void @empty_15, void @empty_15, i32 0, i32 0, i32 0, i32 0, void @empty_15, void @empty_15, i32 4294967295, i32 0, i32 0, i32 0"   --->   Operation 18 'specinterface' 'specinterface_ln0' <Predicate = true> <Delay = 0.00>
ST_1 : Operation 19 [1/1] (0.00ns)   --->   "%trunc_ln_i_read = read i10 @_ssdm_op_Read.ap_auto.i10, i10 %trunc_ln_i"   --->   Operation 19 'read' 'trunc_ln_i_read' <Predicate = true> <Delay = 0.00>
ST_1 : Operation 20 [1/1] (0.00ns)   --->   "%colorFormat_val27_read = read i8 @_ssdm_op_Read.ap_auto.i8, i8 %colorFormat_val27"   --->   Operation 20 'read' 'colorFormat_val27_read' <Predicate = true> <Delay = 0.00>
ST_1 : Operation 21 [1/1] (0.00ns)   --->   "%sof_4_i_read = read i1 @_ssdm_op_Read.ap_auto.i1, i1 %sof_4_i"   --->   Operation 21 'read' 'sof_4_i_read' <Predicate = true> <Delay = 0.00>
ST_1 : Operation 22 [1/1] (0.00ns)   --->   "%p_0_0_0_0178415_lcssa431_i_read = read i48 @_ssdm_op_Read.ap_auto.i48, i48 %p_0_0_0_0178415_lcssa431_i"   --->   Operation 22 'read' 'p_0_0_0_0178415_lcssa431_i_read' <Predicate = true> <Delay = 0.00>
ST_1 : Operation 23 [1/1] (0.00ns)   --->   "%p_4_0_0_0186422_lcssa447_i_read = read i1 @_ssdm_op_Read.ap_auto.i1, i1 %p_4_0_0_0186422_lcssa447_i"   --->   Operation 23 'read' 'p_4_0_0_0186422_lcssa447_i_read' <Predicate = true> <Delay = 0.00>
ST_1 : Operation 24 [1/1] (0.76ns)   --->   "%icmp_ln880 = icmp_eq  i8 %colorFormat_val27_read, i8 0" [prj/sol/.autopilot/db/v_tpg.cpp:880->prj/sol/.autopilot/db/v_tpg.cpp:342]   --->   Operation 24 'icmp' 'icmp_ln880' <Predicate = true> <Delay = 0.76> <CoreInst = "Cmp">   --->   Core 9 'Cmp' <Latency = 0> <II = 1> <Delay = 0.76> <FuncUnit> <Opcode : 'seteq' 'setne' 'setle' 'setge' 'setlt' 'setgt'> <InPorts = 2> <OutPorts = 1>
ST_1 : Operation 25 [1/1] (0.42ns)   --->   "%store_ln0 = store i1 %p_4_0_0_0186422_lcssa447_i_read, i1 %p_4_0_0_0186423_i"   --->   Operation 25 'store' 'store_ln0' <Predicate = true> <Delay = 0.42>
ST_1 : Operation 26 [1/1] (0.42ns)   --->   "%store_ln0 = store i48 %p_0_0_0_0178415_lcssa431_i_read, i48 %p_0_0_0_0178414_i"   --->   Operation 26 'store' 'store_ln0' <Predicate = true> <Delay = 0.42>
ST_1 : Operation 27 [1/1] (0.42ns)   --->   "%store_ln850 = store i10 0, i10 %j" [prj/sol/.autopilot/db/v_tpg.cpp:850->prj/sol/.autopilot/db/v_tpg.cpp:342]   --->   Operation 27 'store' 'store_ln850' <Predicate = true> <Delay = 0.42>
ST_1 : Operation 28 [1/1] (0.42ns)   --->   "%br_ln850 = br void %for.body12.i" [prj/sol/.autopilot/db/v_tpg.cpp:850->prj/sol/.autopilot/db/v_tpg.cpp:342]   --->   Operation 28 'br' 'br_ln850' <Predicate = true> <Delay = 0.42>
ST_1 : Operation 29 [1/1] (0.00ns)   --->   "%j_3 = load i10 %j" [prj/sol/.autopilot/db/v_tpg.cpp:850->prj/sol/.autopilot/db/v_tpg.cpp:342]   --->   Operation 29 'load' 'j_3' <Predicate = true> <Delay = 0.00>
ST_1 : Operation 30 [1/1] (0.78ns)   --->   "%icmp_ln850 = icmp_eq  i10 %j_3, i10 %trunc_ln_i_read" [prj/sol/.autopilot/db/v_tpg.cpp:850->prj/sol/.autopilot/db/v_tpg.cpp:342]   --->   Operation 30 'icmp' 'icmp_ln850' <Predicate = true> <Delay = 0.78> <CoreInst = "Cmp">   --->   Core 9 'Cmp' <Latency = 0> <II = 1> <Delay = 0.78> <FuncUnit> <Opcode : 'seteq' 'setne' 'setle' 'setge' 'setlt' 'setgt'> <InPorts = 2> <OutPorts = 1>
ST_1 : Operation 31 [1/1] (0.78ns)   --->   "%j_4 = add i10 %j_3, i10 1" [prj/sol/.autopilot/db/v_tpg.cpp:850->prj/sol/.autopilot/db/v_tpg.cpp:342]   --->   Operation 31 'add' 'j_4' <Predicate = true> <Delay = 0.78> <CoreInst = "Adder">   --->   Core 1 'Adder' <Latency = 0> <II = 1> <Delay = 0.78> <FuncUnit> <Opcode : 'add' 'sub'> <InPorts = 2> <OutPorts = 1>
ST_1 : Operation 32 [1/1] (0.00ns)   --->   "%br_ln850 = br i1 %icmp_ln850, void %for.body12.split.i, void %loop_wait_for_eol.i.exitStub" [prj/sol/.autopilot/db/v_tpg.cpp:850->prj/sol/.autopilot/db/v_tpg.cpp:342]   --->   Operation 32 'br' 'br_ln850' <Predicate = true> <Delay = 0.00>
ST_1 : Operation 33 [1/1] (0.42ns)   --->   "%store_ln850 = store i10 %j_4, i10 %j" [prj/sol/.autopilot/db/v_tpg.cpp:850->prj/sol/.autopilot/db/v_tpg.cpp:342]   --->   Operation 33 'store' 'store_ln850' <Predicate = (!icmp_ln850)> <Delay = 0.42>
ST_1 : Operation 34 [1/1] (0.00ns)   --->   "%br_ln850 = br void %for.body12.i" [prj/sol/.autopilot/db/v_tpg.cpp:850->prj/sol/.autopilot/db/v_tpg.cpp:342]   --->   Operation 34 'br' 'br_ln850' <Predicate = (!icmp_ln850)> <Delay = 0.00>

State 2 <SV = 1> <Delay = 0.70>
ST_2 : Operation 35 [1/1] (0.00ns)   --->   "%eol = phi i1 0, void %newFuncRoot, i1 %eol_2, void %if.end_ifconv.i"   --->   Operation 35 'phi' 'eol' <Predicate = true> <Delay = 0.00>
ST_2 : Operation 36 [1/1] (0.00ns)   --->   "%sof = phi i1 %sof_4_i_read, void %newFuncRoot, i1 0, void %if.end_ifconv.i"   --->   Operation 36 'phi' 'sof' <Predicate = true> <Delay = 0.00>
ST_2 : Operation 37 [1/1] (0.00ns)   --->   "%speclooptripcount_ln0 = speclooptripcount void @_ssdm_op_SpecLoopTripCount, i64 0, i64 960, i64 0"   --->   Operation 37 'speclooptripcount' 'speclooptripcount_ln0' <Predicate = true> <Delay = 0.00>
ST_2 : Operation 38 [1/1] (0.00ns)   --->   "%specpipeline_ln853 = specpipeline void @_ssdm_op_SpecPipeline, i32 1, i32 0, i32 0, i32 0, i32 4294967295, void @empty_15" [prj/sol/.autopilot/db/v_tpg.cpp:853->prj/sol/.autopilot/db/v_tpg.cpp:342]   --->   Operation 38 'specpipeline' 'specpipeline_ln853' <Predicate = (!icmp_ln850)> <Delay = 0.00>
ST_2 : Operation 39 [1/1] (0.00ns)   --->   "%specloopname_ln850 = specloopname void @_ssdm_op_SpecLoopName, void @empty_18" [prj/sol/.autopilot/db/v_tpg.cpp:850->prj/sol/.autopilot/db/v_tpg.cpp:342]   --->   Operation 39 'specloopname' 'specloopname_ln850' <Predicate = (!icmp_ln850)> <Delay = 0.00>
ST_2 : Operation 40 [1/1] (0.28ns)   --->   "%or_ln854 = or i1 %sof, i1 %eol" [prj/sol/.autopilot/db/v_tpg.cpp:854->prj/sol/.autopilot/db/v_tpg.cpp:342]   --->   Operation 40 'or' 'or_ln854' <Predicate = (!icmp_ln850)> <Delay = 0.28> <CoreInst = "LogicGate">   --->   Core 74 'LogicGate' <Latency = 0> <II = 1> <Delay = 0.28> <FuncUnit> <Opcode : 'and' 'or' 'xor'> <InPorts = 2> <OutPorts = 1>
ST_2 : Operation 41 [1/1] (0.00ns)   --->   "%br_ln854 = br i1 %or_ln854, void %if.else.i, void %if.end_ifconv.i" [prj/sol/.autopilot/db/v_tpg.cpp:854->prj/sol/.autopilot/db/v_tpg.cpp:342]   --->   Operation 41 'br' 'br_ln854' <Predicate = (!icmp_ln850)> <Delay = 0.00>
ST_2 : Operation 42 [1/1] ( I:0.07ns O:0.07ns )   --->   "%empty_199 = read i64 @_ssdm_op_Read.axis.volatile.i48P0A.i6P0A.i6P0A.i1P0A.i1P0A.i1P0A.i1P0A, i48 %s_axis_video_V_data_V, i6 %s_axis_video_V_keep_V, i6 %s_axis_video_V_strb_V, i1 %s_axis_video_V_user_V, i1 %s_axis_video_V_last_V, i1 %s_axis_video_V_id_V, i1 %s_axis_video_V_dest_V" [prj/sol/.autopilot/db/v_tpg.cpp:861->prj/sol/.autopilot/db/v_tpg.cpp:342]   --->   Operation 42 'read' 'empty_199' <Predicate = (!icmp_ln850 & !or_ln854)> <Delay = 0.07> <CoreInst = "regslice">   --->   Core 147 'regslice' <Latency = 0> <II = 1> <Delay = 0.69> <Adapter> <Opcode : 'read' 'write'>
ST_2 : Operation 43 [1/1] (0.00ns)   --->   "%p_s = extractvalue i64 %empty_199" [prj/sol/.autopilot/db/v_tpg.cpp:861->prj/sol/.autopilot/db/v_tpg.cpp:342]   --->   Operation 43 'extractvalue' 'p_s' <Predicate = (!icmp_ln850 & !or_ln854)> <Delay = 0.00>
ST_2 : Operation 44 [1/1] (0.00ns)   --->   "%eol_1 = extractvalue i64 %empty_199" [prj/sol/.autopilot/db/v_tpg.cpp:861->prj/sol/.autopilot/db/v_tpg.cpp:342]   --->   Operation 44 'extractvalue' 'eol_1' <Predicate = (!icmp_ln850 & !or_ln854)> <Delay = 0.00>
ST_2 : Operation 45 [1/1] (0.42ns)   --->   "%store_ln861 = store i1 %eol_1, i1 %p_4_0_0_0186423_i" [prj/sol/.autopilot/db/v_tpg.cpp:861->prj/sol/.autopilot/db/v_tpg.cpp:342]   --->   Operation 45 'store' 'store_ln861' <Predicate = (!icmp_ln850 & !or_ln854)> <Delay = 0.42>
ST_2 : Operation 46 [1/1] (0.42ns)   --->   "%store_ln861 = store i48 %p_s, i48 %p_0_0_0_0178414_i" [prj/sol/.autopilot/db/v_tpg.cpp:861->prj/sol/.autopilot/db/v_tpg.cpp:342]   --->   Operation 46 'store' 'store_ln861' <Predicate = (!icmp_ln850 & !or_ln854)> <Delay = 0.42>
ST_2 : Operation 47 [1/1] (0.00ns)   --->   "%br_ln0 = br void %if.end_ifconv.i"   --->   Operation 47 'br' 'br_ln0' <Predicate = (!icmp_ln850 & !or_ln854)> <Delay = 0.00>
ST_2 : Operation 65 [1/1] (0.00ns)   --->   "%p_0_0_0_0178414_i_load = load i48 %p_0_0_0_0178414_i"   --->   Operation 65 'load' 'p_0_0_0_0178414_i_load' <Predicate = (icmp_ln850)> <Delay = 0.00>
ST_2 : Operation 66 [1/1] (0.00ns)   --->   "%p_4_0_0_0186423_i_load = load i1 %p_4_0_0_0186423_i"   --->   Operation 66 'load' 'p_4_0_0_0186423_i_load' <Predicate = (icmp_ln850)> <Delay = 0.00>
ST_2 : Operation 67 [1/1] (0.00ns)   --->   "%write_ln0 = write void @_ssdm_op_Write.ap_auto.i1P0A, i1 %p_4_0_0_0186423_i_out, i1 %p_4_0_0_0186423_i_load"   --->   Operation 67 'write' 'write_ln0' <Predicate = (icmp_ln850)> <Delay = 0.00>
ST_2 : Operation 68 [1/1] (0.00ns)   --->   "%write_ln0 = write void @_ssdm_op_Write.ap_auto.i48P0A, i48 %p_0_0_0_0178414_i_out, i48 %p_0_0_0_0178414_i_load"   --->   Operation 68 'write' 'write_ln0' <Predicate = (icmp_ln850)> <Delay = 0.00>
ST_2 : Operation 69 [1/1] (0.42ns)   --->   "%ret_ln0 = ret"   --->   Operation 69 'ret' 'ret_ln0' <Predicate = (icmp_ln850)> <Delay = 0.42>

State 3 <SV = 2> <Delay = 3.19>
ST_3 : Operation 48 [1/1] (0.00ns)   --->   "%axi_data = load i48 %p_0_0_0_0178414_i" [FPGA_PDS.gen/sources_1/bd/hdmi_tx_bd/ip/hdmi_tx_bd_v_tpg_0_0/src/hls/hls_axi_io.h:63->FPGA_PDS.gen/sources_1/bd/hdmi_tx_bd/ip/hdmi_tx_bd_v_tpg_0_0/src/hls/hls_axi_io.h:85->prj/sol/.autopilot/db/v_tpg.cpp:878->prj/sol/.autopilot/db/v_tpg.cpp:342]   --->   Operation 48 'load' 'axi_data' <Predicate = (!icmp_ln850)> <Delay = 0.00>
ST_3 : Operation 49 [1/1] (0.00ns)   --->   "%eol_2 = load i1 %p_4_0_0_0186423_i"   --->   Operation 49 'load' 'eol_2' <Predicate = (!icmp_ln850)> <Delay = 0.00>
ST_3 : Operation 50 [1/1] (0.00ns)   --->   "%tmp_2_i = partselect i8 @_ssdm_op_PartSelect.i8.i48.i32, i48 %axi_data, i32 16" [FPGA_PDS.gen/sources_1/bd/hdmi_tx_bd/ip/hdmi_tx_bd_v_tpg_0_0/src/hls/hls_axi_io.h:63->FPGA_PDS.gen/sources_1/bd/hdmi_tx_bd/ip/hdmi_tx_bd_v_tpg_0_0/src/hls/hls_axi_io.h:85->prj/sol/.autopilot/db/v_tpg.cpp:877->prj/sol/.autopilot/db/v_tpg.cpp:342]   --->   Operation 50 'partselect' 'tmp_2_i' <Predicate = (!icmp_ln850)> <Delay = 0.00>
ST_3 : Operation 51 [1/1] (0.00ns)   --->   "%trunc_ln63 = trunc i48 %axi_data" [FPGA_PDS.gen/sources_1/bd/hdmi_tx_bd/ip/hdmi_tx_bd_v_tpg_0_0/src/hls/hls_axi_io.h:63->FPGA_PDS.gen/sources_1/bd/hdmi_tx_bd/ip/hdmi_tx_bd_v_tpg_0_0/src/hls/hls_axi_io.h:85->prj/sol/.autopilot/db/v_tpg.cpp:878->prj/sol/.autopilot/db/v_tpg.cpp:342]   --->   Operation 51 'trunc' 'trunc_ln63' <Predicate = (!icmp_ln850)> <Delay = 0.00>
ST_3 : Operation 52 [1/1] (0.38ns)   --->   "%select_ln880 = select i1 %icmp_ln880, i8 %tmp_2_i, i8 %trunc_ln63" [prj/sol/.autopilot/db/v_tpg.cpp:880->prj/sol/.autopilot/db/v_tpg.cpp:342]   --->   Operation 52 'select' 'select_ln880' <Predicate = (!icmp_ln850)> <Delay = 0.38> <CoreInst = "Sel">   --->   Core 73 'Sel' <Latency = 0> <II = 1> <Delay = 0.38> <FuncUnit> <Opcode : 'select'> <InPorts = 3> <OutPorts = 1>
ST_3 : Operation 53 [1/1] (0.00ns)   --->   "%tmp_4_i = partselect i8 @_ssdm_op_PartSelect.i8.i48.i32, i48 %axi_data, i32 8" [FPGA_PDS.gen/sources_1/bd/hdmi_tx_bd/ip/hdmi_tx_bd_v_tpg_0_0/src/hls/hls_axi_io.h:63->FPGA_PDS.gen/sources_1/bd/hdmi_tx_bd/ip/hdmi_tx_bd_v_tpg_0_0/src/hls/hls_axi_io.h:85->prj/sol/.autopilot/db/v_tpg.cpp:878->prj/sol/.autopilot/db/v_tpg.cpp:342]   --->   Operation 53 'partselect' 'tmp_4_i' <Predicate = (!icmp_ln850)> <Delay = 0.00>
ST_3 : Operation 54 [1/1] (0.38ns)   --->   "%select_ln880_1 = select i1 %icmp_ln880, i8 %trunc_ln63, i8 %tmp_4_i" [prj/sol/.autopilot/db/v_tpg.cpp:880->prj/sol/.autopilot/db/v_tpg.cpp:342]   --->   Operation 54 'select' 'select_ln880_1' <Predicate = (!icmp_ln850)> <Delay = 0.38> <CoreInst = "Sel">   --->   Core 73 'Sel' <Latency = 0> <II = 1> <Delay = 0.38> <FuncUnit> <Opcode : 'select'> <InPorts = 3> <OutPorts = 1>
ST_3 : Operation 55 [1/1] (0.38ns)   --->   "%select_ln880_2 = select i1 %icmp_ln880, i8 %tmp_4_i, i8 %tmp_2_i" [prj/sol/.autopilot/db/v_tpg.cpp:880->prj/sol/.autopilot/db/v_tpg.cpp:342]   --->   Operation 55 'select' 'select_ln880_2' <Predicate = (!icmp_ln850)> <Delay = 0.38> <CoreInst = "Sel">   --->   Core 73 'Sel' <Latency = 0> <II = 1> <Delay = 0.38> <FuncUnit> <Opcode : 'select'> <InPorts = 3> <OutPorts = 1>
ST_3 : Operation 56 [1/1] (0.00ns)   --->   "%tmp_5_i = partselect i8 @_ssdm_op_PartSelect.i8.i48.i32, i48 %axi_data, i32 40" [FPGA_PDS.gen/sources_1/bd/hdmi_tx_bd/ip/hdmi_tx_bd_v_tpg_0_0/src/hls/hls_axi_io.h:63->FPGA_PDS.gen/sources_1/bd/hdmi_tx_bd/ip/hdmi_tx_bd_v_tpg_0_0/src/hls/hls_axi_io.h:85->prj/sol/.autopilot/db/v_tpg.cpp:877->prj/sol/.autopilot/db/v_tpg.cpp:342]   --->   Operation 56 'partselect' 'tmp_5_i' <Predicate = (!icmp_ln850)> <Delay = 0.00>
ST_3 : Operation 57 [1/1] (0.00ns)   --->   "%tmp_6_i = partselect i8 @_ssdm_op_PartSelect.i8.i48.i32, i48 %axi_data, i32 24" [FPGA_PDS.gen/sources_1/bd/hdmi_tx_bd/ip/hdmi_tx_bd_v_tpg_0_0/src/hls/hls_axi_io.h:63->FPGA_PDS.gen/sources_1/bd/hdmi_tx_bd/ip/hdmi_tx_bd_v_tpg_0_0/src/hls/hls_axi_io.h:85->prj/sol/.autopilot/db/v_tpg.cpp:878->prj/sol/.autopilot/db/v_tpg.cpp:342]   --->   Operation 57 'partselect' 'tmp_6_i' <Predicate = (!icmp_ln850)> <Delay = 0.00>
ST_3 : Operation 58 [1/1] (0.42ns)   --->   "%tmp_i = sparsemux i8 @_ssdm_op_SparseMux.ap_auto.2i8.i8.i8, i8 0, i8 %tmp_5_i, i8 1, i8 %tmp_6_i, i8 %tmp_2_i, i8 %colorFormat_val27_read" [FPGA_PDS.gen/sources_1/bd/hdmi_tx_bd/ip/hdmi_tx_bd_v_tpg_0_0/src/hls/hls_axi_io.h:63->FPGA_PDS.gen/sources_1/bd/hdmi_tx_bd/ip/hdmi_tx_bd_v_tpg_0_0/src/hls/hls_axi_io.h:85->prj/sol/.autopilot/db/v_tpg.cpp:877->prj/sol/.autopilot/db/v_tpg.cpp:342]   --->   Operation 58 'sparsemux' 'tmp_i' <Predicate = (!icmp_ln850)> <Delay = 0.42> <CoreInst = "BinarySparseMux_HasDef">   --->   Core 150 'BinarySparseMux_HasDef' <Latency = 0> <II = 1> <Delay = 0.42> <FuncUnit> <Opcode : 'sparsemux'> <InPorts = 2> <OutPorts = 1>
ST_3 : Operation 59 [1/1] (0.00ns)   --->   "%tmp_7_i = partselect i8 @_ssdm_op_PartSelect.i8.i48.i32, i48 %axi_data, i32 32" [FPGA_PDS.gen/sources_1/bd/hdmi_tx_bd/ip/hdmi_tx_bd_v_tpg_0_0/src/hls/hls_axi_io.h:63->FPGA_PDS.gen/sources_1/bd/hdmi_tx_bd/ip/hdmi_tx_bd_v_tpg_0_0/src/hls/hls_axi_io.h:85->prj/sol/.autopilot/db/v_tpg.cpp:878->prj/sol/.autopilot/db/v_tpg.cpp:342]   --->   Operation 59 'partselect' 'tmp_7_i' <Predicate = (!icmp_ln850)> <Delay = 0.00>
ST_3 : Operation 60 [1/1] (0.76ns)   --->   "%icmp_ln880_1 = icmp_eq  i8 %colorFormat_val27_read, i8 1" [prj/sol/.autopilot/db/v_tpg.cpp:880->prj/sol/.autopilot/db/v_tpg.cpp:342]   --->   Operation 60 'icmp' 'icmp_ln880_1' <Predicate = (!icmp_ln850)> <Delay = 0.76> <CoreInst = "Cmp">   --->   Core 9 'Cmp' <Latency = 0> <II = 1> <Delay = 0.76> <FuncUnit> <Opcode : 'seteq' 'setne' 'setle' 'setge' 'setlt' 'setgt'> <InPorts = 2> <OutPorts = 1>
ST_3 : Operation 61 [1/1] (0.38ns)   --->   "%empty = select i1 %icmp_ln880_1, i8 %tmp_7_i, i8 %tmp_6_i" [prj/sol/.autopilot/db/v_tpg.cpp:880->prj/sol/.autopilot/db/v_tpg.cpp:342]   --->   Operation 61 'select' 'empty' <Predicate = (!icmp_ln850)> <Delay = 0.38> <CoreInst = "Sel">   --->   Core 73 'Sel' <Latency = 0> <II = 1> <Delay = 0.38> <FuncUnit> <Opcode : 'select'> <InPorts = 3> <OutPorts = 1>
ST_3 : Operation 62 [1/1] (0.38ns)   --->   "%empty_198 = select i1 %icmp_ln880_1, i8 %tmp_5_i, i8 %tmp_7_i" [prj/sol/.autopilot/db/v_tpg.cpp:880->prj/sol/.autopilot/db/v_tpg.cpp:342]   --->   Operation 62 'select' 'empty_198' <Predicate = (!icmp_ln850)> <Delay = 0.38> <CoreInst = "Sel">   --->   Core 73 'Sel' <Latency = 0> <II = 1> <Delay = 0.38> <FuncUnit> <Opcode : 'select'> <InPorts = 3> <OutPorts = 1>
ST_3 : Operation 63 [1/1] (0.00ns)   --->   "%or_ln894_9_i = bitconcatenate i48 @_ssdm_op_BitConcatenate.i48.i8.i8.i8.i8.i8.i8, i8 %empty_198, i8 %empty, i8 %tmp_i, i8 %select_ln880_2, i8 %select_ln880_1, i8 %select_ln880" [prj/sol/.autopilot/db/v_tpg.cpp:894->prj/sol/.autopilot/db/v_tpg.cpp:342]   --->   Operation 63 'bitconcatenate' 'or_ln894_9_i' <Predicate = (!icmp_ln850)> <Delay = 0.00>
ST_3 : Operation 64 [1/1] ( I:2.04ns O:2.04ns )   --->   "%write_ln894 = write void @_ssdm_op_Write.ap_fifo.volatile.i48P0A, i48 %srcYUV, i48 %or_ln894_9_i" [prj/sol/.autopilot/db/v_tpg.cpp:894->prj/sol/.autopilot/db/v_tpg.cpp:342]   --->   Operation 64 'write' 'write_ln894' <Predicate = (!icmp_ln850)> <Delay = 2.04> <CoreInst = "FIFO_SRL">   --->   Core 80 'FIFO_SRL' <Latency = 0> <II = 1> <Delay = 2.04> <Storage> <Opcode : 'read' 'write' 'nbread' 'nbwrite'> <Ports = 0> <Width = 48> <Depth = 16> <FIFO>


============================================================
+ Verbose Summary: Timing violations
============================================================
Target clock period: 10.000ns, clock uncertainty: 2.700ns.

 <State 1>: 1.641ns
The critical path consists of the following:
	'store' operation ('store_ln850', prj/sol/.autopilot/db/v_tpg.cpp:850->prj/sol/.autopilot/db/v_tpg.cpp:342) of constant 0 10 bit on local variable 'j', prj/sol/.autopilot/db/v_tpg.cpp:850->prj/sol/.autopilot/db/v_tpg.cpp:342 [37]  (0.427 ns)
	'load' operation 10 bit ('j', prj/sol/.autopilot/db/v_tpg.cpp:850->prj/sol/.autopilot/db/v_tpg.cpp:342) on local variable 'j', prj/sol/.autopilot/db/v_tpg.cpp:850->prj/sol/.autopilot/db/v_tpg.cpp:342 [42]  (0.000 ns)
	'icmp' operation 1 bit ('icmp_ln850', prj/sol/.autopilot/db/v_tpg.cpp:850->prj/sol/.autopilot/db/v_tpg.cpp:342) [43]  (0.787 ns)
	'store' operation ('store_ln850', prj/sol/.autopilot/db/v_tpg.cpp:850->prj/sol/.autopilot/db/v_tpg.cpp:342) of variable 'j', prj/sol/.autopilot/db/v_tpg.cpp:850->prj/sol/.autopilot/db/v_tpg.cpp:342 10 bit on local variable 'j', prj/sol/.autopilot/db/v_tpg.cpp:850->prj/sol/.autopilot/db/v_tpg.cpp:342 [77]  (0.427 ns)

 <State 2>: 0.709ns
The critical path consists of the following:
	'phi' operation 1 bit ('eol') with incoming values : ('eol') [40]  (0.000 ns)
	'or' operation 1 bit ('or_ln854', prj/sol/.autopilot/db/v_tpg.cpp:854->prj/sol/.autopilot/db/v_tpg.cpp:342) [50]  (0.282 ns)
	'store' operation ('store_ln861', prj/sol/.autopilot/db/v_tpg.cpp:861->prj/sol/.autopilot/db/v_tpg.cpp:342) of variable 'eol', prj/sol/.autopilot/db/v_tpg.cpp:861->prj/sol/.autopilot/db/v_tpg.cpp:342 1 bit on local variable 'p_4_0_0_0186423_i' [56]  (0.427 ns)

 <State 3>: 3.196ns
The critical path consists of the following:
	'icmp' operation 1 bit ('icmp_ln880_1', prj/sol/.autopilot/db/v_tpg.cpp:880->prj/sol/.autopilot/db/v_tpg.cpp:342) [72]  (0.765 ns)
	'select' operation 8 bit ('empty', prj/sol/.autopilot/db/v_tpg.cpp:880->prj/sol/.autopilot/db/v_tpg.cpp:342) [73]  (0.387 ns)
	fifo write operation ('write_ln894', prj/sol/.autopilot/db/v_tpg.cpp:894->prj/sol/.autopilot/db/v_tpg.cpp:342) on port 'srcYUV' (prj/sol/.autopilot/db/v_tpg.cpp:894->prj/sol/.autopilot/db/v_tpg.cpp:342) [76]  (2.044 ns)


============================================================
+ Verbose Summary: Binding
============================================================
N/A
* FSMD analyzer results:
  - Output states:
 - Input state : 
  - Chain level:
	State 1
	State 2
	State 3


============================================================
+ Verbose Summary: Datapath Resource usage 
============================================================
N/A
