

================================================================
== Vitis HLS Report for 'AXIvideo2MultiPixStream'
================================================================
* Date:           Wed Jun  3 12:59:08 2026

* Version:        2025.2 (Build 6295257 on Nov 14 2025)
* Project:        prj
* Solution:       sol (Vivado IP Flow Target)
* Product family: artixuplus
* Target device:  xcau15p-ffvb676-2-e


================================================================
== Performance Estimates
================================================================
+ Timing: 
    * Summary: 
    +--------+----------+----------+------------+
    |  Clock |  Target  | Estimated| Uncertainty|
    +--------+----------+----------+------------+
    |ap_clk  |  10.00 ns|  3.196 ns|     2.70 ns|
    +--------+----------+----------+------------+

+ Latency: 
    * Summary: 
    +---------+---------+-----------+-----------+-----+---------+---------+
    |  Latency (cycles) |   Latency (absolute)  |    Interval   | Pipeline|
    |   min   |   max   |    min    |    max    | min |   max   |   Type  |
    +---------+---------+-----------+-----------+-----+---------+---------+
    |        2|  1047606|  20.000 ns|  10.476 ms|    2|  1047606|       no|
    +---------+---------+-----------+-----------+-----+---------+---------+

    + Detail: 
        * Instance: 
        N/A

        * Loop: 
        +---------------+---------+---------+----------+-----------+-----------+----------+----------+
        |               |  Latency (cycles) | Iteration|  Initiation Interval  |   Trip   |          |
        |   Loop Name   |   min   |   max   |  Latency |  achieved |   target  |   Count  | Pipelined|
        +---------------+---------+---------+----------+-----------+-----------+----------+----------+
        |- loop_height  |        0|  1047600|  10 ~ 970|          -|          -|  0 ~ 1080|        no|
        +---------------+---------+---------+----------+-----------+-----------+----------+----------+

============================================================
+ Verbose Summary: Synthesis Manager
============================================================
InlineROM: 1
ExposeGlobal: 0
============================================================
+ Verbose Summary: CDFG Model
============================================================
IsTopModel: 0
ResetActiveHigh: 1
IsCombinational: 2
IsDatapathOnly: 0
HasWiredReturn: 1
HasMFsm: 0
HasVarLatency: 1
IsPipeline: 0
IsRtlPipelined: 0
IsInstanceOverlapped: 0
IsDontTouch: 0
HasImplIP: 0
IsGatedGlobalClock: 0


============================================================
+ Verbose Summary: Schedule
============================================================
* Number of FSM states : 9
* Pipeline : 0
* Dataflow Pipeline: 0

* FSM state transitions: 
1 --> 2 
2 --> 3 5 
3 --> 4 
4 --> 5 
5 --> 6 
6 --> 7 
7 --> 8 
8 --> 9 
9 --> 5 

* FSM state operations: 

State 1 <SV = 0> <Delay = 1.83>
ST_1 : Operation 10 [1/1] (1.83ns)   --->   "%width_val10_read = read i11 @_ssdm_op_Read.ap_auto.i11, i11 %width_val10"   --->   Operation 10 'read' 'width_val10_read' <Predicate = true> <Delay = 1.83> <CoreInst = "FIFO_SRL">   --->   Core 80 'FIFO_SRL' <Latency = 0> <II = 1> <Delay = 1.83> <Storage> <Opcode : 'read' 'write' 'nbread' 'nbwrite'> <Ports = 0> <Width = 11> <Depth = 2> <FIFO>
ST_1 : Operation 11 [1/1] (1.83ns)   --->   "%height_val5_read = read i11 @_ssdm_op_Read.ap_auto.i11, i11 %height_val5"   --->   Operation 11 'read' 'height_val5_read' <Predicate = true> <Delay = 1.83> <CoreInst = "FIFO_SRL">   --->   Core 80 'FIFO_SRL' <Latency = 0> <II = 1> <Delay = 1.83> <Storage> <Opcode : 'read' 'write' 'nbread' 'nbwrite'> <Ports = 0> <Width = 11> <Depth = 2> <FIFO>
ST_1 : Operation 12 [1/1] (0.00ns)   --->   "%p_4_0_0_0186422_lcssa445_i_loc = alloca i64 1"   --->   Operation 12 'alloca' 'p_4_0_0_0186422_lcssa445_i_loc' <Predicate = true> <Delay = 0.00>
ST_1 : Operation 13 [1/1] (0.00ns)   --->   "%p_0_0_0_0178414_i_loc = alloca i64 1"   --->   Operation 13 'alloca' 'p_0_0_0_0178414_i_loc' <Predicate = true> <Delay = 0.00>
ST_1 : Operation 14 [1/1] (0.00ns)   --->   "%p_4_0_0_0186423_i_loc = alloca i64 1"   --->   Operation 14 'alloca' 'p_4_0_0_0186423_i_loc' <Predicate = true> <Delay = 0.00>
ST_1 : Operation 15 [1/1] (0.00ns)   --->   "%axi_last_i_loc = alloca i64 1"   --->   Operation 15 'alloca' 'axi_last_i_loc' <Predicate = true> <Delay = 0.00>
ST_1 : Operation 16 [2/2] (0.00ns)   --->   "%rows = call i11 @reg<unsigned short>6, i11 %height_val5_read" [prj/sol/.autopilot/db/v_tpg.cpp:827->prj/sol/.autopilot/db/v_tpg.cpp:342]   --->   Operation 16 'call' 'rows' <Predicate = true> <Delay = 0.00> <CoreType = "Generic">   --->   Generic Core
ST_1 : Operation 17 [2/2] (0.00ns)   --->   "%cols = call i11 @reg<unsigned short>6, i11 %width_val10_read" [prj/sol/.autopilot/db/v_tpg.cpp:828->prj/sol/.autopilot/db/v_tpg.cpp:342]   --->   Operation 17 'call' 'cols' <Predicate = true> <Delay = 0.00> <CoreType = "Generic">   --->   Generic Core

State 2 <SV = 1> <Delay = 1.27>
ST_2 : Operation 18 [1/1] (0.00ns)   --->   "%colorFormat_val27_read = read i8 @_ssdm_op_Read.ap_auto.i8, i8 %colorFormat_val27"   --->   Operation 18 'read' 'colorFormat_val27_read' <Predicate = true> <Delay = 0.00>
ST_2 : Operation 19 [1/1] (0.00ns)   --->   "%enableInput_val18_read = read i8 @_ssdm_op_Read.ap_auto.i8, i8 %enableInput_val18"   --->   Operation 19 'read' 'enableInput_val18_read' <Predicate = true> <Delay = 0.00>
ST_2 : Operation 20 [1/1] (0.00ns)   --->   "%specstablecontent_ln0 = specstablecontent void @_ssdm_op_SpecStableContent, i8 %colorFormat_val27, i1 1, void @p_str"   --->   Operation 20 'specstablecontent' 'specstablecontent_ln0' <Predicate = true> <Delay = 0.00>
ST_2 : Operation 21 [1/1] (0.00ns)   --->   "%specstablecontent_ln0 = specstablecontent void @_ssdm_op_SpecStableContent, i8 %enableInput_val18, i1 1, void @p_str"   --->   Operation 21 'specstablecontent' 'specstablecontent_ln0' <Predicate = true> <Delay = 0.00>
ST_2 : Operation 22 [1/1] (0.00ns)   --->   "%specstablecontent_ln0 = specstablecontent void @_ssdm_op_SpecStableContent, i11 %width_val10, i1 1, void @p_str"   --->   Operation 22 'specstablecontent' 'specstablecontent_ln0' <Predicate = true> <Delay = 0.00>
ST_2 : Operation 23 [1/1] (0.00ns)   --->   "%specstablecontent_ln0 = specstablecontent void @_ssdm_op_SpecStableContent, i11 %height_val5, i1 1, void @p_str"   --->   Operation 23 'specstablecontent' 'specstablecontent_ln0' <Predicate = true> <Delay = 0.00>
ST_2 : Operation 24 [1/1] (0.00ns)   --->   "%specaxissidechannel_ln0 = specaxissidechannel void @_ssdm_op_SpecAXISSideChannel, i48 %s_axis_video_V_data_V, i6 %s_axis_video_V_keep_V, i6 %s_axis_video_V_strb_V, i1 %s_axis_video_V_user_V, i1 %s_axis_video_V_last_V, i1 %s_axis_video_V_id_V, i1 %s_axis_video_V_dest_V, void @empty_34"   --->   Operation 24 'specaxissidechannel' 'specaxissidechannel_ln0' <Predicate = true> <Delay = 0.00>
ST_2 : Operation 25 [1/1] (0.00ns)   --->   "%specinterface_ln0 = specinterface void @_ssdm_op_SpecInterface, i48 %srcYUV, void @empty_35, i32 0, i32 0, void @empty_15, i32 0, i32 0, void @empty_15, void @empty_15, void @empty_15, i32 0, i32 0, i32 0, i32 0, void @empty_15, void @empty_15, i32 4294967295, i32 0, i32 0, i32 0"   --->   Operation 25 'specinterface' 'specinterface_ln0' <Predicate = true> <Delay = 0.00>
ST_2 : Operation 26 [1/1] (0.00ns)   --->   "%specinterface_ln0 = specinterface void @_ssdm_op_SpecInterface, i48 %s_axis_video_V_data_V, i6 %s_axis_video_V_keep_V, i6 %s_axis_video_V_strb_V, i1 %s_axis_video_V_user_V, i1 %s_axis_video_V_last_V, i1 %s_axis_video_V_id_V, i1 %s_axis_video_V_dest_V, void @empty_13, i32 0, i32 0, void @empty_4, i32 0, i32 0, void @empty_15, void @empty_15, void @empty_15, i32 0, i32 0, i32 0, i32 0, void @empty_15, void @empty_15, i32 4294967295, i32 0, i32 0, i32 0"   --->   Operation 26 'specinterface' 'specinterface_ln0' <Predicate = true> <Delay = 0.00>
ST_2 : Operation 27 [1/2] (0.00ns)   --->   "%rows = call i11 @reg<unsigned short>6, i11 %height_val5_read" [prj/sol/.autopilot/db/v_tpg.cpp:827->prj/sol/.autopilot/db/v_tpg.cpp:342]   --->   Operation 27 'call' 'rows' <Predicate = true> <Delay = 0.00> <CoreType = "Generic">   --->   Generic Core
ST_2 : Operation 28 [1/2] (0.00ns)   --->   "%cols = call i11 @reg<unsigned short>6, i11 %width_val10_read" [prj/sol/.autopilot/db/v_tpg.cpp:828->prj/sol/.autopilot/db/v_tpg.cpp:342]   --->   Operation 28 'call' 'cols' <Predicate = true> <Delay = 0.00> <CoreType = "Generic">   --->   Generic Core
ST_2 : Operation 29 [1/1] (0.76ns)   --->   "%icmp_ln834 = icmp_eq  i8 %enableInput_val18_read, i8 0" [prj/sol/.autopilot/db/v_tpg.cpp:834->prj/sol/.autopilot/db/v_tpg.cpp:342]   --->   Operation 29 'icmp' 'icmp_ln834' <Predicate = true> <Delay = 0.76> <CoreInst = "Cmp">   --->   Core 9 'Cmp' <Latency = 0> <II = 1> <Delay = 0.76> <FuncUnit> <Opcode : 'seteq' 'setne' 'setle' 'setge' 'setlt' 'setgt'> <InPorts = 2> <OutPorts = 1>
ST_2 : Operation 30 [1/1] (0.00ns)   --->   "%br_ln834 = br i1 %icmp_ln834, void %while.cond.preheader.i, void %AXIvideo2MultiPixStream.exit" [prj/sol/.autopilot/db/v_tpg.cpp:834->prj/sol/.autopilot/db/v_tpg.cpp:342]   --->   Operation 30 'br' 'br_ln834' <Predicate = true> <Delay = 0.00>
ST_2 : Operation 31 [1/1] (0.00ns)   --->   "%i = alloca i32 1" [prj/sol/.autopilot/db/v_tpg.cpp:845->prj/sol/.autopilot/db/v_tpg.cpp:342]   --->   Operation 31 'alloca' 'i' <Predicate = (!icmp_ln834)> <Delay = 0.00>
ST_2 : Operation 32 [1/1] (0.00ns)   --->   "%p_0_0_0_0178415_lcssa431_i = alloca i32 1"   --->   Operation 32 'alloca' 'p_0_0_0_0178415_lcssa431_i' <Predicate = (!icmp_ln834)> <Delay = 0.00>
ST_2 : Operation 33 [2/2] (0.50ns)   --->   "%call_ln0 = call void @AXIvideo2MultiPixStream_Pipeline_loop_wait_for_start, i48 %s_axis_video_V_data_V, i6 %s_axis_video_V_keep_V, i6 %s_axis_video_V_strb_V, i1 %s_axis_video_V_user_V, i1 %s_axis_video_V_last_V, i1 %s_axis_video_V_id_V, i1 %s_axis_video_V_dest_V, i1 %axi_last_i_loc, i48 %p_0_0_0_0178415_lcssa431_i"   --->   Operation 33 'call' 'call_ln0' <Predicate = (!icmp_ln834)> <Delay = 0.50> <CoreType = "Generic">   --->   Generic Core
ST_2 : Operation 34 [1/1] (0.00ns)   --->   "%trunc_ln_i = partselect i10 @_ssdm_op_PartSelect.i10.i11.i32.i32, i11 %cols, i32 1, i32 10" [prj/sol/.autopilot/db/v_tpg.cpp:832->prj/sol/.autopilot/db/v_tpg.cpp:342]   --->   Operation 34 'partselect' 'trunc_ln_i' <Predicate = (!icmp_ln834)> <Delay = 0.00>
ST_2 : Operation 35 [1/1] (0.42ns)   --->   "%store_ln845 = store i11 0, i11 %i" [prj/sol/.autopilot/db/v_tpg.cpp:845->prj/sol/.autopilot/db/v_tpg.cpp:342]   --->   Operation 35 'store' 'store_ln845' <Predicate = (!icmp_ln834)> <Delay = 0.42>

State 3 <SV = 2> <Delay = 0.85>
ST_3 : Operation 36 [1/2] (0.85ns)   --->   "%call_ln0 = call void @AXIvideo2MultiPixStream_Pipeline_loop_wait_for_start, i48 %s_axis_video_V_data_V, i6 %s_axis_video_V_keep_V, i6 %s_axis_video_V_strb_V, i1 %s_axis_video_V_user_V, i1 %s_axis_video_V_last_V, i1 %s_axis_video_V_id_V, i1 %s_axis_video_V_dest_V, i1 %axi_last_i_loc, i48 %p_0_0_0_0178415_lcssa431_i"   --->   Operation 36 'call' 'call_ln0' <Predicate = true> <Delay = 0.85> <CoreType = "Generic">   --->   Generic Core

State 4 <SV = 3> <Delay = 1.06>
ST_4 : Operation 37 [1/1] (0.00ns)   --->   "%fence_ln832 = fence void @_ssdm_op_Fence, i48 %s_axis_video_V_data_V, i6 %s_axis_video_V_keep_V, i6 %s_axis_video_V_strb_V, i1 %s_axis_video_V_user_V, i1 %s_axis_video_V_last_V, i1 %s_axis_video_V_id_V, i1 %s_axis_video_V_dest_V, i32 4294967295, i48 %s_axis_video_V_data_V, i6 %s_axis_video_V_keep_V, i6 %s_axis_video_V_strb_V, i1 %s_axis_video_V_user_V, i1 %s_axis_video_V_last_V, i1 %s_axis_video_V_id_V, i1 %s_axis_video_V_dest_V, i48 %srcYUV, i32 0" [prj/sol/.autopilot/db/v_tpg.cpp:832->prj/sol/.autopilot/db/v_tpg.cpp:342]   --->   Operation 37 'fence' 'fence_ln832' <Predicate = true> <Delay = 0.00>
ST_4 : Operation 38 [1/1] (0.00ns)   --->   "%axi_last_i_loc_load = load i1 %axi_last_i_loc"   --->   Operation 38 'load' 'axi_last_i_loc_load' <Predicate = true> <Delay = 0.00>
ST_4 : Operation 39 [1/1] (0.78ns)   --->   "%icmp_ln850 = icmp_ne  i10 %trunc_ln_i, i10 0" [prj/sol/.autopilot/db/v_tpg.cpp:850->prj/sol/.autopilot/db/v_tpg.cpp:342]   --->   Operation 39 'icmp' 'icmp_ln850' <Predicate = true> <Delay = 0.78> <CoreInst = "Cmp">   --->   Core 9 'Cmp' <Latency = 0> <II = 1> <Delay = 0.78> <FuncUnit> <Opcode : 'seteq' 'setne' 'setle' 'setge' 'setlt' 'setgt'> <InPorts = 2> <OutPorts = 1>
ST_4 : Operation 40 [1/1] (0.28ns)   --->   "%xor_ln897 = xor i1 %icmp_ln850, i1 1" [prj/sol/.autopilot/db/v_tpg.cpp:897->prj/sol/.autopilot/db/v_tpg.cpp:342]   --->   Operation 40 'xor' 'xor_ln897' <Predicate = true> <Delay = 0.28> <CoreInst = "LogicGate">   --->   Core 74 'LogicGate' <Latency = 0> <II = 1> <Delay = 0.28> <FuncUnit> <Opcode : 'and' 'or' 'xor'> <InPorts = 2> <OutPorts = 1>
ST_4 : Operation 41 [1/1] (0.42ns)   --->   "%br_ln845 = br void %loop_width.i" [prj/sol/.autopilot/db/v_tpg.cpp:845->prj/sol/.autopilot/db/v_tpg.cpp:342]   --->   Operation 41 'br' 'br_ln845' <Predicate = true> <Delay = 0.42>

State 5 <SV = 4> <Delay = 2.01>
ST_5 : Operation 42 [1/1] (0.00ns)   --->   "%p_4_0_0_0186422_lcssa447_i = phi i1 %axi_last_i_loc_load, void %while.cond.preheader.i, i1 %p_4_0_0_0186422_lcssa445_i_loc_load, void %for.body12.lr.ph.i"   --->   Operation 42 'phi' 'p_4_0_0_0186422_lcssa447_i' <Predicate = (!icmp_ln834)> <Delay = 0.00>
ST_5 : Operation 43 [1/1] (0.00ns)   --->   "%sof = phi i1 1, void %while.cond.preheader.i, i1 %and_ln897_1, void %for.body12.lr.ph.i" [prj/sol/.autopilot/db/v_tpg.cpp:897->prj/sol/.autopilot/db/v_tpg.cpp:342]   --->   Operation 43 'phi' 'sof' <Predicate = (!icmp_ln834)> <Delay = 0.00>
ST_5 : Operation 44 [1/1] (0.00ns)   --->   "%i_3 = load i11 %i" [prj/sol/.autopilot/db/v_tpg.cpp:845->prj/sol/.autopilot/db/v_tpg.cpp:342]   --->   Operation 44 'load' 'i_3' <Predicate = (!icmp_ln834)> <Delay = 0.00>
ST_5 : Operation 45 [1/1] (0.79ns)   --->   "%icmp_ln845 = icmp_eq  i11 %i_3, i11 %rows" [prj/sol/.autopilot/db/v_tpg.cpp:845->prj/sol/.autopilot/db/v_tpg.cpp:342]   --->   Operation 45 'icmp' 'icmp_ln845' <Predicate = (!icmp_ln834)> <Delay = 0.79> <CoreInst = "Cmp">   --->   Core 9 'Cmp' <Latency = 0> <II = 1> <Delay = 0.79> <FuncUnit> <Opcode : 'seteq' 'setne' 'setle' 'setge' 'setlt' 'setgt'> <InPorts = 2> <OutPorts = 1>
ST_5 : Operation 46 [1/1] (0.00ns)   --->   "%speclooptripcount_ln0 = speclooptripcount void @_ssdm_op_SpecLoopTripCount, i64 0, i64 1080, i64 0"   --->   Operation 46 'speclooptripcount' 'speclooptripcount_ln0' <Predicate = (!icmp_ln834)> <Delay = 0.00>
ST_5 : Operation 47 [1/1] (0.79ns)   --->   "%i_4 = add i11 %i_3, i11 1" [prj/sol/.autopilot/db/v_tpg.cpp:845->prj/sol/.autopilot/db/v_tpg.cpp:342]   --->   Operation 47 'add' 'i_4' <Predicate = (!icmp_ln834)> <Delay = 0.79> <CoreInst = "Adder">   --->   Core 1 'Adder' <Latency = 0> <II = 1> <Delay = 0.79> <FuncUnit> <Opcode : 'add' 'sub'> <InPorts = 2> <OutPorts = 1>
ST_5 : Operation 48 [1/1] (0.00ns)   --->   "%br_ln845 = br i1 %icmp_ln845, void %for.body12.lr.ph.i, void %AXIvideo2MultiPixStream.exit.loopexit" [prj/sol/.autopilot/db/v_tpg.cpp:845->prj/sol/.autopilot/db/v_tpg.cpp:342]   --->   Operation 48 'br' 'br_ln845' <Predicate = (!icmp_ln834)> <Delay = 0.00>
ST_5 : Operation 49 [1/1] (0.00ns)   --->   "%p_0_0_0_0178415_lcssa431_i_load = load i48 %p_0_0_0_0178415_lcssa431_i"   --->   Operation 49 'load' 'p_0_0_0_0178415_lcssa431_i_load' <Predicate = (!icmp_ln834 & !icmp_ln845)> <Delay = 0.00>
ST_5 : Operation 50 [2/2] (1.21ns)   --->   "%call_ln897 = call void @AXIvideo2MultiPixStream_Pipeline_loop_width, i1 %p_4_0_0_0186422_lcssa447_i, i48 %p_0_0_0_0178415_lcssa431_i_load, i1 %sof, i8 %colorFormat_val27_read, i10 %trunc_ln_i, i48 %srcYUV, i48 %s_axis_video_V_data_V, i6 %s_axis_video_V_keep_V, i6 %s_axis_video_V_strb_V, i1 %s_axis_video_V_user_V, i1 %s_axis_video_V_last_V, i1 %s_axis_video_V_id_V, i1 %s_axis_video_V_dest_V, i1 %p_4_0_0_0186423_i_loc, i48 %p_0_0_0_0178414_i_loc" [prj/sol/.autopilot/db/v_tpg.cpp:897->prj/sol/.autopilot/db/v_tpg.cpp:342]   --->   Operation 50 'call' 'call_ln897' <Predicate = (!icmp_ln834 & !icmp_ln845)> <Delay = 1.21> <CoreType = "Generic">   --->   Generic Core
ST_5 : Operation 51 [1/1] (0.28ns)   --->   "%and_ln897_1 = and i1 %sof, i1 %xor_ln897" [prj/sol/.autopilot/db/v_tpg.cpp:897->prj/sol/.autopilot/db/v_tpg.cpp:342]   --->   Operation 51 'and' 'and_ln897_1' <Predicate = (!icmp_ln834 & !icmp_ln845)> <Delay = 0.28> <CoreInst = "LogicGate">   --->   Core 74 'LogicGate' <Latency = 0> <II = 1> <Delay = 0.28> <FuncUnit> <Opcode : 'and' 'or' 'xor'> <InPorts = 2> <OutPorts = 1>
ST_5 : Operation 52 [1/1] (0.42ns)   --->   "%store_ln845 = store i11 %i_4, i11 %i" [prj/sol/.autopilot/db/v_tpg.cpp:845->prj/sol/.autopilot/db/v_tpg.cpp:342]   --->   Operation 52 'store' 'store_ln845' <Predicate = (!icmp_ln834 & !icmp_ln845)> <Delay = 0.42>
ST_5 : Operation 53 [1/1] (0.00ns)   --->   "%br_ln0 = br void %AXIvideo2MultiPixStream.exit"   --->   Operation 53 'br' 'br_ln0' <Predicate = (!icmp_ln834 & icmp_ln845)> <Delay = 0.00>
ST_5 : Operation 54 [1/1] (0.00ns)   --->   "%ret_ln342 = ret" [prj/sol/.autopilot/db/v_tpg.cpp:342]   --->   Operation 54 'ret' 'ret_ln342' <Predicate = (icmp_ln845) | (icmp_ln834)> <Delay = 0.00>

State 6 <SV = 5> <Delay = 0.00>
ST_6 : Operation 55 [1/2] (0.00ns)   --->   "%call_ln897 = call void @AXIvideo2MultiPixStream_Pipeline_loop_width, i1 %p_4_0_0_0186422_lcssa447_i, i48 %p_0_0_0_0178415_lcssa431_i_load, i1 %sof, i8 %colorFormat_val27_read, i10 %trunc_ln_i, i48 %srcYUV, i48 %s_axis_video_V_data_V, i6 %s_axis_video_V_keep_V, i6 %s_axis_video_V_strb_V, i1 %s_axis_video_V_user_V, i1 %s_axis_video_V_last_V, i1 %s_axis_video_V_id_V, i1 %s_axis_video_V_dest_V, i1 %p_4_0_0_0186423_i_loc, i48 %p_0_0_0_0178414_i_loc" [prj/sol/.autopilot/db/v_tpg.cpp:897->prj/sol/.autopilot/db/v_tpg.cpp:342]   --->   Operation 55 'call' 'call_ln897' <Predicate = true> <Delay = 0.00> <CoreType = "Generic">   --->   Generic Core

State 7 <SV = 6> <Delay = 0.78>
ST_7 : Operation 56 [1/1] (0.00ns)   --->   "%fence_ln897 = fence void @_ssdm_op_Fence, i48 %s_axis_video_V_data_V, i6 %s_axis_video_V_keep_V, i6 %s_axis_video_V_strb_V, i1 %s_axis_video_V_user_V, i1 %s_axis_video_V_last_V, i1 %s_axis_video_V_id_V, i1 %s_axis_video_V_dest_V, i48 %srcYUV, i32 4294967295, i48 %s_axis_video_V_data_V, i6 %s_axis_video_V_keep_V, i6 %s_axis_video_V_strb_V, i1 %s_axis_video_V_user_V, i1 %s_axis_video_V_last_V, i1 %s_axis_video_V_id_V, i1 %s_axis_video_V_dest_V, i32 0" [prj/sol/.autopilot/db/v_tpg.cpp:897->prj/sol/.autopilot/db/v_tpg.cpp:342]   --->   Operation 56 'fence' 'fence_ln897' <Predicate = true> <Delay = 0.00>
ST_7 : Operation 57 [1/1] (0.00ns)   --->   "%p_4_0_0_0186423_i_loc_load = load i1 %p_4_0_0_0186423_i_loc"   --->   Operation 57 'load' 'p_4_0_0_0186423_i_loc_load' <Predicate = true> <Delay = 0.00>
ST_7 : Operation 58 [1/1] (0.00ns)   --->   "%p_0_0_0_0178414_i_loc_load = load i48 %p_0_0_0_0178414_i_loc"   --->   Operation 58 'load' 'p_0_0_0_0178414_i_loc_load' <Predicate = true> <Delay = 0.00>
ST_7 : Operation 59 [1/1] (0.28ns)   --->   "%and_ln897 = and i1 %icmp_ln850, i1 %p_4_0_0_0186423_i_loc_load" [prj/sol/.autopilot/db/v_tpg.cpp:897->prj/sol/.autopilot/db/v_tpg.cpp:342]   --->   Operation 59 'and' 'and_ln897' <Predicate = true> <Delay = 0.28> <CoreInst = "LogicGate">   --->   Core 74 'LogicGate' <Latency = 0> <II = 1> <Delay = 0.28> <FuncUnit> <Opcode : 'and' 'or' 'xor'> <InPorts = 2> <OutPorts = 1>
ST_7 : Operation 60 [1/1] (0.00ns)   --->   "%fence_ln897 = fence void @_ssdm_op_Fence, i48 %s_axis_video_V_data_V, i6 %s_axis_video_V_keep_V, i6 %s_axis_video_V_strb_V, i1 %s_axis_video_V_user_V, i1 %s_axis_video_V_last_V, i1 %s_axis_video_V_id_V, i1 %s_axis_video_V_dest_V, i48 %srcYUV, i32 4294967295, i48 %s_axis_video_V_data_V, i6 %s_axis_video_V_keep_V, i6 %s_axis_video_V_strb_V, i1 %s_axis_video_V_user_V, i1 %s_axis_video_V_last_V, i1 %s_axis_video_V_id_V, i1 %s_axis_video_V_dest_V, i32 0" [prj/sol/.autopilot/db/v_tpg.cpp:897->prj/sol/.autopilot/db/v_tpg.cpp:342]   --->   Operation 60 'fence' 'fence_ln897' <Predicate = true> <Delay = 0.00>
ST_7 : Operation 61 [2/2] (0.50ns)   --->   "%call_ln897 = call void @AXIvideo2MultiPixStream_Pipeline_loop_wait_for_eol, i1 %p_4_0_0_0186423_i_loc_load, i48 %p_0_0_0_0178414_i_loc_load, i1 %and_ln897, i48 %s_axis_video_V_data_V, i6 %s_axis_video_V_keep_V, i6 %s_axis_video_V_strb_V, i1 %s_axis_video_V_user_V, i1 %s_axis_video_V_last_V, i1 %s_axis_video_V_id_V, i1 %s_axis_video_V_dest_V, i1 %p_4_0_0_0186422_lcssa445_i_loc, i48 %p_0_0_0_0178415_lcssa431_i" [prj/sol/.autopilot/db/v_tpg.cpp:897->prj/sol/.autopilot/db/v_tpg.cpp:342]   --->   Operation 61 'call' 'call_ln897' <Predicate = true> <Delay = 0.50> <CoreType = "Generic">   --->   Generic Core

State 8 <SV = 7> <Delay = 0.85>
ST_8 : Operation 62 [1/2] (0.85ns)   --->   "%call_ln897 = call void @AXIvideo2MultiPixStream_Pipeline_loop_wait_for_eol, i1 %p_4_0_0_0186423_i_loc_load, i48 %p_0_0_0_0178414_i_loc_load, i1 %and_ln897, i48 %s_axis_video_V_data_V, i6 %s_axis_video_V_keep_V, i6 %s_axis_video_V_strb_V, i1 %s_axis_video_V_user_V, i1 %s_axis_video_V_last_V, i1 %s_axis_video_V_id_V, i1 %s_axis_video_V_dest_V, i1 %p_4_0_0_0186422_lcssa445_i_loc, i48 %p_0_0_0_0178415_lcssa431_i" [prj/sol/.autopilot/db/v_tpg.cpp:897->prj/sol/.autopilot/db/v_tpg.cpp:342]   --->   Operation 62 'call' 'call_ln897' <Predicate = true> <Delay = 0.85> <CoreType = "Generic">   --->   Generic Core

State 9 <SV = 8> <Delay = 0.00>
ST_9 : Operation 63 [1/1] (0.00ns)   --->   "%specloopname_ln845 = specloopname void @_ssdm_op_SpecLoopName, void @empty_2" [prj/sol/.autopilot/db/v_tpg.cpp:845->prj/sol/.autopilot/db/v_tpg.cpp:342]   --->   Operation 63 'specloopname' 'specloopname_ln845' <Predicate = true> <Delay = 0.00>
ST_9 : Operation 64 [1/1] (0.00ns)   --->   "%p_4_0_0_0186422_lcssa445_i_loc_load = load i1 %p_4_0_0_0186422_lcssa445_i_loc"   --->   Operation 64 'load' 'p_4_0_0_0186422_lcssa445_i_loc_load' <Predicate = true> <Delay = 0.00>
ST_9 : Operation 65 [1/1] (0.00ns)   --->   "%br_ln845 = br void %loop_width.i" [prj/sol/.autopilot/db/v_tpg.cpp:845->prj/sol/.autopilot/db/v_tpg.cpp:342]   --->   Operation 65 'br' 'br_ln845' <Predicate = true> <Delay = 0.00>


============================================================
+ Verbose Summary: Timing violations
============================================================
Target clock period: 10.000ns, clock uncertainty: 2.700ns.

 <State 1>: 1.838ns
The critical path consists of the following:
	wire read operation ('width_val10_read') on port 'width_val10' [14]  (1.838 ns)

 <State 2>: 1.270ns
The critical path consists of the following:
	wire read operation ('enableInput_val18_read') on port 'enableInput_val18' [16]  (0.000 ns)
	'icmp' operation 1 bit ('icmp_ln834', prj/sol/.autopilot/db/v_tpg.cpp:834->prj/sol/.autopilot/db/v_tpg.cpp:342) [30]  (0.765 ns)
	'call' operation ('call_ln0') to 'AXIvideo2MultiPixStream_Pipeline_loop_wait_for_start' [35]  (0.505 ns)

 <State 3>: 0.854ns
The critical path consists of the following:
	'call' operation ('call_ln0') to 'AXIvideo2MultiPixStream_Pipeline_loop_wait_for_start' [35]  (0.854 ns)

 <State 4>: 1.069ns
The critical path consists of the following:
	'icmp' operation 1 bit ('icmp_ln850', prj/sol/.autopilot/db/v_tpg.cpp:850->prj/sol/.autopilot/db/v_tpg.cpp:342) [39]  (0.787 ns)
	'xor' operation 1 bit ('xor_ln897', prj/sol/.autopilot/db/v_tpg.cpp:897->prj/sol/.autopilot/db/v_tpg.cpp:342) [40]  (0.282 ns)

 <State 5>: 2.012ns
The critical path consists of the following:
	'load' operation 11 bit ('i', prj/sol/.autopilot/db/v_tpg.cpp:845->prj/sol/.autopilot/db/v_tpg.cpp:342) on local variable 'i', prj/sol/.autopilot/db/v_tpg.cpp:845->prj/sol/.autopilot/db/v_tpg.cpp:342 [46]  (0.000 ns)
	'icmp' operation 1 bit ('icmp_ln845', prj/sol/.autopilot/db/v_tpg.cpp:845->prj/sol/.autopilot/db/v_tpg.cpp:342) [47]  (0.798 ns)
	'call' operation ('call_ln897', prj/sol/.autopilot/db/v_tpg.cpp:897->prj/sol/.autopilot/db/v_tpg.cpp:342) to 'AXIvideo2MultiPixStream_Pipeline_loop_width' [54]  (1.214 ns)

 <State 6>: 0.000ns
The critical path consists of the following:

 <State 7>: 0.787ns
The critical path consists of the following:
	'load' operation 1 bit ('p_4_0_0_0186423_i_loc_load') on local variable 'p_4_0_0_0186423_i_loc' [56]  (0.000 ns)
	'and' operation 1 bit ('and_ln897', prj/sol/.autopilot/db/v_tpg.cpp:897->prj/sol/.autopilot/db/v_tpg.cpp:342) [58]  (0.282 ns)
	'call' operation ('call_ln897', prj/sol/.autopilot/db/v_tpg.cpp:897->prj/sol/.autopilot/db/v_tpg.cpp:342) to 'AXIvideo2MultiPixStream_Pipeline_loop_wait_for_eol' [60]  (0.505 ns)

 <State 8>: 0.854ns
The critical path consists of the following:
	'call' operation ('call_ln897', prj/sol/.autopilot/db/v_tpg.cpp:897->prj/sol/.autopilot/db/v_tpg.cpp:342) to 'AXIvideo2MultiPixStream_Pipeline_loop_wait_for_eol' [60]  (0.854 ns)

 <State 9>: 0.000ns
The critical path consists of the following:


============================================================
+ Verbose Summary: Binding
============================================================
N/A
* FSMD analyzer results:
  - Output states:
 - Input state : 
  - Chain level:
	State 1
	State 2
	State 3
	State 4
	State 5
	State 6
	State 7
	State 8
	State 9


============================================================
+ Verbose Summary: Datapath Resource usage 
============================================================
N/A
