

================================================================
== Vitis HLS Report for 'MultiPixStream2AXIvideo'
================================================================
* Date:           Wed Jun  3 12:59:09 2026

* Version:        2025.2 (Build 6295257 on Nov 14 2025)
* Project:        prj
* Solution:       sol (Vivado IP Flow Target)
* Product family: artixuplus
* Target device:  xcau15p-ffvb676-2-e


================================================================
== Performance Estimates
================================================================
+ Timing: 
    * Summary: 
    +--------+----------+----------+------------+
    |  Clock |  Target  | Estimated| Uncertainty|
    +--------+----------+----------+------------+
    |ap_clk  |  10.00 ns|  3.442 ns|     2.70 ns|
    +--------+----------+----------+------------+

+ Latency: 
    * Summary: 
    +---------+---------+-----------+-----------+-----+---------+---------+
    |  Latency (cycles) |   Latency (absolute)  |    Interval   | Pipeline|
    |   min   |   max   |    min    |    max    | min |   max   |   Type  |
    +---------+---------+-----------+-----------+-----+---------+---------+
    |        1|  1043281|  10.000 ns|  10.433 ms|    1|  1043281|       no|
    +---------+---------+-----------+-----------+-----+---------+---------+

    + Detail: 
        * Instance: 
        N/A

        * Loop: 
        +--------------------+---------+---------+----------+-----------+-----------+----------+----------+
        |                    |  Latency (cycles) | Iteration|  Initiation Interval  |   Trip   |          |
        |      Loop Name     |   min   |   max   |  Latency |  achieved |   target  |   Count  | Pipelined|
        +--------------------+---------+---------+----------+-----------+-----------+----------+----------+
        |- VITIS_LOOP_979_1  |        0|  1043280|   6 ~ 966|          -|          -|  0 ~ 1080|        no|
        +--------------------+---------+---------+----------+-----------+-----------+----------+----------+

============================================================
+ Verbose Summary: Synthesis Manager
============================================================
InlineROM: 1
ExposeGlobal: 0
============================================================
+ Verbose Summary: CDFG Model
============================================================
IsTopModel: 0
ResetActiveHigh: 1
IsCombinational: 2
IsDatapathOnly: 0
HasWiredReturn: 1
HasMFsm: 0
HasVarLatency: 1
IsPipeline: 0
IsRtlPipelined: 0
IsInstanceOverlapped: 0
IsDontTouch: 0
HasImplIP: 0
IsGatedGlobalClock: 0


============================================================
+ Verbose Summary: Schedule
============================================================
* Number of FSM states : 4
* Pipeline : 0
* Dataflow Pipeline: 0

* FSM state transitions: 
1 --> 2 
2 --> 3 
3 --> 4 
4 --> 2 

* FSM state operations: 

State 1 <SV = 0> <Delay = 2.62>
ST_1 : Operation 5 [1/1] (0.00ns)   --->   "%i = alloca i32 1" [prj/sol/.autopilot/db/v_tpg.cpp:979->prj/sol/.autopilot/db/v_tpg.cpp:399->prj/sol/.autopilot/db/v_tpg.cpp:399]   --->   Operation 5 'alloca' 'i' <Predicate = true> <Delay = 0.00>
ST_1 : Operation 6 [1/1] (0.00ns)   --->   "%counter_loc_0_i_i = alloca i32 1"   --->   Operation 6 'alloca' 'counter_loc_0_i_i' <Predicate = true> <Delay = 0.00>
ST_1 : Operation 7 [1/1] (0.00ns)   --->   "%sof = alloca i32 1" [prj/sol/.autopilot/db/v_tpg.cpp:973->prj/sol/.autopilot/db/v_tpg.cpp:399->prj/sol/.autopilot/db/v_tpg.cpp:399]   --->   Operation 7 'alloca' 'sof' <Predicate = true> <Delay = 0.00>
ST_1 : Operation 8 [1/1] (0.00ns)   --->   "%empty = alloca i32 1"   --->   Operation 8 'alloca' 'empty' <Predicate = true> <Delay = 0.00>
ST_1 : Operation 9 [1/1] (0.00ns)   --->   "%field_id_val11_read = read i16 @_ssdm_op_Read.ap_auto.i16, i16 %field_id_val11"   --->   Operation 9 'read' 'field_id_val11_read' <Predicate = true> <Delay = 0.00>
ST_1 : Operation 10 [1/1] (0.00ns)   --->   "%fid_in_val12_read = read i1 @_ssdm_op_Read.ap_auto.i1, i1 %fid_in_val12"   --->   Operation 10 'read' 'fid_in_val12_read' <Predicate = true> <Delay = 0.00>
ST_1 : Operation 11 [1/1] (0.00ns)   --->   "%colorFormat_val27_read = read i8 @_ssdm_op_Read.ap_auto.i8, i8 %colorFormat_val27"   --->   Operation 11 'read' 'colorFormat_val27_read' <Predicate = true> <Delay = 0.00>
ST_1 : Operation 12 [1/1] (1.83ns)   --->   "%width_val10_read = read i11 @_ssdm_op_Read.ap_auto.i11, i11 %width_val10"   --->   Operation 12 'read' 'width_val10_read' <Predicate = true> <Delay = 1.83> <CoreInst = "FIFO_SRL">   --->   Core 80 'FIFO_SRL' <Latency = 0> <II = 1> <Delay = 1.83> <Storage> <Opcode : 'read' 'write' 'nbread' 'nbwrite'> <Ports = 0> <Width = 11> <Depth = 2> <FIFO>
ST_1 : Operation 13 [1/1] (1.83ns)   --->   "%height_val5_read = read i11 @_ssdm_op_Read.ap_auto.i11, i11 %height_val5"   --->   Operation 13 'read' 'height_val5_read' <Predicate = true> <Delay = 1.83> <CoreInst = "FIFO_SRL">   --->   Core 80 'FIFO_SRL' <Latency = 0> <II = 1> <Delay = 1.83> <Storage> <Opcode : 'read' 'write' 'nbread' 'nbwrite'> <Ports = 0> <Width = 11> <Depth = 2> <FIFO>
ST_1 : Operation 14 [1/1] (0.00ns)   --->   "%phi_ln1036_i_loc = alloca i64 1"   --->   Operation 14 'alloca' 'phi_ln1036_i_loc' <Predicate = true> <Delay = 0.00>
ST_1 : Operation 15 [1/1] (0.00ns)   --->   "%counter_loc_1_i_i_loc = alloca i64 1"   --->   Operation 15 'alloca' 'counter_loc_1_i_i_loc' <Predicate = true> <Delay = 0.00>
ST_1 : Operation 16 [1/1] (0.00ns)   --->   "%specstablecontent_ln0 = specstablecontent void @_ssdm_op_SpecStableContent, i8 %colorFormat_val27, i1 1, void @p_str"   --->   Operation 16 'specstablecontent' 'specstablecontent_ln0' <Predicate = true> <Delay = 0.00>
ST_1 : Operation 17 [1/1] (0.00ns)   --->   "%specstablecontent_ln0 = specstablecontent void @_ssdm_op_SpecStableContent, i1 %fid_in_val12, i1 1, void @p_str"   --->   Operation 17 'specstablecontent' 'specstablecontent_ln0' <Predicate = true> <Delay = 0.00>
ST_1 : Operation 18 [1/1] (0.00ns)   --->   "%specstablecontent_ln0 = specstablecontent void @_ssdm_op_SpecStableContent, i16 %field_id_val11, i1 1, void @p_str"   --->   Operation 18 'specstablecontent' 'specstablecontent_ln0' <Predicate = true> <Delay = 0.00>
ST_1 : Operation 19 [1/1] (0.00ns)   --->   "%specstablecontent_ln0 = specstablecontent void @_ssdm_op_SpecStableContent, i11 %width_val10, i1 1, void @p_str"   --->   Operation 19 'specstablecontent' 'specstablecontent_ln0' <Predicate = true> <Delay = 0.00>
ST_1 : Operation 20 [1/1] (0.00ns)   --->   "%specstablecontent_ln0 = specstablecontent void @_ssdm_op_SpecStableContent, i11 %height_val5, i1 1, void @p_str"   --->   Operation 20 'specstablecontent' 'specstablecontent_ln0' <Predicate = true> <Delay = 0.00>
ST_1 : Operation 21 [1/1] (0.00ns)   --->   "%specaxissidechannel_ln0 = specaxissidechannel void @_ssdm_op_SpecAXISSideChannel, i48 %m_axis_video_V_data_V, i6 %m_axis_video_V_keep_V, i6 %m_axis_video_V_strb_V, i1 %m_axis_video_V_user_V, i1 %m_axis_video_V_last_V, i1 %m_axis_video_V_id_V, i1 %m_axis_video_V_dest_V, void @empty_45"   --->   Operation 21 'specaxissidechannel' 'specaxissidechannel_ln0' <Predicate = true> <Delay = 0.00>
ST_1 : Operation 22 [1/1] (0.00ns)   --->   "%specinterface_ln0 = specinterface void @_ssdm_op_SpecInterface, i48 %ovrlayYUV, void @empty_35, i32 0, i32 0, void @empty_15, i32 0, i32 0, void @empty_15, void @empty_15, void @empty_15, i32 0, i32 0, i32 0, i32 0, void @empty_15, void @empty_15, i32 4294967295, i32 0, i32 0, i32 0"   --->   Operation 22 'specinterface' 'specinterface_ln0' <Predicate = true> <Delay = 0.00>
ST_1 : Operation 23 [1/1] (0.00ns)   --->   "%specinterface_ln0 = specinterface void @_ssdm_op_SpecInterface, i48 %m_axis_video_V_data_V, i6 %m_axis_video_V_keep_V, i6 %m_axis_video_V_strb_V, i1 %m_axis_video_V_user_V, i1 %m_axis_video_V_last_V, i1 %m_axis_video_V_id_V, i1 %m_axis_video_V_dest_V, void @empty_13, i32 0, i32 0, void @empty_4, i32 0, i32 0, void @empty_15, void @empty_15, void @empty_15, i32 0, i32 0, i32 0, i32 0, void @empty_15, void @empty_15, i32 4294967295, i32 0, i32 0, i32 0"   --->   Operation 23 'specinterface' 'specinterface_ln0' <Predicate = true> <Delay = 0.00>
ST_1 : Operation 24 [1/1] (0.00ns)   --->   "%fidStored_load = load i1 %fidStored" [prj/sol/.autopilot/db/v_tpg.cpp:978->prj/sol/.autopilot/db/v_tpg.cpp:399->prj/sol/.autopilot/db/v_tpg.cpp:399]   --->   Operation 24 'load' 'fidStored_load' <Predicate = true> <Delay = 0.00>
ST_1 : Operation 25 [1/1] (0.00ns)   --->   "%write_ln978 = write void @_ssdm_op_Write.ap_auto.i1P0A, i1 %fid, i1 %fidStored_load" [prj/sol/.autopilot/db/v_tpg.cpp:978->prj/sol/.autopilot/db/v_tpg.cpp:399->prj/sol/.autopilot/db/v_tpg.cpp:399]   --->   Operation 25 'write' 'write_ln978' <Predicate = true> <Delay = 0.00>
ST_1 : Operation 26 [1/1] (0.00ns)   --->   "%lshr_ln_i = partselect i10 @_ssdm_op_PartSelect.i10.i11.i32.i32, i11 %width_val10_read, i32 1, i32 10" [prj/sol/.autopilot/db/v_tpg.cpp:981->prj/sol/.autopilot/db/v_tpg.cpp:399->prj/sol/.autopilot/db/v_tpg.cpp:399]   --->   Operation 26 'partselect' 'lshr_ln_i' <Predicate = true> <Delay = 0.00>
ST_1 : Operation 27 [1/1] (0.00ns)   --->   "%zext_ln981 = zext i10 %lshr_ln_i" [prj/sol/.autopilot/db/v_tpg.cpp:981->prj/sol/.autopilot/db/v_tpg.cpp:399->prj/sol/.autopilot/db/v_tpg.cpp:399]   --->   Operation 27 'zext' 'zext_ln981' <Predicate = true> <Delay = 0.00>
ST_1 : Operation 28 [1/1] (0.78ns)   --->   "%add_ln994 = add i11 %zext_ln981, i11 2047" [prj/sol/.autopilot/db/v_tpg.cpp:994->prj/sol/.autopilot/db/v_tpg.cpp:399->prj/sol/.autopilot/db/v_tpg.cpp:399]   --->   Operation 28 'add' 'add_ln994' <Predicate = true> <Delay = 0.78> <CoreInst = "Adder">   --->   Core 1 'Adder' <Latency = 0> <II = 1> <Delay = 0.78> <FuncUnit> <Opcode : 'add' 'sub'> <InPorts = 2> <OutPorts = 1>
ST_1 : Operation 29 [1/1] (0.85ns)   --->   "%icmp_ln1051 = icmp_eq  i16 %field_id_val11_read, i16 3" [prj/sol/.autopilot/db/v_tpg.cpp:1051->prj/sol/.autopilot/db/v_tpg.cpp:399->prj/sol/.autopilot/db/v_tpg.cpp:399]   --->   Operation 29 'icmp' 'icmp_ln1051' <Predicate = true> <Delay = 0.85> <CoreInst = "Cmp">   --->   Core 9 'Cmp' <Latency = 0> <II = 1> <Delay = 0.85> <FuncUnit> <Opcode : 'seteq' 'setne' 'setle' 'setge' 'setlt' 'setgt'> <InPorts = 2> <OutPorts = 1>
ST_1 : Operation 30 [1/1] (0.78ns)   --->   "%icmp_ln981 = icmp_eq  i10 %lshr_ln_i, i10 0" [prj/sol/.autopilot/db/v_tpg.cpp:981->prj/sol/.autopilot/db/v_tpg.cpp:399->prj/sol/.autopilot/db/v_tpg.cpp:399]   --->   Operation 30 'icmp' 'icmp_ln981' <Predicate = true> <Delay = 0.78> <CoreInst = "Cmp">   --->   Core 9 'Cmp' <Latency = 0> <II = 1> <Delay = 0.78> <FuncUnit> <Opcode : 'seteq' 'setne' 'setle' 'setge' 'setlt' 'setgt'> <InPorts = 2> <OutPorts = 1>
ST_1 : Operation 31 [1/1] (0.00ns)   --->   "%tmp_28_i = partselect i15 @_ssdm_op_PartSelect.i15.i16.i32.i32, i16 %field_id_val11_read, i32 1, i32 15" [prj/sol/.autopilot/db/v_tpg.cpp:1038->prj/sol/.autopilot/db/v_tpg.cpp:399->prj/sol/.autopilot/db/v_tpg.cpp:399]   --->   Operation 31 'partselect' 'tmp_28_i' <Predicate = true> <Delay = 0.00>
ST_1 : Operation 32 [1/1] (0.00ns)   --->   "%or_ln_i = bitconcatenate i16 @_ssdm_op_BitConcatenate.i16.i15.i1, i15 %tmp_28_i, i1 1" [prj/sol/.autopilot/db/v_tpg.cpp:1038->prj/sol/.autopilot/db/v_tpg.cpp:399->prj/sol/.autopilot/db/v_tpg.cpp:399]   --->   Operation 32 'bitconcatenate' 'or_ln_i' <Predicate = true> <Delay = 0.00>
ST_1 : Operation 33 [1/1] (0.85ns)   --->   "%icmp_ln1038 = icmp_ult  i16 %field_id_val11_read, i16 3" [prj/sol/.autopilot/db/v_tpg.cpp:1038->prj/sol/.autopilot/db/v_tpg.cpp:399->prj/sol/.autopilot/db/v_tpg.cpp:399]   --->   Operation 33 'icmp' 'icmp_ln1038' <Predicate = true> <Delay = 0.85> <CoreInst = "Cmp">   --->   Core 9 'Cmp' <Latency = 0> <II = 1> <Delay = 0.85> <FuncUnit> <Opcode : 'seteq' 'setne' 'setle' 'setge' 'setlt' 'setgt'> <InPorts = 2> <OutPorts = 1>
ST_1 : Operation 34 [1/1] (0.85ns)   --->   "%icmp_ln1038_1 = icmp_ne  i16 %field_id_val11_read, i16 0" [prj/sol/.autopilot/db/v_tpg.cpp:1038->prj/sol/.autopilot/db/v_tpg.cpp:399->prj/sol/.autopilot/db/v_tpg.cpp:399]   --->   Operation 34 'icmp' 'icmp_ln1038_1' <Predicate = true> <Delay = 0.85> <CoreInst = "Cmp">   --->   Core 9 'Cmp' <Latency = 0> <II = 1> <Delay = 0.85> <FuncUnit> <Opcode : 'seteq' 'setne' 'setle' 'setge' 'setlt' 'setgt'> <InPorts = 2> <OutPorts = 1>
ST_1 : Operation 35 [1/1] (0.85ns)   --->   "%icmp_ln1038_2 = icmp_ne  i16 %or_ln_i, i16 1" [prj/sol/.autopilot/db/v_tpg.cpp:1038->prj/sol/.autopilot/db/v_tpg.cpp:399->prj/sol/.autopilot/db/v_tpg.cpp:399]   --->   Operation 35 'icmp' 'icmp_ln1038_2' <Predicate = true> <Delay = 0.85> <CoreInst = "Cmp">   --->   Core 9 'Cmp' <Latency = 0> <II = 1> <Delay = 0.85> <FuncUnit> <Opcode : 'seteq' 'setne' 'setle' 'setge' 'setlt' 'setgt'> <InPorts = 2> <OutPorts = 1>
ST_1 : Operation 36 [1/1] (0.00ns)   --->   "%counter_load = load i16 %counter" [prj/sol/.autopilot/db/v_tpg.cpp:1005->prj/sol/.autopilot/db/v_tpg.cpp:399->prj/sol/.autopilot/db/v_tpg.cpp:399]   --->   Operation 36 'load' 'counter_load' <Predicate = true> <Delay = 0.00>
ST_1 : Operation 37 [1/1] (0.42ns)   --->   "%store_ln978 = store i1 %fidStored_load, i1 %empty" [prj/sol/.autopilot/db/v_tpg.cpp:978->prj/sol/.autopilot/db/v_tpg.cpp:399->prj/sol/.autopilot/db/v_tpg.cpp:399]   --->   Operation 37 'store' 'store_ln978' <Predicate = true> <Delay = 0.42>
ST_1 : Operation 38 [1/1] (0.42ns)   --->   "%store_ln973 = store i1 1, i1 %sof" [prj/sol/.autopilot/db/v_tpg.cpp:973->prj/sol/.autopilot/db/v_tpg.cpp:399->prj/sol/.autopilot/db/v_tpg.cpp:399]   --->   Operation 38 'store' 'store_ln973' <Predicate = true> <Delay = 0.42>
ST_1 : Operation 39 [1/1] (0.42ns)   --->   "%store_ln1005 = store i16 %counter_load, i16 %counter_loc_0_i_i" [prj/sol/.autopilot/db/v_tpg.cpp:1005->prj/sol/.autopilot/db/v_tpg.cpp:399->prj/sol/.autopilot/db/v_tpg.cpp:399]   --->   Operation 39 'store' 'store_ln1005' <Predicate = true> <Delay = 0.42>
ST_1 : Operation 40 [1/1] (0.42ns)   --->   "%store_ln979 = store i11 0, i11 %i" [prj/sol/.autopilot/db/v_tpg.cpp:979->prj/sol/.autopilot/db/v_tpg.cpp:399->prj/sol/.autopilot/db/v_tpg.cpp:399]   --->   Operation 40 'store' 'store_ln979' <Predicate = true> <Delay = 0.42>
ST_1 : Operation 41 [1/1] (0.00ns)   --->   "%br_ln979 = br void %VITIS_LOOP_981_2.i.i" [prj/sol/.autopilot/db/v_tpg.cpp:979->prj/sol/.autopilot/db/v_tpg.cpp:399->prj/sol/.autopilot/db/v_tpg.cpp:399]   --->   Operation 41 'br' 'br_ln979' <Predicate = true> <Delay = 0.00>

State 2 <SV = 1> <Delay = 1.56>
ST_2 : Operation 42 [1/1] (0.00ns)   --->   "%i_1 = load i11 %i" [prj/sol/.autopilot/db/v_tpg.cpp:979->prj/sol/.autopilot/db/v_tpg.cpp:399->prj/sol/.autopilot/db/v_tpg.cpp:399]   --->   Operation 42 'load' 'i_1' <Predicate = true> <Delay = 0.00>
ST_2 : Operation 43 [1/1] (0.79ns)   --->   "%icmp_ln979 = icmp_eq  i11 %i_1, i11 %height_val5_read" [prj/sol/.autopilot/db/v_tpg.cpp:979->prj/sol/.autopilot/db/v_tpg.cpp:399->prj/sol/.autopilot/db/v_tpg.cpp:399]   --->   Operation 43 'icmp' 'icmp_ln979' <Predicate = true> <Delay = 0.79> <CoreInst = "Cmp">   --->   Core 9 'Cmp' <Latency = 0> <II = 1> <Delay = 0.79> <FuncUnit> <Opcode : 'seteq' 'setne' 'setle' 'setge' 'setlt' 'setgt'> <InPorts = 2> <OutPorts = 1>
ST_2 : Operation 44 [1/1] (0.00ns)   --->   "%speclooptripcount_ln0 = speclooptripcount void @_ssdm_op_SpecLoopTripCount, i64 0, i64 1080, i64 0"   --->   Operation 44 'speclooptripcount' 'speclooptripcount_ln0' <Predicate = true> <Delay = 0.00>
ST_2 : Operation 45 [1/1] (0.79ns)   --->   "%i_2 = add i11 %i_1, i11 1" [prj/sol/.autopilot/db/v_tpg.cpp:979->prj/sol/.autopilot/db/v_tpg.cpp:399->prj/sol/.autopilot/db/v_tpg.cpp:399]   --->   Operation 45 'add' 'i_2' <Predicate = true> <Delay = 0.79> <CoreInst = "Adder">   --->   Core 1 'Adder' <Latency = 0> <II = 1> <Delay = 0.79> <FuncUnit> <Opcode : 'add' 'sub'> <InPorts = 2> <OutPorts = 1>
ST_2 : Operation 46 [1/1] (0.00ns)   --->   "%br_ln979 = br i1 %icmp_ln979, void %for.body34.lr.ph.i.i, void %MultiPixStream2AXIvideo.exit" [prj/sol/.autopilot/db/v_tpg.cpp:979->prj/sol/.autopilot/db/v_tpg.cpp:399->prj/sol/.autopilot/db/v_tpg.cpp:399]   --->   Operation 46 'br' 'br_ln979' <Predicate = true> <Delay = 0.00>
ST_2 : Operation 47 [1/1] (0.00ns)   --->   "%counter_loc_0_i_i_load = load i16 %counter_loc_0_i_i"   --->   Operation 47 'load' 'counter_loc_0_i_i_load' <Predicate = (!icmp_ln979)> <Delay = 0.00>
ST_2 : Operation 48 [1/1] (0.00ns)   --->   "%sof_load = load i1 %sof"   --->   Operation 48 'load' 'sof_load' <Predicate = (!icmp_ln979)> <Delay = 0.00>
ST_2 : Operation 49 [2/2] (0.76ns)   --->   "%call_ln981 = call void @MultiPixStream2AXIvideo_Pipeline_VITIS_LOOP_981_2, i16 %counter_loc_0_i_i_load, i1 %sof_load, i8 %colorFormat_val27_read, i10 %lshr_ln_i, i48 %ovrlayYUV, i48 %m_axis_video_V_data_V, i6 %m_axis_video_V_keep_V, i6 %m_axis_video_V_strb_V, i1 %m_axis_video_V_user_V, i1 %m_axis_video_V_last_V, i1 %m_axis_video_V_id_V, i1 %m_axis_video_V_dest_V, i11 %add_ln994, i16 %counter_loc_1_i_i_loc, i1 %phi_ln1036_i_loc, i16 %counter" [prj/sol/.autopilot/db/v_tpg.cpp:981->prj/sol/.autopilot/db/v_tpg.cpp:399->prj/sol/.autopilot/db/v_tpg.cpp:399]   --->   Operation 49 'call' 'call_ln981' <Predicate = (!icmp_ln979)> <Delay = 0.76> <CoreType = "Generic">   --->   Generic Core
ST_2 : Operation 50 [1/1] (0.00ns)   --->   "%p_load = load i1 %empty" [prj/sol/.autopilot/db/v_tpg.cpp:1062->prj/sol/.autopilot/db/v_tpg.cpp:399->prj/sol/.autopilot/db/v_tpg.cpp:399]   --->   Operation 50 'load' 'p_load' <Predicate = (icmp_ln979)> <Delay = 0.00>
ST_2 : Operation 51 [1/1] (0.00ns)   --->   "%store_ln1062 = store i1 %p_load, i1 %fidStored" [prj/sol/.autopilot/db/v_tpg.cpp:1062->prj/sol/.autopilot/db/v_tpg.cpp:399->prj/sol/.autopilot/db/v_tpg.cpp:399]   --->   Operation 51 'store' 'store_ln1062' <Predicate = (icmp_ln979)> <Delay = 0.00>
ST_2 : Operation 52 [1/1] (0.00ns)   --->   "%ret_ln399 = ret" [prj/sol/.autopilot/db/v_tpg.cpp:399]   --->   Operation 52 'ret' 'ret_ln399' <Predicate = (icmp_ln979)> <Delay = 0.00>

State 3 <SV = 2> <Delay = 3.44>
ST_3 : Operation 53 [1/2] (3.44ns)   --->   "%call_ln981 = call void @MultiPixStream2AXIvideo_Pipeline_VITIS_LOOP_981_2, i16 %counter_loc_0_i_i_load, i1 %sof_load, i8 %colorFormat_val27_read, i10 %lshr_ln_i, i48 %ovrlayYUV, i48 %m_axis_video_V_data_V, i6 %m_axis_video_V_keep_V, i6 %m_axis_video_V_strb_V, i1 %m_axis_video_V_user_V, i1 %m_axis_video_V_last_V, i1 %m_axis_video_V_id_V, i1 %m_axis_video_V_dest_V, i11 %add_ln994, i16 %counter_loc_1_i_i_loc, i1 %phi_ln1036_i_loc, i16 %counter" [prj/sol/.autopilot/db/v_tpg.cpp:981->prj/sol/.autopilot/db/v_tpg.cpp:399->prj/sol/.autopilot/db/v_tpg.cpp:399]   --->   Operation 53 'call' 'call_ln981' <Predicate = true> <Delay = 3.44> <CoreType = "Generic">   --->   Generic Core

State 4 <SV = 3> <Delay = 1.09>
ST_4 : Operation 54 [1/1] (0.00ns)   --->   "%specloopname_ln979 = specloopname void @_ssdm_op_SpecLoopName, void @empty_38" [prj/sol/.autopilot/db/v_tpg.cpp:979->prj/sol/.autopilot/db/v_tpg.cpp:399->prj/sol/.autopilot/db/v_tpg.cpp:399]   --->   Operation 54 'specloopname' 'specloopname_ln979' <Predicate = true> <Delay = 0.00>
ST_4 : Operation 55 [1/1] (0.00ns)   --->   "%counter_loc_1_i_i_loc_load = load i16 %counter_loc_1_i_i_loc"   --->   Operation 55 'load' 'counter_loc_1_i_i_loc_load' <Predicate = true> <Delay = 0.00>
ST_4 : Operation 56 [1/1] (0.00ns)   --->   "%phi_ln1036_i_loc_load = load i1 %phi_ln1036_i_loc"   --->   Operation 56 'load' 'phi_ln1036_i_loc_load' <Predicate = true> <Delay = 0.00>
ST_4 : Operation 57 [1/1] (0.00ns)   --->   "%br_ln981 = br i1 %icmp_ln981, void %for.cond31.for.inc127_crit_edge.split.i.i, void %for.inc127.i.i" [prj/sol/.autopilot/db/v_tpg.cpp:981->prj/sol/.autopilot/db/v_tpg.cpp:399->prj/sol/.autopilot/db/v_tpg.cpp:399]   --->   Operation 57 'br' 'br_ln981' <Predicate = true> <Delay = 0.00>
ST_4 : Operation 58 [1/1] (0.00ns) (grouped into LUT with out node select_ln1038)   --->   "%and_ln1038 = and i1 %phi_ln1036_i_loc_load, i1 %icmp_ln1038_1" [prj/sol/.autopilot/db/v_tpg.cpp:1038->prj/sol/.autopilot/db/v_tpg.cpp:399->prj/sol/.autopilot/db/v_tpg.cpp:399]   --->   Operation 58 'and' 'and_ln1038' <Predicate = (!icmp_ln981)> <Delay = 0.00> <CoreInst = "LogicGate">   --->   Core 74 'LogicGate' <Latency = 0> <II = 1> <Delay = 0.28> <FuncUnit> <Opcode : 'and' 'or' 'xor'> <InPorts = 2> <OutPorts = 1>
ST_4 : Operation 59 [1/1] (0.00ns) (grouped into LUT with out node select_ln1038)   --->   "%or_ln1038 = or i1 %and_ln1038, i1 %icmp_ln1038_2" [prj/sol/.autopilot/db/v_tpg.cpp:1038->prj/sol/.autopilot/db/v_tpg.cpp:399->prj/sol/.autopilot/db/v_tpg.cpp:399]   --->   Operation 59 'or' 'or_ln1038' <Predicate = (!icmp_ln981)> <Delay = 0.00> <CoreInst = "LogicGate">   --->   Core 74 'LogicGate' <Latency = 0> <II = 1> <Delay = 0.28> <FuncUnit> <Opcode : 'and' 'or' 'xor'> <InPorts = 2> <OutPorts = 1>
ST_4 : Operation 60 [1/1] (0.00ns) (grouped into LUT with out node select_ln1051)   --->   "%xor_ln1053 = xor i1 %phi_ln1036_i_loc_load, i1 1" [prj/sol/.autopilot/db/v_tpg.cpp:1053->prj/sol/.autopilot/db/v_tpg.cpp:399->prj/sol/.autopilot/db/v_tpg.cpp:399]   --->   Operation 60 'xor' 'xor_ln1053' <Predicate = (!icmp_ln981)> <Delay = 0.00> <CoreInst = "LogicGate">   --->   Core 74 'LogicGate' <Latency = 0> <II = 1> <Delay = 0.28> <FuncUnit> <Opcode : 'and' 'or' 'xor'> <InPorts = 2> <OutPorts = 1>
ST_4 : Operation 61 [1/1] (0.33ns) (out node of the LUT)   --->   "%select_ln1051 = select i1 %icmp_ln1051, i1 %xor_ln1053, i1 %fid_in_val12_read" [prj/sol/.autopilot/db/v_tpg.cpp:1051->prj/sol/.autopilot/db/v_tpg.cpp:399->prj/sol/.autopilot/db/v_tpg.cpp:399]   --->   Operation 61 'select' 'select_ln1051' <Predicate = (!icmp_ln981)> <Delay = 0.33> <CoreInst = "Sel">   --->   Core 73 'Sel' <Latency = 0> <II = 1> <Delay = 0.33> <FuncUnit> <Opcode : 'select'> <InPorts = 3> <OutPorts = 1>
ST_4 : Operation 62 [1/1] (0.33ns) (out node of the LUT)   --->   "%select_ln1038 = select i1 %icmp_ln1038, i1 %or_ln1038, i1 %select_ln1051" [prj/sol/.autopilot/db/v_tpg.cpp:1038->prj/sol/.autopilot/db/v_tpg.cpp:399->prj/sol/.autopilot/db/v_tpg.cpp:399]   --->   Operation 62 'select' 'select_ln1038' <Predicate = (!icmp_ln981)> <Delay = 0.33> <CoreInst = "Sel">   --->   Core 73 'Sel' <Latency = 0> <II = 1> <Delay = 0.33> <FuncUnit> <Opcode : 'select'> <InPorts = 3> <OutPorts = 1>
ST_4 : Operation 63 [1/1] (0.00ns)   --->   "%write_ln1038 = write void @_ssdm_op_Write.ap_auto.i1P0A, i1 %fid, i1 %select_ln1038" [prj/sol/.autopilot/db/v_tpg.cpp:1038->prj/sol/.autopilot/db/v_tpg.cpp:399->prj/sol/.autopilot/db/v_tpg.cpp:399]   --->   Operation 63 'write' 'write_ln1038' <Predicate = (!icmp_ln981)> <Delay = 0.00>
ST_4 : Operation 64 [1/1] (0.42ns)   --->   "%store_ln1038 = store i1 %select_ln1038, i1 %empty" [prj/sol/.autopilot/db/v_tpg.cpp:1038->prj/sol/.autopilot/db/v_tpg.cpp:399->prj/sol/.autopilot/db/v_tpg.cpp:399]   --->   Operation 64 'store' 'store_ln1038' <Predicate = (!icmp_ln981)> <Delay = 0.42>
ST_4 : Operation 65 [1/1] (0.42ns)   --->   "%store_ln973 = store i1 0, i1 %sof" [prj/sol/.autopilot/db/v_tpg.cpp:973->prj/sol/.autopilot/db/v_tpg.cpp:399->prj/sol/.autopilot/db/v_tpg.cpp:399]   --->   Operation 65 'store' 'store_ln973' <Predicate = (!icmp_ln981)> <Delay = 0.42>
ST_4 : Operation 66 [1/1] (0.00ns)   --->   "%br_ln981 = br void %for.inc127.i.i" [prj/sol/.autopilot/db/v_tpg.cpp:981->prj/sol/.autopilot/db/v_tpg.cpp:399->prj/sol/.autopilot/db/v_tpg.cpp:399]   --->   Operation 66 'br' 'br_ln981' <Predicate = (!icmp_ln981)> <Delay = 0.00>
ST_4 : Operation 67 [1/1] (0.42ns)   --->   "%store_ln0 = store i16 %counter_loc_1_i_i_loc_load, i16 %counter_loc_0_i_i"   --->   Operation 67 'store' 'store_ln0' <Predicate = true> <Delay = 0.42>
ST_4 : Operation 68 [1/1] (0.42ns)   --->   "%store_ln979 = store i11 %i_2, i11 %i" [prj/sol/.autopilot/db/v_tpg.cpp:979->prj/sol/.autopilot/db/v_tpg.cpp:399->prj/sol/.autopilot/db/v_tpg.cpp:399]   --->   Operation 68 'store' 'store_ln979' <Predicate = true> <Delay = 0.42>
ST_4 : Operation 69 [1/1] (0.00ns)   --->   "%br_ln979 = br void %VITIS_LOOP_981_2.i.i" [prj/sol/.autopilot/db/v_tpg.cpp:979->prj/sol/.autopilot/db/v_tpg.cpp:399->prj/sol/.autopilot/db/v_tpg.cpp:399]   --->   Operation 69 'br' 'br_ln979' <Predicate = true> <Delay = 0.00>


============================================================
+ Verbose Summary: Timing violations
============================================================
Target clock period: 10.000ns, clock uncertainty: 2.700ns.

 <State 1>: 2.625ns
The critical path consists of the following:
	wire read operation ('width_val10_read') on port 'width_val10' [24]  (1.838 ns)
	'add' operation 11 bit ('add_ln994', prj/sol/.autopilot/db/v_tpg.cpp:994->prj/sol/.autopilot/db/v_tpg.cpp:399->prj/sol/.autopilot/db/v_tpg.cpp:399) [40]  (0.787 ns)

 <State 2>: 1.563ns
The critical path consists of the following:
	'load' operation 11 bit ('i', prj/sol/.autopilot/db/v_tpg.cpp:979->prj/sol/.autopilot/db/v_tpg.cpp:399->prj/sol/.autopilot/db/v_tpg.cpp:399) on local variable 'i', prj/sol/.autopilot/db/v_tpg.cpp:979->prj/sol/.autopilot/db/v_tpg.cpp:399->prj/sol/.autopilot/db/v_tpg.cpp:399 [55]  (0.000 ns)
	'icmp' operation 1 bit ('icmp_ln979', prj/sol/.autopilot/db/v_tpg.cpp:979->prj/sol/.autopilot/db/v_tpg.cpp:399->prj/sol/.autopilot/db/v_tpg.cpp:399) [56]  (0.798 ns)
	'call' operation ('call_ln981', prj/sol/.autopilot/db/v_tpg.cpp:981->prj/sol/.autopilot/db/v_tpg.cpp:399->prj/sol/.autopilot/db/v_tpg.cpp:399) to 'MultiPixStream2AXIvideo_Pipeline_VITIS_LOOP_981_2' [64]  (0.765 ns)

 <State 3>: 3.442ns
The critical path consists of the following:
	'call' operation ('call_ln981', prj/sol/.autopilot/db/v_tpg.cpp:981->prj/sol/.autopilot/db/v_tpg.cpp:399->prj/sol/.autopilot/db/v_tpg.cpp:399) to 'MultiPixStream2AXIvideo_Pipeline_VITIS_LOOP_981_2' [64]  (3.442 ns)

 <State 4>: 1.099ns
The critical path consists of the following:
	'load' operation 1 bit ('phi_ln1036_i_loc_load') on local variable 'phi_ln1036_i_loc' [66]  (0.000 ns)
	'xor' operation 1 bit ('xor_ln1053', prj/sol/.autopilot/db/v_tpg.cpp:1053->prj/sol/.autopilot/db/v_tpg.cpp:399->prj/sol/.autopilot/db/v_tpg.cpp:399) [71]  (0.000 ns)
	'select' operation 1 bit ('select_ln1051', prj/sol/.autopilot/db/v_tpg.cpp:1051->prj/sol/.autopilot/db/v_tpg.cpp:399->prj/sol/.autopilot/db/v_tpg.cpp:399) [72]  (0.336 ns)
	'select' operation 1 bit ('select_ln1038', prj/sol/.autopilot/db/v_tpg.cpp:1038->prj/sol/.autopilot/db/v_tpg.cpp:399->prj/sol/.autopilot/db/v_tpg.cpp:399) [73]  (0.336 ns)
	'store' operation ('store_ln1038', prj/sol/.autopilot/db/v_tpg.cpp:1038->prj/sol/.autopilot/db/v_tpg.cpp:399->prj/sol/.autopilot/db/v_tpg.cpp:399) of variable 'select_ln1038', prj/sol/.autopilot/db/v_tpg.cpp:1038->prj/sol/.autopilot/db/v_tpg.cpp:399->prj/sol/.autopilot/db/v_tpg.cpp:399 1 bit on local variable 'empty' [75]  (0.427 ns)


============================================================
+ Verbose Summary: Binding
============================================================
N/A
* FSMD analyzer results:
  - Output states:
 - Input state : 
  - Chain level:
	State 1
	State 2
	State 3
	State 4


============================================================
+ Verbose Summary: Datapath Resource usage 
============================================================
N/A
