

================================================================
== Vitis HLS Report for 'MultiPixStream2AXIvideo_Pipeline_VITIS_LOOP_981_2'
================================================================
* Date:           Wed Jun  3 12:59:09 2026

* Version:        2025.2 (Build 6295257 on Nov 14 2025)
* Project:        prj
* Solution:       sol (Vivado IP Flow Target)
* Product family: artixuplus
* Target device:  xcau15p-ffvb676-2-e


================================================================
== Performance Estimates
================================================================
+ Timing: 
    * Summary: 
    +--------+----------+----------+------------+
    |  Clock |  Target  | Estimated| Uncertainty|
    +--------+----------+----------+------------+
    |ap_clk  |  10.00 ns|  3.442 ns|     2.70 ns|
    +--------+----------+----------+------------+

+ Latency: 
    * Summary: 
    +---------+---------+-----------+----------+-----+-----+---------+
    |  Latency (cycles) |  Latency (absolute)  |  Interval | Pipeline|
    |   min   |   max   |    min    |    max   | min | max |   Type  |
    +---------+---------+-----------+----------+-----+-----+---------+
    |        3|      963|  30.000 ns|  9.630 us|    3|  963|       no|
    +---------+---------+-----------+----------+-----+-----+---------+

    + Detail: 
        * Instance: 
        N/A

        * Loop: 
        +--------------------+---------+---------+----------+-----------+-----------+---------+----------+
        |                    |  Latency (cycles) | Iteration|  Initiation Interval  |   Trip  |          |
        |      Loop Name     |   min   |   max   |  Latency |  achieved |   target  |  Count  | Pipelined|
        +--------------------+---------+---------+----------+-----------+-----------+---------+----------+
        |- VITIS_LOOP_981_2  |        0|      960|         2|          1|          1|  0 ~ 960|       yes|
        +--------------------+---------+---------+----------+-----------+-----------+---------+----------+

============================================================
+ Verbose Summary: Synthesis Manager
============================================================
InlineROM: 1
ExposeGlobal: 0
============================================================
+ Verbose Summary: CDFG Model
============================================================
IsTopModel: 0
ResetActiveHigh: 1
IsCombinational: 0
IsDatapathOnly: 0
HasWiredReturn: 1
HasMFsm: 2
HasVarLatency: 1
IsPipeline: 0
IsRtlPipelined: 0
IsInstanceOverlapped: 0
IsDontTouch: 0
HasImplIP: 0
IsGatedGlobalClock: 0

+ Individual pipeline summary: 
  * Pipeline-0: initiation interval (II) = 1, depth = 2


============================================================
+ Verbose Summary: Schedule
============================================================
* Number of FSM states : 5
* Pipeline : 1
  Pipeline-0 : II = 1, D = 2, States = { 2 3 }
* Dataflow Pipeline: 0

* FSM state transitions: 
1 --> 2 
2 --> 4 3 
3 --> 2 
4 --> 5 
5 --> 

* FSM state operations: 

State 1 <SV = 0> <Delay = 0.76>
ST_1 : Operation 6 [1/1] (0.00ns)   --->   "%j = alloca i32 1" [prj/sol/.autopilot/db/v_tpg.cpp:981->prj/sol/.autopilot/db/v_tpg.cpp:399->prj/sol/.autopilot/db/v_tpg.cpp:399]   --->   Operation 6 'alloca' 'j' <Predicate = true> <Delay = 0.00>
ST_1 : Operation 7 [1/1] (0.00ns)   --->   "%counter_loc_1_i_i = alloca i32 1"   --->   Operation 7 'alloca' 'counter_loc_1_i_i' <Predicate = true> <Delay = 0.00>
ST_1 : Operation 8 [1/1] (0.00ns)   --->   "%specaxissidechannel_ln0 = specaxissidechannel void @_ssdm_op_SpecAXISSideChannel, i48 %m_axis_video_V_data_V, i6 %m_axis_video_V_keep_V, i6 %m_axis_video_V_strb_V, i1 %m_axis_video_V_user_V, i1 %m_axis_video_V_last_V, i1 %m_axis_video_V_id_V, i1 %m_axis_video_V_dest_V, void @empty_45"   --->   Operation 8 'specaxissidechannel' 'specaxissidechannel_ln0' <Predicate = true> <Delay = 0.00>
ST_1 : Operation 9 [1/1] (0.00ns)   --->   "%specstablecontent_ln0 = specstablecontent void @_ssdm_op_SpecStableContent, i8 %colorFormat_val27, i1 1, void @p_str"   --->   Operation 9 'specstablecontent' 'specstablecontent_ln0' <Predicate = true> <Delay = 0.00>
ST_1 : Operation 10 [1/1] (0.00ns)   --->   "%specinterface_ln0 = specinterface void @_ssdm_op_SpecInterface, i1 %m_axis_video_V_dest_V, i1 %m_axis_video_V_id_V, i1 %m_axis_video_V_last_V, i1 %m_axis_video_V_user_V, i6 %m_axis_video_V_strb_V, i6 %m_axis_video_V_keep_V, i48 %m_axis_video_V_data_V, void @empty_13, i32 0, i32 0, void @empty_4, i32 0, i32 0, void @empty_15, void @empty_15, void @empty_15, i32 0, i32 0, i32 0, i32 0, void @empty_15, void @empty_15, i32 4294967295, i32 0, i32 0, i32 0"   --->   Operation 10 'specinterface' 'specinterface_ln0' <Predicate = true> <Delay = 0.00>
ST_1 : Operation 11 [1/1] (0.00ns)   --->   "%specinterface_ln0 = specinterface void @_ssdm_op_SpecInterface, i48 %ovrlayYUV, void @empty_35, i32 0, i32 0, void @empty_15, i32 0, i32 0, void @empty_15, void @empty_15, void @empty_15, i32 0, i32 0, i32 0, i32 0, void @empty_15, void @empty_15, i32 4294967295, i32 0, i32 0, i32 0"   --->   Operation 11 'specinterface' 'specinterface_ln0' <Predicate = true> <Delay = 0.00>
ST_1 : Operation 12 [1/1] (0.00ns)   --->   "%add_ln994_i_read = read i11 @_ssdm_op_Read.ap_auto.i11, i11 %add_ln994_i"   --->   Operation 12 'read' 'add_ln994_i_read' <Predicate = true> <Delay = 0.00>
ST_1 : Operation 13 [1/1] (0.00ns)   --->   "%lshr_ln_i_read = read i10 @_ssdm_op_Read.ap_auto.i10, i10 %lshr_ln_i"   --->   Operation 13 'read' 'lshr_ln_i_read' <Predicate = true> <Delay = 0.00>
ST_1 : Operation 14 [1/1] (0.00ns)   --->   "%colorFormat_val27_read = read i8 @_ssdm_op_Read.ap_auto.i8, i8 %colorFormat_val27"   --->   Operation 14 'read' 'colorFormat_val27_read' <Predicate = true> <Delay = 0.00>
ST_1 : Operation 15 [1/1] (0.00ns)   --->   "%sof_i_read = read i1 @_ssdm_op_Read.ap_auto.i1, i1 %sof_i"   --->   Operation 15 'read' 'sof_i_read' <Predicate = true> <Delay = 0.00>
ST_1 : Operation 16 [1/1] (0.00ns)   --->   "%counter_loc_0_i_i_read = read i16 @_ssdm_op_Read.ap_auto.i16, i16 %counter_loc_0_i_i"   --->   Operation 16 'read' 'counter_loc_0_i_i_read' <Predicate = true> <Delay = 0.00>
ST_1 : Operation 17 [1/1] (0.76ns)   --->   "%icmp_ln1020 = icmp_eq  i8 %colorFormat_val27_read, i8 0" [prj/sol/.autopilot/db/v_tpg.cpp:1020->prj/sol/.autopilot/db/v_tpg.cpp:399->prj/sol/.autopilot/db/v_tpg.cpp:399]   --->   Operation 17 'icmp' 'icmp_ln1020' <Predicate = true> <Delay = 0.76> <CoreInst = "Cmp">   --->   Core 9 'Cmp' <Latency = 0> <II = 1> <Delay = 0.76> <FuncUnit> <Opcode : 'seteq' 'setne' 'setle' 'setge' 'setlt' 'setgt'> <InPorts = 2> <OutPorts = 1>
ST_1 : Operation 18 [1/1] (0.42ns)   --->   "%store_ln0 = store i16 %counter_loc_0_i_i_read, i16 %counter_loc_1_i_i"   --->   Operation 18 'store' 'store_ln0' <Predicate = true> <Delay = 0.42>
ST_1 : Operation 19 [1/1] (0.42ns)   --->   "%store_ln981 = store i10 0, i10 %j" [prj/sol/.autopilot/db/v_tpg.cpp:981->prj/sol/.autopilot/db/v_tpg.cpp:399->prj/sol/.autopilot/db/v_tpg.cpp:399]   --->   Operation 19 'store' 'store_ln981' <Predicate = true> <Delay = 0.42>
ST_1 : Operation 20 [1/1] (0.42ns)   --->   "%br_ln981 = br void %for.body34.i.i" [prj/sol/.autopilot/db/v_tpg.cpp:981->prj/sol/.autopilot/db/v_tpg.cpp:399->prj/sol/.autopilot/db/v_tpg.cpp:399]   --->   Operation 20 'br' 'br_ln981' <Predicate = true> <Delay = 0.42>

State 2 <SV = 1> <Delay = 1.28>
ST_2 : Operation 21 [1/1] (0.00ns)   --->   "%sof = phi i1 %sof_i_read, void %newFuncRoot, i1 0, void %VITIS_LOOP_1011_3.i_ifconv.i"   --->   Operation 21 'phi' 'sof' <Predicate = true> <Delay = 0.00>
ST_2 : Operation 22 [1/1] (0.00ns)   --->   "%phi_ln1036 = phi i1 0, void %newFuncRoot, i1 %trunc_ln1008, void %VITIS_LOOP_1011_3.i_ifconv.i" [prj/sol/.autopilot/db/v_tpg.cpp:1036->prj/sol/.autopilot/db/v_tpg.cpp:399->prj/sol/.autopilot/db/v_tpg.cpp:399]   --->   Operation 22 'phi' 'phi_ln1036' <Predicate = true> <Delay = 0.00>
ST_2 : Operation 23 [1/1] (0.00ns)   --->   "%j_1 = load i10 %j" [prj/sol/.autopilot/db/v_tpg.cpp:981->prj/sol/.autopilot/db/v_tpg.cpp:399->prj/sol/.autopilot/db/v_tpg.cpp:399]   --->   Operation 23 'load' 'j_1' <Predicate = true> <Delay = 0.00>
ST_2 : Operation 24 [1/1] (0.78ns)   --->   "%icmp_ln981 = icmp_eq  i10 %j_1, i10 %lshr_ln_i_read" [prj/sol/.autopilot/db/v_tpg.cpp:981->prj/sol/.autopilot/db/v_tpg.cpp:399->prj/sol/.autopilot/db/v_tpg.cpp:399]   --->   Operation 24 'icmp' 'icmp_ln981' <Predicate = true> <Delay = 0.78> <CoreInst = "Cmp">   --->   Core 9 'Cmp' <Latency = 0> <II = 1> <Delay = 0.78> <FuncUnit> <Opcode : 'seteq' 'setne' 'setle' 'setge' 'setlt' 'setgt'> <InPorts = 2> <OutPorts = 1>
ST_2 : Operation 25 [1/1] (0.00ns)   --->   "%speclooptripcount_ln0 = speclooptripcount void @_ssdm_op_SpecLoopTripCount, i64 0, i64 960, i64 0"   --->   Operation 25 'speclooptripcount' 'speclooptripcount_ln0' <Predicate = true> <Delay = 0.00>
ST_2 : Operation 26 [1/1] (0.78ns)   --->   "%j_2 = add i10 %j_1, i10 1" [prj/sol/.autopilot/db/v_tpg.cpp:981->prj/sol/.autopilot/db/v_tpg.cpp:399->prj/sol/.autopilot/db/v_tpg.cpp:399]   --->   Operation 26 'add' 'j_2' <Predicate = true> <Delay = 0.78> <CoreInst = "Adder">   --->   Core 1 'Adder' <Latency = 0> <II = 1> <Delay = 0.78> <FuncUnit> <Opcode : 'add' 'sub'> <InPorts = 2> <OutPorts = 1>
ST_2 : Operation 27 [1/1] (0.00ns)   --->   "%br_ln981 = br i1 %icmp_ln981, void %for.body34.split.i.i, void %for.cond31.for.inc127_crit_edge.i.i.exitStub" [prj/sol/.autopilot/db/v_tpg.cpp:981->prj/sol/.autopilot/db/v_tpg.cpp:399->prj/sol/.autopilot/db/v_tpg.cpp:399]   --->   Operation 27 'br' 'br_ln981' <Predicate = true> <Delay = 0.00>
ST_2 : Operation 28 [1/1] (0.00ns)   --->   "%zext_ln981 = zext i10 %j_1" [prj/sol/.autopilot/db/v_tpg.cpp:981->prj/sol/.autopilot/db/v_tpg.cpp:399->prj/sol/.autopilot/db/v_tpg.cpp:399]   --->   Operation 28 'zext' 'zext_ln981' <Predicate = (!icmp_ln981)> <Delay = 0.00>
ST_2 : Operation 29 [1/1] (0.00ns)   --->   "%specpipeline_ln984 = specpipeline void @_ssdm_op_SpecPipeline, i32 1, i32 0, i32 0, i32 0, i32 4294967295, void @empty_15" [prj/sol/.autopilot/db/v_tpg.cpp:984->prj/sol/.autopilot/db/v_tpg.cpp:399->prj/sol/.autopilot/db/v_tpg.cpp:399]   --->   Operation 29 'specpipeline' 'specpipeline_ln984' <Predicate = (!icmp_ln981)> <Delay = 0.00>
ST_2 : Operation 30 [1/1] (0.00ns)   --->   "%specloopname_ln981 = specloopname void @_ssdm_op_SpecLoopName, void @empty_17" [prj/sol/.autopilot/db/v_tpg.cpp:981->prj/sol/.autopilot/db/v_tpg.cpp:399->prj/sol/.autopilot/db/v_tpg.cpp:399]   --->   Operation 30 'specloopname' 'specloopname_ln981' <Predicate = (!icmp_ln981)> <Delay = 0.00>
ST_2 : Operation 31 [1/1] (0.79ns)   --->   "%icmp_ln994 = icmp_eq  i11 %zext_ln981, i11 %add_ln994_i_read" [prj/sol/.autopilot/db/v_tpg.cpp:994->prj/sol/.autopilot/db/v_tpg.cpp:399->prj/sol/.autopilot/db/v_tpg.cpp:399]   --->   Operation 31 'icmp' 'icmp_ln994' <Predicate = (!icmp_ln981)> <Delay = 0.79> <CoreInst = "Cmp">   --->   Core 9 'Cmp' <Latency = 0> <II = 1> <Delay = 0.79> <FuncUnit> <Opcode : 'seteq' 'setne' 'setle' 'setge' 'setlt' 'setgt'> <InPorts = 2> <OutPorts = 1>
ST_2 : Operation 32 [1/1] (0.00ns)   --->   "%br_ln1003 = br i1 %sof, void %VITIS_LOOP_1011_3.i_ifconv.i, void %if.then47.i.i" [prj/sol/.autopilot/db/v_tpg.cpp:1003->prj/sol/.autopilot/db/v_tpg.cpp:399->prj/sol/.autopilot/db/v_tpg.cpp:399]   --->   Operation 32 'br' 'br_ln1003' <Predicate = (!icmp_ln981)> <Delay = 0.00>
ST_2 : Operation 33 [1/1] (0.00ns)   --->   "%counter_loc_1_i_i_load = load i16 %counter_loc_1_i_i" [prj/sol/.autopilot/db/v_tpg.cpp:1005->prj/sol/.autopilot/db/v_tpg.cpp:399->prj/sol/.autopilot/db/v_tpg.cpp:399]   --->   Operation 33 'load' 'counter_loc_1_i_i_load' <Predicate = (!icmp_ln981 & sof)> <Delay = 0.00>
ST_2 : Operation 34 [1/1] (0.85ns)   --->   "%add_ln1005 = add i16 %counter_loc_1_i_i_load, i16 1" [prj/sol/.autopilot/db/v_tpg.cpp:1005->prj/sol/.autopilot/db/v_tpg.cpp:399->prj/sol/.autopilot/db/v_tpg.cpp:399]   --->   Operation 34 'add' 'add_ln1005' <Predicate = (!icmp_ln981 & sof)> <Delay = 0.85> <CoreInst = "Adder">   --->   Core 1 'Adder' <Latency = 0> <II = 1> <Delay = 0.85> <FuncUnit> <Opcode : 'add' 'sub'> <InPorts = 2> <OutPorts = 1>
ST_2 : Operation 35 [1/1] (0.00ns)   --->   "%store_ln1005 = store i16 %add_ln1005, i16 %counter" [prj/sol/.autopilot/db/v_tpg.cpp:1005->prj/sol/.autopilot/db/v_tpg.cpp:399->prj/sol/.autopilot/db/v_tpg.cpp:399]   --->   Operation 35 'store' 'store_ln1005' <Predicate = (!icmp_ln981 & sof)> <Delay = 0.00>
ST_2 : Operation 36 [1/1] (0.42ns)   --->   "%store_ln1005 = store i16 %add_ln1005, i16 %counter_loc_1_i_i" [prj/sol/.autopilot/db/v_tpg.cpp:1005->prj/sol/.autopilot/db/v_tpg.cpp:399->prj/sol/.autopilot/db/v_tpg.cpp:399]   --->   Operation 36 'store' 'store_ln1005' <Predicate = (!icmp_ln981 & sof)> <Delay = 0.42>
ST_2 : Operation 37 [1/1] (0.00ns)   --->   "%br_ln1006 = br void %VITIS_LOOP_1011_3.i_ifconv.i" [prj/sol/.autopilot/db/v_tpg.cpp:1006->prj/sol/.autopilot/db/v_tpg.cpp:399->prj/sol/.autopilot/db/v_tpg.cpp:399]   --->   Operation 37 'br' 'br_ln1006' <Predicate = (!icmp_ln981 & sof)> <Delay = 0.00>
ST_2 : Operation 38 [1/1] (0.42ns)   --->   "%store_ln981 = store i10 %j_2, i10 %j" [prj/sol/.autopilot/db/v_tpg.cpp:981->prj/sol/.autopilot/db/v_tpg.cpp:399->prj/sol/.autopilot/db/v_tpg.cpp:399]   --->   Operation 38 'store' 'store_ln981' <Predicate = (!icmp_ln981)> <Delay = 0.42>
ST_2 : Operation 39 [1/1] (0.00ns)   --->   "%br_ln981 = br void %for.body34.i.i" [prj/sol/.autopilot/db/v_tpg.cpp:981->prj/sol/.autopilot/db/v_tpg.cpp:399->prj/sol/.autopilot/db/v_tpg.cpp:399]   --->   Operation 39 'br' 'br_ln981' <Predicate = (!icmp_ln981)> <Delay = 0.00>

State 3 <SV = 2> <Delay = 3.44>
ST_3 : Operation 40 [1/1] (0.00ns)   --->   "%counter_loc_1_i_i_load_2 = load i16 %counter_loc_1_i_i" [prj/sol/.autopilot/db/v_tpg.cpp:1008->prj/sol/.autopilot/db/v_tpg.cpp:399->prj/sol/.autopilot/db/v_tpg.cpp:399]   --->   Operation 40 'load' 'counter_loc_1_i_i_load_2' <Predicate = (!icmp_ln981)> <Delay = 0.00>
ST_3 : Operation 41 [1/1] (0.00ns)   --->   "%trunc_ln1008 = trunc i16 %counter_loc_1_i_i_load_2" [prj/sol/.autopilot/db/v_tpg.cpp:1008->prj/sol/.autopilot/db/v_tpg.cpp:399->prj/sol/.autopilot/db/v_tpg.cpp:399]   --->   Operation 41 'trunc' 'trunc_ln1008' <Predicate = (!icmp_ln981)> <Delay = 0.00>
ST_3 : Operation 42 [1/1] ( I:2.04ns O:2.04ns )   --->   "%ovrlayYUV_read = read i48 @_ssdm_op_Read.ap_fifo.volatile.i48P0A, i48 %ovrlayYUV" [prj/sol/.autopilot/db/v_tpg.cpp:1008->prj/sol/.autopilot/db/v_tpg.cpp:399->prj/sol/.autopilot/db/v_tpg.cpp:399]   --->   Operation 42 'read' 'ovrlayYUV_read' <Predicate = (!icmp_ln981)> <Delay = 2.04> <CoreInst = "FIFO_SRL">   --->   Core 80 'FIFO_SRL' <Latency = 0> <II = 1> <Delay = 2.04> <Storage> <Opcode : 'read' 'write' 'nbread' 'nbwrite'> <Ports = 0> <Width = 48> <Depth = 16> <FIFO>
ST_3 : Operation 43 [1/1] (0.00ns)   --->   "%pix_444 = trunc i48 %ovrlayYUV_read" [prj/sol/.autopilot/db/v_tpg.cpp:1008->prj/sol/.autopilot/db/v_tpg.cpp:399->prj/sol/.autopilot/db/v_tpg.cpp:399]   --->   Operation 43 'trunc' 'pix_444' <Predicate = (!icmp_ln981)> <Delay = 0.00>
ST_3 : Operation 44 [1/1] (0.00ns)   --->   "%pix_rgb_6 = partselect i8 @_ssdm_op_PartSelect.i8.i48.i32.i32, i48 %ovrlayYUV_read, i32 8, i32 15" [prj/sol/.autopilot/db/v_tpg.cpp:1008->prj/sol/.autopilot/db/v_tpg.cpp:399->prj/sol/.autopilot/db/v_tpg.cpp:399]   --->   Operation 44 'partselect' 'pix_rgb_6' <Predicate = (!icmp_ln981)> <Delay = 0.00>
ST_3 : Operation 45 [1/1] (0.00ns)   --->   "%pix_rgb = partselect i8 @_ssdm_op_PartSelect.i8.i48.i32.i32, i48 %ovrlayYUV_read, i32 16, i32 23" [prj/sol/.autopilot/db/v_tpg.cpp:1008->prj/sol/.autopilot/db/v_tpg.cpp:399->prj/sol/.autopilot/db/v_tpg.cpp:399]   --->   Operation 45 'partselect' 'pix_rgb' <Predicate = (!icmp_ln981)> <Delay = 0.00>
ST_3 : Operation 46 [1/1] (0.00ns)   --->   "%pix_422 = partselect i8 @_ssdm_op_PartSelect.i8.i48.i32.i32, i48 %ovrlayYUV_read, i32 24, i32 31" [prj/sol/.autopilot/db/v_tpg.cpp:1008->prj/sol/.autopilot/db/v_tpg.cpp:399->prj/sol/.autopilot/db/v_tpg.cpp:399]   --->   Operation 46 'partselect' 'pix_422' <Predicate = (!icmp_ln981)> <Delay = 0.00>
ST_3 : Operation 47 [1/1] (0.00ns)   --->   "%pix_rgb_7 = partselect i8 @_ssdm_op_PartSelect.i8.i48.i32.i32, i48 %ovrlayYUV_read, i32 32, i32 39" [prj/sol/.autopilot/db/v_tpg.cpp:1008->prj/sol/.autopilot/db/v_tpg.cpp:399->prj/sol/.autopilot/db/v_tpg.cpp:399]   --->   Operation 47 'partselect' 'pix_rgb_7' <Predicate = (!icmp_ln981)> <Delay = 0.00>
ST_3 : Operation 48 [1/1] (0.00ns)   --->   "%pix_rgb_8 = partselect i8 @_ssdm_op_PartSelect.i8.i48.i32.i32, i48 %ovrlayYUV_read, i32 40, i32 47" [prj/sol/.autopilot/db/v_tpg.cpp:1008->prj/sol/.autopilot/db/v_tpg.cpp:399->prj/sol/.autopilot/db/v_tpg.cpp:399]   --->   Operation 48 'partselect' 'pix_rgb_8' <Predicate = (!icmp_ln981)> <Delay = 0.00>
ST_3 : Operation 49 [1/1] (0.38ns)   --->   "%select_ln1020 = select i1 %icmp_ln1020, i8 %pix_rgb_6, i8 %pix_444" [prj/sol/.autopilot/db/v_tpg.cpp:1020->prj/sol/.autopilot/db/v_tpg.cpp:399->prj/sol/.autopilot/db/v_tpg.cpp:399]   --->   Operation 49 'select' 'select_ln1020' <Predicate = (!icmp_ln981)> <Delay = 0.38> <CoreInst = "Sel">   --->   Core 73 'Sel' <Latency = 0> <II = 1> <Delay = 0.38> <FuncUnit> <Opcode : 'select'> <InPorts = 3> <OutPorts = 1>
ST_3 : Operation 50 [1/1] (0.38ns)   --->   "%select_ln1020_1 = select i1 %icmp_ln1020, i8 %pix_rgb, i8 %pix_rgb_6" [prj/sol/.autopilot/db/v_tpg.cpp:1020->prj/sol/.autopilot/db/v_tpg.cpp:399->prj/sol/.autopilot/db/v_tpg.cpp:399]   --->   Operation 50 'select' 'select_ln1020_1' <Predicate = (!icmp_ln981)> <Delay = 0.38> <CoreInst = "Sel">   --->   Core 73 'Sel' <Latency = 0> <II = 1> <Delay = 0.38> <FuncUnit> <Opcode : 'select'> <InPorts = 3> <OutPorts = 1>
ST_3 : Operation 51 [1/1] (0.42ns)   --->   "%tmp_17_i_i = sparsemux i8 @_ssdm_op_SparseMux.ap_auto.2i8.i8.i8, i8 0, i8 %pix_444, i8 1, i8 %pix_rgb, i8 %pix_422, i8 %colorFormat_val27_read" [prj/sol/.autopilot/db/v_tpg.cpp:1008->prj/sol/.autopilot/db/v_tpg.cpp:399->prj/sol/.autopilot/db/v_tpg.cpp:399]   --->   Operation 51 'sparsemux' 'tmp_17_i_i' <Predicate = (!icmp_ln981)> <Delay = 0.42> <CoreInst = "BinarySparseMux_HasDef">   --->   Core 150 'BinarySparseMux_HasDef' <Latency = 0> <II = 1> <Delay = 0.42> <FuncUnit> <Opcode : 'sparsemux'> <InPorts = 2> <OutPorts = 1>
ST_3 : Operation 52 [1/1] (0.76ns)   --->   "%icmp_ln1020_1 = icmp_eq  i8 %colorFormat_val27_read, i8 1" [prj/sol/.autopilot/db/v_tpg.cpp:1020->prj/sol/.autopilot/db/v_tpg.cpp:399->prj/sol/.autopilot/db/v_tpg.cpp:399]   --->   Operation 52 'icmp' 'icmp_ln1020_1' <Predicate = (!icmp_ln981)> <Delay = 0.76> <CoreInst = "Cmp">   --->   Core 9 'Cmp' <Latency = 0> <II = 1> <Delay = 0.76> <FuncUnit> <Opcode : 'seteq' 'setne' 'setle' 'setge' 'setlt' 'setgt'> <InPorts = 2> <OutPorts = 1>
ST_3 : Operation 53 [1/1] (0.38ns)   --->   "%pix_rgb_3 = select i1 %icmp_ln1020_1, i8 %pix_422, i8 %pix_rgb_7" [prj/sol/.autopilot/db/v_tpg.cpp:1020->prj/sol/.autopilot/db/v_tpg.cpp:399->prj/sol/.autopilot/db/v_tpg.cpp:399]   --->   Operation 53 'select' 'pix_rgb_3' <Predicate = (!icmp_ln981)> <Delay = 0.38> <CoreInst = "Sel">   --->   Core 73 'Sel' <Latency = 0> <II = 1> <Delay = 0.38> <FuncUnit> <Opcode : 'select'> <InPorts = 3> <OutPorts = 1>
ST_3 : Operation 54 [1/1] (0.38ns)   --->   "%pix_444_3 = select i1 %icmp_ln1020_1, i8 %pix_rgb_7, i8 %pix_rgb_8" [prj/sol/.autopilot/db/v_tpg.cpp:1020->prj/sol/.autopilot/db/v_tpg.cpp:399->prj/sol/.autopilot/db/v_tpg.cpp:399]   --->   Operation 54 'select' 'pix_444_3' <Predicate = (!icmp_ln981)> <Delay = 0.38> <CoreInst = "Sel">   --->   Core 73 'Sel' <Latency = 0> <II = 1> <Delay = 0.38> <FuncUnit> <Opcode : 'select'> <InPorts = 3> <OutPorts = 1>
ST_3 : Operation 55 [1/1] (0.00ns)   --->   "%tmp_i_i = bitconcatenate i48 @_ssdm_op_BitConcatenate.i48.i8.i8.i8.i8.i8.i8, i8 %pix_rgb, i8 %pix_444_3, i8 %pix_rgb_3, i8 %tmp_17_i_i, i8 %select_ln1020_1, i8 %select_ln1020" [prj/sol/.autopilot/db/v_tpg.cpp:1029->prj/sol/.autopilot/db/v_tpg.cpp:399->prj/sol/.autopilot/db/v_tpg.cpp:399]   --->   Operation 55 'bitconcatenate' 'tmp_i_i' <Predicate = (!icmp_ln981)> <Delay = 0.00>
ST_3 : Operation 56 [1/1] (0.00ns)   --->   "%tmp_i_i_197 = bitconcatenate i48 @_ssdm_op_BitConcatenate.i48.i8.i8.i8.i8.i8.i8, i8 %pix_422, i8 %pix_444_3, i8 %pix_rgb_3, i8 %tmp_17_i_i, i8 %select_ln1020_1, i8 %select_ln1020" [prj/sol/.autopilot/db/v_tpg.cpp:1023->prj/sol/.autopilot/db/v_tpg.cpp:399->prj/sol/.autopilot/db/v_tpg.cpp:399]   --->   Operation 56 'bitconcatenate' 'tmp_i_i_197' <Predicate = (!icmp_ln981)> <Delay = 0.00>
ST_3 : Operation 57 [1/1] (0.00ns)   --->   "%tmp_1_i_i = bitconcatenate i48 @_ssdm_op_BitConcatenate.i48.i8.i8.i8.i8.i8.i8, i8 %pix_rgb_8, i8 %pix_444_3, i8 %pix_rgb_3, i8 %tmp_17_i_i, i8 %select_ln1020_1, i8 %select_ln1020" [prj/sol/.autopilot/db/v_tpg.cpp:1026->prj/sol/.autopilot/db/v_tpg.cpp:399->prj/sol/.autopilot/db/v_tpg.cpp:399]   --->   Operation 57 'bitconcatenate' 'tmp_1_i_i' <Predicate = (!icmp_ln981)> <Delay = 0.00>
ST_3 : Operation 58 [1/1] (0.00ns)   --->   "%sel_tmp6_i = bitconcatenate i2 @_ssdm_op_BitConcatenate.i2.i1.i1, i1 %icmp_ln1020, i1 %icmp_ln1020_1" [prj/sol/.autopilot/db/v_tpg.cpp:1020->prj/sol/.autopilot/db/v_tpg.cpp:399->prj/sol/.autopilot/db/v_tpg.cpp:399]   --->   Operation 58 'bitconcatenate' 'sel_tmp6_i' <Predicate = (!icmp_ln981)> <Delay = 0.00>
ST_3 : Operation 59 [1/1] (0.42ns)   --->   "%tmp_i = sparsemux i48 @_ssdm_op_SparseMux.ap_auto.3i48.i48.i2, i2 2, i48 %tmp_i_i_197, i2 1, i48 %tmp_1_i_i, i2 0, i48 %tmp_i_i, i48 0, i2 %sel_tmp6_i" [prj/sol/.autopilot/db/v_tpg.cpp:1023->prj/sol/.autopilot/db/v_tpg.cpp:399->prj/sol/.autopilot/db/v_tpg.cpp:399]   --->   Operation 59 'sparsemux' 'tmp_i' <Predicate = (!icmp_ln981)> <Delay = 0.42> <CoreInst = "OneHotSparseMux_HasDef">   --->   Core 152 'OneHotSparseMux_HasDef' <Latency = 0> <II = 1> <Delay = 0.42> <FuncUnit> <Opcode : 'sparsemux'> <InPorts = 2> <OutPorts = 1>
ST_3 : Operation 60 [1/1] ( I:0.54ns O:0.54ns )   --->   "%write_ln1035 = write void @_ssdm_op_Write.axis.volatile.i48P0A.i6P0A.i6P0A.i1P0A.i1P0A.i1P0A.i1P0A, i48 %m_axis_video_V_data_V, i6 %m_axis_video_V_keep_V, i6 %m_axis_video_V_strb_V, i1 %m_axis_video_V_user_V, i1 %m_axis_video_V_last_V, i1 %m_axis_video_V_id_V, i1 %m_axis_video_V_dest_V, i48 %tmp_i, i6 63, i6 63, i1 %sof, i1 %icmp_ln994, i1 0, i1 0" [prj/sol/.autopilot/db/v_tpg.cpp:1035->prj/sol/.autopilot/db/v_tpg.cpp:399->prj/sol/.autopilot/db/v_tpg.cpp:399]   --->   Operation 60 'write' 'write_ln1035' <Predicate = (!icmp_ln981)> <Delay = 0.54> <CoreInst = "regslice">   --->   Core 147 'regslice' <Latency = 0> <II = 1> <Delay = 0.69> <Adapter> <Opcode : 'read' 'write'>

State 4 <SV = 2> <Delay = 0.00>
ST_4 : Operation 61 [1/1] (0.00ns)   --->   "%write_ln1036 = write void @_ssdm_op_Write.ap_auto.i1P0A, i1 %phi_ln1036_i_out, i1 %phi_ln1036" [prj/sol/.autopilot/db/v_tpg.cpp:1036->prj/sol/.autopilot/db/v_tpg.cpp:399->prj/sol/.autopilot/db/v_tpg.cpp:399]   --->   Operation 61 'write' 'write_ln1036' <Predicate = true> <Delay = 0.00>

State 5 <SV = 3> <Delay = 0.42>
ST_5 : Operation 62 [1/1] (0.00ns)   --->   "%counter_loc_1_i_i_load_1 = load i16 %counter_loc_1_i_i"   --->   Operation 62 'load' 'counter_loc_1_i_i_load_1' <Predicate = true> <Delay = 0.00>
ST_5 : Operation 63 [1/1] (0.00ns)   --->   "%write_ln0 = write void @_ssdm_op_Write.ap_auto.i16P0A, i16 %counter_loc_1_i_i_out, i16 %counter_loc_1_i_i_load_1"   --->   Operation 63 'write' 'write_ln0' <Predicate = true> <Delay = 0.00>
ST_5 : Operation 64 [1/1] (0.42ns)   --->   "%ret_ln0 = ret"   --->   Operation 64 'ret' 'ret_ln0' <Predicate = true> <Delay = 0.42>


============================================================
+ Verbose Summary: Timing violations
============================================================
Target clock period: 10.000ns, clock uncertainty: 2.700ns.

 <State 1>: 0.765ns
The critical path consists of the following:
	wire read operation ('colorFormat_val27_read') on port 'colorFormat_val27' [25]  (0.000 ns)
	'icmp' operation 1 bit ('icmp_ln1020', prj/sol/.autopilot/db/v_tpg.cpp:1020->prj/sol/.autopilot/db/v_tpg.cpp:399->prj/sol/.autopilot/db/v_tpg.cpp:399) [28]  (0.765 ns)

 <State 2>: 1.280ns
The critical path consists of the following:
	'load' operation 16 bit ('counter_loc_1_i_i_load', prj/sol/.autopilot/db/v_tpg.cpp:1005->prj/sol/.autopilot/db/v_tpg.cpp:399->prj/sol/.autopilot/db/v_tpg.cpp:399) on local variable 'counter_loc_1_i_i' [47]  (0.000 ns)
	'add' operation 16 bit ('add_ln1005', prj/sol/.autopilot/db/v_tpg.cpp:1005->prj/sol/.autopilot/db/v_tpg.cpp:399->prj/sol/.autopilot/db/v_tpg.cpp:399) [48]  (0.853 ns)
	'store' operation ('store_ln1005', prj/sol/.autopilot/db/v_tpg.cpp:1005->prj/sol/.autopilot/db/v_tpg.cpp:399->prj/sol/.autopilot/db/v_tpg.cpp:399) of variable 'add_ln1005', prj/sol/.autopilot/db/v_tpg.cpp:1005->prj/sol/.autopilot/db/v_tpg.cpp:399->prj/sol/.autopilot/db/v_tpg.cpp:399 16 bit on local variable 'counter_loc_1_i_i' [50]  (0.427 ns)

 <State 3>: 3.442ns
The critical path consists of the following:
	fifo read operation ('ovrlayYUV_read', prj/sol/.autopilot/db/v_tpg.cpp:1008->prj/sol/.autopilot/db/v_tpg.cpp:399->prj/sol/.autopilot/db/v_tpg.cpp:399) on port 'ovrlayYUV' (prj/sol/.autopilot/db/v_tpg.cpp:1008->prj/sol/.autopilot/db/v_tpg.cpp:399->prj/sol/.autopilot/db/v_tpg.cpp:399) [55]  (2.044 ns)
	'sparsemux' operation 8 bit ('tmp_17_i_i', prj/sol/.autopilot/db/v_tpg.cpp:1008->prj/sol/.autopilot/db/v_tpg.cpp:399->prj/sol/.autopilot/db/v_tpg.cpp:399) [64]  (0.427 ns)
	'sparsemux' operation 48 bit ('tmp_i', prj/sol/.autopilot/db/v_tpg.cpp:1023->prj/sol/.autopilot/db/v_tpg.cpp:399->prj/sol/.autopilot/db/v_tpg.cpp:399) [72]  (0.427 ns)
	axis write operation ('write_ln1035', prj/sol/.autopilot/db/v_tpg.cpp:1035->prj/sol/.autopilot/db/v_tpg.cpp:399->prj/sol/.autopilot/db/v_tpg.cpp:399) on port 'm_axis_video_V_data_V' (prj/sol/.autopilot/db/v_tpg.cpp:1035->prj/sol/.autopilot/db/v_tpg.cpp:399->prj/sol/.autopilot/db/v_tpg.cpp:399) [73]  (0.544 ns)

 <State 4>: 0.000ns
The critical path consists of the following:

 <State 5>: 0.427ns
The critical path consists of the following:


============================================================
+ Verbose Summary: Binding
============================================================
N/A
* FSMD analyzer results:
  - Output states:
 - Input state : 
  - Chain level:
	State 1
	State 2
	State 3
	State 4
	State 5


============================================================
+ Verbose Summary: Datapath Resource usage 
============================================================
N/A
