

================================================================
== Vitis HLS Report for 'tpgBackground'
================================================================
* Date:           Wed Jun  3 12:59:08 2026

* Version:        2025.2 (Build 6295257 on Nov 14 2025)
* Project:        prj
* Solution:       sol (Vivado IP Flow Target)
* Product family: artixuplus
* Target device:  xcau15p-ffvb676-2-e


================================================================
== Performance Estimates
================================================================
+ Timing: 
    * Summary: 
    +--------+----------+----------+------------+
    |  Clock |  Target  | Estimated| Uncertainty|
    +--------+----------+----------+------------+
    |ap_clk  |  10.00 ns|  7.199 ns|     2.70 ns|
    +--------+----------+----------+------------+

+ Latency: 
    * Summary: 
    +---------+------------+-----------+------------+-----+------------+---------+
    |   Latency (cycles)   |   Latency (absolute)   |     Interval     | Pipeline|
    |   min   |     max    |    min    |     max    | min |     max    |   Type  |
    +---------+------------+-----------+------------+-----+------------+---------+
    |        2|  2148958187|  20.000 ns|  21.490 sec|    2|  2148958187|       no|
    +---------+------------+-----------+------------+-----+------------+---------+

    + Detail: 
        * Instance: 
        N/A

        * Loop: 
        +--------------------+---------+------------+------------+-----------+-----------+-----------+----------+
        |                    |   Latency (cycles)   |  Iteration |  Initiation Interval  |    Trip   |          |
        |      Loop Name     |   min   |     max    |   Latency  |  achieved |   target  |   Count   | Pipelined|
        +--------------------+---------+------------+------------+-----------+-----------+-----------+----------+
        |- VITIS_LOOP_563_1  |        0|  2148958185|  24 ~ 32791|          -|          -|  0 ~ 65535|        no|
        +--------------------+---------+------------+------------+-----------+-----------+-----------+----------+

============================================================
+ Verbose Summary: Synthesis Manager
============================================================
InlineROM: 1
ExposeGlobal: 0
============================================================
+ Verbose Summary: CDFG Model
============================================================
IsTopModel: 0
ResetActiveHigh: 1
IsCombinational: 2
IsDatapathOnly: 0
HasWiredReturn: 1
HasMFsm: 0
HasVarLatency: 1
IsPipeline: 0
IsRtlPipelined: 0
IsInstanceOverlapped: 0
IsDontTouch: 0
HasImplIP: 0
IsGatedGlobalClock: 0


============================================================
+ Verbose Summary: Schedule
============================================================
* Number of FSM states : 5
* Pipeline : 0
* Dataflow Pipeline: 0

* FSM state transitions: 
1 --> 2 
2 --> 3 
3 --> 4 
4 --> 5 
5 --> 3 

* FSM state operations: 

State 1 <SV = 0> <Delay = 1.79>
ST_1 : Operation 6 [1/1] (0.00ns)   --->   "%p_0_0_010369_lcssa382 = alloca i32 1"   --->   Operation 6 'alloca' 'p_0_0_010369_lcssa382' <Predicate = true> <Delay = 0.00>
ST_1 : Operation 7 [1/1] (0.00ns)   --->   "%p_0_0_09371_lcssa385 = alloca i32 1"   --->   Operation 7 'alloca' 'p_0_0_09371_lcssa385' <Predicate = true> <Delay = 0.00>
ST_1 : Operation 8 [1/1] (0.00ns)   --->   "%p_0_0_0373_lcssa388 = alloca i32 1"   --->   Operation 8 'alloca' 'p_0_0_0373_lcssa388' <Predicate = true> <Delay = 0.00>
ST_1 : Operation 9 [1/1] (0.00ns)   --->   "%p_0_0_010_1375_lcssa391 = alloca i32 1"   --->   Operation 9 'alloca' 'p_0_0_010_1375_lcssa391' <Predicate = true> <Delay = 0.00>
ST_1 : Operation 10 [1/1] (0.00ns)   --->   "%p_0_0_09_1377_lcssa394 = alloca i32 1"   --->   Operation 10 'alloca' 'p_0_0_09_1377_lcssa394' <Predicate = true> <Delay = 0.00>
ST_1 : Operation 11 [1/1] (0.00ns)   --->   "%p_0_0_0_1379_lcssa397 = alloca i32 1"   --->   Operation 11 'alloca' 'p_0_0_0_1379_lcssa397' <Predicate = true> <Delay = 0.00>
ST_1 : Operation 12 [1/1] (0.00ns)   --->   "%outpix = alloca i32 1" [prj/sol/.autopilot/db/v_tpg.cpp:552]   --->   Operation 12 'alloca' 'outpix' <Predicate = true> <Delay = 0.00>
ST_1 : Operation 13 [1/1] (0.00ns)   --->   "%outpix_1 = alloca i32 1" [prj/sol/.autopilot/db/v_tpg.cpp:552]   --->   Operation 13 'alloca' 'outpix_1' <Predicate = true> <Delay = 0.00>
ST_1 : Operation 14 [1/1] (0.00ns)   --->   "%outpix_2 = alloca i32 1" [prj/sol/.autopilot/db/v_tpg.cpp:552]   --->   Operation 14 'alloca' 'outpix_2' <Predicate = true> <Delay = 0.00>
ST_1 : Operation 15 [1/1] (0.00ns)   --->   "%outpix_3 = alloca i32 1" [prj/sol/.autopilot/db/v_tpg.cpp:552]   --->   Operation 15 'alloca' 'outpix_3' <Predicate = true> <Delay = 0.00>
ST_1 : Operation 16 [1/1] (0.00ns)   --->   "%outpix_4 = alloca i32 1" [prj/sol/.autopilot/db/v_tpg.cpp:552]   --->   Operation 16 'alloca' 'outpix_4' <Predicate = true> <Delay = 0.00>
ST_1 : Operation 17 [1/1] (0.00ns)   --->   "%outpix_5 = alloca i32 1" [prj/sol/.autopilot/db/v_tpg.cpp:552]   --->   Operation 17 'alloca' 'outpix_5' <Predicate = true> <Delay = 0.00>
ST_1 : Operation 18 [1/1] (0.00ns)   --->   "%y = alloca i32 1" [prj/sol/.autopilot/db/v_tpg.cpp:549]   --->   Operation 18 'alloca' 'y' <Predicate = true> <Delay = 0.00>
ST_1 : Operation 19 [1/1] (0.00ns)   --->   "%tpgPatternDPColorSquare_unsigned_short_unsigned_short_unsigned_char_unsigned_7 = alloca i32 1"   --->   Operation 19 'alloca' 'tpgPatternDPColorSquare_unsigned_short_unsigned_short_unsigned_char_unsigned_7' <Predicate = true> <Delay = 0.00>
ST_1 : Operation 20 [1/1] (0.00ns)   --->   "%tpgPatternDPColorSquare_unsigned_short_unsigned_short_unsigned_char_unsigned_6 = alloca i32 1"   --->   Operation 20 'alloca' 'tpgPatternDPColorSquare_unsigned_short_unsigned_short_unsigned_char_unsigned_6' <Predicate = true> <Delay = 0.00>
ST_1 : Operation 21 [1/1] (0.00ns)   --->   "%vBarSel_3_loc_0 = alloca i32 1"   --->   Operation 21 'alloca' 'vBarSel_3_loc_0' <Predicate = true> <Delay = 0.00>
ST_1 : Operation 22 [1/1] (0.00ns)   --->   "%rampVal_2_loc_0 = alloca i32 1"   --->   Operation 22 'alloca' 'rampVal_2_loc_0' <Predicate = true> <Delay = 0.00>
ST_1 : Operation 23 [1/1] (0.00ns)   --->   "%rampVal_2_new_0 = alloca i32 1"   --->   Operation 23 'alloca' 'rampVal_2_new_0' <Predicate = true> <Delay = 0.00>
ST_1 : Operation 24 [1/1] (0.00ns)   --->   "%tpgPatternCheckerBoard_unsigned_short_unsigned_short_unsigned_short_unsigned_7 = alloca i32 1"   --->   Operation 24 'alloca' 'tpgPatternCheckerBoard_unsigned_short_unsigned_short_unsigned_short_unsigned_7' <Predicate = true> <Delay = 0.00>
ST_1 : Operation 25 [1/1] (0.00ns)   --->   "%tpgPatternCheckerBoard_unsigned_short_unsigned_short_unsigned_short_unsigned_6 = alloca i32 1"   --->   Operation 25 'alloca' 'tpgPatternCheckerBoard_unsigned_short_unsigned_short_unsigned_short_unsigned_6' <Predicate = true> <Delay = 0.00>
ST_1 : Operation 26 [1/1] (0.00ns)   --->   "%vBarSel_2_loc_0 = alloca i32 1"   --->   Operation 26 'alloca' 'vBarSel_2_loc_0' <Predicate = true> <Delay = 0.00>
ST_1 : Operation 27 [1/1] (0.00ns)   --->   "%hdata_loc_0 = alloca i32 1"   --->   Operation 27 'alloca' 'hdata_loc_0' <Predicate = true> <Delay = 0.00>
ST_1 : Operation 28 [1/1] (0.00ns)   --->   "%hdata_new_0 = alloca i32 1"   --->   Operation 28 'alloca' 'hdata_new_0' <Predicate = true> <Delay = 0.00>
ST_1 : Operation 29 [1/1] (0.00ns)   --->   "%tpgPatternTartanColorBars_unsigned_short_unsigned_short_unsigned_short_unsign_7 = alloca i32 1"   --->   Operation 29 'alloca' 'tpgPatternTartanColorBars_unsigned_short_unsigned_short_unsigned_short_unsign_7' <Predicate = true> <Delay = 0.00>
ST_1 : Operation 30 [1/1] (0.00ns)   --->   "%tpgPatternTartanColorBars_unsigned_short_unsigned_short_unsigned_short_unsign_6 = alloca i32 1"   --->   Operation 30 'alloca' 'tpgPatternTartanColorBars_unsigned_short_unsigned_short_unsigned_short_unsign_6' <Predicate = true> <Delay = 0.00>
ST_1 : Operation 31 [1/1] (0.00ns)   --->   "%vBarSel_loc_0 = alloca i32 1"   --->   Operation 31 'alloca' 'vBarSel_loc_0' <Predicate = true> <Delay = 0.00>
ST_1 : Operation 32 [1/1] (0.00ns)   --->   "%zonePlateVAddr_loc_0 = alloca i32 1"   --->   Operation 32 'alloca' 'zonePlateVAddr_loc_0' <Predicate = true> <Delay = 0.00>
ST_1 : Operation 33 [1/1] (0.00ns)   --->   "%tpgPatternColorBars_unsigned_short_unsigned_short_unsigned_char_int_hBarSel_8_2 = alloca i32 1"   --->   Operation 33 'alloca' 'tpgPatternColorBars_unsigned_short_unsigned_short_unsigned_char_int_hBarSel_8_2' <Predicate = true> <Delay = 0.00>
ST_1 : Operation 34 [1/1] (0.00ns)   --->   "%tpgPatternColorBars_unsigned_short_unsigned_short_unsigned_char_int_hBarSel_l_1 = alloca i32 1"   --->   Operation 34 'alloca' 'tpgPatternColorBars_unsigned_short_unsigned_short_unsigned_char_int_hBarSel_l_1' <Predicate = true> <Delay = 0.00>
ST_1 : Operation 35 [1/1] (0.00ns)   --->   "%rampVal_loc_0 = alloca i32 1"   --->   Operation 35 'alloca' 'rampVal_loc_0' <Predicate = true> <Delay = 0.00>
ST_1 : Operation 36 [1/1] (0.00ns)   --->   "%rampVal_3_loc_0 = alloca i32 1"   --->   Operation 36 'alloca' 'rampVal_3_loc_0' <Predicate = true> <Delay = 0.00>
ST_1 : Operation 37 [1/1] (0.00ns)   --->   "%rampVal_3_new_0 = alloca i32 1"   --->   Operation 37 'alloca' 'rampVal_3_new_0' <Predicate = true> <Delay = 0.00>
ST_1 : Operation 38 [1/1] (0.00ns)   --->   "%colorFormat_val_read = read i8 @_ssdm_op_Read.ap_auto.i8, i8 %colorFormat_val"   --->   Operation 38 'read' 'colorFormat_val_read' <Predicate = true> <Delay = 0.00>
ST_1 : Operation 39 [1/1] (0.00ns)   --->   "%rampVal_2_flag_1_loc = alloca i64 1"   --->   Operation 39 'alloca' 'rampVal_2_flag_1_loc' <Predicate = true> <Delay = 0.00>
ST_1 : Operation 40 [1/1] (0.00ns)   --->   "%hdata_flag_1_loc = alloca i64 1"   --->   Operation 40 'alloca' 'hdata_flag_1_loc' <Predicate = true> <Delay = 0.00>
ST_1 : Operation 41 [1/1] (0.00ns)   --->   "%rampVal_3_flag_1_loc = alloca i64 1"   --->   Operation 41 'alloca' 'rampVal_3_flag_1_loc' <Predicate = true> <Delay = 0.00>
ST_1 : Operation 42 [1/1] (0.76ns)   --->   "%icmp_ln1144 = icmp_eq  i8 %colorFormat_val_read, i8 1" [prj/sol/.autopilot/db/v_tpg.cpp:1144->prj/sol/.autopilot/db/v_tpg.cpp:609]   --->   Operation 42 'icmp' 'icmp_ln1144' <Predicate = true> <Delay = 0.76> <CoreInst = "Cmp">   --->   Core 9 'Cmp' <Latency = 0> <II = 1> <Delay = 0.76> <FuncUnit> <Opcode : 'seteq' 'setne' 'setle' 'setge' 'setlt' 'setgt'> <InPorts = 2> <OutPorts = 1>
ST_1 : Operation 43 [1/1] (0.00ns)   --->   "%tmp = partselect i7 @_ssdm_op_PartSelect.i7.i8.i32.i32, i8 %colorFormat_val_read, i32 1, i32 7" [prj/sol/.autopilot/db/v_tpg.cpp:1862->prj/sol/.autopilot/db/v_tpg.cpp:703]   --->   Operation 43 'partselect' 'tmp' <Predicate = true> <Delay = 0.00>
ST_1 : Operation 44 [1/1] (0.35ns)   --->   "%select_ln1144 = select i1 %icmp_ln1144, i64 1, i64 2" [prj/sol/.autopilot/db/v_tpg.cpp:1144->prj/sol/.autopilot/db/v_tpg.cpp:609]   --->   Operation 44 'select' 'select_ln1144' <Predicate = true> <Delay = 0.35> <CoreInst = "Sel">   --->   Core 73 'Sel' <Latency = 0> <II = 1> <Delay = 0.35> <FuncUnit> <Opcode : 'select'> <InPorts = 3> <OutPorts = 1>
ST_1 : Operation 45 [1/1] (0.00ns)   --->   "%redYuv_addr = getelementptr i8 %redYuv, i64 0, i64 %select_ln1144" [prj/sol/.autopilot/db/v_tpg.cpp:1144->prj/sol/.autopilot/db/v_tpg.cpp:609]   --->   Operation 45 'getelementptr' 'redYuv_addr' <Predicate = true> <Delay = 0.00>
ST_1 : Operation 46 [1/1] (0.00ns)   --->   "%grnYuv_addr = getelementptr i8 %grnYuv, i64 0, i64 %select_ln1144" [prj/sol/.autopilot/db/v_tpg.cpp:1165->prj/sol/.autopilot/db/v_tpg.cpp:617]   --->   Operation 46 'getelementptr' 'grnYuv_addr' <Predicate = true> <Delay = 0.00>
ST_1 : Operation 47 [1/1] (0.00ns)   --->   "%bluYuv_addr = getelementptr i8 %bluYuv, i64 0, i64 %select_ln1144" [prj/sol/.autopilot/db/v_tpg.cpp:1186->prj/sol/.autopilot/db/v_tpg.cpp:625]   --->   Operation 47 'getelementptr' 'bluYuv_addr' <Predicate = true> <Delay = 0.00>
ST_1 : Operation 48 [1/1] (0.00ns)   --->   "%blkYuv_addr = getelementptr i8 %blkYuv, i64 0, i64 %select_ln1144" [prj/sol/.autopilot/db/v_tpg.cpp:1207->prj/sol/.autopilot/db/v_tpg.cpp:633]   --->   Operation 48 'getelementptr' 'blkYuv_addr' <Predicate = true> <Delay = 0.00>
ST_1 : Operation 49 [1/1] (0.00ns)   --->   "%whiYuv_addr = getelementptr i8 %whiYuv, i64 0, i64 %select_ln1144" [prj/sol/.autopilot/db/v_tpg.cpp:1228->prj/sol/.autopilot/db/v_tpg.cpp:641]   --->   Operation 49 'getelementptr' 'whiYuv_addr' <Predicate = true> <Delay = 0.00>
ST_1 : Operation 50 [1/1] (0.00ns)   --->   "%whiYuv_1_addr = getelementptr i8 %whiYuv_1, i64 0, i64 %select_ln1144" [prj/sol/.autopilot/db/v_tpg.cpp:1504->prj/sol/.autopilot/db/v_tpg.cpp:673]   --->   Operation 50 'getelementptr' 'whiYuv_1_addr' <Predicate = true> <Delay = 0.00>
ST_1 : Operation 51 [1/1] (0.00ns)   --->   "%blkYuv_1_addr = getelementptr i8 %blkYuv_1, i64 0, i64 %select_ln1144" [prj/sol/.autopilot/db/v_tpg.cpp:1519->prj/sol/.autopilot/db/v_tpg.cpp:673]   --->   Operation 51 'getelementptr' 'blkYuv_1_addr' <Predicate = true> <Delay = 0.00>
ST_1 : Operation 52 [2/2] (0.67ns)   --->   "%redYuv_load = load i2 %redYuv_addr" [prj/sol/.autopilot/db/v_tpg.cpp:1143->prj/sol/.autopilot/db/v_tpg.cpp:609]   --->   Operation 52 'load' 'redYuv_load' <Predicate = true> <Delay = 0.67> <CoreInst = "ROM">   --->   Core 100 'ROM' <Latency = 1> <II = 1> <Delay = 0.67> <Storage> <Opcode : 'load'> <Ports = 0> <Width = 8> <Depth = 3> <ROM>
ST_1 : Operation 53 [2/2] (0.67ns)   --->   "%grnYuv_load = load i2 %grnYuv_addr" [prj/sol/.autopilot/db/v_tpg.cpp:1164->prj/sol/.autopilot/db/v_tpg.cpp:617]   --->   Operation 53 'load' 'grnYuv_load' <Predicate = true> <Delay = 0.67> <CoreInst = "ROM">   --->   Core 100 'ROM' <Latency = 1> <II = 1> <Delay = 0.67> <Storage> <Opcode : 'load'> <Ports = 0> <Width = 8> <Depth = 3> <ROM>
ST_1 : Operation 54 [2/2] (0.67ns)   --->   "%bluYuv_load = load i2 %bluYuv_addr" [prj/sol/.autopilot/db/v_tpg.cpp:1185->prj/sol/.autopilot/db/v_tpg.cpp:625]   --->   Operation 54 'load' 'bluYuv_load' <Predicate = true> <Delay = 0.67> <CoreInst = "ROM">   --->   Core 100 'ROM' <Latency = 1> <II = 1> <Delay = 0.67> <Storage> <Opcode : 'load'> <Ports = 0> <Width = 8> <Depth = 3> <ROM>
ST_1 : Operation 55 [2/2] (0.67ns)   --->   "%blkYuv_load = load i2 %blkYuv_addr" [prj/sol/.autopilot/db/v_tpg.cpp:1206->prj/sol/.autopilot/db/v_tpg.cpp:633]   --->   Operation 55 'load' 'blkYuv_load' <Predicate = true> <Delay = 0.67> <CoreInst = "ROM">   --->   Core 100 'ROM' <Latency = 1> <II = 1> <Delay = 0.67> <Storage> <Opcode : 'load'> <Ports = 0> <Width = 8> <Depth = 3> <ROM>
ST_1 : Operation 56 [2/2] (0.67ns)   --->   "%whiYuv_load = load i2 %whiYuv_addr" [prj/sol/.autopilot/db/v_tpg.cpp:1227->prj/sol/.autopilot/db/v_tpg.cpp:641]   --->   Operation 56 'load' 'whiYuv_load' <Predicate = true> <Delay = 0.67> <CoreInst = "ROM">   --->   Core 100 'ROM' <Latency = 1> <II = 1> <Delay = 0.67> <Storage> <Opcode : 'load'> <Ports = 0> <Width = 8> <Depth = 3> <ROM>
ST_1 : Operation 57 [2/2] (0.67ns)   --->   "%whiYuv_1_load = load i2 %whiYuv_1_addr" [prj/sol/.autopilot/db/v_tpg.cpp:1503->prj/sol/.autopilot/db/v_tpg.cpp:673]   --->   Operation 57 'load' 'whiYuv_1_load' <Predicate = true> <Delay = 0.67> <CoreInst = "ROM">   --->   Core 100 'ROM' <Latency = 1> <II = 1> <Delay = 0.67> <Storage> <Opcode : 'load'> <Ports = 0> <Width = 8> <Depth = 3> <ROM>
ST_1 : Operation 58 [2/2] (0.67ns)   --->   "%blkYuv_1_load = load i2 %blkYuv_1_addr" [prj/sol/.autopilot/db/v_tpg.cpp:1518->prj/sol/.autopilot/db/v_tpg.cpp:673]   --->   Operation 58 'load' 'blkYuv_1_load' <Predicate = true> <Delay = 0.67> <CoreInst = "ROM">   --->   Core 100 'ROM' <Latency = 1> <II = 1> <Delay = 0.67> <Storage> <Opcode : 'load'> <Ports = 0> <Width = 8> <Depth = 3> <ROM>
ST_1 : Operation 59 [1/1] (0.00ns)   --->   "%rampVal_1_load = load i16 %rampVal_1" [prj/sol/.autopilot/db/v_tpg.cpp:1084->prj/sol/.autopilot/db/v_tpg.cpp:585]   --->   Operation 59 'load' 'rampVal_1_load' <Predicate = true> <Delay = 0.00>
ST_1 : Operation 60 [1/1] (0.00ns)   --->   "%rampVal_load = load i8 %rampVal" [prj/sol/.autopilot/db/v_tpg.cpp:1101->prj/sol/.autopilot/db/v_tpg.cpp:593]   --->   Operation 60 'load' 'rampVal_load' <Predicate = true> <Delay = 0.00>
ST_1 : Operation 61 [1/1] (0.00ns)   --->   "%zext_ln1257 = zext i8 %rampVal_load" [prj/sol/.autopilot/db/v_tpg.cpp:1257->prj/sol/.autopilot/db/v_tpg.cpp:649]   --->   Operation 61 'zext' 'zext_ln1257' <Predicate = true> <Delay = 0.00>
ST_1 : Operation 62 [1/1] (0.00ns)   --->   "%tpgPatternColorBars_unsigned_short_unsigned_short_unsigned_char_int_hBarSel_l = load i8 %tpgPatternColorBars_unsigned_short_unsigned_short_unsigned_char_int_hBarSel" [prj/sol/.autopilot/db/v_tpg.cpp:1257->prj/sol/.autopilot/db/v_tpg.cpp:649]   --->   Operation 62 'load' 'tpgPatternColorBars_unsigned_short_unsigned_short_unsigned_char_int_hBarSel_l' <Predicate = true> <Delay = 0.00>
ST_1 : Operation 63 [1/1] (0.00ns)   --->   "%tpgPatternColorBars_unsigned_short_unsigned_short_unsigned_char_int_hBarSel_8_3 = load i8 %tpgPatternColorBars_unsigned_short_unsigned_short_unsigned_char_int_hBarSel_8" [prj/sol/.autopilot/db/v_tpg.cpp:1257->prj/sol/.autopilot/db/v_tpg.cpp:649]   --->   Operation 63 'load' 'tpgPatternColorBars_unsigned_short_unsigned_short_unsigned_char_int_hBarSel_8_3' <Predicate = true> <Delay = 0.00>
ST_1 : Operation 64 [1/1] (0.00ns)   --->   "%zonePlateVAddr_load = load i16 %zonePlateVAddr" [prj/sol/.autopilot/db/v_tpg.cpp:1341->prj/sol/.autopilot/db/v_tpg.cpp:657]   --->   Operation 64 'load' 'zonePlateVAddr_load' <Predicate = true> <Delay = 0.00>
ST_1 : Operation 65 [1/1] (0.00ns)   --->   "%vBarSel_load = load i3 %vBarSel" [prj/sol/.autopilot/db/v_tpg.cpp:1393->prj/sol/.autopilot/db/v_tpg.cpp:665]   --->   Operation 65 'load' 'vBarSel_load' <Predicate = true> <Delay = 0.00>
ST_1 : Operation 66 [1/1] (0.00ns)   --->   "%zext_ln1412 = zext i3 %vBarSel_load" [prj/sol/.autopilot/db/v_tpg.cpp:1412->prj/sol/.autopilot/db/v_tpg.cpp:665]   --->   Operation 66 'zext' 'zext_ln1412' <Predicate = true> <Delay = 0.00>
ST_1 : Operation 67 [1/1] (0.00ns)   --->   "%tpgPatternTartanColorBars_unsigned_short_unsigned_short_unsigned_short_unsign_10 = load i3 %tpgPatternTartanColorBars_unsigned_short_unsigned_short_unsigned_short_unsign_3" [prj/sol/.autopilot/db/v_tpg.cpp:1412->prj/sol/.autopilot/db/v_tpg.cpp:665]   --->   Operation 67 'load' 'tpgPatternTartanColorBars_unsigned_short_unsigned_short_unsigned_short_unsign_10' <Predicate = true> <Delay = 0.00>
ST_1 : Operation 68 [1/1] (0.00ns)   --->   "%zext_ln1412_1 = zext i3 %tpgPatternTartanColorBars_unsigned_short_unsigned_short_unsigned_short_unsign_10" [prj/sol/.autopilot/db/v_tpg.cpp:1412->prj/sol/.autopilot/db/v_tpg.cpp:665]   --->   Operation 68 'zext' 'zext_ln1412_1' <Predicate = true> <Delay = 0.00>
ST_1 : Operation 69 [1/1] (0.00ns)   --->   "%tpgPatternTartanColorBars_unsigned_short_unsigned_short_unsigned_short_unsign_11 = load i3 %tpgPatternTartanColorBars_unsigned_short_unsigned_short_unsigned_short_unsign_2" [prj/sol/.autopilot/db/v_tpg.cpp:1412->prj/sol/.autopilot/db/v_tpg.cpp:665]   --->   Operation 69 'load' 'tpgPatternTartanColorBars_unsigned_short_unsigned_short_unsigned_short_unsign_11' <Predicate = true> <Delay = 0.00>
ST_1 : Operation 70 [1/1] (0.00ns)   --->   "%zext_ln1545 = zext i3 %tpgPatternTartanColorBars_unsigned_short_unsigned_short_unsigned_short_unsign_11" [prj/sol/.autopilot/db/v_tpg.cpp:1545->prj/sol/.autopilot/db/v_tpg.cpp:689]   --->   Operation 70 'zext' 'zext_ln1545' <Predicate = true> <Delay = 0.00>
ST_1 : Operation 71 [1/1] (0.00ns)   --->   "%hdata_load = load i16 %hdata" [prj/sol/.autopilot/db/v_tpg.cpp:1545->prj/sol/.autopilot/db/v_tpg.cpp:689]   --->   Operation 71 'load' 'hdata_load' <Predicate = true> <Delay = 0.00>
ST_1 : Operation 72 [1/1] (0.00ns)   --->   "%vBarSel_2_load = load i8 %vBarSel_2" [prj/sol/.autopilot/db/v_tpg.cpp:1575->prj/sol/.autopilot/db/v_tpg.cpp:697]   --->   Operation 72 'load' 'vBarSel_2_load' <Predicate = true> <Delay = 0.00>
ST_1 : Operation 73 [1/1] (0.00ns)   --->   "%tpgPatternCheckerBoard_unsigned_short_unsigned_short_unsigned_short_unsigned_10 = load i3 %tpgPatternCheckerBoard_unsigned_short_unsigned_short_unsigned_short_unsigned_3" [prj/sol/.autopilot/db/v_tpg.cpp:1593->prj/sol/.autopilot/db/v_tpg.cpp:697]   --->   Operation 73 'load' 'tpgPatternCheckerBoard_unsigned_short_unsigned_short_unsigned_short_unsigned_10' <Predicate = true> <Delay = 0.00>
ST_1 : Operation 74 [1/1] (0.00ns)   --->   "%zext_ln1593 = zext i3 %tpgPatternCheckerBoard_unsigned_short_unsigned_short_unsigned_short_unsigned_10" [prj/sol/.autopilot/db/v_tpg.cpp:1593->prj/sol/.autopilot/db/v_tpg.cpp:697]   --->   Operation 74 'zext' 'zext_ln1593' <Predicate = true> <Delay = 0.00>
ST_1 : Operation 75 [1/1] (0.00ns)   --->   "%tpgPatternCheckerBoard_unsigned_short_unsigned_short_unsigned_short_unsigned_11 = load i3 %tpgPatternCheckerBoard_unsigned_short_unsigned_short_unsigned_short_unsigned_2" [prj/sol/.autopilot/db/v_tpg.cpp:1593->prj/sol/.autopilot/db/v_tpg.cpp:697]   --->   Operation 75 'load' 'tpgPatternCheckerBoard_unsigned_short_unsigned_short_unsigned_short_unsigned_11' <Predicate = true> <Delay = 0.00>
ST_1 : Operation 76 [1/1] (0.00ns)   --->   "%zext_ln1664 = zext i3 %tpgPatternCheckerBoard_unsigned_short_unsigned_short_unsigned_short_unsigned_11" [prj/sol/.autopilot/db/v_tpg.cpp:1664->prj/sol/.autopilot/db/v_tpg.cpp:707]   --->   Operation 76 'zext' 'zext_ln1664' <Predicate = true> <Delay = 0.00>
ST_1 : Operation 77 [1/1] (0.00ns)   --->   "%rampVal_2_load = load i16 %rampVal_2" [prj/sol/.autopilot/db/v_tpg.cpp:1664->prj/sol/.autopilot/db/v_tpg.cpp:707]   --->   Operation 77 'load' 'rampVal_2_load' <Predicate = true> <Delay = 0.00>
ST_1 : Operation 78 [1/1] (0.00ns)   --->   "%vBarSel_1_load = load i1 %vBarSel_1" [prj/sol/.autopilot/db/v_tpg.cpp:1758->prj/sol/.autopilot/db/v_tpg.cpp:721]   --->   Operation 78 'load' 'vBarSel_1_load' <Predicate = true> <Delay = 0.00>
ST_1 : Operation 79 [1/1] (0.00ns)   --->   "%zext_ln1775 = zext i1 %vBarSel_1_load" [prj/sol/.autopilot/db/v_tpg.cpp:1775->prj/sol/.autopilot/db/v_tpg.cpp:721]   --->   Operation 79 'zext' 'zext_ln1775' <Predicate = true> <Delay = 0.00>
ST_1 : Operation 80 [1/1] (0.00ns)   --->   "%tpgPatternDPColorSquare_unsigned_short_unsigned_short_unsigned_char_unsigned_10 = load i3 %tpgPatternDPColorSquare_unsigned_short_unsigned_short_unsigned_char_unsigned_3" [prj/sol/.autopilot/db/v_tpg.cpp:1775->prj/sol/.autopilot/db/v_tpg.cpp:721]   --->   Operation 80 'load' 'tpgPatternDPColorSquare_unsigned_short_unsigned_short_unsigned_char_unsigned_10' <Predicate = true> <Delay = 0.00>
ST_1 : Operation 81 [1/1] (0.00ns)   --->   "%zext_ln1775_1 = zext i3 %tpgPatternDPColorSquare_unsigned_short_unsigned_short_unsigned_char_unsigned_10" [prj/sol/.autopilot/db/v_tpg.cpp:1775->prj/sol/.autopilot/db/v_tpg.cpp:721]   --->   Operation 81 'zext' 'zext_ln1775_1' <Predicate = true> <Delay = 0.00>
ST_1 : Operation 82 [1/1] (0.00ns)   --->   "%tpgPatternDPColorSquare_unsigned_short_unsigned_short_unsigned_char_unsigned_11 = load i3 %tpgPatternDPColorSquare_unsigned_short_unsigned_short_unsigned_char_unsigned_2" [prj/sol/.autopilot/db/v_tpg.cpp:1775->prj/sol/.autopilot/db/v_tpg.cpp:721]   --->   Operation 82 'load' 'tpgPatternDPColorSquare_unsigned_short_unsigned_short_unsigned_char_unsigned_11' <Predicate = true> <Delay = 0.00>
ST_1 : Operation 83 [1/1] (0.00ns)   --->   "%zext_ln563 = zext i3 %tpgPatternDPColorSquare_unsigned_short_unsigned_short_unsigned_char_unsigned_11" [prj/sol/.autopilot/db/v_tpg.cpp:563]   --->   Operation 83 'zext' 'zext_ln563' <Predicate = true> <Delay = 0.00>
ST_1 : Operation 84 [1/1] (0.00ns)   --->   "%store_ln1084 = store i16 %rampVal_1_load, i16 %rampVal_3_loc_0" [prj/sol/.autopilot/db/v_tpg.cpp:1084->prj/sol/.autopilot/db/v_tpg.cpp:585]   --->   Operation 84 'store' 'store_ln1084' <Predicate = true> <Delay = 0.00>
ST_1 : Operation 85 [1/1] (0.00ns)   --->   "%store_ln1257 = store i16 %zext_ln1257, i16 %rampVal_loc_0" [prj/sol/.autopilot/db/v_tpg.cpp:1257->prj/sol/.autopilot/db/v_tpg.cpp:649]   --->   Operation 85 'store' 'store_ln1257' <Predicate = true> <Delay = 0.00>
ST_1 : Operation 86 [1/1] (0.00ns)   --->   "%store_ln1257 = store i8 %tpgPatternColorBars_unsigned_short_unsigned_short_unsigned_char_int_hBarSel_l, i8 %tpgPatternColorBars_unsigned_short_unsigned_short_unsigned_char_int_hBarSel_l_1" [prj/sol/.autopilot/db/v_tpg.cpp:1257->prj/sol/.autopilot/db/v_tpg.cpp:649]   --->   Operation 86 'store' 'store_ln1257' <Predicate = true> <Delay = 0.00>
ST_1 : Operation 87 [1/1] (0.00ns)   --->   "%store_ln1257 = store i8 %tpgPatternColorBars_unsigned_short_unsigned_short_unsigned_char_int_hBarSel_8_3, i8 %tpgPatternColorBars_unsigned_short_unsigned_short_unsigned_char_int_hBarSel_8_2" [prj/sol/.autopilot/db/v_tpg.cpp:1257->prj/sol/.autopilot/db/v_tpg.cpp:649]   --->   Operation 87 'store' 'store_ln1257' <Predicate = true> <Delay = 0.00>
ST_1 : Operation 88 [1/1] (0.00ns)   --->   "%store_ln1341 = store i16 %zonePlateVAddr_load, i16 %zonePlateVAddr_loc_0" [prj/sol/.autopilot/db/v_tpg.cpp:1341->prj/sol/.autopilot/db/v_tpg.cpp:657]   --->   Operation 88 'store' 'store_ln1341' <Predicate = true> <Delay = 0.00>
ST_1 : Operation 89 [1/1] (0.00ns)   --->   "%store_ln1412 = store i8 %zext_ln1412, i8 %vBarSel_loc_0" [prj/sol/.autopilot/db/v_tpg.cpp:1412->prj/sol/.autopilot/db/v_tpg.cpp:665]   --->   Operation 89 'store' 'store_ln1412' <Predicate = true> <Delay = 0.00>
ST_1 : Operation 90 [1/1] (0.00ns)   --->   "%store_ln1412 = store i8 %zext_ln1412_1, i8 %tpgPatternTartanColorBars_unsigned_short_unsigned_short_unsigned_short_unsign_6" [prj/sol/.autopilot/db/v_tpg.cpp:1412->prj/sol/.autopilot/db/v_tpg.cpp:665]   --->   Operation 90 'store' 'store_ln1412' <Predicate = true> <Delay = 0.00>
ST_1 : Operation 91 [1/1] (0.00ns)   --->   "%store_ln1545 = store i8 %zext_ln1545, i8 %tpgPatternTartanColorBars_unsigned_short_unsigned_short_unsigned_short_unsign_7" [prj/sol/.autopilot/db/v_tpg.cpp:1545->prj/sol/.autopilot/db/v_tpg.cpp:689]   --->   Operation 91 'store' 'store_ln1545' <Predicate = true> <Delay = 0.00>
ST_1 : Operation 92 [1/1] (0.00ns)   --->   "%store_ln1545 = store i16 %hdata_load, i16 %hdata_loc_0" [prj/sol/.autopilot/db/v_tpg.cpp:1545->prj/sol/.autopilot/db/v_tpg.cpp:689]   --->   Operation 92 'store' 'store_ln1545' <Predicate = true> <Delay = 0.00>
ST_1 : Operation 93 [1/1] (0.00ns)   --->   "%store_ln1575 = store i8 %vBarSel_2_load, i8 %vBarSel_2_loc_0" [prj/sol/.autopilot/db/v_tpg.cpp:1575->prj/sol/.autopilot/db/v_tpg.cpp:697]   --->   Operation 93 'store' 'store_ln1575' <Predicate = true> <Delay = 0.00>
ST_1 : Operation 94 [1/1] (0.00ns)   --->   "%store_ln1593 = store i8 %zext_ln1593, i8 %tpgPatternCheckerBoard_unsigned_short_unsigned_short_unsigned_short_unsigned_6" [prj/sol/.autopilot/db/v_tpg.cpp:1593->prj/sol/.autopilot/db/v_tpg.cpp:697]   --->   Operation 94 'store' 'store_ln1593' <Predicate = true> <Delay = 0.00>
ST_1 : Operation 95 [1/1] (0.00ns)   --->   "%store_ln1664 = store i8 %zext_ln1664, i8 %tpgPatternCheckerBoard_unsigned_short_unsigned_short_unsigned_short_unsigned_7" [prj/sol/.autopilot/db/v_tpg.cpp:1664->prj/sol/.autopilot/db/v_tpg.cpp:707]   --->   Operation 95 'store' 'store_ln1664' <Predicate = true> <Delay = 0.00>
ST_1 : Operation 96 [1/1] (0.00ns)   --->   "%store_ln1664 = store i16 %rampVal_2_load, i16 %rampVal_2_loc_0" [prj/sol/.autopilot/db/v_tpg.cpp:1664->prj/sol/.autopilot/db/v_tpg.cpp:707]   --->   Operation 96 'store' 'store_ln1664' <Predicate = true> <Delay = 0.00>
ST_1 : Operation 97 [1/1] (0.00ns)   --->   "%store_ln1775 = store i8 %zext_ln1775, i8 %vBarSel_3_loc_0" [prj/sol/.autopilot/db/v_tpg.cpp:1775->prj/sol/.autopilot/db/v_tpg.cpp:721]   --->   Operation 97 'store' 'store_ln1775' <Predicate = true> <Delay = 0.00>
ST_1 : Operation 98 [1/1] (0.00ns)   --->   "%store_ln1775 = store i8 %zext_ln1775_1, i8 %tpgPatternDPColorSquare_unsigned_short_unsigned_short_unsigned_char_unsigned_6" [prj/sol/.autopilot/db/v_tpg.cpp:1775->prj/sol/.autopilot/db/v_tpg.cpp:721]   --->   Operation 98 'store' 'store_ln1775' <Predicate = true> <Delay = 0.00>
ST_1 : Operation 99 [1/1] (0.00ns)   --->   "%store_ln563 = store i8 %zext_ln563, i8 %tpgPatternDPColorSquare_unsigned_short_unsigned_short_unsigned_char_unsigned_7" [prj/sol/.autopilot/db/v_tpg.cpp:563]   --->   Operation 99 'store' 'store_ln563' <Predicate = true> <Delay = 0.00>
ST_1 : Operation 100 [1/1] (0.42ns)   --->   "%store_ln549 = store i16 0, i16 %y" [prj/sol/.autopilot/db/v_tpg.cpp:549]   --->   Operation 100 'store' 'store_ln549' <Predicate = true> <Delay = 0.42>

State 2 <SV = 1> <Delay = 1.61>
ST_2 : Operation 101 [1/1] (0.00ns)   --->   "%motionSpeed_val_read = read i8 @_ssdm_op_Read.ap_auto.i8, i8 %motionSpeed_val"   --->   Operation 101 'read' 'motionSpeed_val_read' <Predicate = true> <Delay = 0.00>
ST_2 : Operation 102 [1/1] (0.00ns)   --->   "%dpYUVCoef_val_read = read i8 @_ssdm_op_Read.ap_auto.i8, i8 %dpYUVCoef_val"   --->   Operation 102 'read' 'dpYUVCoef_val_read' <Predicate = true> <Delay = 0.00>
ST_2 : Operation 103 [1/1] (0.00ns)   --->   "%dpDynamicRange_val_read = read i8 @_ssdm_op_Read.ap_auto.i8, i8 %dpDynamicRange_val"   --->   Operation 103 'read' 'dpDynamicRange_val_read' <Predicate = true> <Delay = 0.00>
ST_2 : Operation 104 [1/1] (0.00ns)   --->   "%ZplateVerContDelta_val_read = read i16 @_ssdm_op_Read.ap_auto.i16, i16 %ZplateVerContDelta_val"   --->   Operation 104 'read' 'ZplateVerContDelta_val_read' <Predicate = true> <Delay = 0.00>
ST_2 : Operation 105 [1/1] (0.00ns)   --->   "%ZplateVerContStart_val_read = read i16 @_ssdm_op_Read.ap_auto.i16, i16 %ZplateVerContStart_val"   --->   Operation 105 'read' 'ZplateVerContStart_val_read' <Predicate = true> <Delay = 0.00>
ST_2 : Operation 106 [1/1] (0.00ns)   --->   "%ZplateHorContDelta_val_read = read i16 @_ssdm_op_Read.ap_auto.i16, i16 %ZplateHorContDelta_val"   --->   Operation 106 'read' 'ZplateHorContDelta_val_read' <Predicate = true> <Delay = 0.00>
ST_2 : Operation 107 [1/1] (0.00ns)   --->   "%ZplateHorContStart_val_read = read i16 @_ssdm_op_Read.ap_auto.i16, i16 %ZplateHorContStart_val"   --->   Operation 107 'read' 'ZplateHorContStart_val_read' <Predicate = true> <Delay = 0.00>
ST_2 : Operation 108 [1/1] (0.00ns)   --->   "%patternId_val_read = read i8 @_ssdm_op_Read.ap_auto.i8, i8 %patternId_val"   --->   Operation 108 'read' 'patternId_val_read' <Predicate = true> <Delay = 0.00>
ST_2 : Operation 109 [1/1] (0.00ns)   --->   "%enableInput_val_read = read i8 @_ssdm_op_Read.ap_auto.i8, i8 %enableInput_val"   --->   Operation 109 'read' 'enableInput_val_read' <Predicate = true> <Delay = 0.00>
ST_2 : Operation 110 [1/1] (0.00ns)   --->   "%passthruEndY_val_read = read i16 @_ssdm_op_Read.ap_auto.i16, i16 %passthruEndY_val"   --->   Operation 110 'read' 'passthruEndY_val_read' <Predicate = true> <Delay = 0.00>
ST_2 : Operation 111 [1/1] (0.00ns)   --->   "%passthruEndX_val_read = read i16 @_ssdm_op_Read.ap_auto.i16, i16 %passthruEndX_val"   --->   Operation 111 'read' 'passthruEndX_val_read' <Predicate = true> <Delay = 0.00>
ST_2 : Operation 112 [1/1] (0.00ns)   --->   "%passthruStartY_val_read = read i16 @_ssdm_op_Read.ap_auto.i16, i16 %passthruStartY_val"   --->   Operation 112 'read' 'passthruStartY_val_read' <Predicate = true> <Delay = 0.00>
ST_2 : Operation 113 [1/1] (0.00ns)   --->   "%passthruStartX_val_read = read i16 @_ssdm_op_Read.ap_auto.i16, i16 %passthruStartX_val"   --->   Operation 113 'read' 'passthruStartX_val_read' <Predicate = true> <Delay = 0.00>
ST_2 : Operation 114 [1/1] (0.00ns)   --->   "%width_val_read = read i16 @_ssdm_op_Read.ap_auto.i16, i16 %width_val"   --->   Operation 114 'read' 'width_val_read' <Predicate = true> <Delay = 0.00>
ST_2 : Operation 115 [1/1] (0.00ns)   --->   "%height_val_read = read i16 @_ssdm_op_Read.ap_auto.i16, i16 %height_val"   --->   Operation 115 'read' 'height_val_read' <Predicate = true> <Delay = 0.00>
ST_2 : Operation 116 [1/1] (0.00ns)   --->   "%specstablecontent_ln0 = specstablecontent void @_ssdm_op_SpecStableContent, i8 %dpYUVCoef_val, i1 1, void @p_str"   --->   Operation 116 'specstablecontent' 'specstablecontent_ln0' <Predicate = true> <Delay = 0.00>
ST_2 : Operation 117 [1/1] (0.00ns)   --->   "%specstablecontent_ln0 = specstablecontent void @_ssdm_op_SpecStableContent, i8 %dpDynamicRange_val, i1 1, void @p_str"   --->   Operation 117 'specstablecontent' 'specstablecontent_ln0' <Predicate = true> <Delay = 0.00>
ST_2 : Operation 118 [1/1] (0.00ns)   --->   "%specstablecontent_ln0 = specstablecontent void @_ssdm_op_SpecStableContent, i16 %ZplateVerContDelta_val, i1 1, void @p_str"   --->   Operation 118 'specstablecontent' 'specstablecontent_ln0' <Predicate = true> <Delay = 0.00>
ST_2 : Operation 119 [1/1] (0.00ns)   --->   "%specstablecontent_ln0 = specstablecontent void @_ssdm_op_SpecStableContent, i16 %ZplateVerContStart_val, i1 1, void @p_str"   --->   Operation 119 'specstablecontent' 'specstablecontent_ln0' <Predicate = true> <Delay = 0.00>
ST_2 : Operation 120 [1/1] (0.00ns)   --->   "%specstablecontent_ln0 = specstablecontent void @_ssdm_op_SpecStableContent, i16 %ZplateHorContDelta_val, i1 1, void @p_str"   --->   Operation 120 'specstablecontent' 'specstablecontent_ln0' <Predicate = true> <Delay = 0.00>
ST_2 : Operation 121 [1/1] (0.00ns)   --->   "%specstablecontent_ln0 = specstablecontent void @_ssdm_op_SpecStableContent, i16 %ZplateHorContStart_val, i1 1, void @p_str"   --->   Operation 121 'specstablecontent' 'specstablecontent_ln0' <Predicate = true> <Delay = 0.00>
ST_2 : Operation 122 [1/1] (0.00ns)   --->   "%specstablecontent_ln0 = specstablecontent void @_ssdm_op_SpecStableContent, i8 %colorFormat_val, i1 1, void @p_str"   --->   Operation 122 'specstablecontent' 'specstablecontent_ln0' <Predicate = true> <Delay = 0.00>
ST_2 : Operation 123 [1/1] (0.00ns)   --->   "%specstablecontent_ln0 = specstablecontent void @_ssdm_op_SpecStableContent, i8 %motionSpeed_val, i1 1, void @p_str"   --->   Operation 123 'specstablecontent' 'specstablecontent_ln0' <Predicate = true> <Delay = 0.00>
ST_2 : Operation 124 [1/1] (0.00ns)   --->   "%specstablecontent_ln0 = specstablecontent void @_ssdm_op_SpecStableContent, i8 %patternId_val, i1 1, void @p_str"   --->   Operation 124 'specstablecontent' 'specstablecontent_ln0' <Predicate = true> <Delay = 0.00>
ST_2 : Operation 125 [1/1] (0.00ns)   --->   "%specstablecontent_ln0 = specstablecontent void @_ssdm_op_SpecStableContent, i8 %enableInput_val, i1 1, void @p_str"   --->   Operation 125 'specstablecontent' 'specstablecontent_ln0' <Predicate = true> <Delay = 0.00>
ST_2 : Operation 126 [1/1] (0.00ns)   --->   "%specstablecontent_ln0 = specstablecontent void @_ssdm_op_SpecStableContent, i16 %passthruEndY_val, i1 1, void @p_str"   --->   Operation 126 'specstablecontent' 'specstablecontent_ln0' <Predicate = true> <Delay = 0.00>
ST_2 : Operation 127 [1/1] (0.00ns)   --->   "%specstablecontent_ln0 = specstablecontent void @_ssdm_op_SpecStableContent, i16 %passthruEndX_val, i1 1, void @p_str"   --->   Operation 127 'specstablecontent' 'specstablecontent_ln0' <Predicate = true> <Delay = 0.00>
ST_2 : Operation 128 [1/1] (0.00ns)   --->   "%specstablecontent_ln0 = specstablecontent void @_ssdm_op_SpecStableContent, i16 %passthruStartY_val, i1 1, void @p_str"   --->   Operation 128 'specstablecontent' 'specstablecontent_ln0' <Predicate = true> <Delay = 0.00>
ST_2 : Operation 129 [1/1] (0.00ns)   --->   "%specstablecontent_ln0 = specstablecontent void @_ssdm_op_SpecStableContent, i16 %passthruStartX_val, i1 1, void @p_str"   --->   Operation 129 'specstablecontent' 'specstablecontent_ln0' <Predicate = true> <Delay = 0.00>
ST_2 : Operation 130 [1/1] (0.00ns)   --->   "%specstablecontent_ln0 = specstablecontent void @_ssdm_op_SpecStableContent, i16 %width_val, i1 1, void @p_str"   --->   Operation 130 'specstablecontent' 'specstablecontent_ln0' <Predicate = true> <Delay = 0.00>
ST_2 : Operation 131 [1/1] (0.00ns)   --->   "%specstablecontent_ln0 = specstablecontent void @_ssdm_op_SpecStableContent, i16 %height_val, i1 1, void @p_str"   --->   Operation 131 'specstablecontent' 'specstablecontent_ln0' <Predicate = true> <Delay = 0.00>
ST_2 : Operation 132 [1/1] (0.00ns)   --->   "%specinterface_ln0 = specinterface void @_ssdm_op_SpecInterface, i48 %bckgndYUV, void @empty_35, i32 0, i32 0, void @empty_15, i32 0, i32 0, void @empty_15, void @empty_15, void @empty_15, i32 0, i32 0, i32 0, i32 0, void @empty_15, void @empty_15, i32 4294967295, i32 0, i32 0, i32 0"   --->   Operation 132 'specinterface' 'specinterface_ln0' <Predicate = true> <Delay = 0.00>
ST_2 : Operation 133 [1/1] (0.00ns)   --->   "%specinterface_ln0 = specinterface void @_ssdm_op_SpecInterface, i48 %srcYUV, void @empty_35, i32 0, i32 0, void @empty_15, i32 0, i32 0, void @empty_15, void @empty_15, void @empty_15, i32 0, i32 0, i32 0, i32 0, void @empty_15, void @empty_15, i32 4294967295, i32 0, i32 0, i32 0"   --->   Operation 133 'specinterface' 'specinterface_ln0' <Predicate = true> <Delay = 0.00>
ST_2 : Operation 134 [1/1] (0.00ns)   --->   "%zext_ln1122 = zext i16 %width_val_read" [prj/sol/.autopilot/db/v_tpg.cpp:1122->prj/sol/.autopilot/db/v_tpg.cpp:601]   --->   Operation 134 'zext' 'zext_ln1122' <Predicate = true> <Delay = 0.00>
ST_2 : Operation 135 [1/1] (0.00ns)   --->   "%trunc_ln1122 = trunc i16 %width_val_read" [prj/sol/.autopilot/db/v_tpg.cpp:1122->prj/sol/.autopilot/db/v_tpg.cpp:601]   --->   Operation 135 'trunc' 'trunc_ln1122' <Predicate = true> <Delay = 0.00>
ST_2 : Operation 136 [1/1] (0.76ns)   --->   "%icmp_ln1122 = icmp_eq  i8 %colorFormat_val_read, i8 0" [prj/sol/.autopilot/db/v_tpg.cpp:1122->prj/sol/.autopilot/db/v_tpg.cpp:601]   --->   Operation 136 'icmp' 'icmp_ln1122' <Predicate = true> <Delay = 0.76> <CoreInst = "Cmp">   --->   Core 9 'Cmp' <Latency = 0> <II = 1> <Delay = 0.76> <FuncUnit> <Opcode : 'seteq' 'setne' 'setle' 'setge' 'setlt' 'setgt'> <InPorts = 2> <OutPorts = 1>
ST_2 : Operation 137 [1/1] (0.00ns)   --->   "%zext_ln1120 = zext i16 %height_val_read" [prj/sol/.autopilot/db/v_tpg.cpp:1120->prj/sol/.autopilot/db/v_tpg.cpp:601]   --->   Operation 137 'zext' 'zext_ln1120' <Predicate = true> <Delay = 0.00>
ST_2 : Operation 138 [1/1] (0.00ns)   --->   "%trunc_ln1120 = trunc i16 %height_val_read" [prj/sol/.autopilot/db/v_tpg.cpp:1120->prj/sol/.autopilot/db/v_tpg.cpp:601]   --->   Operation 138 'trunc' 'trunc_ln1120' <Predicate = true> <Delay = 0.00>
ST_2 : Operation 139 [1/1] (0.00ns)   --->   "%rampStart_load = load i8 %rampStart" [prj/sol/.autopilot/db/v_tpg.cpp:1120->prj/sol/.autopilot/db/v_tpg.cpp:601]   --->   Operation 139 'load' 'rampStart_load' <Predicate = true> <Delay = 0.00>
ST_2 : Operation 140 [1/1] (0.38ns)   --->   "%select_ln1122 = select i1 %icmp_ln1122, i8 %rampStart_load, i8 128" [prj/sol/.autopilot/db/v_tpg.cpp:1122->prj/sol/.autopilot/db/v_tpg.cpp:601]   --->   Operation 140 'select' 'select_ln1122' <Predicate = true> <Delay = 0.38> <CoreInst = "Sel">   --->   Core 73 'Sel' <Latency = 0> <II = 1> <Delay = 0.38> <FuncUnit> <Opcode : 'select'> <InPorts = 3> <OutPorts = 1>
ST_2 : Operation 141 [1/1] (0.00ns)   --->   "%s_load = load i32 %s" [prj/sol/.autopilot/db/v_tpg.cpp:649]   --->   Operation 141 'load' 's_load' <Predicate = true> <Delay = 0.00>
ST_2 : Operation 142 [1/1] (0.83ns)   --->   "%add_ln1241 = add i14 %trunc_ln1122, i14 7" [prj/sol/.autopilot/db/v_tpg.cpp:1241->prj/sol/.autopilot/db/v_tpg.cpp:649]   --->   Operation 142 'add' 'add_ln1241' <Predicate = true> <Delay = 0.83> <CoreInst = "Adder">   --->   Core 1 'Adder' <Latency = 0> <II = 1> <Delay = 0.83> <FuncUnit> <Opcode : 'add' 'sub'> <InPorts = 2> <OutPorts = 1>
ST_2 : Operation 143 [1/1] (0.00ns)   --->   "%barWidth = partselect i11 @_ssdm_op_PartSelect.i11.i14.i32.i32, i14 %add_ln1241, i32 3, i32 13" [prj/sol/.autopilot/db/v_tpg.cpp:1241->prj/sol/.autopilot/db/v_tpg.cpp:649]   --->   Operation 143 'partselect' 'barWidth' <Predicate = true> <Delay = 0.00>
ST_2 : Operation 144 [1/1] (0.00ns)   --->   "%trunc_ln1247 = trunc i32 %s_load" [prj/sol/.autopilot/db/v_tpg.cpp:1247->prj/sol/.autopilot/db/v_tpg.cpp:649]   --->   Operation 144 'trunc' 'trunc_ln1247' <Predicate = true> <Delay = 0.00>
ST_2 : Operation 145 [1/1] (0.83ns)   --->   "%add_ln1373 = add i14 %trunc_ln1122, i14 15" [prj/sol/.autopilot/db/v_tpg.cpp:1373->prj/sol/.autopilot/db/v_tpg.cpp:665]   --->   Operation 145 'add' 'add_ln1373' <Predicate = true> <Delay = 0.83> <CoreInst = "Adder">   --->   Core 1 'Adder' <Latency = 0> <II = 1> <Delay = 0.83> <FuncUnit> <Opcode : 'add' 'sub'> <InPorts = 2> <OutPorts = 1>
ST_2 : Operation 146 [1/1] (0.00ns)   --->   "%trunc_ln5 = partselect i10 @_ssdm_op_PartSelect.i10.i14.i32.i32, i14 %add_ln1373, i32 4, i32 13" [prj/sol/.autopilot/db/v_tpg.cpp:1373->prj/sol/.autopilot/db/v_tpg.cpp:665]   --->   Operation 146 'partselect' 'trunc_ln5' <Predicate = true> <Delay = 0.00>
ST_2 : Operation 147 [1/1] (0.78ns)   --->   "%add_ln1373_1 = add i10 %trunc_ln5, i10 1022" [prj/sol/.autopilot/db/v_tpg.cpp:1373->prj/sol/.autopilot/db/v_tpg.cpp:665]   --->   Operation 147 'add' 'add_ln1373_1' <Predicate = true> <Delay = 0.78> <CoreInst = "Adder">   --->   Core 1 'Adder' <Latency = 0> <II = 1> <Delay = 0.78> <FuncUnit> <Opcode : 'add' 'sub'> <InPorts = 2> <OutPorts = 1>
ST_2 : Operation 148 [1/1] (0.83ns)   --->   "%add_ln1374 = add i14 %trunc_ln1120, i14 15" [prj/sol/.autopilot/db/v_tpg.cpp:1374->prj/sol/.autopilot/db/v_tpg.cpp:665]   --->   Operation 148 'add' 'add_ln1374' <Predicate = true> <Delay = 0.83> <CoreInst = "Adder">   --->   Core 1 'Adder' <Latency = 0> <II = 1> <Delay = 0.83> <FuncUnit> <Opcode : 'add' 'sub'> <InPorts = 2> <OutPorts = 1>
ST_2 : Operation 149 [1/1] (0.00ns)   --->   "%shl_ln = bitconcatenate i16 @_ssdm_op_BitConcatenate.i16.i8.i8, i8 %rampStart_load, i8 0" [prj/sol/.autopilot/db/v_tpg.cpp:1332->prj/sol/.autopilot/db/v_tpg.cpp:657]   --->   Operation 149 'bitconcatenate' 'shl_ln' <Predicate = true> <Delay = 0.00>
ST_2 : Operation 150 [1/1] (0.00ns)   --->   "%tmp_2 = partselect i10 @_ssdm_op_PartSelect.i10.i14.i32.i32, i14 %add_ln1374, i32 4, i32 13" [prj/sol/.autopilot/db/v_tpg.cpp:1386->prj/sol/.autopilot/db/v_tpg.cpp:665]   --->   Operation 150 'partselect' 'tmp_2' <Predicate = true> <Delay = 0.00>
ST_2 : Operation 151 [1/1] (0.00ns)   --->   "%zext_ln1386 = zext i10 %tmp_2" [prj/sol/.autopilot/db/v_tpg.cpp:1386->prj/sol/.autopilot/db/v_tpg.cpp:665]   --->   Operation 151 'zext' 'zext_ln1386' <Predicate = true> <Delay = 0.00>
ST_2 : Operation 152 [1/1] (0.78ns)   --->   "%add_ln1386 = add i11 %zext_ln1386, i11 2047" [prj/sol/.autopilot/db/v_tpg.cpp:1386->prj/sol/.autopilot/db/v_tpg.cpp:665]   --->   Operation 152 'add' 'add_ln1386' <Predicate = true> <Delay = 0.78> <CoreInst = "Adder">   --->   Core 1 'Adder' <Latency = 0> <II = 1> <Delay = 0.78> <FuncUnit> <Opcode : 'add' 'sub'> <InPorts = 2> <OutPorts = 1>
ST_2 : Operation 153 [1/1] (0.85ns)   --->   "%add_ln1473 = add i17 %zext_ln1122, i17 131071" [prj/sol/.autopilot/db/v_tpg.cpp:1473->prj/sol/.autopilot/db/v_tpg.cpp:673]   --->   Operation 153 'add' 'add_ln1473' <Predicate = true> <Delay = 0.85> <CoreInst = "Adder">   --->   Core 1 'Adder' <Latency = 0> <II = 1> <Delay = 0.85> <FuncUnit> <Opcode : 'add' 'sub'> <InPorts = 2> <OutPorts = 1>
ST_2 : Operation 154 [1/1] (0.85ns)   --->   "%add_ln1449 = add i17 %zext_ln1120, i17 131071" [prj/sol/.autopilot/db/v_tpg.cpp:1449->prj/sol/.autopilot/db/v_tpg.cpp:673]   --->   Operation 154 'add' 'add_ln1449' <Predicate = true> <Delay = 0.85> <CoreInst = "Adder">   --->   Core 1 'Adder' <Latency = 0> <II = 1> <Delay = 0.85> <FuncUnit> <Opcode : 'add' 'sub'> <InPorts = 2> <OutPorts = 1>
ST_2 : Operation 155 [1/1] (0.38ns)   --->   "%select_ln1503 = select i1 %icmp_ln1122, i8 255, i8 128" [prj/sol/.autopilot/db/v_tpg.cpp:1503->prj/sol/.autopilot/db/v_tpg.cpp:673]   --->   Operation 155 'select' 'select_ln1503' <Predicate = true> <Delay = 0.38> <CoreInst = "Sel">   --->   Core 73 'Sel' <Latency = 0> <II = 1> <Delay = 0.38> <FuncUnit> <Opcode : 'select'> <InPorts = 3> <OutPorts = 1>
ST_2 : Operation 156 [1/1] (0.38ns)   --->   "%select_ln1518 = select i1 %icmp_ln1122, i8 0, i8 128" [prj/sol/.autopilot/db/v_tpg.cpp:1518->prj/sol/.autopilot/db/v_tpg.cpp:673]   --->   Operation 156 'select' 'select_ln1518' <Predicate = true> <Delay = 0.38> <CoreInst = "Sel">   --->   Core 73 'Sel' <Latency = 0> <II = 1> <Delay = 0.38> <FuncUnit> <Opcode : 'select'> <InPorts = 3> <OutPorts = 1>
ST_2 : Operation 157 [1/2] ( I:0.67ns O:0.67ns )   --->   "%redYuv_load = load i2 %redYuv_addr" [prj/sol/.autopilot/db/v_tpg.cpp:1143->prj/sol/.autopilot/db/v_tpg.cpp:609]   --->   Operation 157 'load' 'redYuv_load' <Predicate = true> <Delay = 0.67> <CoreInst = "ROM">   --->   Core 100 'ROM' <Latency = 1> <II = 1> <Delay = 0.67> <Storage> <Opcode : 'load'> <Ports = 0> <Width = 8> <Depth = 3> <ROM>
ST_2 : Operation 158 [1/2] ( I:0.67ns O:0.67ns )   --->   "%grnYuv_load = load i2 %grnYuv_addr" [prj/sol/.autopilot/db/v_tpg.cpp:1164->prj/sol/.autopilot/db/v_tpg.cpp:617]   --->   Operation 158 'load' 'grnYuv_load' <Predicate = true> <Delay = 0.67> <CoreInst = "ROM">   --->   Core 100 'ROM' <Latency = 1> <II = 1> <Delay = 0.67> <Storage> <Opcode : 'load'> <Ports = 0> <Width = 8> <Depth = 3> <ROM>
ST_2 : Operation 159 [1/2] ( I:0.67ns O:0.67ns )   --->   "%bluYuv_load = load i2 %bluYuv_addr" [prj/sol/.autopilot/db/v_tpg.cpp:1185->prj/sol/.autopilot/db/v_tpg.cpp:625]   --->   Operation 159 'load' 'bluYuv_load' <Predicate = true> <Delay = 0.67> <CoreInst = "ROM">   --->   Core 100 'ROM' <Latency = 1> <II = 1> <Delay = 0.67> <Storage> <Opcode : 'load'> <Ports = 0> <Width = 8> <Depth = 3> <ROM>
ST_2 : Operation 160 [1/2] ( I:0.67ns O:0.67ns )   --->   "%blkYuv_load = load i2 %blkYuv_addr" [prj/sol/.autopilot/db/v_tpg.cpp:1206->prj/sol/.autopilot/db/v_tpg.cpp:633]   --->   Operation 160 'load' 'blkYuv_load' <Predicate = true> <Delay = 0.67> <CoreInst = "ROM">   --->   Core 100 'ROM' <Latency = 1> <II = 1> <Delay = 0.67> <Storage> <Opcode : 'load'> <Ports = 0> <Width = 8> <Depth = 3> <ROM>
ST_2 : Operation 161 [1/2] ( I:0.67ns O:0.67ns )   --->   "%whiYuv_load = load i2 %whiYuv_addr" [prj/sol/.autopilot/db/v_tpg.cpp:1227->prj/sol/.autopilot/db/v_tpg.cpp:641]   --->   Operation 161 'load' 'whiYuv_load' <Predicate = true> <Delay = 0.67> <CoreInst = "ROM">   --->   Core 100 'ROM' <Latency = 1> <II = 1> <Delay = 0.67> <Storage> <Opcode : 'load'> <Ports = 0> <Width = 8> <Depth = 3> <ROM>
ST_2 : Operation 162 [1/2] ( I:0.67ns O:0.67ns )   --->   "%whiYuv_1_load = load i2 %whiYuv_1_addr" [prj/sol/.autopilot/db/v_tpg.cpp:1503->prj/sol/.autopilot/db/v_tpg.cpp:673]   --->   Operation 162 'load' 'whiYuv_1_load' <Predicate = true> <Delay = 0.67> <CoreInst = "ROM">   --->   Core 100 'ROM' <Latency = 1> <II = 1> <Delay = 0.67> <Storage> <Opcode : 'load'> <Ports = 0> <Width = 8> <Depth = 3> <ROM>
ST_2 : Operation 163 [1/2] ( I:0.67ns O:0.67ns )   --->   "%blkYuv_1_load = load i2 %blkYuv_1_addr" [prj/sol/.autopilot/db/v_tpg.cpp:1518->prj/sol/.autopilot/db/v_tpg.cpp:673]   --->   Operation 163 'load' 'blkYuv_1_load' <Predicate = true> <Delay = 0.67> <CoreInst = "ROM">   --->   Core 100 'ROM' <Latency = 1> <II = 1> <Delay = 0.67> <Storage> <Opcode : 'load'> <Ports = 0> <Width = 8> <Depth = 3> <ROM>
ST_2 : Operation 164 [1/1] (0.42ns)   --->   "%br_ln563 = br void %VITIS_LOOP_565_2" [prj/sol/.autopilot/db/v_tpg.cpp:563]   --->   Operation 164 'br' 'br_ln563' <Predicate = true> <Delay = 0.42>

State 3 <SV = 2> <Delay = 2.47>
ST_3 : Operation 165 [1/1] (0.00ns)   --->   "%rampVal_3_flag_0 = phi i1 0, void %entry, i1 %rampVal_3_flag_1_loc_load, void %for.body6.lr.ph"   --->   Operation 165 'phi' 'rampVal_3_flag_0' <Predicate = true> <Delay = 0.00>
ST_3 : Operation 166 [1/1] (0.00ns)   --->   "%hdata_flag_0 = phi i1 0, void %entry, i1 %hdata_flag_1_loc_load, void %for.body6.lr.ph"   --->   Operation 166 'phi' 'hdata_flag_0' <Predicate = true> <Delay = 0.00>
ST_3 : Operation 167 [1/1] (0.00ns)   --->   "%rampVal_2_flag_0 = phi i1 0, void %entry, i1 %rampVal_2_flag_1_loc_load, void %for.body6.lr.ph"   --->   Operation 167 'phi' 'rampVal_2_flag_0' <Predicate = true> <Delay = 0.00>
ST_3 : Operation 168 [1/1] (0.00ns)   --->   "%y_3 = load i16 %y" [prj/sol/.autopilot/db/v_tpg.cpp:563]   --->   Operation 168 'load' 'y_3' <Predicate = true> <Delay = 0.00>
ST_3 : Operation 169 [1/1] (0.85ns)   --->   "%icmp_ln563 = icmp_eq  i16 %y_3, i16 %height_val_read" [prj/sol/.autopilot/db/v_tpg.cpp:563]   --->   Operation 169 'icmp' 'icmp_ln563' <Predicate = true> <Delay = 0.85> <CoreInst = "Cmp">   --->   Core 9 'Cmp' <Latency = 0> <II = 1> <Delay = 0.85> <FuncUnit> <Opcode : 'seteq' 'setne' 'setle' 'setge' 'setlt' 'setgt'> <InPorts = 2> <OutPorts = 1>
ST_3 : Operation 170 [1/1] (0.85ns)   --->   "%add_ln563 = add i16 %y_3, i16 1" [prj/sol/.autopilot/db/v_tpg.cpp:563]   --->   Operation 170 'add' 'add_ln563' <Predicate = true> <Delay = 0.85> <CoreInst = "Adder">   --->   Core 1 'Adder' <Latency = 0> <II = 1> <Delay = 0.85> <FuncUnit> <Opcode : 'add' 'sub'> <InPorts = 2> <OutPorts = 1>
ST_3 : Operation 171 [1/1] (0.00ns)   --->   "%br_ln563 = br i1 %icmp_ln563, void %for.body6.lr.ph, void %for.end105" [prj/sol/.autopilot/db/v_tpg.cpp:563]   --->   Operation 171 'br' 'br_ln563' <Predicate = true> <Delay = 0.00>
ST_3 : Operation 172 [1/1] (0.00ns)   --->   "%zext_ln563_1 = zext i16 %y_3" [prj/sol/.autopilot/db/v_tpg.cpp:563]   --->   Operation 172 'zext' 'zext_ln563_1' <Predicate = (!icmp_ln563)> <Delay = 0.00>
ST_3 : Operation 173 [1/1] (0.85ns)   --->   "%icmp_ln736 = icmp_ult  i16 %y_3, i16 %passthruStartY_val_read" [prj/sol/.autopilot/db/v_tpg.cpp:736]   --->   Operation 173 'icmp' 'icmp_ln736' <Predicate = (!icmp_ln563)> <Delay = 0.85> <CoreInst = "Cmp">   --->   Core 9 'Cmp' <Latency = 0> <II = 1> <Delay = 0.85> <FuncUnit> <Opcode : 'seteq' 'setne' 'setle' 'setge' 'setlt' 'setgt'> <InPorts = 2> <OutPorts = 1>
ST_3 : Operation 174 [1/1] (0.85ns)   --->   "%icmp_ln737 = icmp_ult  i16 %y_3, i16 %passthruEndY_val_read" [prj/sol/.autopilot/db/v_tpg.cpp:737]   --->   Operation 174 'icmp' 'icmp_ln737' <Predicate = (!icmp_ln563)> <Delay = 0.85> <CoreInst = "Cmp">   --->   Core 9 'Cmp' <Latency = 0> <II = 1> <Delay = 0.85> <FuncUnit> <Opcode : 'seteq' 'setne' 'setle' 'setge' 'setlt' 'setgt'> <InPorts = 2> <OutPorts = 1>
ST_3 : Operation 175 [1/1] (0.28ns)   --->   "%xor_ln737 = xor i1 %icmp_ln737, i1 1" [prj/sol/.autopilot/db/v_tpg.cpp:737]   --->   Operation 175 'xor' 'xor_ln737' <Predicate = (!icmp_ln563)> <Delay = 0.28> <CoreInst = "LogicGate">   --->   Core 74 'LogicGate' <Latency = 0> <II = 1> <Delay = 0.28> <FuncUnit> <Opcode : 'and' 'or' 'xor'> <InPorts = 2> <OutPorts = 1>
ST_3 : Operation 176 [1/1] (0.85ns)   --->   "%icmp_ln1337 = icmp_ne  i16 %y_3, i16 0" [prj/sol/.autopilot/db/v_tpg.cpp:1337->prj/sol/.autopilot/db/v_tpg.cpp:657]   --->   Operation 176 'icmp' 'icmp_ln1337' <Predicate = (!icmp_ln563)> <Delay = 0.85> <CoreInst = "Cmp">   --->   Core 9 'Cmp' <Latency = 0> <II = 1> <Delay = 0.85> <FuncUnit> <Opcode : 'seteq' 'setne' 'setle' 'setge' 'setlt' 'setgt'> <InPorts = 2> <OutPorts = 1>
ST_3 : Operation 177 [1/1] (0.86ns)   --->   "%icmp_ln1449 = icmp_eq  i17 %add_ln1449, i17 %zext_ln563_1" [prj/sol/.autopilot/db/v_tpg.cpp:1449->prj/sol/.autopilot/db/v_tpg.cpp:673]   --->   Operation 177 'icmp' 'icmp_ln1449' <Predicate = (!icmp_ln563)> <Delay = 0.86> <CoreInst = "Cmp">   --->   Core 9 'Cmp' <Latency = 0> <II = 1> <Delay = 0.86> <FuncUnit> <Opcode : 'seteq' 'setne' 'setle' 'setge' 'setlt' 'setgt'> <InPorts = 2> <OutPorts = 1>
ST_3 : Operation 178 [1/1] (0.00ns)   --->   "%trunc_ln1533 = trunc i16 %y_3" [prj/sol/.autopilot/db/v_tpg.cpp:1533->prj/sol/.autopilot/db/v_tpg.cpp:689]   --->   Operation 178 'trunc' 'trunc_ln1533' <Predicate = (!icmp_ln563)> <Delay = 0.00>
ST_3 : Operation 179 [1/1] (0.76ns)   --->   "%add_ln1533 = add i8 %rampStart_load, i8 %trunc_ln1533" [prj/sol/.autopilot/db/v_tpg.cpp:1533->prj/sol/.autopilot/db/v_tpg.cpp:689]   --->   Operation 179 'add' 'add_ln1533' <Predicate = (!icmp_ln563)> <Delay = 0.76> <CoreInst = "Adder">   --->   Core 1 'Adder' <Latency = 0> <II = 1> <Delay = 0.76> <FuncUnit> <Opcode : 'add' 'sub'> <InPorts = 2> <OutPorts = 1>
ST_3 : Operation 180 [1/1] (0.00ns)   --->   "%Sel = partselect i2 @_ssdm_op_PartSelect.i2.i16.i32.i32, i16 %y_3, i32 6, i32 7" [prj/sol/.autopilot/db/v_tpg.cpp:1633->prj/sol/.autopilot/db/v_tpg.cpp:707]   --->   Operation 180 'partselect' 'Sel' <Predicate = (!icmp_ln563)> <Delay = 0.00>
ST_3 : Operation 181 [2/2] (1.33ns)   --->   "%call_ln1862 = call void @tpgBackground_Pipeline_VITIS_LOOP_565_2, i1 %rampVal_3_flag_0, i1 %hdata_flag_0, i1 %rampVal_2_flag_0, i8 %dpDynamicRange_val_read, i8 %colorFormat_val_read, i8 %dpYUVCoef_val_read, i7 %tmp, i2 %Sel, i16 %y_3, i11 %barWidth, i8 %enableInput_val_read, i16 %width_val_read, i8 %select_ln1122, i8 %select_ln1518, i8 %select_ln1503, i8 %rampStart_load, i16 %passthruStartX_val_read, i16 %passthruEndX_val_read, i1 %xor_ln737, i1 %icmp_ln736, i16 %passthruStartX_val_read, i16 %passthruEndX_val_read, i48 %bckgndYUV, i8 %patternId_val_read, i48 %srcYUV, i8 %rampStart_load, i8 %redYuv_load, i8 %grnYuv_load, i8 %bluYuv_load, i8 %blkYuv_load, i8 %whiYuv_load, i8 %trunc_ln1247, i16 %shl_ln, i16 %ZplateHorContStart_val_read, i16 %ZplateHorContDelta_val_read, i16 %ZplateVerContStart_val_read, i1 %icmp_ln1337, i16 %ZplateVerContDelta_val_read, i10 %add_ln1373_1, i11 %add_ln1386, i8 %blkYuv_1_load, i17 %add_ln1473, i1 %icmp_ln1449, i8 %whiYuv_1_load, i8 %add_ln1533, i1 %rampVal_3_flag_1_loc, i16 %rampVal_3_new_0, i16 %rampVal_3_loc_0, i16 %rampVal_loc_0, i8 %tpgPatternColorBars_unsigned_short_unsigned_short_unsigned_char_int_hBarSel_l_1, i8 %tpgPatternColorBars_unsigned_short_unsigned_short_unsigned_char_int_hBarSel_8_2, i16 %zonePlateVAddr_loc_0, i8 %vBarSel_loc_0, i8 %tpgPatternTartanColorBars_unsigned_short_unsigned_short_unsigned_short_unsign_6, i8 %tpgPatternTartanColorBars_unsigned_short_unsigned_short_unsigned_short_unsign_7, i1 %hdata_flag_1_loc, i16 %hdata_new_0, i16 %hdata_loc_0, i8 %vBarSel_2_loc_0, i8 %tpgPatternCheckerBoard_unsigned_short_unsigned_short_unsigned_short_unsigned_6, i8 %tpgPatternCheckerBoard_unsigned_short_unsigned_short_unsigned_short_unsigned_7, i1 %rampVal_2_flag_1_loc, i16 %rampVal_2_new_0, i16 %rampVal_2_loc_0, i8 %vBarSel_3_loc_0, i8 %tpgPatternDPColorSquare_unsigned_short_unsigned_short_unsigned_char_unsigned_6, i8 %tpgPatternDPColorSquare_unsigned_short_unsigned_short_unsigned_char_unsigned_7, i8 %outpix_5, i8 %outpix_4, i8 %outpix_3, i8 %outpix_2, i8 %outpix_1, i8 %outpix, i8 %p_0_0_0_1379_lcssa397, i8 %p_0_0_09_1377_lcssa394, i8 %p_0_0_010_1375_lcssa391, i8 %p_0_0_0373_lcssa388, i8 %p_0_0_09371_lcssa385, i8 %p_0_0_010369_lcssa382, i8 %rampVal, i8 %tpgBarSelYuv_y, i8 %tpgBarSelYuv_u, i8 %tpgBarSelYuv_v, i11 %tpgPatternColorBars_unsigned_short_unsigned_short_unsigned_char_int_xBar_9, i8 %tpgPatternColorBars_unsigned_short_unsigned_short_unsigned_char_int_hBarSel_8, i2 %tpgBarSelRgb_r, i2 %tpgBarSelRgb_g, i2 %tpgBarSelRgb_b, i8 %tpgPatternColorBars_unsigned_short_unsigned_short_unsigned_char_int_hBarSel, i11 %tpgPatternColorBars_unsigned_short_unsigned_short_unsigned_char_int_xBar, i20 %tpgSinTableArray, i16 %zonePlateVAddr, i16 %zonePlateVDelta, i3 %tpgTartanBarArray, i10 %tpgPatternTartanColorBars_unsigned_short_unsigned_short_unsigned_short_unsign, i3 %tpgPatternTartanColorBars_unsigned_short_unsigned_short_unsigned_short_unsign_2, i3 %tpgPatternTartanColorBars_unsigned_short_unsigned_short_unsigned_short_unsign_3, i10 %tpgPatternTartanColorBars_unsigned_short_unsigned_short_unsigned_short_unsign_1, i10 %yCount, i3 %vBarSel, i10 %tpgPatternCrossHatch_unsigned_short_unsigned_short_unsigned_short_unsigned_sh, i10 %tpgPatternCrossHatch_unsigned_short_unsigned_short_unsigned_short_unsigned_sh_1, i1 %vHatch, i10 %yCount_2, i8 %tpgSinTableArray_9bit_0, i8 %tpgSinTableArray_9bit_1, i9 %tpgSinTableArray_9bit_2, i2 %tpgCheckerBoardArray, i10 %tpgPatternCheckerBoard_unsigned_short_unsigned_short_unsigned_short_unsigned_s, i3 %tpgPatternCheckerBoard_unsigned_short_unsigned_short_unsigned_short_unsigned_2, i3 %tpgPatternCheckerBoard_unsigned_short_unsigned_short_unsigned_short_unsigned_3, i10 %tpgPatternCheckerBoard_unsigned_short_unsigned_short_unsigned_short_unsigned_1, i10 %yCount_3, i8 %vBarSel_2, i28 %rSerie, i28 %gSerie, i28 %bSerie, i8 %DPtpgBarSelYuv_709_y, i8 %DPtpgBarSelYuv_709_u, i8 %DPtpgBarSelYuv_709_v, i3 %DPtpgBarArray, i10 %tpgPatternDPColorSquare_unsigned_short_unsigned_short_unsigned_char_unsigned_s, i3 %tpgPatternDPColorSquare_unsigned_short_unsigned_short_unsigned_char_unsigned_2, i2 %DPtpgBarSelRgb_VESA_r, i2 %DPtpgBarSelRgb_VESA_g, i2 %DPtpgBarSelRgb_VESA_b, i6 %DPtpgBarSelRgb_CEA_r, i6 %DPtpgBarSelRgb_CEA_g, i6 %DPtpgBarSelRgb_CEA_b, i8 %DPtpgBarSelYuv_601_y, i8 %DPtpgBarSelYuv_601_u, i8 %DPtpgBarSelYuv_601_v, i3 %tpgPatternDPColorSquare_unsigned_short_unsigned_short_unsigned_char_unsigned_3, i10 %tpgPatternDPColorSquare_unsigned_short_unsigned_short_unsigned_char_unsigned_1, i6 %yCount_1, i1 %vBarSel_1" [prj/sol/.autopilot/db/v_tpg.cpp:1862->prj/sol/.autopilot/db/v_tpg.cpp:703]   --->   Operation 181 'call' 'call_ln1862' <Predicate = (!icmp_ln563)> <Delay = 1.33> <CoreType = "Generic">   --->   Generic Core
ST_3 : Operation 182 [1/1] (0.42ns)   --->   "%store_ln549 = store i16 %add_ln563, i16 %y" [prj/sol/.autopilot/db/v_tpg.cpp:549]   --->   Operation 182 'store' 'store_ln549' <Predicate = (!icmp_ln563)> <Delay = 0.42>
ST_3 : Operation 183 [1/1] (0.76ns)   --->   "%add_ln750 = add i8 %rampStart_load, i8 %motionSpeed_val_read" [prj/sol/.autopilot/db/v_tpg.cpp:750]   --->   Operation 183 'add' 'add_ln750' <Predicate = (icmp_ln563)> <Delay = 0.76> <CoreInst = "Adder">   --->   Core 1 'Adder' <Latency = 0> <II = 1> <Delay = 0.76> <FuncUnit> <Opcode : 'add' 'sub'> <InPorts = 2> <OutPorts = 1>
ST_3 : Operation 184 [1/1] (0.00ns)   --->   "%store_ln750 = store i8 %add_ln750, i8 %rampStart" [prj/sol/.autopilot/db/v_tpg.cpp:750]   --->   Operation 184 'store' 'store_ln750' <Predicate = (icmp_ln563)> <Delay = 0.00>
ST_3 : Operation 185 [1/1] (0.00ns)   --->   "%br_ln0 = br i1 %rampVal_2_flag_0, void %for.end105.new29, void %mergeST28"   --->   Operation 185 'br' 'br_ln0' <Predicate = (icmp_ln563)> <Delay = 0.00>
ST_3 : Operation 186 [1/1] (0.00ns)   --->   "%rampVal_2_new_0_load = load i16 %rampVal_2_new_0" [prj/sol/.autopilot/db/v_tpg.cpp:1630->prj/sol/.autopilot/db/v_tpg.cpp:707]   --->   Operation 186 'load' 'rampVal_2_new_0_load' <Predicate = (icmp_ln563 & rampVal_2_flag_0)> <Delay = 0.00>
ST_3 : Operation 187 [1/1] (0.00ns)   --->   "%store_ln1630 = store i16 %rampVal_2_new_0_load, i16 %rampVal_2" [prj/sol/.autopilot/db/v_tpg.cpp:1630->prj/sol/.autopilot/db/v_tpg.cpp:707]   --->   Operation 187 'store' 'store_ln1630' <Predicate = (icmp_ln563 & rampVal_2_flag_0)> <Delay = 0.00>
ST_3 : Operation 188 [1/1] (0.00ns)   --->   "%br_ln0 = br void %for.end105.new29"   --->   Operation 188 'br' 'br_ln0' <Predicate = (icmp_ln563 & rampVal_2_flag_0)> <Delay = 0.00>
ST_3 : Operation 189 [1/1] (0.00ns)   --->   "%br_ln0 = br i1 %hdata_flag_0, void %for.end105.new27, void %mergeST26"   --->   Operation 189 'br' 'br_ln0' <Predicate = (icmp_ln563)> <Delay = 0.00>
ST_3 : Operation 190 [1/1] (0.00ns)   --->   "%hdata_new_0_load = load i16 %hdata_new_0" [prj/sol/.autopilot/db/v_tpg.cpp:1533->prj/sol/.autopilot/db/v_tpg.cpp:689]   --->   Operation 190 'load' 'hdata_new_0_load' <Predicate = (icmp_ln563 & hdata_flag_0)> <Delay = 0.00>
ST_3 : Operation 191 [1/1] (0.00ns)   --->   "%store_ln1533 = store i16 %hdata_new_0_load, i16 %hdata" [prj/sol/.autopilot/db/v_tpg.cpp:1533->prj/sol/.autopilot/db/v_tpg.cpp:689]   --->   Operation 191 'store' 'store_ln1533' <Predicate = (icmp_ln563 & hdata_flag_0)> <Delay = 0.00>
ST_3 : Operation 192 [1/1] (0.00ns)   --->   "%br_ln0 = br void %for.end105.new27"   --->   Operation 192 'br' 'br_ln0' <Predicate = (icmp_ln563 & hdata_flag_0)> <Delay = 0.00>
ST_3 : Operation 193 [1/1] (0.00ns)   --->   "%br_ln0 = br i1 %rampVal_3_flag_0, void %for.end105.new, void %mergeST"   --->   Operation 193 'br' 'br_ln0' <Predicate = (icmp_ln563)> <Delay = 0.00>
ST_3 : Operation 194 [1/1] (0.00ns)   --->   "%rampVal_3_new_0_load = load i16 %rampVal_3_new_0" [prj/sol/.autopilot/db/v_tpg.cpp:1073->prj/sol/.autopilot/db/v_tpg.cpp:585]   --->   Operation 194 'load' 'rampVal_3_new_0_load' <Predicate = (icmp_ln563 & rampVal_3_flag_0)> <Delay = 0.00>
ST_3 : Operation 195 [1/1] (0.00ns)   --->   "%store_ln1073 = store i16 %rampVal_3_new_0_load, i16 %rampVal_1" [prj/sol/.autopilot/db/v_tpg.cpp:1073->prj/sol/.autopilot/db/v_tpg.cpp:585]   --->   Operation 195 'store' 'store_ln1073' <Predicate = (icmp_ln563 & rampVal_3_flag_0)> <Delay = 0.00>
ST_3 : Operation 196 [1/1] (0.00ns)   --->   "%br_ln0 = br void %for.end105.new"   --->   Operation 196 'br' 'br_ln0' <Predicate = (icmp_ln563 & rampVal_3_flag_0)> <Delay = 0.00>
ST_3 : Operation 197 [1/1] (0.00ns)   --->   "%ret_ln751 = ret" [prj/sol/.autopilot/db/v_tpg.cpp:751]   --->   Operation 197 'ret' 'ret_ln751' <Predicate = (icmp_ln563)> <Delay = 0.00>

State 4 <SV = 3> <Delay = 0.00>
ST_4 : Operation 198 [1/2] (0.00ns)   --->   "%call_ln1862 = call void @tpgBackground_Pipeline_VITIS_LOOP_565_2, i1 %rampVal_3_flag_0, i1 %hdata_flag_0, i1 %rampVal_2_flag_0, i8 %dpDynamicRange_val_read, i8 %colorFormat_val_read, i8 %dpYUVCoef_val_read, i7 %tmp, i2 %Sel, i16 %y_3, i11 %barWidth, i8 %enableInput_val_read, i16 %width_val_read, i8 %select_ln1122, i8 %select_ln1518, i8 %select_ln1503, i8 %rampStart_load, i16 %passthruStartX_val_read, i16 %passthruEndX_val_read, i1 %xor_ln737, i1 %icmp_ln736, i16 %passthruStartX_val_read, i16 %passthruEndX_val_read, i48 %bckgndYUV, i8 %patternId_val_read, i48 %srcYUV, i8 %rampStart_load, i8 %redYuv_load, i8 %grnYuv_load, i8 %bluYuv_load, i8 %blkYuv_load, i8 %whiYuv_load, i8 %trunc_ln1247, i16 %shl_ln, i16 %ZplateHorContStart_val_read, i16 %ZplateHorContDelta_val_read, i16 %ZplateVerContStart_val_read, i1 %icmp_ln1337, i16 %ZplateVerContDelta_val_read, i10 %add_ln1373_1, i11 %add_ln1386, i8 %blkYuv_1_load, i17 %add_ln1473, i1 %icmp_ln1449, i8 %whiYuv_1_load, i8 %add_ln1533, i1 %rampVal_3_flag_1_loc, i16 %rampVal_3_new_0, i16 %rampVal_3_loc_0, i16 %rampVal_loc_0, i8 %tpgPatternColorBars_unsigned_short_unsigned_short_unsigned_char_int_hBarSel_l_1, i8 %tpgPatternColorBars_unsigned_short_unsigned_short_unsigned_char_int_hBarSel_8_2, i16 %zonePlateVAddr_loc_0, i8 %vBarSel_loc_0, i8 %tpgPatternTartanColorBars_unsigned_short_unsigned_short_unsigned_short_unsign_6, i8 %tpgPatternTartanColorBars_unsigned_short_unsigned_short_unsigned_short_unsign_7, i1 %hdata_flag_1_loc, i16 %hdata_new_0, i16 %hdata_loc_0, i8 %vBarSel_2_loc_0, i8 %tpgPatternCheckerBoard_unsigned_short_unsigned_short_unsigned_short_unsigned_6, i8 %tpgPatternCheckerBoard_unsigned_short_unsigned_short_unsigned_short_unsigned_7, i1 %rampVal_2_flag_1_loc, i16 %rampVal_2_new_0, i16 %rampVal_2_loc_0, i8 %vBarSel_3_loc_0, i8 %tpgPatternDPColorSquare_unsigned_short_unsigned_short_unsigned_char_unsigned_6, i8 %tpgPatternDPColorSquare_unsigned_short_unsigned_short_unsigned_char_unsigned_7, i8 %outpix_5, i8 %outpix_4, i8 %outpix_3, i8 %outpix_2, i8 %outpix_1, i8 %outpix, i8 %p_0_0_0_1379_lcssa397, i8 %p_0_0_09_1377_lcssa394, i8 %p_0_0_010_1375_lcssa391, i8 %p_0_0_0373_lcssa388, i8 %p_0_0_09371_lcssa385, i8 %p_0_0_010369_lcssa382, i8 %rampVal, i8 %tpgBarSelYuv_y, i8 %tpgBarSelYuv_u, i8 %tpgBarSelYuv_v, i11 %tpgPatternColorBars_unsigned_short_unsigned_short_unsigned_char_int_xBar_9, i8 %tpgPatternColorBars_unsigned_short_unsigned_short_unsigned_char_int_hBarSel_8, i2 %tpgBarSelRgb_r, i2 %tpgBarSelRgb_g, i2 %tpgBarSelRgb_b, i8 %tpgPatternColorBars_unsigned_short_unsigned_short_unsigned_char_int_hBarSel, i11 %tpgPatternColorBars_unsigned_short_unsigned_short_unsigned_char_int_xBar, i20 %tpgSinTableArray, i16 %zonePlateVAddr, i16 %zonePlateVDelta, i3 %tpgTartanBarArray, i10 %tpgPatternTartanColorBars_unsigned_short_unsigned_short_unsigned_short_unsign, i3 %tpgPatternTartanColorBars_unsigned_short_unsigned_short_unsigned_short_unsign_2, i3 %tpgPatternTartanColorBars_unsigned_short_unsigned_short_unsigned_short_unsign_3, i10 %tpgPatternTartanColorBars_unsigned_short_unsigned_short_unsigned_short_unsign_1, i10 %yCount, i3 %vBarSel, i10 %tpgPatternCrossHatch_unsigned_short_unsigned_short_unsigned_short_unsigned_sh, i10 %tpgPatternCrossHatch_unsigned_short_unsigned_short_unsigned_short_unsigned_sh_1, i1 %vHatch, i10 %yCount_2, i8 %tpgSinTableArray_9bit_0, i8 %tpgSinTableArray_9bit_1, i9 %tpgSinTableArray_9bit_2, i2 %tpgCheckerBoardArray, i10 %tpgPatternCheckerBoard_unsigned_short_unsigned_short_unsigned_short_unsigned_s, i3 %tpgPatternCheckerBoard_unsigned_short_unsigned_short_unsigned_short_unsigned_2, i3 %tpgPatternCheckerBoard_unsigned_short_unsigned_short_unsigned_short_unsigned_3, i10 %tpgPatternCheckerBoard_unsigned_short_unsigned_short_unsigned_short_unsigned_1, i10 %yCount_3, i8 %vBarSel_2, i28 %rSerie, i28 %gSerie, i28 %bSerie, i8 %DPtpgBarSelYuv_709_y, i8 %DPtpgBarSelYuv_709_u, i8 %DPtpgBarSelYuv_709_v, i3 %DPtpgBarArray, i10 %tpgPatternDPColorSquare_unsigned_short_unsigned_short_unsigned_char_unsigned_s, i3 %tpgPatternDPColorSquare_unsigned_short_unsigned_short_unsigned_char_unsigned_2, i2 %DPtpgBarSelRgb_VESA_r, i2 %DPtpgBarSelRgb_VESA_g, i2 %DPtpgBarSelRgb_VESA_b, i6 %DPtpgBarSelRgb_CEA_r, i6 %DPtpgBarSelRgb_CEA_g, i6 %DPtpgBarSelRgb_CEA_b, i8 %DPtpgBarSelYuv_601_y, i8 %DPtpgBarSelYuv_601_u, i8 %DPtpgBarSelYuv_601_v, i3 %tpgPatternDPColorSquare_unsigned_short_unsigned_short_unsigned_char_unsigned_3, i10 %tpgPatternDPColorSquare_unsigned_short_unsigned_short_unsigned_char_unsigned_1, i6 %yCount_1, i1 %vBarSel_1" [prj/sol/.autopilot/db/v_tpg.cpp:1862->prj/sol/.autopilot/db/v_tpg.cpp:703]   --->   Operation 198 'call' 'call_ln1862' <Predicate = true> <Delay = 0.00> <CoreType = "Generic">   --->   Generic Core

State 5 <SV = 4> <Delay = 0.00>
ST_5 : Operation 199 [1/1] (0.00ns)   --->   "%speclooptripcount_ln552 = speclooptripcount void @_ssdm_op_SpecLoopTripCount, i64 0, i64 65535, i64 32767" [prj/sol/.autopilot/db/v_tpg.cpp:552]   --->   Operation 199 'speclooptripcount' 'speclooptripcount_ln552' <Predicate = true> <Delay = 0.00>
ST_5 : Operation 200 [1/1] (0.00ns)   --->   "%specloopname_ln563 = specloopname void @_ssdm_op_SpecLoopName, void @empty_12" [prj/sol/.autopilot/db/v_tpg.cpp:563]   --->   Operation 200 'specloopname' 'specloopname_ln563' <Predicate = true> <Delay = 0.00>
ST_5 : Operation 201 [1/1] (0.00ns)   --->   "%rampVal_3_flag_1_loc_load = load i1 %rampVal_3_flag_1_loc"   --->   Operation 201 'load' 'rampVal_3_flag_1_loc_load' <Predicate = true> <Delay = 0.00>
ST_5 : Operation 202 [1/1] (0.00ns)   --->   "%hdata_flag_1_loc_load = load i1 %hdata_flag_1_loc"   --->   Operation 202 'load' 'hdata_flag_1_loc_load' <Predicate = true> <Delay = 0.00>
ST_5 : Operation 203 [1/1] (0.00ns)   --->   "%rampVal_2_flag_1_loc_load = load i1 %rampVal_2_flag_1_loc"   --->   Operation 203 'load' 'rampVal_2_flag_1_loc_load' <Predicate = true> <Delay = 0.00>
ST_5 : Operation 204 [1/1] (0.00ns)   --->   "%br_ln563 = br void %VITIS_LOOP_565_2" [prj/sol/.autopilot/db/v_tpg.cpp:563]   --->   Operation 204 'br' 'br_ln563' <Predicate = true> <Delay = 0.00>


============================================================
+ Verbose Summary: Timing violations
============================================================
Target clock period: 10.000ns, clock uncertainty: 2.700ns.

 <State 1>: 1.792ns
The critical path consists of the following:
	wire read operation ('colorFormat_val_read') on port 'colorFormat_val' [120]  (0.000 ns)
	'icmp' operation 1 bit ('icmp_ln1144', prj/sol/.autopilot/db/v_tpg.cpp:1144->prj/sol/.autopilot/db/v_tpg.cpp:609) [160]  (0.765 ns)
	'select' operation 64 bit ('select_ln1144', prj/sol/.autopilot/db/v_tpg.cpp:1144->prj/sol/.autopilot/db/v_tpg.cpp:609) [162]  (0.350 ns)
	'getelementptr' operation 2 bit ('redYuv_addr', prj/sol/.autopilot/db/v_tpg.cpp:1144->prj/sol/.autopilot/db/v_tpg.cpp:609) [163]  (0.000 ns)
	'load' operation 8 bit ('redYuv_load', prj/sol/.autopilot/db/v_tpg.cpp:1143->prj/sol/.autopilot/db/v_tpg.cpp:609) on array 'redYuv' [190]  (0.677 ns)

 <State 2>: 1.618ns
The critical path consists of the following:
	wire read operation ('width_val_read') on port 'width_val' [134]  (0.000 ns)
	'add' operation 14 bit ('add_ln1373', prj/sol/.autopilot/db/v_tpg.cpp:1373->prj/sol/.autopilot/db/v_tpg.cpp:665) [176]  (0.831 ns)
	'add' operation 10 bit ('add_ln1373_1', prj/sol/.autopilot/db/v_tpg.cpp:1373->prj/sol/.autopilot/db/v_tpg.cpp:665) [178]  (0.787 ns)

 <State 3>: 2.474ns
The critical path consists of the following:
	'load' operation 16 bit ('y', prj/sol/.autopilot/db/v_tpg.cpp:563) on local variable 'y', prj/sol/.autopilot/db/v_tpg.cpp:549 [244]  (0.000 ns)
	'icmp' operation 1 bit ('icmp_ln737', prj/sol/.autopilot/db/v_tpg.cpp:737) [253]  (0.853 ns)
	'xor' operation 1 bit ('xor_ln737', prj/sol/.autopilot/db/v_tpg.cpp:737) [254]  (0.282 ns)
	'call' operation ('call_ln1862', prj/sol/.autopilot/db/v_tpg.cpp:1862->prj/sol/.autopilot/db/v_tpg.cpp:703) to 'tpgBackground_Pipeline_VITIS_LOOP_565_2' [260]  (1.339 ns)

 <State 4>: 0.000ns
The critical path consists of the following:

 <State 5>: 0.000ns
The critical path consists of the following:


============================================================
+ Verbose Summary: Binding
============================================================
N/A
* FSMD analyzer results:
  - Output states:
 - Input state : 
  - Chain level:
	State 1
	State 2
	State 3
	State 4
	State 5


============================================================
+ Verbose Summary: Datapath Resource usage 
============================================================
N/A
