

================================================================
== Vitis HLS Report for 'tpgForeground'
================================================================
* Date:           Wed Jun  3 12:59:10 2026

* Version:        2025.2 (Build 6295257 on Nov 14 2025)
* Project:        prj
* Solution:       sol (Vivado IP Flow Target)
* Product family: artixuplus
* Target device:  xcau15p-ffvb676-2-e


================================================================
== Performance Estimates
================================================================
+ Timing: 
    * Summary: 
    +--------+----------+----------+------------+
    |  Clock |  Target  | Estimated| Uncertainty|
    +--------+----------+----------+------------+
    |ap_clk  |  10.00 ns|  5.088 ns|     2.70 ns|
    +--------+----------+----------+------------+

+ Latency: 
    * Summary: 
    +---------+------------+-----------+------------+-----+------------+---------+
    |   Latency (cycles)   |   Latency (absolute)   |     Interval     | Pipeline|
    |   min   |     max    |    min    |     max    | min |     max    |   Type  |
    +---------+------------+-----------+------------+-----+------------+---------+
    |        2|  2147713022|  20.000 ns|  21.477 sec|    2|  2147713022|       no|
    +---------+------------+-----------+------------+-----+------------+---------+

    + Detail: 
        * Instance: 
        +----------------------------------------------------+-----------------------------------------+---------+---------+-----------+----------+-----+-----+-------------------+
        |                                                    |                                         |  Latency (cycles) |  Latency (absolute)  |  Interval |      Pipeline     |
        |                      Instance                      |                  Module                 |   min   |   max   |    min    |    max   | min | max |        Type       |
        +----------------------------------------------------+-----------------------------------------+---------+---------+-----------+----------+-----+-----+-------------------+
        |grp_tpgForeground_Pipeline_VITIS_LOOP_774_2_fu_201  |tpgForeground_Pipeline_VITIS_LOOP_774_2  |        3|    32770|  30.000 ns|  0.328 ms|    0|    0|  loop pipeline stp|
        +----------------------------------------------------+-----------------------------------------+---------+---------+-----------+----------+-----+-----+-------------------+

        * Loop: 
        +--------------------+---------+------------+-----------+-----------+-----------+-----------+----------+
        |                    |   Latency (cycles)   | Iteration |  Initiation Interval  |    Trip   |          |
        |      Loop Name     |   min   |     max    |  Latency  |  achieved |   target  |   Count   | Pipelined|
        +--------------------+---------+------------+-----------+-----------+-----------+-----------+----------+
        |- VITIS_LOOP_772_1  |        0|  2147713020|  5 ~ 32772|          -|          -|  0 ~ 65535|        no|
        +--------------------+---------+------------+-----------+-----------+-----------+-----------+----------+



================================================================
== Utilization Estimates
================================================================
* Summary: 
+-----------------+---------+-----+--------+-------+-----+
|       Name      | BRAM_18K| DSP |   FF   |  LUT  | URAM|
+-----------------+---------+-----+--------+-------+-----+
|DSP              |        -|    -|       -|      -|    -|
|Expression       |        -|    -|       0|    186|    -|
|FIFO             |        -|    -|       -|      -|    -|
|Instance         |        -|    -|     143|    954|    -|
|Memory           |        0|    -|       8|      1|    -|
|Multiplexer      |        -|    -|       0|     71|    -|
|Register         |        -|    -|     303|      -|    -|
+-----------------+---------+-----+--------+-------+-----+
|Total            |        0|    0|     454|   1212|    0|
+-----------------+---------+-----+--------+-------+-----+
|Available        |      288|  576|  155520|  77760|    0|
+-----------------+---------+-----+--------+-------+-----+
|Utilization (%)  |        0|    0|      ~0|      1|    0|
+-----------------+---------+-----+--------+-------+-----+

+ Detail: 
    * Instance: 
    +----------------------------------------------------+-----------------------------------------+---------+----+-----+-----+-----+
    |                      Instance                      |                  Module                 | BRAM_18K| DSP|  FF | LUT | URAM|
    +----------------------------------------------------+-----------------------------------------+---------+----+-----+-----+-----+
    |grp_tpgForeground_Pipeline_VITIS_LOOP_774_2_fu_201  |tpgForeground_Pipeline_VITIS_LOOP_774_2  |        0|   0|  143|  954|    0|
    +----------------------------------------------------+-----------------------------------------+---------+----+-----+-----+-----+
    |Total                                               |                                         |        0|   0|  143|  954|    0|
    +----------------------------------------------------+-----------------------------------------+---------+----+-----+-----+-----+

    * DSP: 
    N/A

    * Memory: 
    +------------+------------------------------------+---------+---+----+-----+------+-----+------+-------------+
    |   Memory   |               Module               | BRAM_18K| FF| LUT| URAM| Words| Bits| Banks| W*Bits*Banks|
    +------------+------------------------------------+---------+---+----+-----+------+-----+------+-------------+
    |whiYuv_2_U  |tpgForeground_whiYuv_2_ROM_AUTO_1R  |        0|  8|   1|    0|     3|    8|     1|           24|
    +------------+------------------------------------+---------+---+----+-----+------+-----+------+-------------+
    |Total       |                                    |        0|  8|   1|    0|     3|    8|     1|           24|
    +------------+------------------------------------+---------+---+----+-----+------+-----+------+-------------+

    * FIFO: 
    N/A

    * Expression: 
    +-------------------------+----------+----+---+----+------------+------------+
    |      Variable Name      | Operation| DSP| FF| LUT| Bitwidth P0| Bitwidth P1|
    +-------------------------+----------+----+---+----+------------+------------+
    |y_2_fu_382_p2            |         +|   0|  0|  23|          16|           1|
    |sub_ln1881_fu_346_p2     |         -|   0|  0|  23|          16|          16|
    |sub_ln1882_fu_352_p2     |         -|   0|  0|  23|          16|          16|
    |and_ln1989_fu_312_p2     |       and|   0|  0|   2|           1|           1|
    |and_ln1991_fu_326_p2     |       and|   0|  0|   2|           1|           1|
    |and_ln1993_fu_340_p2     |       and|   0|  0|   2|           1|           1|
    |icmp_ln1947_fu_266_p2    |      icmp|   0|  0|  14|           7|           1|
    |icmp_ln1963_fu_388_p2    |      icmp|   0|  0|  23|          16|          16|
    |icmp_ln1974_fu_295_p2    |      icmp|   0|  0|  15|           8|           1|
    |icmp_ln1975_fu_241_p2    |      icmp|   0|  0|  15|           8|           1|
    |icmp_ln772_fu_377_p2     |      icmp|   0|  0|  23|          16|          16|
    |ap_block_state1          |        or|   0|  0|   2|           1|           1|
    |select_ln1947_fu_358_p3  |    select|   0|  0|   8|           1|           8|
    |select_ln1975_fu_247_p3  |    select|   0|  0|   2|           1|           1|
    |select_ln1977_fu_300_p3  |    select|   0|  0|   9|           1|           6|
    +-------------------------+----------+----+---+----+------------+------------+
    |Total                    |          |   0|  0| 186|         110|          87|
    +-------------------------+----------+----+---+----+------------+------------+

    * Multiplexer: 
    +------------------------+----+-----------+-----+-----------+
    |          Name          | LUT| Input Size| Bits| Total Bits|
    +------------------------+----+-----------+-----+-----------+
    |ap_NS_fsm               |  26|          5|    1|          5|
    |ap_done                 |   9|          2|    1|          2|
    |boxHCoord_loc_0_fu_112  |   9|          2|   16|         32|
    |boxVCoord_loc_0_fu_108  |   9|          2|   16|         32|
    |real_start              |   9|          2|    1|          2|
    |y_fu_104                |   9|          2|   16|         32|
    +------------------------+----+-----------+-----+-----------+
    |Total                   |  71|         15|   51|        105|
    +------------------------+----+-----------+-----+-----------+

    * Register: 
    +-----------------------------------------------------------------+----+----+-----+-----------+
    |                               Name                              | FF | LUT| Bits| Const Bits|
    +-----------------------------------------------------------------+----+----+-----+-----------+
    |and_ln1989_reg_495                                               |   1|   0|    1|          0|
    |and_ln1991_reg_500                                               |   1|   0|    1|          0|
    |and_ln1993_reg_505                                               |   1|   0|    1|          0|
    |ap_CS_fsm                                                        |   4|   0|    4|          0|
    |ap_done_reg                                                      |   1|   0|    1|          0|
    |boxColorB_val_read_reg_439                                       |   8|   0|    8|          0|
    |boxColorG_val_read_reg_444                                       |   8|   0|    8|          0|
    |boxColorR_val_read_reg_449                                       |   8|   0|    8|          0|
    |boxHCoord                                                        |  16|   0|   16|          0|
    |boxHCoord_loc_0_fu_112                                           |  16|   0|   16|          0|
    |boxSize_val_read_reg_454                                         |  16|   0|   16|          0|
    |boxVCoord                                                        |  16|   0|   16|          0|
    |boxVCoord_loc_0_fu_108                                           |  16|   0|   16|          0|
    |colorFormat_val_read_reg_418                                     |   8|   0|    8|          0|
    |crossHairX_val_read_reg_464                                      |  16|   0|   16|          0|
    |crossHairY_val_read_reg_459                                      |  16|   0|   16|          0|
    |grp_tpgForeground_Pipeline_VITIS_LOOP_774_2_fu_201_ap_start_reg  |   1|   0|    1|          0|
    |height_val_read_reg_485                                          |  16|   0|   16|          0|
    |icmp_ln1947_reg_429                                              |   1|   0|    1|          0|
    |icmp_ln1963_reg_543                                              |   1|   0|    1|          0|
    |maskId_val_read_reg_470                                          |   8|   0|    8|          0|
    |motionSpeed_val_read_reg_434                                     |   8|   0|    8|          0|
    |patternId_val_read_reg_475                                       |   8|   0|    8|          0|
    |select_ln1947_reg_520                                            |   8|   0|    8|          0|
    |select_ln1977_reg_490                                            |   3|   0|    8|          5|
    |shl_ln_reg_525                                                   |   8|   0|    9|          1|
    |start_once_reg                                                   |   1|   0|    1|          0|
    |sub_ln1881_reg_510                                               |  16|   0|   16|          0|
    |sub_ln1882_reg_515                                               |  16|   0|   16|          0|
    |whiYuv_2_load_reg_530                                            |   8|   0|    8|          0|
    |width_val_read_reg_480                                           |  16|   0|   16|          0|
    |y_1_reg_535                                                      |  16|   0|   16|          0|
    |y_fu_104                                                         |  16|   0|   16|          0|
    +-----------------------------------------------------------------+----+----+-----+-----------+
    |Total                                                            | 303|   0|  309|          6|
    +-----------------------------------------------------------------+----+----+-----+-----------+



================================================================
== Interface
================================================================
* Summary: 
+--------------------------+-----+-----+------------+-----------------+--------------+
|         RTL Ports        | Dir | Bits|  Protocol  |  Source Object  |    C Type    |
+--------------------------+-----+-----+------------+-----------------+--------------+
|ap_clk                    |   in|    1|  ap_ctrl_hs|    tpgForeground|  return value|
|ap_rst                    |   in|    1|  ap_ctrl_hs|    tpgForeground|  return value|
|ap_start                  |   in|    1|  ap_ctrl_hs|    tpgForeground|  return value|
|start_full_n              |   in|    1|  ap_ctrl_hs|    tpgForeground|  return value|
|ap_done                   |  out|    1|  ap_ctrl_hs|    tpgForeground|  return value|
|ap_continue               |   in|    1|  ap_ctrl_hs|    tpgForeground|  return value|
|ap_idle                   |  out|    1|  ap_ctrl_hs|    tpgForeground|  return value|
|ap_ready                  |  out|    1|  ap_ctrl_hs|    tpgForeground|  return value|
|start_out                 |  out|    1|  ap_ctrl_hs|    tpgForeground|  return value|
|start_write               |  out|    1|  ap_ctrl_hs|    tpgForeground|  return value|
|bckgndYUV_dout            |   in|   48|     ap_fifo|        bckgndYUV|       pointer|
|bckgndYUV_empty_n         |   in|    1|     ap_fifo|        bckgndYUV|       pointer|
|bckgndYUV_read            |  out|    1|     ap_fifo|        bckgndYUV|       pointer|
|bckgndYUV_num_data_valid  |   in|    5|     ap_fifo|        bckgndYUV|       pointer|
|bckgndYUV_fifo_cap        |   in|    5|     ap_fifo|        bckgndYUV|       pointer|
|height_val                |   in|   16|   ap_stable|       height_val|        scalar|
|width_val                 |   in|   16|   ap_stable|        width_val|        scalar|
|patternId_val             |   in|    8|   ap_stable|    patternId_val|        scalar|
|maskId_val                |   in|    8|   ap_stable|       maskId_val|        scalar|
|colorFormat_val           |   in|    8|   ap_stable|  colorFormat_val|        scalar|
|crossHairX_val            |   in|   16|   ap_stable|   crossHairX_val|        scalar|
|crossHairY_val            |   in|   16|   ap_stable|   crossHairY_val|        scalar|
|boxSize_val               |   in|   16|   ap_stable|      boxSize_val|        scalar|
|boxColorR_val             |   in|    8|   ap_stable|    boxColorR_val|        scalar|
|boxColorG_val             |   in|    8|   ap_stable|    boxColorG_val|        scalar|
|boxColorB_val             |   in|    8|   ap_stable|    boxColorB_val|        scalar|
|motionSpeed_val           |   in|    8|   ap_stable|  motionSpeed_val|        scalar|
|ovrlayYUV_din             |  out|   48|     ap_fifo|        ovrlayYUV|       pointer|
|ovrlayYUV_full_n          |   in|    1|     ap_fifo|        ovrlayYUV|       pointer|
|ovrlayYUV_write           |  out|    1|     ap_fifo|        ovrlayYUV|       pointer|
|ovrlayYUV_num_data_valid  |   in|   32|     ap_fifo|        ovrlayYUV|       pointer|
|ovrlayYUV_fifo_cap        |   in|   32|     ap_fifo|        ovrlayYUV|       pointer|
+--------------------------+-----+-----+------------+-----------------+--------------+

============================================================
+ Verbose Summary: Synthesis Manager
============================================================
InlineROM: 1
ExposeGlobal: 0
============================================================
+ Verbose Summary: CDFG Model
============================================================
IsTopModel: 0
ResetActiveHigh: 1
IsCombinational: 2
IsDatapathOnly: 0
HasWiredReturn: 1
HasMFsm: 0
HasVarLatency: 1
IsPipeline: 0
IsRtlPipelined: 0
IsInstanceOverlapped: 0
IsDontTouch: 0
HasImplIP: 0
IsGatedGlobalClock: 0


============================================================
+ Verbose Summary: Schedule
============================================================
* Number of FSM states : 4
* Pipeline : 0
* Dataflow Pipeline: 0

* FSM state transitions: 
1 --> 2 
2 --> 3 
3 --> 4 
4 --> 3 

* FSM state operations: 

State 1 <SV = 0> <Delay = 1.79>
ST_1 : Operation 5 [1/1] (0.00ns)   --->   "%y = alloca i32 1" [prj/sol/.autopilot/db/v_tpg.cpp:763]   --->   Operation 5 'alloca' 'y' <Predicate = true> <Delay = 0.00>
ST_1 : Operation 6 [1/1] (0.00ns)   --->   "%boxVCoord_loc_0 = alloca i32 1"   --->   Operation 6 'alloca' 'boxVCoord_loc_0' <Predicate = true> <Delay = 0.00>
ST_1 : Operation 7 [1/1] (0.00ns)   --->   "%boxHCoord_loc_0 = alloca i32 1"   --->   Operation 7 'alloca' 'boxHCoord_loc_0' <Predicate = true> <Delay = 0.00>
ST_1 : Operation 8 [1/1] (0.00ns)   --->   "%colorFormat_val_read = read i8 @_ssdm_op_Read.ap_auto.i8, i8 %colorFormat_val"   --->   Operation 8 'read' 'colorFormat_val_read' <Predicate = true> <Delay = 0.00>
ST_1 : Operation 9 [1/1] (0.76ns)   --->   "%icmp_ln1975 = icmp_eq  i8 %colorFormat_val_read, i8 1" [prj/sol/.autopilot/db/v_tpg.cpp:1975->prj/sol/.autopilot/db/v_tpg.cpp:793]   --->   Operation 9 'icmp' 'icmp_ln1975' <Predicate = true> <Delay = 0.76> <CoreInst = "Cmp">   --->   Core 9 'Cmp' <Latency = 0> <II = 1> <Delay = 0.76> <FuncUnit> <Opcode : 'seteq' 'setne' 'setle' 'setge' 'setlt' 'setgt'> <InPorts = 2> <OutPorts = 1>
ST_1 : Operation 10 [1/1] (0.35ns)   --->   "%select_ln1975 = select i1 %icmp_ln1975, i64 1, i64 2" [prj/sol/.autopilot/db/v_tpg.cpp:1975->prj/sol/.autopilot/db/v_tpg.cpp:793]   --->   Operation 10 'select' 'select_ln1975' <Predicate = true> <Delay = 0.35> <CoreInst = "Sel">   --->   Core 73 'Sel' <Latency = 0> <II = 1> <Delay = 0.33> <FuncUnit> <Opcode : 'select'> <InPorts = 3> <OutPorts = 1>
ST_1 : Operation 11 [1/1] (0.00ns)   --->   "%whiYuv_2_addr = getelementptr i8 %whiYuv_2, i64 0, i64 %select_ln1975" [prj/sol/.autopilot/db/v_tpg.cpp:1975->prj/sol/.autopilot/db/v_tpg.cpp:793]   --->   Operation 11 'getelementptr' 'whiYuv_2_addr' <Predicate = true> <Delay = 0.00>
ST_1 : Operation 12 [1/1] (0.00ns)   --->   "%tmp_3 = partselect i7 @_ssdm_op_PartSelect.i7.i8.i32.i32, i8 %colorFormat_val_read, i32 1, i32 7" [prj/sol/.autopilot/db/v_tpg.cpp:1947->prj/sol/.autopilot/db/v_tpg.cpp:788]   --->   Operation 12 'partselect' 'tmp_3' <Predicate = true> <Delay = 0.00>
ST_1 : Operation 13 [1/1] (0.77ns)   --->   "%icmp_ln1947 = icmp_ne  i7 %tmp_3, i7 0" [prj/sol/.autopilot/db/v_tpg.cpp:1947->prj/sol/.autopilot/db/v_tpg.cpp:788]   --->   Operation 13 'icmp' 'icmp_ln1947' <Predicate = true> <Delay = 0.77> <CoreInst = "Cmp">   --->   Core 9 'Cmp' <Latency = 0> <II = 1> <Delay = 0.77> <FuncUnit> <Opcode : 'seteq' 'setne' 'setle' 'setge' 'setlt' 'setgt'> <InPorts = 2> <OutPorts = 1>
ST_1 : Operation 14 [2/2] (0.67ns)   --->   "%whiYuv_2_load = load i2 %whiYuv_2_addr" [prj/sol/.autopilot/db/v_tpg.cpp:1974->prj/sol/.autopilot/db/v_tpg.cpp:793]   --->   Operation 14 'load' 'whiYuv_2_load' <Predicate = true> <Delay = 0.67> <CoreInst = "ROM">   --->   Core 100 'ROM' <Latency = 1> <II = 1> <Delay = 0.67> <Storage> <Opcode : 'load'> <Ports = 0> <Width = 8> <Depth = 3> <ROM>
ST_1 : Operation 15 [1/1] (0.00ns)   --->   "%boxHCoord_load = load i16 %boxHCoord" [prj/sol/.autopilot/db/v_tpg.cpp:1894->prj/sol/.autopilot/db/v_tpg.cpp:788]   --->   Operation 15 'load' 'boxHCoord_load' <Predicate = true> <Delay = 0.00>
ST_1 : Operation 16 [1/1] (0.00ns)   --->   "%boxVCoord_load = load i16 %boxVCoord" [prj/sol/.autopilot/db/v_tpg.cpp:1906->prj/sol/.autopilot/db/v_tpg.cpp:788]   --->   Operation 16 'load' 'boxVCoord_load' <Predicate = true> <Delay = 0.00>
ST_1 : Operation 17 [1/1] (0.00ns)   --->   "%store_ln1894 = store i16 %boxHCoord_load, i16 %boxHCoord_loc_0" [prj/sol/.autopilot/db/v_tpg.cpp:1894->prj/sol/.autopilot/db/v_tpg.cpp:788]   --->   Operation 17 'store' 'store_ln1894' <Predicate = true> <Delay = 0.00>
ST_1 : Operation 18 [1/1] (0.00ns)   --->   "%store_ln1906 = store i16 %boxVCoord_load, i16 %boxVCoord_loc_0" [prj/sol/.autopilot/db/v_tpg.cpp:1906->prj/sol/.autopilot/db/v_tpg.cpp:788]   --->   Operation 18 'store' 'store_ln1906' <Predicate = true> <Delay = 0.00>
ST_1 : Operation 19 [1/1] (0.42ns)   --->   "%store_ln763 = store i16 0, i16 %y" [prj/sol/.autopilot/db/v_tpg.cpp:763]   --->   Operation 19 'store' 'store_ln763' <Predicate = true> <Delay = 0.42>

State 2 <SV = 1> <Delay = 1.15>
ST_2 : Operation 20 [1/1] (0.00ns)   --->   "%motionSpeed_val_read = read i8 @_ssdm_op_Read.ap_auto.i8, i8 %motionSpeed_val"   --->   Operation 20 'read' 'motionSpeed_val_read' <Predicate = true> <Delay = 0.00>
ST_2 : Operation 21 [1/1] (0.00ns)   --->   "%boxColorB_val_read = read i8 @_ssdm_op_Read.ap_auto.i8, i8 %boxColorB_val"   --->   Operation 21 'read' 'boxColorB_val_read' <Predicate = true> <Delay = 0.00>
ST_2 : Operation 22 [1/1] (0.00ns)   --->   "%boxColorG_val_read = read i8 @_ssdm_op_Read.ap_auto.i8, i8 %boxColorG_val"   --->   Operation 22 'read' 'boxColorG_val_read' <Predicate = true> <Delay = 0.00>
ST_2 : Operation 23 [1/1] (0.00ns)   --->   "%boxColorR_val_read = read i8 @_ssdm_op_Read.ap_auto.i8, i8 %boxColorR_val"   --->   Operation 23 'read' 'boxColorR_val_read' <Predicate = true> <Delay = 0.00>
ST_2 : Operation 24 [1/1] (0.00ns)   --->   "%boxSize_val_read = read i16 @_ssdm_op_Read.ap_auto.i16, i16 %boxSize_val"   --->   Operation 24 'read' 'boxSize_val_read' <Predicate = true> <Delay = 0.00>
ST_2 : Operation 25 [1/1] (0.00ns)   --->   "%crossHairY_val_read = read i16 @_ssdm_op_Read.ap_auto.i16, i16 %crossHairY_val"   --->   Operation 25 'read' 'crossHairY_val_read' <Predicate = true> <Delay = 0.00>
ST_2 : Operation 26 [1/1] (0.00ns)   --->   "%crossHairX_val_read = read i16 @_ssdm_op_Read.ap_auto.i16, i16 %crossHairX_val"   --->   Operation 26 'read' 'crossHairX_val_read' <Predicate = true> <Delay = 0.00>
ST_2 : Operation 27 [1/1] (0.00ns)   --->   "%maskId_val_read = read i8 @_ssdm_op_Read.ap_auto.i8, i8 %maskId_val"   --->   Operation 27 'read' 'maskId_val_read' <Predicate = true> <Delay = 0.00>
ST_2 : Operation 28 [1/1] (0.00ns)   --->   "%patternId_val_read = read i8 @_ssdm_op_Read.ap_auto.i8, i8 %patternId_val"   --->   Operation 28 'read' 'patternId_val_read' <Predicate = true> <Delay = 0.00>
ST_2 : Operation 29 [1/1] (0.00ns)   --->   "%width_val_read = read i16 @_ssdm_op_Read.ap_auto.i16, i16 %width_val"   --->   Operation 29 'read' 'width_val_read' <Predicate = true> <Delay = 0.00>
ST_2 : Operation 30 [1/1] (0.00ns)   --->   "%height_val_read = read i16 @_ssdm_op_Read.ap_auto.i16, i16 %height_val"   --->   Operation 30 'read' 'height_val_read' <Predicate = true> <Delay = 0.00>
ST_2 : Operation 31 [1/1] (0.00ns)   --->   "%specstablecontent_ln0 = specstablecontent void @_ssdm_op_SpecStableContent, i8 %boxColorB_val, i1 1, void @p_str"   --->   Operation 31 'specstablecontent' 'specstablecontent_ln0' <Predicate = true> <Delay = 0.00>
ST_2 : Operation 32 [1/1] (0.00ns)   --->   "%specstablecontent_ln0 = specstablecontent void @_ssdm_op_SpecStableContent, i8 %boxColorG_val, i1 1, void @p_str"   --->   Operation 32 'specstablecontent' 'specstablecontent_ln0' <Predicate = true> <Delay = 0.00>
ST_2 : Operation 33 [1/1] (0.00ns)   --->   "%specstablecontent_ln0 = specstablecontent void @_ssdm_op_SpecStableContent, i8 %boxColorR_val, i1 1, void @p_str"   --->   Operation 33 'specstablecontent' 'specstablecontent_ln0' <Predicate = true> <Delay = 0.00>
ST_2 : Operation 34 [1/1] (0.00ns)   --->   "%specstablecontent_ln0 = specstablecontent void @_ssdm_op_SpecStableContent, i16 %boxSize_val, i1 1, void @p_str"   --->   Operation 34 'specstablecontent' 'specstablecontent_ln0' <Predicate = true> <Delay = 0.00>
ST_2 : Operation 35 [1/1] (0.00ns)   --->   "%specstablecontent_ln0 = specstablecontent void @_ssdm_op_SpecStableContent, i16 %crossHairY_val, i1 1, void @p_str"   --->   Operation 35 'specstablecontent' 'specstablecontent_ln0' <Predicate = true> <Delay = 0.00>
ST_2 : Operation 36 [1/1] (0.00ns)   --->   "%specstablecontent_ln0 = specstablecontent void @_ssdm_op_SpecStableContent, i16 %crossHairX_val, i1 1, void @p_str"   --->   Operation 36 'specstablecontent' 'specstablecontent_ln0' <Predicate = true> <Delay = 0.00>
ST_2 : Operation 37 [1/1] (0.00ns)   --->   "%specstablecontent_ln0 = specstablecontent void @_ssdm_op_SpecStableContent, i8 %colorFormat_val, i1 1, void @p_str"   --->   Operation 37 'specstablecontent' 'specstablecontent_ln0' <Predicate = true> <Delay = 0.00>
ST_2 : Operation 38 [1/1] (0.00ns)   --->   "%specstablecontent_ln0 = specstablecontent void @_ssdm_op_SpecStableContent, i8 %motionSpeed_val, i1 1, void @p_str"   --->   Operation 38 'specstablecontent' 'specstablecontent_ln0' <Predicate = true> <Delay = 0.00>
ST_2 : Operation 39 [1/1] (0.00ns)   --->   "%specstablecontent_ln0 = specstablecontent void @_ssdm_op_SpecStableContent, i8 %maskId_val, i1 1, void @p_str"   --->   Operation 39 'specstablecontent' 'specstablecontent_ln0' <Predicate = true> <Delay = 0.00>
ST_2 : Operation 40 [1/1] (0.00ns)   --->   "%specstablecontent_ln0 = specstablecontent void @_ssdm_op_SpecStableContent, i8 %patternId_val, i1 1, void @p_str"   --->   Operation 40 'specstablecontent' 'specstablecontent_ln0' <Predicate = true> <Delay = 0.00>
ST_2 : Operation 41 [1/1] (0.00ns)   --->   "%specstablecontent_ln0 = specstablecontent void @_ssdm_op_SpecStableContent, i16 %width_val, i1 1, void @p_str"   --->   Operation 41 'specstablecontent' 'specstablecontent_ln0' <Predicate = true> <Delay = 0.00>
ST_2 : Operation 42 [1/1] (0.00ns)   --->   "%specstablecontent_ln0 = specstablecontent void @_ssdm_op_SpecStableContent, i16 %height_val, i1 1, void @p_str"   --->   Operation 42 'specstablecontent' 'specstablecontent_ln0' <Predicate = true> <Delay = 0.00>
ST_2 : Operation 43 [1/1] (0.00ns)   --->   "%specinterface_ln0 = specinterface void @_ssdm_op_SpecInterface, i48 %ovrlayYUV, void @empty_35, i32 0, i32 0, void @empty_15, i32 0, i32 0, void @empty_15, void @empty_15, void @empty_15, i32 0, i32 0, i32 0, i32 0, void @empty_15, void @empty_15, i32 4294967295, i32 0, i32 0, i32 0"   --->   Operation 43 'specinterface' 'specinterface_ln0' <Predicate = true> <Delay = 0.00>
ST_2 : Operation 44 [1/1] (0.00ns)   --->   "%specinterface_ln0 = specinterface void @_ssdm_op_SpecInterface, i48 %bckgndYUV, void @empty_35, i32 0, i32 0, void @empty_15, i32 0, i32 0, void @empty_15, void @empty_15, void @empty_15, i32 0, i32 0, i32 0, i32 0, void @empty_15, void @empty_15, i32 4294967295, i32 0, i32 0, i32 0"   --->   Operation 44 'specinterface' 'specinterface_ln0' <Predicate = true> <Delay = 0.00>
ST_2 : Operation 45 [1/1] (0.76ns)   --->   "%icmp_ln1974 = icmp_eq  i8 %colorFormat_val_read, i8 0" [prj/sol/.autopilot/db/v_tpg.cpp:1974->prj/sol/.autopilot/db/v_tpg.cpp:793]   --->   Operation 45 'icmp' 'icmp_ln1974' <Predicate = true> <Delay = 0.76> <CoreInst = "Cmp">   --->   Core 9 'Cmp' <Latency = 0> <II = 1> <Delay = 0.76> <FuncUnit> <Opcode : 'seteq' 'setne' 'setle' 'setge' 'setlt' 'setgt'> <InPorts = 2> <OutPorts = 1>
ST_2 : Operation 46 [1/1] (0.38ns)   --->   "%select_ln1977 = select i1 %icmp_ln1974, i8 240, i8 128" [prj/sol/.autopilot/db/v_tpg.cpp:1977->prj/sol/.autopilot/db/v_tpg.cpp:793]   --->   Operation 46 'select' 'select_ln1977' <Predicate = true> <Delay = 0.38> <CoreInst = "Sel">   --->   Core 73 'Sel' <Latency = 0> <II = 1> <Delay = 0.38> <FuncUnit> <Opcode : 'select'> <InPorts = 3> <OutPorts = 1>
ST_2 : Operation 47 [1/1] (0.00ns)   --->   "%trunc_ln1989 = trunc i8 %maskId_val_read" [prj/sol/.autopilot/db/v_tpg.cpp:1989->prj/sol/.autopilot/db/v_tpg.cpp:803]   --->   Operation 47 'trunc' 'trunc_ln1989' <Predicate = true> <Delay = 0.00>
ST_2 : Operation 48 [1/1] (0.28ns)   --->   "%and_ln1989 = and i1 %icmp_ln1974, i1 %trunc_ln1989" [prj/sol/.autopilot/db/v_tpg.cpp:1989->prj/sol/.autopilot/db/v_tpg.cpp:803]   --->   Operation 48 'and' 'and_ln1989' <Predicate = true> <Delay = 0.28> <CoreInst = "LogicGate">   --->   Core 74 'LogicGate' <Latency = 0> <II = 1> <Delay = 0.28> <FuncUnit> <Opcode : 'and' 'or' 'xor'> <InPorts = 2> <OutPorts = 1>
ST_2 : Operation 49 [1/1] (0.00ns)   --->   "%tmp = bitselect i1 @_ssdm_op_BitSelect.i1.i8.i32, i8 %maskId_val_read, i32 1" [prj/sol/.autopilot/db/v_tpg.cpp:1991->prj/sol/.autopilot/db/v_tpg.cpp:803]   --->   Operation 49 'bitselect' 'tmp' <Predicate = true> <Delay = 0.00>
ST_2 : Operation 50 [1/1] (0.28ns)   --->   "%and_ln1991 = and i1 %icmp_ln1974, i1 %tmp" [prj/sol/.autopilot/db/v_tpg.cpp:1991->prj/sol/.autopilot/db/v_tpg.cpp:803]   --->   Operation 50 'and' 'and_ln1991' <Predicate = true> <Delay = 0.28> <CoreInst = "LogicGate">   --->   Core 74 'LogicGate' <Latency = 0> <II = 1> <Delay = 0.28> <FuncUnit> <Opcode : 'and' 'or' 'xor'> <InPorts = 2> <OutPorts = 1>
ST_2 : Operation 51 [1/1] (0.00ns)   --->   "%tmp_2 = bitselect i1 @_ssdm_op_BitSelect.i1.i8.i32, i8 %maskId_val_read, i32 2" [prj/sol/.autopilot/db/v_tpg.cpp:1993->prj/sol/.autopilot/db/v_tpg.cpp:803]   --->   Operation 51 'bitselect' 'tmp_2' <Predicate = true> <Delay = 0.00>
ST_2 : Operation 52 [1/1] (0.28ns)   --->   "%and_ln1993 = and i1 %icmp_ln1974, i1 %tmp_2" [prj/sol/.autopilot/db/v_tpg.cpp:1993->prj/sol/.autopilot/db/v_tpg.cpp:803]   --->   Operation 52 'and' 'and_ln1993' <Predicate = true> <Delay = 0.28> <CoreInst = "LogicGate">   --->   Core 74 'LogicGate' <Latency = 0> <II = 1> <Delay = 0.28> <FuncUnit> <Opcode : 'and' 'or' 'xor'> <InPorts = 2> <OutPorts = 1>
ST_2 : Operation 53 [1/1] (0.85ns)   --->   "%sub_ln1881 = sub i16 %width_val_read, i16 %boxSize_val_read" [prj/sol/.autopilot/db/v_tpg.cpp:1881->prj/sol/.autopilot/db/v_tpg.cpp:788]   --->   Operation 53 'sub' 'sub_ln1881' <Predicate = true> <Delay = 0.85> <CoreInst = "Adder">   --->   Core 1 'Adder' <Latency = 0> <II = 1> <Delay = 0.85> <FuncUnit> <Opcode : 'add' 'sub'> <InPorts = 2> <OutPorts = 1>
ST_2 : Operation 54 [1/1] (0.85ns)   --->   "%sub_ln1882 = sub i16 %height_val_read, i16 %boxSize_val_read" [prj/sol/.autopilot/db/v_tpg.cpp:1882->prj/sol/.autopilot/db/v_tpg.cpp:788]   --->   Operation 54 'sub' 'sub_ln1882' <Predicate = true> <Delay = 0.85> <CoreInst = "Adder">   --->   Core 1 'Adder' <Latency = 0> <II = 1> <Delay = 0.85> <FuncUnit> <Opcode : 'add' 'sub'> <InPorts = 2> <OutPorts = 1>
ST_2 : Operation 55 [1/1] (0.38ns)   --->   "%select_ln1947 = select i1 %icmp_ln1947, i8 %boxColorB_val_read, i8 %boxColorG_val_read" [prj/sol/.autopilot/db/v_tpg.cpp:1947->prj/sol/.autopilot/db/v_tpg.cpp:788]   --->   Operation 55 'select' 'select_ln1947' <Predicate = true> <Delay = 0.38> <CoreInst = "Sel">   --->   Core 73 'Sel' <Latency = 0> <II = 1> <Delay = 0.38> <FuncUnit> <Opcode : 'select'> <InPorts = 3> <OutPorts = 1>
ST_2 : Operation 56 [1/1] (0.00ns)   --->   "%shl_ln = bitconcatenate i9 @_ssdm_op_BitConcatenate.i9.i8.i1, i8 %motionSpeed_val_read, i1 0" [prj/sol/.autopilot/db/v_tpg.cpp:1894->prj/sol/.autopilot/db/v_tpg.cpp:788]   --->   Operation 56 'bitconcatenate' 'shl_ln' <Predicate = true> <Delay = 0.00>
ST_2 : Operation 57 [1/2] ( I:0.67ns O:0.67ns )   --->   "%whiYuv_2_load = load i2 %whiYuv_2_addr" [prj/sol/.autopilot/db/v_tpg.cpp:1974->prj/sol/.autopilot/db/v_tpg.cpp:793]   --->   Operation 57 'load' 'whiYuv_2_load' <Predicate = true> <Delay = 0.67> <CoreInst = "ROM">   --->   Core 100 'ROM' <Latency = 1> <II = 1> <Delay = 0.67> <Storage> <Opcode : 'load'> <Ports = 0> <Width = 8> <Depth = 3> <ROM>
ST_2 : Operation 58 [1/1] (0.00ns)   --->   "%br_ln772 = br void %VITIS_LOOP_774_2" [prj/sol/.autopilot/db/v_tpg.cpp:772]   --->   Operation 58 'br' 'br_ln772' <Predicate = true> <Delay = 0.00>

State 3 <SV = 2> <Delay = 2.46>
ST_3 : Operation 59 [1/1] (0.00ns)   --->   "%y_1 = load i16 %y" [prj/sol/.autopilot/db/v_tpg.cpp:772]   --->   Operation 59 'load' 'y_1' <Predicate = true> <Delay = 0.00>
ST_3 : Operation 60 [1/1] (0.85ns)   --->   "%icmp_ln772 = icmp_eq  i16 %y_1, i16 %height_val_read" [prj/sol/.autopilot/db/v_tpg.cpp:772]   --->   Operation 60 'icmp' 'icmp_ln772' <Predicate = true> <Delay = 0.85> <CoreInst = "Cmp">   --->   Core 9 'Cmp' <Latency = 0> <II = 1> <Delay = 0.85> <FuncUnit> <Opcode : 'seteq' 'setne' 'setle' 'setge' 'setlt' 'setgt'> <InPorts = 2> <OutPorts = 1>
ST_3 : Operation 61 [1/1] (0.85ns)   --->   "%y_2 = add i16 %y_1, i16 1" [prj/sol/.autopilot/db/v_tpg.cpp:772]   --->   Operation 61 'add' 'y_2' <Predicate = true> <Delay = 0.85> <CoreInst = "Adder">   --->   Core 1 'Adder' <Latency = 0> <II = 1> <Delay = 0.85> <FuncUnit> <Opcode : 'add' 'sub'> <InPorts = 2> <OutPorts = 1>
ST_3 : Operation 62 [1/1] (0.00ns)   --->   "%br_ln772 = br i1 %icmp_ln772, void %for.body6.lr.ph, void %for.end18" [prj/sol/.autopilot/db/v_tpg.cpp:772]   --->   Operation 62 'br' 'br_ln772' <Predicate = true> <Delay = 0.00>
ST_3 : Operation 63 [1/1] (0.85ns)   --->   "%icmp_ln1963 = icmp_eq  i16 %y_1, i16 %crossHairY_val_read" [prj/sol/.autopilot/db/v_tpg.cpp:1963->prj/sol/.autopilot/db/v_tpg.cpp:793]   --->   Operation 63 'icmp' 'icmp_ln1963' <Predicate = (!icmp_ln772)> <Delay = 0.85> <CoreInst = "Cmp">   --->   Core 9 'Cmp' <Latency = 0> <II = 1> <Delay = 0.85> <FuncUnit> <Opcode : 'seteq' 'setne' 'setle' 'setge' 'setlt' 'setgt'> <InPorts = 2> <OutPorts = 1>
ST_3 : Operation 64 [2/2] (1.61ns)   --->   "%call_ln1894 = call void @tpgForeground_Pipeline_VITIS_LOOP_774_2, i8 %colorFormat_val_read, i9 %shl_ln, i8 %maskId_val_read, i16 %width_val_read, i8 %select_ln1977, i1 %and_ln1989, i1 %and_ln1993, i1 %and_ln1991, i48 %ovrlayYUV, i48 %bckgndYUV, i8 %patternId_val_read, i16 %boxSize_val_read, i16 %y_1, i8 %boxColorB_val_read, i8 %boxColorG_val_read, i8 %boxColorR_val_read, i8 %select_ln1947, i16 %sub_ln1882, i8 %motionSpeed_val_read, i16 %sub_ln1881, i16 %crossHairX_val_read, i1 %icmp_ln1963, i16 %crossHairX_val_read, i8 %whiYuv_2_load, i16 %boxHCoord_loc_0, i16 %boxVCoord_loc_0, i16 %boxVCoord, i1 %vDir, i16 %boxHCoord, i1 %hDir" [prj/sol/.autopilot/db/v_tpg.cpp:1894->prj/sol/.autopilot/db/v_tpg.cpp:788]   --->   Operation 64 'call' 'call_ln1894' <Predicate = (!icmp_ln772)> <Delay = 1.61> <CoreType = "Generic">   --->   Generic Core
ST_3 : Operation 65 [1/1] (0.42ns)   --->   "%store_ln763 = store i16 %y_2, i16 %y" [prj/sol/.autopilot/db/v_tpg.cpp:763]   --->   Operation 65 'store' 'store_ln763' <Predicate = (!icmp_ln772)> <Delay = 0.42>
ST_3 : Operation 66 [1/1] (0.00ns)   --->   "%ret_ln811 = ret" [prj/sol/.autopilot/db/v_tpg.cpp:811]   --->   Operation 66 'ret' 'ret_ln811' <Predicate = (icmp_ln772)> <Delay = 0.00>

State 4 <SV = 3> <Delay = 1.71>
ST_4 : Operation 67 [1/1] (0.00ns)   --->   "%speclooptripcount_ln763 = speclooptripcount void @_ssdm_op_SpecLoopTripCount, i64 0, i64 65535, i64 32767" [prj/sol/.autopilot/db/v_tpg.cpp:763]   --->   Operation 67 'speclooptripcount' 'speclooptripcount_ln763' <Predicate = true> <Delay = 0.00>
ST_4 : Operation 68 [1/1] (0.00ns)   --->   "%specloopname_ln772 = specloopname void @_ssdm_op_SpecLoopName, void @empty_36" [prj/sol/.autopilot/db/v_tpg.cpp:772]   --->   Operation 68 'specloopname' 'specloopname_ln772' <Predicate = true> <Delay = 0.00>
ST_4 : Operation 69 [1/2] (1.71ns)   --->   "%call_ln1894 = call void @tpgForeground_Pipeline_VITIS_LOOP_774_2, i8 %colorFormat_val_read, i9 %shl_ln, i8 %maskId_val_read, i16 %width_val_read, i8 %select_ln1977, i1 %and_ln1989, i1 %and_ln1993, i1 %and_ln1991, i48 %ovrlayYUV, i48 %bckgndYUV, i8 %patternId_val_read, i16 %boxSize_val_read, i16 %y_1, i8 %boxColorB_val_read, i8 %boxColorG_val_read, i8 %boxColorR_val_read, i8 %select_ln1947, i16 %sub_ln1882, i8 %motionSpeed_val_read, i16 %sub_ln1881, i16 %crossHairX_val_read, i1 %icmp_ln1963, i16 %crossHairX_val_read, i8 %whiYuv_2_load, i16 %boxHCoord_loc_0, i16 %boxVCoord_loc_0, i16 %boxVCoord, i1 %vDir, i16 %boxHCoord, i1 %hDir" [prj/sol/.autopilot/db/v_tpg.cpp:1894->prj/sol/.autopilot/db/v_tpg.cpp:788]   --->   Operation 69 'call' 'call_ln1894' <Predicate = true> <Delay = 1.71> <CoreType = "Generic">   --->   Generic Core
ST_4 : Operation 70 [1/1] (0.00ns)   --->   "%br_ln772 = br void %VITIS_LOOP_774_2" [prj/sol/.autopilot/db/v_tpg.cpp:772]   --->   Operation 70 'br' 'br_ln772' <Predicate = true> <Delay = 0.00>


============================================================
+ Verbose Summary: Binding
============================================================
STG Binding: 
---------------- STG Properties BEGIN ----------------
- Is combinational: 0
- Is one-state seq: 0
- Is datapath-only: 0
- Is pipelined: 0
- Is top level: 0
Port [ Return ] is wired: 1; IO mode=ap_ctrl_hs:ce=0
Port [ bckgndYUV]:  wired=1; compound=1; hidden=0; nouse=0; global=0; static=0; extern=0; dir=0; type=3; pingpong=0; private_global=0; IO mode=ap_fifo:ce=0
Port [ height_val]:  wired=1; compound=0; hidden=0; nouse=0; global=0; static=0; extern=0; dir=0; type=0; pingpong=0; private_global=0; IO mode=ap_stable:ce=0
Port [ width_val]:  wired=1; compound=0; hidden=0; nouse=0; global=0; static=0; extern=0; dir=0; type=0; pingpong=0; private_global=0; IO mode=ap_stable:ce=0
Port [ patternId_val]:  wired=1; compound=0; hidden=0; nouse=0; global=0; static=0; extern=0; dir=0; type=0; pingpong=0; private_global=0; IO mode=ap_stable:ce=0
Port [ maskId_val]:  wired=1; compound=0; hidden=0; nouse=0; global=0; static=0; extern=0; dir=0; type=0; pingpong=0; private_global=0; IO mode=ap_stable:ce=0
Port [ colorFormat_val]:  wired=1; compound=0; hidden=0; nouse=0; global=0; static=0; extern=0; dir=0; type=0; pingpong=0; private_global=0; IO mode=ap_stable:ce=0
Port [ crossHairX_val]:  wired=1; compound=0; hidden=0; nouse=0; global=0; static=0; extern=0; dir=0; type=0; pingpong=0; private_global=0; IO mode=ap_stable:ce=0
Port [ crossHairY_val]:  wired=1; compound=0; hidden=0; nouse=0; global=0; static=0; extern=0; dir=0; type=0; pingpong=0; private_global=0; IO mode=ap_stable:ce=0
Port [ boxSize_val]:  wired=1; compound=0; hidden=0; nouse=0; global=0; static=0; extern=0; dir=0; type=0; pingpong=0; private_global=0; IO mode=ap_stable:ce=0
Port [ boxColorR_val]:  wired=1; compound=0; hidden=0; nouse=0; global=0; static=0; extern=0; dir=0; type=0; pingpong=0; private_global=0; IO mode=ap_stable:ce=0
Port [ boxColorG_val]:  wired=1; compound=0; hidden=0; nouse=0; global=0; static=0; extern=0; dir=0; type=0; pingpong=0; private_global=0; IO mode=ap_stable:ce=0
Port [ boxColorB_val]:  wired=1; compound=0; hidden=0; nouse=0; global=0; static=0; extern=0; dir=0; type=0; pingpong=0; private_global=0; IO mode=ap_stable:ce=0
Port [ motionSpeed_val]:  wired=1; compound=0; hidden=0; nouse=0; global=0; static=0; extern=0; dir=0; type=0; pingpong=0; private_global=0; IO mode=ap_stable:ce=0
Port [ ovrlayYUV]:  wired=1; compound=1; hidden=0; nouse=0; global=0; static=0; extern=0; dir=1; type=3; pingpong=0; private_global=0; IO mode=ap_fifo:ce=0
Port [ whiYuv_2]:  wired=0; compound=1; hidden=1; nouse=0; global=1; static=1; extern=0; dir=0; type=1; pingpong=0; private_global=1; MemPort=[1]; IO mode=ap_memory:ce=0
Port [ boxHCoord]:  wired=0; compound=0; hidden=1; nouse=0; global=1; static=1; extern=0; dir=2; type=0; pingpong=0; private_global=1; IO mode=ap_ovld:ce=0
Port [ boxVCoord]:  wired=0; compound=0; hidden=1; nouse=0; global=1; static=1; extern=0; dir=2; type=0; pingpong=0; private_global=1; IO mode=ap_ovld:ce=0
Port [ vDir]:  wired=0; compound=0; hidden=1; nouse=1; global=1; static=1; extern=0; dir=2; type=0; pingpong=0; private_global=0; IO mode=ap_ovld:ce=0
Port [ hDir]:  wired=0; compound=0; hidden=1; nouse=1; global=1; static=1; extern=0; dir=2; type=0; pingpong=0; private_global=0; IO mode=ap_ovld:ce=0
---------------- STG Properties END ------------------

---------------- Datapath Model BEGIN ----------------

<LifeTime>
<method=bitvector/>
y                       (alloca           ) [ 01111]
boxVCoord_loc_0         (alloca           ) [ 01111]
boxHCoord_loc_0         (alloca           ) [ 01111]
colorFormat_val_read    (read             ) [ 00111]
icmp_ln1975             (icmp             ) [ 00000]
select_ln1975           (select           ) [ 00000]
whiYuv_2_addr           (getelementptr    ) [ 00100]
tmp_3                   (partselect       ) [ 00000]
icmp_ln1947             (icmp             ) [ 00100]
boxHCoord_load          (load             ) [ 00000]
boxVCoord_load          (load             ) [ 00000]
store_ln1894            (store            ) [ 00000]
store_ln1906            (store            ) [ 00000]
store_ln763             (store            ) [ 00000]
motionSpeed_val_read    (read             ) [ 00011]
boxColorB_val_read      (read             ) [ 00011]
boxColorG_val_read      (read             ) [ 00011]
boxColorR_val_read      (read             ) [ 00011]
boxSize_val_read        (read             ) [ 00011]
crossHairY_val_read     (read             ) [ 00011]
crossHairX_val_read     (read             ) [ 00011]
maskId_val_read         (read             ) [ 00011]
patternId_val_read      (read             ) [ 00011]
width_val_read          (read             ) [ 00011]
height_val_read         (read             ) [ 00011]
specstablecontent_ln0   (specstablecontent) [ 00000]
specstablecontent_ln0   (specstablecontent) [ 00000]
specstablecontent_ln0   (specstablecontent) [ 00000]
specstablecontent_ln0   (specstablecontent) [ 00000]
specstablecontent_ln0   (specstablecontent) [ 00000]
specstablecontent_ln0   (specstablecontent) [ 00000]
specstablecontent_ln0   (specstablecontent) [ 00000]
specstablecontent_ln0   (specstablecontent) [ 00000]
specstablecontent_ln0   (specstablecontent) [ 00000]
specstablecontent_ln0   (specstablecontent) [ 00000]
specstablecontent_ln0   (specstablecontent) [ 00000]
specstablecontent_ln0   (specstablecontent) [ 00000]
specinterface_ln0       (specinterface    ) [ 00000]
specinterface_ln0       (specinterface    ) [ 00000]
icmp_ln1974             (icmp             ) [ 00000]
select_ln1977           (select           ) [ 00011]
trunc_ln1989            (trunc            ) [ 00000]
and_ln1989              (and              ) [ 00011]
tmp                     (bitselect        ) [ 00000]
and_ln1991              (and              ) [ 00011]
tmp_2                   (bitselect        ) [ 00000]
and_ln1993              (and              ) [ 00011]
sub_ln1881              (sub              ) [ 00011]
sub_ln1882              (sub              ) [ 00011]
select_ln1947           (select           ) [ 00011]
shl_ln                  (bitconcatenate   ) [ 00011]
whiYuv_2_load           (load             ) [ 00011]
br_ln772                (br               ) [ 00000]
y_1                     (load             ) [ 00001]
icmp_ln772              (icmp             ) [ 00011]
y_2                     (add              ) [ 00000]
br_ln772                (br               ) [ 00000]
icmp_ln1963             (icmp             ) [ 00001]
store_ln763             (store            ) [ 00000]
ret_ln811               (ret              ) [ 00000]
speclooptripcount_ln763 (speclooptripcount) [ 00000]
specloopname_ln772      (specloopname     ) [ 00000]
call_ln1894             (call             ) [ 00000]
br_ln772                (br               ) [ 00000]
</LifeTime>

<model>

<comp_list>
<comp id="0" class="1000" name="bckgndYUV">
<pin_list>
<pin id="1" dir="1" index="0" bw="1" slack="0"/>
</pin_list>
<bind>
<StgValue><ssdm name="bckgndYUV"/></StgValue>
</bind>
</comp>

<comp id="2" class="1000" name="height_val">
<pin_list>
<pin id="3" dir="1" index="0" bw="1" slack="0"/>
</pin_list>
<bind>
<StgValue><ssdm name="height_val"/></StgValue>
</bind>
</comp>

<comp id="4" class="1000" name="width_val">
<pin_list>
<pin id="5" dir="1" index="0" bw="1" slack="0"/>
</pin_list>
<bind>
<StgValue><ssdm name="width_val"/></StgValue>
</bind>
</comp>

<comp id="6" class="1000" name="patternId_val">
<pin_list>
<pin id="7" dir="1" index="0" bw="1" slack="0"/>
</pin_list>
<bind>
<StgValue><ssdm name="patternId_val"/></StgValue>
</bind>
</comp>

<comp id="8" class="1000" name="maskId_val">
<pin_list>
<pin id="9" dir="1" index="0" bw="1" slack="0"/>
</pin_list>
<bind>
<StgValue><ssdm name="maskId_val"/></StgValue>
</bind>
</comp>

<comp id="10" class="1000" name="colorFormat_val">
<pin_list>
<pin id="11" dir="1" index="0" bw="1" slack="0"/>
</pin_list>
<bind>
<StgValue><ssdm name="colorFormat_val"/></StgValue>
</bind>
</comp>

<comp id="12" class="1000" name="crossHairX_val">
<pin_list>
<pin id="13" dir="1" index="0" bw="1" slack="0"/>
</pin_list>
<bind>
<StgValue><ssdm name="crossHairX_val"/></StgValue>
</bind>
</comp>

<comp id="14" class="1000" name="crossHairY_val">
<pin_list>
<pin id="15" dir="1" index="0" bw="1" slack="0"/>
</pin_list>
<bind>
<StgValue><ssdm name="crossHairY_val"/></StgValue>
</bind>
</comp>

<comp id="16" class="1000" name="boxSize_val">
<pin_list>
<pin id="17" dir="1" index="0" bw="1" slack="0"/>
</pin_list>
<bind>
<StgValue><ssdm name="boxSize_val"/></StgValue>
</bind>
</comp>

<comp id="18" class="1000" name="boxColorR_val">
<pin_list>
<pin id="19" dir="1" index="0" bw="1" slack="0"/>
</pin_list>
<bind>
<StgValue><ssdm name="boxColorR_val"/></StgValue>
</bind>
</comp>

<comp id="20" class="1000" name="boxColorG_val">
<pin_list>
<pin id="21" dir="1" index="0" bw="1" slack="0"/>
</pin_list>
<bind>
<StgValue><ssdm name="boxColorG_val"/></StgValue>
</bind>
</comp>

<comp id="22" class="1000" name="boxColorB_val">
<pin_list>
<pin id="23" dir="1" index="0" bw="1" slack="0"/>
</pin_list>
<bind>
<StgValue><ssdm name="boxColorB_val"/></StgValue>
</bind>
</comp>

<comp id="24" class="1000" name="motionSpeed_val">
<pin_list>
<pin id="25" dir="1" index="0" bw="1" slack="0"/>
</pin_list>
<bind>
<StgValue><ssdm name="motionSpeed_val"/></StgValue>
</bind>
</comp>

<comp id="26" class="1000" name="ovrlayYUV">
<pin_list>
<pin id="27" dir="1" index="0" bw="1" slack="0"/>
</pin_list>
<bind>
<StgValue><ssdm name="ovrlayYUV"/></StgValue>
</bind>
</comp>

<comp id="28" class="1000" name="whiYuv_2">
<pin_list>
<pin id="29" dir="1" index="0" bw="1" slack="0"/>
</pin_list>
<bind>
<StgValue><ssdm name="whiYuv_2"/><MemPortTyVec>1 </MemPortTyVec>
</StgValue>
</bind>
</comp>

<comp id="30" class="1000" name="boxHCoord">
<pin_list>
<pin id="31" dir="1" index="0" bw="1" slack="0"/>
</pin_list>
<bind>
<StgValue><ssdm name="boxHCoord"/></StgValue>
</bind>
</comp>

<comp id="32" class="1000" name="boxVCoord">
<pin_list>
<pin id="33" dir="1" index="0" bw="1" slack="0"/>
</pin_list>
<bind>
<StgValue><ssdm name="boxVCoord"/></StgValue>
</bind>
</comp>

<comp id="34" class="1000" name="vDir">
<pin_list>
<pin id="35" dir="1" index="0" bw="1" slack="0"/>
</pin_list>
<bind>
<StgValue><ssdm name="vDir"/></StgValue>
</bind>
</comp>

<comp id="36" class="1000" name="hDir">
<pin_list>
<pin id="37" dir="1" index="0" bw="1" slack="0"/>
</pin_list>
<bind>
<StgValue><ssdm name="hDir"/></StgValue>
</bind>
</comp>

<comp id="38" class="1001" name="const_38">
<pin_list>
<pin id="39" dir="1" index="0" bw="1" slack="0"/>
</pin_list>
<bind>
<StgValue><ssdm name=""/></StgValue>
</bind>
</comp>

<comp id="40" class="1001" name="const_40">
<pin_list>
<pin id="41" dir="1" index="0" bw="1" slack="0"/>
</pin_list>
<bind>
<StgValue><ssdm name="_ssdm_op_Read.ap_auto.i8"/></StgValue>
</bind>
</comp>

<comp id="42" class="1001" name="const_42">
<pin_list>
<pin id="43" dir="1" index="0" bw="1" slack="0"/>
</pin_list>
<bind>
<StgValue><ssdm name=""/></StgValue>
</bind>
</comp>

<comp id="44" class="1001" name="const_44">
<pin_list>
<pin id="45" dir="1" index="0" bw="1" slack="0"/>
</pin_list>
<bind>
<StgValue><ssdm name=""/></StgValue>
</bind>
</comp>

<comp id="46" class="1001" name="const_46">
<pin_list>
<pin id="47" dir="1" index="0" bw="1" slack="0"/>
</pin_list>
<bind>
<StgValue><ssdm name=""/></StgValue>
</bind>
</comp>

<comp id="48" class="1001" name="const_48">
<pin_list>
<pin id="49" dir="1" index="0" bw="1" slack="0"/>
</pin_list>
<bind>
<StgValue><ssdm name=""/></StgValue>
</bind>
</comp>

<comp id="50" class="1001" name="const_50">
<pin_list>
<pin id="51" dir="1" index="0" bw="1" slack="0"/>
</pin_list>
<bind>
<StgValue><ssdm name="_ssdm_op_PartSelect.i7.i8.i32.i32"/></StgValue>
</bind>
</comp>

<comp id="52" class="1001" name="const_52">
<pin_list>
<pin id="53" dir="1" index="0" bw="1" slack="0"/>
</pin_list>
<bind>
<StgValue><ssdm name=""/></StgValue>
</bind>
</comp>

<comp id="54" class="1001" name="const_54">
<pin_list>
<pin id="55" dir="1" index="0" bw="1" slack="0"/>
</pin_list>
<bind>
<StgValue><ssdm name=""/></StgValue>
</bind>
</comp>

<comp id="56" class="1001" name="const_56">
<pin_list>
<pin id="57" dir="1" index="0" bw="1" slack="0"/>
</pin_list>
<bind>
<StgValue><ssdm name=""/></StgValue>
</bind>
</comp>

<comp id="58" class="1001" name="const_58">
<pin_list>
<pin id="59" dir="1" index="0" bw="1" slack="0"/>
</pin_list>
<bind>
<StgValue><ssdm name="_ssdm_op_Read.ap_auto.i16"/></StgValue>
</bind>
</comp>

<comp id="60" class="1001" name="const_60">
<pin_list>
<pin id="61" dir="1" index="0" bw="1" slack="2147483647"/>
</pin_list>
<bind>
<StgValue><ssdm name="_ssdm_op_SpecStableContent"/></StgValue>
</bind>
</comp>

<comp id="62" class="1001" name="const_62">
<pin_list>
<pin id="63" dir="1" index="0" bw="1" slack="2147483647"/>
</pin_list>
<bind>
<StgValue><ssdm name=""/></StgValue>
</bind>
</comp>

<comp id="64" class="1001" name="const_64">
<pin_list>
<pin id="65" dir="1" index="0" bw="1" slack="2147483647"/>
</pin_list>
<bind>
<StgValue><ssdm name="p_str"/></StgValue>
</bind>
</comp>

<comp id="66" class="1001" name="const_66">
<pin_list>
<pin id="67" dir="1" index="0" bw="1" slack="2147483647"/>
</pin_list>
<bind>
<StgValue><ssdm name="_ssdm_op_SpecInterface"/></StgValue>
</bind>
</comp>

<comp id="68" class="1001" name="const_68">
<pin_list>
<pin id="69" dir="1" index="0" bw="1" slack="2147483647"/>
</pin_list>
<bind>
<StgValue><ssdm name="empty_35"/></StgValue>
</bind>
</comp>

<comp id="70" class="1001" name="const_70">
<pin_list>
<pin id="71" dir="1" index="0" bw="1" slack="2147483647"/>
</pin_list>
<bind>
<StgValue><ssdm name=""/></StgValue>
</bind>
</comp>

<comp id="72" class="1001" name="const_72">
<pin_list>
<pin id="73" dir="1" index="0" bw="1" slack="2147483647"/>
</pin_list>
<bind>
<StgValue><ssdm name="empty_15"/></StgValue>
</bind>
</comp>

<comp id="74" class="1001" name="const_74">
<pin_list>
<pin id="75" dir="1" index="0" bw="1" slack="2147483647"/>
</pin_list>
<bind>
<StgValue><ssdm name=""/></StgValue>
</bind>
</comp>

<comp id="76" class="1001" name="const_76">
<pin_list>
<pin id="77" dir="1" index="0" bw="1" slack="0"/>
</pin_list>
<bind>
<StgValue><ssdm name=""/></StgValue>
</bind>
</comp>

<comp id="78" class="1001" name="const_78">
<pin_list>
<pin id="79" dir="1" index="0" bw="1" slack="0"/>
</pin_list>
<bind>
<StgValue><ssdm name=""/></StgValue>
</bind>
</comp>

<comp id="80" class="1001" name="const_80">
<pin_list>
<pin id="81" dir="1" index="0" bw="1" slack="0"/>
</pin_list>
<bind>
<StgValue><ssdm name=""/></StgValue>
</bind>
</comp>

<comp id="82" class="1001" name="const_82">
<pin_list>
<pin id="83" dir="1" index="0" bw="1" slack="0"/>
</pin_list>
<bind>
<StgValue><ssdm name="_ssdm_op_BitSelect.i1.i8.i32"/></StgValue>
</bind>
</comp>

<comp id="84" class="1001" name="const_84">
<pin_list>
<pin id="85" dir="1" index="0" bw="1" slack="0"/>
</pin_list>
<bind>
<StgValue><ssdm name=""/></StgValue>
</bind>
</comp>

<comp id="86" class="1001" name="const_86">
<pin_list>
<pin id="87" dir="1" index="0" bw="1" slack="0"/>
</pin_list>
<bind>
<StgValue><ssdm name="_ssdm_op_BitConcatenate.i9.i8.i1"/></StgValue>
</bind>
</comp>

<comp id="88" class="1001" name="const_88">
<pin_list>
<pin id="89" dir="1" index="0" bw="1" slack="0"/>
</pin_list>
<bind>
<StgValue><ssdm name=""/></StgValue>
</bind>
</comp>

<comp id="90" class="1001" name="const_90">
<pin_list>
<pin id="91" dir="1" index="0" bw="1" slack="0"/>
</pin_list>
<bind>
<StgValue><ssdm name=""/></StgValue>
</bind>
</comp>

<comp id="92" class="1001" name="const_92">
<pin_list>
<pin id="93" dir="1" index="0" bw="1" slack="0"/>
</pin_list>
<bind>
<StgValue><ssdm name="tpgForeground_Pipeline_VITIS_LOOP_774_2"/></StgValue>
</bind>
</comp>

<comp id="94" class="1001" name="const_94">
<pin_list>
<pin id="95" dir="1" index="0" bw="1" slack="2147483647"/>
</pin_list>
<bind>
<StgValue><ssdm name="_ssdm_op_SpecLoopTripCount"/></StgValue>
</bind>
</comp>

<comp id="96" class="1001" name="const_96">
<pin_list>
<pin id="97" dir="1" index="0" bw="1" slack="2147483647"/>
</pin_list>
<bind>
<StgValue><ssdm name=""/></StgValue>
</bind>
</comp>

<comp id="98" class="1001" name="const_98">
<pin_list>
<pin id="99" dir="1" index="0" bw="1" slack="2147483647"/>
</pin_list>
<bind>
<StgValue><ssdm name=""/></StgValue>
</bind>
</comp>

<comp id="100" class="1001" name="const_100">
<pin_list>
<pin id="101" dir="1" index="0" bw="1" slack="2147483647"/>
</pin_list>
<bind>
<StgValue><ssdm name="_ssdm_op_SpecLoopName"/></StgValue>
</bind>
</comp>

<comp id="102" class="1001" name="const_102">
<pin_list>
<pin id="103" dir="1" index="0" bw="1" slack="2147483647"/>
</pin_list>
<bind>
<StgValue><ssdm name="empty_36"/></StgValue>
</bind>
</comp>

<comp id="104" class="1004" name="y_fu_104">
<pin_list>
<pin id="105" dir="0" index="0" bw="1" slack="0"/>
<pin id="106" dir="1" index="1" bw="16" slack="0"/>
</pin_list>
<bind>
<opcode="alloca(26) " fcode="alloca"/>
<opset="y/1 "/>
</bind>
</comp>

<comp id="108" class="1004" name="boxVCoord_loc_0_fu_108">
<pin_list>
<pin id="109" dir="0" index="0" bw="1" slack="0"/>
<pin id="110" dir="1" index="1" bw="16" slack="0"/>
</pin_list>
<bind>
<opcode="alloca(26) " fcode="alloca"/>
<opset="boxVCoord_loc_0/1 "/>
</bind>
</comp>

<comp id="112" class="1004" name="boxHCoord_loc_0_fu_112">
<pin_list>
<pin id="113" dir="0" index="0" bw="1" slack="0"/>
<pin id="114" dir="1" index="1" bw="16" slack="0"/>
</pin_list>
<bind>
<opcode="alloca(26) " fcode="alloca"/>
<opset="boxHCoord_loc_0/1 "/>
</bind>
</comp>

<comp id="116" class="1004" name="colorFormat_val_read_read_fu_116">
<pin_list>
<pin id="117" dir="0" index="0" bw="8" slack="0"/>
<pin id="118" dir="0" index="1" bw="8" slack="0"/>
<pin id="119" dir="1" index="2" bw="8" slack="0"/>
</pin_list>
<bind>
<opcode="read(1150) " fcode="read"/>
<opset="colorFormat_val_read/1 "/>
</bind>
</comp>

<comp id="122" class="1004" name="motionSpeed_val_read_read_fu_122">
<pin_list>
<pin id="123" dir="0" index="0" bw="8" slack="0"/>
<pin id="124" dir="0" index="1" bw="8" slack="0"/>
<pin id="125" dir="1" index="2" bw="8" slack="0"/>
</pin_list>
<bind>
<opcode="read(1150) " fcode="read"/>
<opset="motionSpeed_val_read/2 "/>
</bind>
</comp>

<comp id="128" class="1004" name="boxColorB_val_read_read_fu_128">
<pin_list>
<pin id="129" dir="0" index="0" bw="8" slack="0"/>
<pin id="130" dir="0" index="1" bw="8" slack="0"/>
<pin id="131" dir="1" index="2" bw="8" slack="0"/>
</pin_list>
<bind>
<opcode="read(1150) " fcode="read"/>
<opset="boxColorB_val_read/2 "/>
</bind>
</comp>

<comp id="134" class="1004" name="boxColorG_val_read_read_fu_134">
<pin_list>
<pin id="135" dir="0" index="0" bw="8" slack="0"/>
<pin id="136" dir="0" index="1" bw="8" slack="0"/>
<pin id="137" dir="1" index="2" bw="8" slack="0"/>
</pin_list>
<bind>
<opcode="read(1150) " fcode="read"/>
<opset="boxColorG_val_read/2 "/>
</bind>
</comp>

<comp id="140" class="1004" name="boxColorR_val_read_read_fu_140">
<pin_list>
<pin id="141" dir="0" index="0" bw="8" slack="0"/>
<pin id="142" dir="0" index="1" bw="8" slack="0"/>
<pin id="143" dir="1" index="2" bw="8" slack="1"/>
</pin_list>
<bind>
<opcode="read(1150) " fcode="read"/>
<opset="boxColorR_val_read/2 "/>
</bind>
</comp>

<comp id="146" class="1004" name="boxSize_val_read_read_fu_146">
<pin_list>
<pin id="147" dir="0" index="0" bw="16" slack="0"/>
<pin id="148" dir="0" index="1" bw="16" slack="0"/>
<pin id="149" dir="1" index="2" bw="16" slack="0"/>
</pin_list>
<bind>
<opcode="read(1150) " fcode="read"/>
<opset="boxSize_val_read/2 "/>
</bind>
</comp>

<comp id="152" class="1004" name="crossHairY_val_read_read_fu_152">
<pin_list>
<pin id="153" dir="0" index="0" bw="16" slack="0"/>
<pin id="154" dir="0" index="1" bw="16" slack="0"/>
<pin id="155" dir="1" index="2" bw="16" slack="1"/>
</pin_list>
<bind>
<opcode="read(1150) " fcode="read"/>
<opset="crossHairY_val_read/2 "/>
</bind>
</comp>

<comp id="158" class="1004" name="crossHairX_val_read_read_fu_158">
<pin_list>
<pin id="159" dir="0" index="0" bw="16" slack="0"/>
<pin id="160" dir="0" index="1" bw="16" slack="0"/>
<pin id="161" dir="1" index="2" bw="16" slack="1"/>
</pin_list>
<bind>
<opcode="read(1150) " fcode="read"/>
<opset="crossHairX_val_read/2 "/>
</bind>
</comp>

<comp id="164" class="1004" name="maskId_val_read_read_fu_164">
<pin_list>
<pin id="165" dir="0" index="0" bw="8" slack="0"/>
<pin id="166" dir="0" index="1" bw="8" slack="0"/>
<pin id="167" dir="1" index="2" bw="8" slack="0"/>
</pin_list>
<bind>
<opcode="read(1150) " fcode="read"/>
<opset="maskId_val_read/2 "/>
</bind>
</comp>

<comp id="170" class="1004" name="patternId_val_read_read_fu_170">
<pin_list>
<pin id="171" dir="0" index="0" bw="8" slack="0"/>
<pin id="172" dir="0" index="1" bw="8" slack="0"/>
<pin id="173" dir="1" index="2" bw="8" slack="1"/>
</pin_list>
<bind>
<opcode="read(1150) " fcode="read"/>
<opset="patternId_val_read/2 "/>
</bind>
</comp>

<comp id="176" class="1004" name="width_val_read_read_fu_176">
<pin_list>
<pin id="177" dir="0" index="0" bw="16" slack="0"/>
<pin id="178" dir="0" index="1" bw="16" slack="0"/>
<pin id="179" dir="1" index="2" bw="16" slack="0"/>
</pin_list>
<bind>
<opcode="read(1150) " fcode="read"/>
<opset="width_val_read/2 "/>
</bind>
</comp>

<comp id="182" class="1004" name="height_val_read_read_fu_182">
<pin_list>
<pin id="183" dir="0" index="0" bw="16" slack="0"/>
<pin id="184" dir="0" index="1" bw="16" slack="0"/>
<pin id="185" dir="1" index="2" bw="16" slack="0"/>
</pin_list>
<bind>
<opcode="read(1150) " fcode="read"/>
<opset="height_val_read/2 "/>
</bind>
</comp>

<comp id="188" class="1004" name="whiYuv_2_addr_gep_fu_188">
<pin_list>
<pin id="189" dir="0" index="0" bw="8" slack="0"/>
<pin id="190" dir="0" index="1" bw="1" slack="0"/>
<pin id="191" dir="0" index="2" bw="3" slack="0"/>
<pin id="192" dir="1" index="3" bw="2" slack="0"/>
</pin_list>
<bind>
<opcode="getelementptr(29) " fcode="getelementptr"/>
<opset="whiYuv_2_addr/1 "/>
</bind>
</comp>

<comp id="195" class="1004" name="grp_access_fu_195">
<pin_list>
<pin id="196" dir="0" index="0" bw="2" slack="0"/>
<pin id="197" dir="0" index="1" bw="8" slack="2147483647"/>
<pin id="198" dir="0" index="2" bw="0" slack="2147483647"/>
<pin id="199" dir="1" index="3" bw="8" slack="1"/>
</pin_list>
<bind>
<opcode="load(27) " fcode="load"/>
<opset="whiYuv_2_load/1 "/>
</bind>
</comp>

<comp id="201" class="1004" name="grp_tpgForeground_Pipeline_VITIS_LOOP_774_2_fu_201">
<pin_list>
<pin id="202" dir="0" index="0" bw="0" slack="0"/>
<pin id="203" dir="0" index="1" bw="8" slack="2"/>
<pin id="204" dir="0" index="2" bw="9" slack="1"/>
<pin id="205" dir="0" index="3" bw="8" slack="1"/>
<pin id="206" dir="0" index="4" bw="16" slack="1"/>
<pin id="207" dir="0" index="5" bw="8" slack="1"/>
<pin id="208" dir="0" index="6" bw="1" slack="1"/>
<pin id="209" dir="0" index="7" bw="1" slack="1"/>
<pin id="210" dir="0" index="8" bw="1" slack="1"/>
<pin id="211" dir="0" index="9" bw="48" slack="0"/>
<pin id="212" dir="0" index="10" bw="48" slack="0"/>
<pin id="213" dir="0" index="11" bw="8" slack="1"/>
<pin id="214" dir="0" index="12" bw="16" slack="1"/>
<pin id="215" dir="0" index="13" bw="16" slack="0"/>
<pin id="216" dir="0" index="14" bw="8" slack="1"/>
<pin id="217" dir="0" index="15" bw="8" slack="1"/>
<pin id="218" dir="0" index="16" bw="8" slack="1"/>
<pin id="219" dir="0" index="17" bw="8" slack="1"/>
<pin id="220" dir="0" index="18" bw="16" slack="1"/>
<pin id="221" dir="0" index="19" bw="8" slack="1"/>
<pin id="222" dir="0" index="20" bw="16" slack="1"/>
<pin id="223" dir="0" index="21" bw="16" slack="1"/>
<pin id="224" dir="0" index="22" bw="1" slack="0"/>
<pin id="225" dir="0" index="23" bw="16" slack="1"/>
<pin id="226" dir="0" index="24" bw="8" slack="1"/>
<pin id="227" dir="0" index="25" bw="16" slack="2"/>
<pin id="228" dir="0" index="26" bw="16" slack="2"/>
<pin id="229" dir="0" index="27" bw="16" slack="0"/>
<pin id="230" dir="0" index="28" bw="1" slack="0"/>
<pin id="231" dir="0" index="29" bw="16" slack="0"/>
<pin id="232" dir="0" index="30" bw="1" slack="0"/>
<pin id="233" dir="1" index="31" bw="0" slack="2147483647"/>
</pin_list>
<bind>
<opcode="call(48) " fcode="call"/>
<opset="call_ln1894/3 "/>
</bind>
</comp>

<comp id="241" class="1004" name="icmp_ln1975_fu_241">
<pin_list>
<pin id="242" dir="0" index="0" bw="8" slack="0"/>
<pin id="243" dir="0" index="1" bw="8" slack="0"/>
<pin id="244" dir="1" index="2" bw="1" slack="0"/>
</pin_list>
<bind>
<opcode="icmp(45) " fcode="icmp"/>
<opset="icmp_ln1975/1 "/>
</bind>
</comp>

<comp id="247" class="1004" name="select_ln1975_fu_247">
<pin_list>
<pin id="248" dir="0" index="0" bw="1" slack="0"/>
<pin id="249" dir="0" index="1" bw="64" slack="0"/>
<pin id="250" dir="0" index="2" bw="64" slack="0"/>
<pin id="251" dir="1" index="3" bw="64" slack="0"/>
</pin_list>
<bind>
<opcode="select(49) " fcode="select"/>
<opset="select_ln1975/1 "/>
</bind>
</comp>

<comp id="256" class="1004" name="tmp_3_fu_256">
<pin_list>
<pin id="257" dir="0" index="0" bw="7" slack="0"/>
<pin id="258" dir="0" index="1" bw="8" slack="0"/>
<pin id="259" dir="0" index="2" bw="1" slack="0"/>
<pin id="260" dir="0" index="3" bw="4" slack="0"/>
<pin id="261" dir="1" index="4" bw="7" slack="0"/>
</pin_list>
<bind>
<opcode="partselect(1002) " fcode="partselect"/>
<opset="tmp_3/1 "/>
</bind>
</comp>

<comp id="266" class="1004" name="icmp_ln1947_fu_266">
<pin_list>
<pin id="267" dir="0" index="0" bw="7" slack="0"/>
<pin id="268" dir="0" index="1" bw="7" slack="0"/>
<pin id="269" dir="1" index="2" bw="1" slack="1"/>
</pin_list>
<bind>
<opcode="icmp(45) " fcode="icmp"/>
<opset="icmp_ln1947/1 "/>
</bind>
</comp>

<comp id="272" class="1004" name="boxHCoord_load_load_fu_272">
<pin_list>
<pin id="273" dir="0" index="0" bw="16" slack="0"/>
<pin id="274" dir="1" index="1" bw="16" slack="0"/>
</pin_list>
<bind>
<opcode="load(27) " fcode="load"/>
<opset="boxHCoord_load/1 "/>
</bind>
</comp>

<comp id="276" class="1004" name="boxVCoord_load_load_fu_276">
<pin_list>
<pin id="277" dir="0" index="0" bw="16" slack="0"/>
<pin id="278" dir="1" index="1" bw="16" slack="0"/>
</pin_list>
<bind>
<opcode="load(27) " fcode="load"/>
<opset="boxVCoord_load/1 "/>
</bind>
</comp>

<comp id="280" class="1004" name="store_ln1894_store_fu_280">
<pin_list>
<pin id="281" dir="0" index="0" bw="16" slack="0"/>
<pin id="282" dir="0" index="1" bw="16" slack="0"/>
<pin id="283" dir="1" index="2" bw="0" slack="2147483647"/>
</pin_list>
<bind>
<opcode="store(28) " fcode="store"/>
<opset="store_ln1894/1 "/>
</bind>
</comp>

<comp id="285" class="1004" name="store_ln1906_store_fu_285">
<pin_list>
<pin id="286" dir="0" index="0" bw="16" slack="0"/>
<pin id="287" dir="0" index="1" bw="16" slack="0"/>
<pin id="288" dir="1" index="2" bw="0" slack="2147483647"/>
</pin_list>
<bind>
<opcode="store(28) " fcode="store"/>
<opset="store_ln1906/1 "/>
</bind>
</comp>

<comp id="290" class="1004" name="store_ln763_store_fu_290">
<pin_list>
<pin id="291" dir="0" index="0" bw="1" slack="0"/>
<pin id="292" dir="0" index="1" bw="16" slack="0"/>
<pin id="293" dir="1" index="2" bw="0" slack="2147483647"/>
</pin_list>
<bind>
<opcode="store(28) " fcode="store"/>
<opset="store_ln763/1 "/>
</bind>
</comp>

<comp id="295" class="1004" name="icmp_ln1974_fu_295">
<pin_list>
<pin id="296" dir="0" index="0" bw="8" slack="1"/>
<pin id="297" dir="0" index="1" bw="8" slack="0"/>
<pin id="298" dir="1" index="2" bw="1" slack="0"/>
</pin_list>
<bind>
<opcode="icmp(45) " fcode="icmp"/>
<opset="icmp_ln1974/2 "/>
</bind>
</comp>

<comp id="300" class="1004" name="select_ln1977_fu_300">
<pin_list>
<pin id="301" dir="0" index="0" bw="1" slack="0"/>
<pin id="302" dir="0" index="1" bw="8" slack="0"/>
<pin id="303" dir="0" index="2" bw="8" slack="0"/>
<pin id="304" dir="1" index="3" bw="8" slack="1"/>
</pin_list>
<bind>
<opcode="select(49) " fcode="select"/>
<opset="select_ln1977/2 "/>
</bind>
</comp>

<comp id="308" class="1004" name="trunc_ln1989_fu_308">
<pin_list>
<pin id="309" dir="0" index="0" bw="8" slack="0"/>
<pin id="310" dir="1" index="1" bw="1" slack="0"/>
</pin_list>
<bind>
<opcode="trunc(33) " fcode="trunc"/>
<opset="trunc_ln1989/2 "/>
</bind>
</comp>

<comp id="312" class="1004" name="and_ln1989_fu_312">
<pin_list>
<pin id="313" dir="0" index="0" bw="1" slack="0"/>
<pin id="314" dir="0" index="1" bw="1" slack="0"/>
<pin id="315" dir="1" index="2" bw="1" slack="1"/>
</pin_list>
<bind>
<opcode="and(23) " fcode="and"/>
<opset="and_ln1989/2 "/>
</bind>
</comp>

<comp id="318" class="1004" name="tmp_fu_318">
<pin_list>
<pin id="319" dir="0" index="0" bw="1" slack="0"/>
<pin id="320" dir="0" index="1" bw="8" slack="0"/>
<pin id="321" dir="0" index="2" bw="1" slack="0"/>
<pin id="322" dir="1" index="3" bw="1" slack="0"/>
</pin_list>
<bind>
<opcode="bitselect(1000) " fcode="bitselect"/>
<opset="tmp/2 "/>
</bind>
</comp>

<comp id="326" class="1004" name="and_ln1991_fu_326">
<pin_list>
<pin id="327" dir="0" index="0" bw="1" slack="0"/>
<pin id="328" dir="0" index="1" bw="1" slack="0"/>
<pin id="329" dir="1" index="2" bw="1" slack="1"/>
</pin_list>
<bind>
<opcode="and(23) " fcode="and"/>
<opset="and_ln1991/2 "/>
</bind>
</comp>

<comp id="332" class="1004" name="tmp_2_fu_332">
<pin_list>
<pin id="333" dir="0" index="0" bw="1" slack="0"/>
<pin id="334" dir="0" index="1" bw="8" slack="0"/>
<pin id="335" dir="0" index="2" bw="3" slack="0"/>
<pin id="336" dir="1" index="3" bw="1" slack="0"/>
</pin_list>
<bind>
<opcode="bitselect(1000) " fcode="bitselect"/>
<opset="tmp_2/2 "/>
</bind>
</comp>

<comp id="340" class="1004" name="and_ln1993_fu_340">
<pin_list>
<pin id="341" dir="0" index="0" bw="1" slack="0"/>
<pin id="342" dir="0" index="1" bw="1" slack="0"/>
<pin id="343" dir="1" index="2" bw="1" slack="1"/>
</pin_list>
<bind>
<opcode="and(23) " fcode="and"/>
<opset="and_ln1993/2 "/>
</bind>
</comp>

<comp id="346" class="1004" name="sub_ln1881_fu_346">
<pin_list>
<pin id="347" dir="0" index="0" bw="16" slack="0"/>
<pin id="348" dir="0" index="1" bw="16" slack="0"/>
<pin id="349" dir="1" index="2" bw="16" slack="1"/>
</pin_list>
<bind>
<opcode="sub(10) " fcode="sub"/>
<opset="sub_ln1881/2 "/>
</bind>
</comp>

<comp id="352" class="1004" name="sub_ln1882_fu_352">
<pin_list>
<pin id="353" dir="0" index="0" bw="16" slack="0"/>
<pin id="354" dir="0" index="1" bw="16" slack="0"/>
<pin id="355" dir="1" index="2" bw="16" slack="1"/>
</pin_list>
<bind>
<opcode="sub(10) " fcode="sub"/>
<opset="sub_ln1882/2 "/>
</bind>
</comp>

<comp id="358" class="1004" name="select_ln1947_fu_358">
<pin_list>
<pin id="359" dir="0" index="0" bw="1" slack="1"/>
<pin id="360" dir="0" index="1" bw="8" slack="0"/>
<pin id="361" dir="0" index="2" bw="8" slack="0"/>
<pin id="362" dir="1" index="3" bw="8" slack="1"/>
</pin_list>
<bind>
<opcode="select(49) " fcode="select"/>
<opset="select_ln1947/2 "/>
</bind>
</comp>

<comp id="365" class="1004" name="shl_ln_fu_365">
<pin_list>
<pin id="366" dir="0" index="0" bw="9" slack="0"/>
<pin id="367" dir="0" index="1" bw="8" slack="0"/>
<pin id="368" dir="0" index="2" bw="1" slack="0"/>
<pin id="369" dir="1" index="3" bw="9" slack="1"/>
</pin_list>
<bind>
<opcode="bitconcatenate(1004) " fcode="bitconcatenate"/>
<opset="shl_ln/2 "/>
</bind>
</comp>

<comp id="373" class="1004" name="y_1_load_fu_373">
<pin_list>
<pin id="374" dir="0" index="0" bw="16" slack="2"/>
<pin id="375" dir="1" index="1" bw="16" slack="0"/>
</pin_list>
<bind>
<opcode="load(27) " fcode="load"/>
<opset="y_1/3 "/>
</bind>
</comp>

<comp id="377" class="1004" name="icmp_ln772_fu_377">
<pin_list>
<pin id="378" dir="0" index="0" bw="16" slack="0"/>
<pin id="379" dir="0" index="1" bw="16" slack="1"/>
<pin id="380" dir="1" index="2" bw="1" slack="2147483647"/>
</pin_list>
<bind>
<opcode="icmp(45) " fcode="icmp"/>
<opset="icmp_ln772/3 "/>
</bind>
</comp>

<comp id="382" class="1004" name="y_2_fu_382">
<pin_list>
<pin id="383" dir="0" index="0" bw="16" slack="0"/>
<pin id="384" dir="0" index="1" bw="1" slack="0"/>
<pin id="385" dir="1" index="2" bw="16" slack="0"/>
</pin_list>
<bind>
<opcode="add(8) " fcode="add"/>
<opset="y_2/3 "/>
</bind>
</comp>

<comp id="388" class="1004" name="icmp_ln1963_fu_388">
<pin_list>
<pin id="389" dir="0" index="0" bw="16" slack="0"/>
<pin id="390" dir="0" index="1" bw="16" slack="1"/>
<pin id="391" dir="1" index="2" bw="1" slack="0"/>
</pin_list>
<bind>
<opcode="icmp(45) " fcode="icmp"/>
<opset="icmp_ln1963/3 "/>
</bind>
</comp>

<comp id="394" class="1004" name="store_ln763_store_fu_394">
<pin_list>
<pin id="395" dir="0" index="0" bw="16" slack="0"/>
<pin id="396" dir="0" index="1" bw="16" slack="2"/>
<pin id="397" dir="1" index="2" bw="0" slack="2147483647"/>
</pin_list>
<bind>
<opcode="store(28) " fcode="store"/>
<opset="store_ln763/3 "/>
</bind>
</comp>

<comp id="399" class="1005" name="y_reg_399">
<pin_list>
<pin id="400" dir="0" index="0" bw="16" slack="0"/>
<pin id="401" dir="1" index="1" bw="16" slack="0"/>
</pin_list>
<bind>
<opset="y "/>
</bind>
</comp>

<comp id="406" class="1005" name="boxVCoord_loc_0_reg_406">
<pin_list>
<pin id="407" dir="0" index="0" bw="16" slack="0"/>
<pin id="408" dir="1" index="1" bw="16" slack="0"/>
</pin_list>
<bind>
<opset="boxVCoord_loc_0 "/>
</bind>
</comp>

<comp id="412" class="1005" name="boxHCoord_loc_0_reg_412">
<pin_list>
<pin id="413" dir="0" index="0" bw="16" slack="0"/>
<pin id="414" dir="1" index="1" bw="16" slack="0"/>
</pin_list>
<bind>
<opset="boxHCoord_loc_0 "/>
</bind>
</comp>

<comp id="418" class="1005" name="colorFormat_val_read_reg_418">
<pin_list>
<pin id="419" dir="0" index="0" bw="8" slack="1"/>
<pin id="420" dir="1" index="1" bw="8" slack="1"/>
</pin_list>
<bind>
<opset="colorFormat_val_read "/>
</bind>
</comp>

<comp id="424" class="1005" name="whiYuv_2_addr_reg_424">
<pin_list>
<pin id="425" dir="0" index="0" bw="2" slack="1"/>
<pin id="426" dir="1" index="1" bw="2" slack="1"/>
</pin_list>
<bind>
<opset="whiYuv_2_addr "/>
</bind>
</comp>

<comp id="429" class="1005" name="icmp_ln1947_reg_429">
<pin_list>
<pin id="430" dir="0" index="0" bw="1" slack="1"/>
<pin id="431" dir="1" index="1" bw="1" slack="1"/>
</pin_list>
<bind>
<opset="icmp_ln1947 "/>
</bind>
</comp>

<comp id="434" class="1005" name="motionSpeed_val_read_reg_434">
<pin_list>
<pin id="435" dir="0" index="0" bw="8" slack="1"/>
<pin id="436" dir="1" index="1" bw="8" slack="1"/>
</pin_list>
<bind>
<opset="motionSpeed_val_read "/>
</bind>
</comp>

<comp id="439" class="1005" name="boxColorB_val_read_reg_439">
<pin_list>
<pin id="440" dir="0" index="0" bw="8" slack="1"/>
<pin id="441" dir="1" index="1" bw="8" slack="1"/>
</pin_list>
<bind>
<opset="boxColorB_val_read "/>
</bind>
</comp>

<comp id="444" class="1005" name="boxColorG_val_read_reg_444">
<pin_list>
<pin id="445" dir="0" index="0" bw="8" slack="1"/>
<pin id="446" dir="1" index="1" bw="8" slack="1"/>
</pin_list>
<bind>
<opset="boxColorG_val_read "/>
</bind>
</comp>

<comp id="449" class="1005" name="boxColorR_val_read_reg_449">
<pin_list>
<pin id="450" dir="0" index="0" bw="8" slack="1"/>
<pin id="451" dir="1" index="1" bw="8" slack="1"/>
</pin_list>
<bind>
<opset="boxColorR_val_read "/>
</bind>
</comp>

<comp id="454" class="1005" name="boxSize_val_read_reg_454">
<pin_list>
<pin id="455" dir="0" index="0" bw="16" slack="1"/>
<pin id="456" dir="1" index="1" bw="16" slack="1"/>
</pin_list>
<bind>
<opset="boxSize_val_read "/>
</bind>
</comp>

<comp id="459" class="1005" name="crossHairY_val_read_reg_459">
<pin_list>
<pin id="460" dir="0" index="0" bw="16" slack="1"/>
<pin id="461" dir="1" index="1" bw="16" slack="1"/>
</pin_list>
<bind>
<opset="crossHairY_val_read "/>
</bind>
</comp>

<comp id="464" class="1005" name="crossHairX_val_read_reg_464">
<pin_list>
<pin id="465" dir="0" index="0" bw="16" slack="1"/>
<pin id="466" dir="1" index="1" bw="16" slack="1"/>
</pin_list>
<bind>
<opset="crossHairX_val_read "/>
</bind>
</comp>

<comp id="470" class="1005" name="maskId_val_read_reg_470">
<pin_list>
<pin id="471" dir="0" index="0" bw="8" slack="1"/>
<pin id="472" dir="1" index="1" bw="8" slack="1"/>
</pin_list>
<bind>
<opset="maskId_val_read "/>
</bind>
</comp>

<comp id="475" class="1005" name="patternId_val_read_reg_475">
<pin_list>
<pin id="476" dir="0" index="0" bw="8" slack="1"/>
<pin id="477" dir="1" index="1" bw="8" slack="1"/>
</pin_list>
<bind>
<opset="patternId_val_read "/>
</bind>
</comp>

<comp id="480" class="1005" name="width_val_read_reg_480">
<pin_list>
<pin id="481" dir="0" index="0" bw="16" slack="1"/>
<pin id="482" dir="1" index="1" bw="16" slack="1"/>
</pin_list>
<bind>
<opset="width_val_read "/>
</bind>
</comp>

<comp id="485" class="1005" name="height_val_read_reg_485">
<pin_list>
<pin id="486" dir="0" index="0" bw="16" slack="1"/>
<pin id="487" dir="1" index="1" bw="16" slack="1"/>
</pin_list>
<bind>
<opset="height_val_read "/>
</bind>
</comp>

<comp id="490" class="1005" name="select_ln1977_reg_490">
<pin_list>
<pin id="491" dir="0" index="0" bw="8" slack="1"/>
<pin id="492" dir="1" index="1" bw="8" slack="1"/>
</pin_list>
<bind>
<opset="select_ln1977 "/>
</bind>
</comp>

<comp id="495" class="1005" name="and_ln1989_reg_495">
<pin_list>
<pin id="496" dir="0" index="0" bw="1" slack="1"/>
<pin id="497" dir="1" index="1" bw="1" slack="1"/>
</pin_list>
<bind>
<opset="and_ln1989 "/>
</bind>
</comp>

<comp id="500" class="1005" name="and_ln1991_reg_500">
<pin_list>
<pin id="501" dir="0" index="0" bw="1" slack="1"/>
<pin id="502" dir="1" index="1" bw="1" slack="1"/>
</pin_list>
<bind>
<opset="and_ln1991 "/>
</bind>
</comp>

<comp id="505" class="1005" name="and_ln1993_reg_505">
<pin_list>
<pin id="506" dir="0" index="0" bw="1" slack="1"/>
<pin id="507" dir="1" index="1" bw="1" slack="1"/>
</pin_list>
<bind>
<opset="and_ln1993 "/>
</bind>
</comp>

<comp id="510" class="1005" name="sub_ln1881_reg_510">
<pin_list>
<pin id="511" dir="0" index="0" bw="16" slack="1"/>
<pin id="512" dir="1" index="1" bw="16" slack="1"/>
</pin_list>
<bind>
<opset="sub_ln1881 "/>
</bind>
</comp>

<comp id="515" class="1005" name="sub_ln1882_reg_515">
<pin_list>
<pin id="516" dir="0" index="0" bw="16" slack="1"/>
<pin id="517" dir="1" index="1" bw="16" slack="1"/>
</pin_list>
<bind>
<opset="sub_ln1882 "/>
</bind>
</comp>

<comp id="520" class="1005" name="select_ln1947_reg_520">
<pin_list>
<pin id="521" dir="0" index="0" bw="8" slack="1"/>
<pin id="522" dir="1" index="1" bw="8" slack="1"/>
</pin_list>
<bind>
<opset="select_ln1947 "/>
</bind>
</comp>

<comp id="525" class="1005" name="shl_ln_reg_525">
<pin_list>
<pin id="526" dir="0" index="0" bw="9" slack="1"/>
<pin id="527" dir="1" index="1" bw="9" slack="1"/>
</pin_list>
<bind>
<opset="shl_ln "/>
</bind>
</comp>

<comp id="530" class="1005" name="whiYuv_2_load_reg_530">
<pin_list>
<pin id="531" dir="0" index="0" bw="8" slack="1"/>
<pin id="532" dir="1" index="1" bw="8" slack="1"/>
</pin_list>
<bind>
<opset="whiYuv_2_load "/>
</bind>
</comp>

<comp id="535" class="1005" name="y_1_reg_535">
<pin_list>
<pin id="536" dir="0" index="0" bw="16" slack="1"/>
<pin id="537" dir="1" index="1" bw="16" slack="1"/>
</pin_list>
<bind>
<opset="y_1 "/>
</bind>
</comp>

<comp id="543" class="1005" name="icmp_ln1963_reg_543">
<pin_list>
<pin id="544" dir="0" index="0" bw="1" slack="1"/>
<pin id="545" dir="1" index="1" bw="1" slack="1"/>
</pin_list>
<bind>
<opset="icmp_ln1963 "/>
</bind>
</comp>

</comp_list>

<net_list>
<net id="107"><net_src comp="38" pin="0"/><net_sink comp="104" pin=0"/></net>

<net id="111"><net_src comp="38" pin="0"/><net_sink comp="108" pin=0"/></net>

<net id="115"><net_src comp="38" pin="0"/><net_sink comp="112" pin=0"/></net>

<net id="120"><net_src comp="40" pin="0"/><net_sink comp="116" pin=0"/></net>

<net id="121"><net_src comp="10" pin="0"/><net_sink comp="116" pin=1"/></net>

<net id="126"><net_src comp="40" pin="0"/><net_sink comp="122" pin=0"/></net>

<net id="127"><net_src comp="24" pin="0"/><net_sink comp="122" pin=1"/></net>

<net id="132"><net_src comp="40" pin="0"/><net_sink comp="128" pin=0"/></net>

<net id="133"><net_src comp="22" pin="0"/><net_sink comp="128" pin=1"/></net>

<net id="138"><net_src comp="40" pin="0"/><net_sink comp="134" pin=0"/></net>

<net id="139"><net_src comp="20" pin="0"/><net_sink comp="134" pin=1"/></net>

<net id="144"><net_src comp="40" pin="0"/><net_sink comp="140" pin=0"/></net>

<net id="145"><net_src comp="18" pin="0"/><net_sink comp="140" pin=1"/></net>

<net id="150"><net_src comp="58" pin="0"/><net_sink comp="146" pin=0"/></net>

<net id="151"><net_src comp="16" pin="0"/><net_sink comp="146" pin=1"/></net>

<net id="156"><net_src comp="58" pin="0"/><net_sink comp="152" pin=0"/></net>

<net id="157"><net_src comp="14" pin="0"/><net_sink comp="152" pin=1"/></net>

<net id="162"><net_src comp="58" pin="0"/><net_sink comp="158" pin=0"/></net>

<net id="163"><net_src comp="12" pin="0"/><net_sink comp="158" pin=1"/></net>

<net id="168"><net_src comp="40" pin="0"/><net_sink comp="164" pin=0"/></net>

<net id="169"><net_src comp="8" pin="0"/><net_sink comp="164" pin=1"/></net>

<net id="174"><net_src comp="40" pin="0"/><net_sink comp="170" pin=0"/></net>

<net id="175"><net_src comp="6" pin="0"/><net_sink comp="170" pin=1"/></net>

<net id="180"><net_src comp="58" pin="0"/><net_sink comp="176" pin=0"/></net>

<net id="181"><net_src comp="4" pin="0"/><net_sink comp="176" pin=1"/></net>

<net id="186"><net_src comp="58" pin="0"/><net_sink comp="182" pin=0"/></net>

<net id="187"><net_src comp="2" pin="0"/><net_sink comp="182" pin=1"/></net>

<net id="193"><net_src comp="28" pin="0"/><net_sink comp="188" pin=0"/></net>

<net id="194"><net_src comp="48" pin="0"/><net_sink comp="188" pin=1"/></net>

<net id="200"><net_src comp="188" pin="3"/><net_sink comp="195" pin=0"/></net>

<net id="234"><net_src comp="92" pin="0"/><net_sink comp="201" pin=0"/></net>

<net id="235"><net_src comp="26" pin="0"/><net_sink comp="201" pin=9"/></net>

<net id="236"><net_src comp="0" pin="0"/><net_sink comp="201" pin=10"/></net>

<net id="237"><net_src comp="32" pin="0"/><net_sink comp="201" pin=27"/></net>

<net id="238"><net_src comp="34" pin="0"/><net_sink comp="201" pin=28"/></net>

<net id="239"><net_src comp="30" pin="0"/><net_sink comp="201" pin=29"/></net>

<net id="240"><net_src comp="36" pin="0"/><net_sink comp="201" pin=30"/></net>

<net id="245"><net_src comp="116" pin="2"/><net_sink comp="241" pin=0"/></net>

<net id="246"><net_src comp="42" pin="0"/><net_sink comp="241" pin=1"/></net>

<net id="252"><net_src comp="241" pin="2"/><net_sink comp="247" pin=0"/></net>

<net id="253"><net_src comp="44" pin="0"/><net_sink comp="247" pin=1"/></net>

<net id="254"><net_src comp="46" pin="0"/><net_sink comp="247" pin=2"/></net>

<net id="255"><net_src comp="247" pin="3"/><net_sink comp="188" pin=2"/></net>

<net id="262"><net_src comp="50" pin="0"/><net_sink comp="256" pin=0"/></net>

<net id="263"><net_src comp="116" pin="2"/><net_sink comp="256" pin=1"/></net>

<net id="264"><net_src comp="38" pin="0"/><net_sink comp="256" pin=2"/></net>

<net id="265"><net_src comp="52" pin="0"/><net_sink comp="256" pin=3"/></net>

<net id="270"><net_src comp="256" pin="4"/><net_sink comp="266" pin=0"/></net>

<net id="271"><net_src comp="54" pin="0"/><net_sink comp="266" pin=1"/></net>

<net id="275"><net_src comp="30" pin="0"/><net_sink comp="272" pin=0"/></net>

<net id="279"><net_src comp="32" pin="0"/><net_sink comp="276" pin=0"/></net>

<net id="284"><net_src comp="272" pin="1"/><net_sink comp="280" pin=0"/></net>

<net id="289"><net_src comp="276" pin="1"/><net_sink comp="285" pin=0"/></net>

<net id="294"><net_src comp="56" pin="0"/><net_sink comp="290" pin=0"/></net>

<net id="299"><net_src comp="76" pin="0"/><net_sink comp="295" pin=1"/></net>

<net id="305"><net_src comp="295" pin="2"/><net_sink comp="300" pin=0"/></net>

<net id="306"><net_src comp="78" pin="0"/><net_sink comp="300" pin=1"/></net>

<net id="307"><net_src comp="80" pin="0"/><net_sink comp="300" pin=2"/></net>

<net id="311"><net_src comp="164" pin="2"/><net_sink comp="308" pin=0"/></net>

<net id="316"><net_src comp="295" pin="2"/><net_sink comp="312" pin=0"/></net>

<net id="317"><net_src comp="308" pin="1"/><net_sink comp="312" pin=1"/></net>

<net id="323"><net_src comp="82" pin="0"/><net_sink comp="318" pin=0"/></net>

<net id="324"><net_src comp="164" pin="2"/><net_sink comp="318" pin=1"/></net>

<net id="325"><net_src comp="38" pin="0"/><net_sink comp="318" pin=2"/></net>

<net id="330"><net_src comp="295" pin="2"/><net_sink comp="326" pin=0"/></net>

<net id="331"><net_src comp="318" pin="3"/><net_sink comp="326" pin=1"/></net>

<net id="337"><net_src comp="82" pin="0"/><net_sink comp="332" pin=0"/></net>

<net id="338"><net_src comp="164" pin="2"/><net_sink comp="332" pin=1"/></net>

<net id="339"><net_src comp="84" pin="0"/><net_sink comp="332" pin=2"/></net>

<net id="344"><net_src comp="295" pin="2"/><net_sink comp="340" pin=0"/></net>

<net id="345"><net_src comp="332" pin="3"/><net_sink comp="340" pin=1"/></net>

<net id="350"><net_src comp="176" pin="2"/><net_sink comp="346" pin=0"/></net>

<net id="351"><net_src comp="146" pin="2"/><net_sink comp="346" pin=1"/></net>

<net id="356"><net_src comp="182" pin="2"/><net_sink comp="352" pin=0"/></net>

<net id="357"><net_src comp="146" pin="2"/><net_sink comp="352" pin=1"/></net>

<net id="363"><net_src comp="128" pin="2"/><net_sink comp="358" pin=1"/></net>

<net id="364"><net_src comp="134" pin="2"/><net_sink comp="358" pin=2"/></net>

<net id="370"><net_src comp="86" pin="0"/><net_sink comp="365" pin=0"/></net>

<net id="371"><net_src comp="122" pin="2"/><net_sink comp="365" pin=1"/></net>

<net id="372"><net_src comp="88" pin="0"/><net_sink comp="365" pin=2"/></net>

<net id="376"><net_src comp="373" pin="1"/><net_sink comp="201" pin=13"/></net>

<net id="381"><net_src comp="373" pin="1"/><net_sink comp="377" pin=0"/></net>

<net id="386"><net_src comp="373" pin="1"/><net_sink comp="382" pin=0"/></net>

<net id="387"><net_src comp="90" pin="0"/><net_sink comp="382" pin=1"/></net>

<net id="392"><net_src comp="373" pin="1"/><net_sink comp="388" pin=0"/></net>

<net id="393"><net_src comp="388" pin="2"/><net_sink comp="201" pin=22"/></net>

<net id="398"><net_src comp="382" pin="2"/><net_sink comp="394" pin=0"/></net>

<net id="402"><net_src comp="104" pin="1"/><net_sink comp="399" pin=0"/></net>

<net id="403"><net_src comp="399" pin="1"/><net_sink comp="290" pin=1"/></net>

<net id="404"><net_src comp="399" pin="1"/><net_sink comp="373" pin=0"/></net>

<net id="405"><net_src comp="399" pin="1"/><net_sink comp="394" pin=1"/></net>

<net id="409"><net_src comp="108" pin="1"/><net_sink comp="406" pin=0"/></net>

<net id="410"><net_src comp="406" pin="1"/><net_sink comp="285" pin=1"/></net>

<net id="411"><net_src comp="406" pin="1"/><net_sink comp="201" pin=26"/></net>

<net id="415"><net_src comp="112" pin="1"/><net_sink comp="412" pin=0"/></net>

<net id="416"><net_src comp="412" pin="1"/><net_sink comp="280" pin=1"/></net>

<net id="417"><net_src comp="412" pin="1"/><net_sink comp="201" pin=25"/></net>

<net id="421"><net_src comp="116" pin="2"/><net_sink comp="418" pin=0"/></net>

<net id="422"><net_src comp="418" pin="1"/><net_sink comp="295" pin=0"/></net>

<net id="423"><net_src comp="418" pin="1"/><net_sink comp="201" pin=1"/></net>

<net id="427"><net_src comp="188" pin="3"/><net_sink comp="424" pin=0"/></net>

<net id="428"><net_src comp="424" pin="1"/><net_sink comp="195" pin=0"/></net>

<net id="432"><net_src comp="266" pin="2"/><net_sink comp="429" pin=0"/></net>

<net id="433"><net_src comp="429" pin="1"/><net_sink comp="358" pin=0"/></net>

<net id="437"><net_src comp="122" pin="2"/><net_sink comp="434" pin=0"/></net>

<net id="438"><net_src comp="434" pin="1"/><net_sink comp="201" pin=19"/></net>

<net id="442"><net_src comp="128" pin="2"/><net_sink comp="439" pin=0"/></net>

<net id="443"><net_src comp="439" pin="1"/><net_sink comp="201" pin=14"/></net>

<net id="447"><net_src comp="134" pin="2"/><net_sink comp="444" pin=0"/></net>

<net id="448"><net_src comp="444" pin="1"/><net_sink comp="201" pin=15"/></net>

<net id="452"><net_src comp="140" pin="2"/><net_sink comp="449" pin=0"/></net>

<net id="453"><net_src comp="449" pin="1"/><net_sink comp="201" pin=16"/></net>

<net id="457"><net_src comp="146" pin="2"/><net_sink comp="454" pin=0"/></net>

<net id="458"><net_src comp="454" pin="1"/><net_sink comp="201" pin=12"/></net>

<net id="462"><net_src comp="152" pin="2"/><net_sink comp="459" pin=0"/></net>

<net id="463"><net_src comp="459" pin="1"/><net_sink comp="388" pin=1"/></net>

<net id="467"><net_src comp="158" pin="2"/><net_sink comp="464" pin=0"/></net>

<net id="468"><net_src comp="464" pin="1"/><net_sink comp="201" pin=21"/></net>

<net id="469"><net_src comp="464" pin="1"/><net_sink comp="201" pin=23"/></net>

<net id="473"><net_src comp="164" pin="2"/><net_sink comp="470" pin=0"/></net>

<net id="474"><net_src comp="470" pin="1"/><net_sink comp="201" pin=3"/></net>

<net id="478"><net_src comp="170" pin="2"/><net_sink comp="475" pin=0"/></net>

<net id="479"><net_src comp="475" pin="1"/><net_sink comp="201" pin=11"/></net>

<net id="483"><net_src comp="176" pin="2"/><net_sink comp="480" pin=0"/></net>

<net id="484"><net_src comp="480" pin="1"/><net_sink comp="201" pin=4"/></net>

<net id="488"><net_src comp="182" pin="2"/><net_sink comp="485" pin=0"/></net>

<net id="489"><net_src comp="485" pin="1"/><net_sink comp="377" pin=1"/></net>

<net id="493"><net_src comp="300" pin="3"/><net_sink comp="490" pin=0"/></net>

<net id="494"><net_src comp="490" pin="1"/><net_sink comp="201" pin=5"/></net>

<net id="498"><net_src comp="312" pin="2"/><net_sink comp="495" pin=0"/></net>

<net id="499"><net_src comp="495" pin="1"/><net_sink comp="201" pin=6"/></net>

<net id="503"><net_src comp="326" pin="2"/><net_sink comp="500" pin=0"/></net>

<net id="504"><net_src comp="500" pin="1"/><net_sink comp="201" pin=8"/></net>

<net id="508"><net_src comp="340" pin="2"/><net_sink comp="505" pin=0"/></net>

<net id="509"><net_src comp="505" pin="1"/><net_sink comp="201" pin=7"/></net>

<net id="513"><net_src comp="346" pin="2"/><net_sink comp="510" pin=0"/></net>

<net id="514"><net_src comp="510" pin="1"/><net_sink comp="201" pin=20"/></net>

<net id="518"><net_src comp="352" pin="2"/><net_sink comp="515" pin=0"/></net>

<net id="519"><net_src comp="515" pin="1"/><net_sink comp="201" pin=18"/></net>

<net id="523"><net_src comp="358" pin="3"/><net_sink comp="520" pin=0"/></net>

<net id="524"><net_src comp="520" pin="1"/><net_sink comp="201" pin=17"/></net>

<net id="528"><net_src comp="365" pin="3"/><net_sink comp="525" pin=0"/></net>

<net id="529"><net_src comp="525" pin="1"/><net_sink comp="201" pin=2"/></net>

<net id="533"><net_src comp="195" pin="3"/><net_sink comp="530" pin=0"/></net>

<net id="534"><net_src comp="530" pin="1"/><net_sink comp="201" pin=24"/></net>

<net id="538"><net_src comp="373" pin="1"/><net_sink comp="535" pin=0"/></net>

<net id="539"><net_src comp="535" pin="1"/><net_sink comp="201" pin=13"/></net>

<net id="546"><net_src comp="388" pin="2"/><net_sink comp="543" pin=0"/></net>

<net id="547"><net_src comp="543" pin="1"/><net_sink comp="201" pin=22"/></net>

</net_list>

</model> 
---------------- Datapath Model END ------------------

* FSMD analyzer results:
  - Output states:
	Port: ovrlayYUV | {3 4 }
	Port: whiYuv_2 | {}
	Port: boxHCoord | {3 4 }
	Port: boxVCoord | {3 4 }
	Port: vDir | {3 4 }
	Port: hDir | {3 4 }
 - Input state : 
	Port: tpgForeground : bckgndYUV | {3 4 }
	Port: tpgForeground : height_val | {2 }
	Port: tpgForeground : width_val | {2 }
	Port: tpgForeground : patternId_val | {2 }
	Port: tpgForeground : maskId_val | {2 }
	Port: tpgForeground : colorFormat_val | {1 }
	Port: tpgForeground : crossHairX_val | {2 }
	Port: tpgForeground : crossHairY_val | {2 }
	Port: tpgForeground : boxSize_val | {2 }
	Port: tpgForeground : boxColorR_val | {2 }
	Port: tpgForeground : boxColorG_val | {2 }
	Port: tpgForeground : boxColorB_val | {2 }
	Port: tpgForeground : motionSpeed_val | {2 }
	Port: tpgForeground : whiYuv_2 | {1 2 }
	Port: tpgForeground : boxHCoord | {1 }
	Port: tpgForeground : boxVCoord | {1 }
	Port: tpgForeground : vDir | {3 4 }
	Port: tpgForeground : hDir | {3 4 }
  - Chain level:
	State 1
		select_ln1975 : 1
		whiYuv_2_addr : 2
		icmp_ln1947 : 1
		whiYuv_2_load : 3
		store_ln1894 : 1
		store_ln1906 : 1
		store_ln763 : 1
	State 2
		select_ln1977 : 1
		and_ln1989 : 1
		and_ln1991 : 1
		and_ln1993 : 1
	State 3
		icmp_ln772 : 1
		y_2 : 1
		br_ln772 : 2
		icmp_ln1963 : 1
		call_ln1894 : 2
		store_ln763 : 2
	State 4


============================================================
+ Verbose Summary: Datapath Resource usage 
============================================================

* Functional unit list:
|----------|----------------------------------------------------|---------|---------|
| Operation|                   Functional Unit                  |    FF   |   LUT   |
|----------|----------------------------------------------------|---------|---------|
|   call   | grp_tpgForeground_Pipeline_VITIS_LOOP_774_2_fu_201 |   193   |   728   |
|----------|----------------------------------------------------|---------|---------|
|          |                 icmp_ln1975_fu_241                 |    0    |    15   |
|          |                 icmp_ln1947_fu_266                 |    0    |    14   |
|   icmp   |                 icmp_ln1974_fu_295                 |    0    |    15   |
|          |                  icmp_ln772_fu_377                 |    0    |    23   |
|          |                 icmp_ln1963_fu_388                 |    0    |    23   |
|----------|----------------------------------------------------|---------|---------|
|          |                select_ln1975_fu_247                |    0    |    62   |
|  select  |                select_ln1977_fu_300                |    0    |    8    |
|          |                select_ln1947_fu_358                |    0    |    8    |
|----------|----------------------------------------------------|---------|---------|
|    sub   |                  sub_ln1881_fu_346                 |    0    |    23   |
|          |                  sub_ln1882_fu_352                 |    0    |    23   |
|----------|----------------------------------------------------|---------|---------|
|    add   |                     y_2_fu_382                     |    0    |    23   |
|----------|----------------------------------------------------|---------|---------|
|          |                  and_ln1989_fu_312                 |    0    |    2    |
|    and   |                  and_ln1991_fu_326                 |    0    |    2    |
|          |                  and_ln1993_fu_340                 |    0    |    2    |
|----------|----------------------------------------------------|---------|---------|
|          |          colorFormat_val_read_read_fu_116          |    0    |    0    |
|          |          motionSpeed_val_read_read_fu_122          |    0    |    0    |
|          |           boxColorB_val_read_read_fu_128           |    0    |    0    |
|          |           boxColorG_val_read_read_fu_134           |    0    |    0    |
|          |           boxColorR_val_read_read_fu_140           |    0    |    0    |
|   read   |            boxSize_val_read_read_fu_146            |    0    |    0    |
|          |           crossHairY_val_read_read_fu_152          |    0    |    0    |
|          |           crossHairX_val_read_read_fu_158          |    0    |    0    |
|          |             maskId_val_read_read_fu_164            |    0    |    0    |
|          |           patternId_val_read_read_fu_170           |    0    |    0    |
|          |             width_val_read_read_fu_176             |    0    |    0    |
|          |             height_val_read_read_fu_182            |    0    |    0    |
|----------|----------------------------------------------------|---------|---------|
|partselect|                    tmp_3_fu_256                    |    0    |    0    |
|----------|----------------------------------------------------|---------|---------|
|   trunc  |                 trunc_ln1989_fu_308                |    0    |    0    |
|----------|----------------------------------------------------|---------|---------|
| bitselect|                     tmp_fu_318                     |    0    |    0    |
|          |                    tmp_2_fu_332                    |    0    |    0    |
|----------|----------------------------------------------------|---------|---------|
|bitconcatenate|                    shl_ln_fu_365                   |    0    |    0    |
|----------|----------------------------------------------------|---------|---------|
|   Total  |                                                    |   193   |   971   |
|----------|----------------------------------------------------|---------|---------|

Memories:
N/A

* Register list:
+----------------------------+--------+
|                            |   FF   |
+----------------------------+--------+
|     and_ln1989_reg_495     |    1   |
|     and_ln1991_reg_500     |    1   |
|     and_ln1993_reg_505     |    1   |
| boxColorB_val_read_reg_439 |    8   |
| boxColorG_val_read_reg_444 |    8   |
| boxColorR_val_read_reg_449 |    8   |
|   boxHCoord_loc_0_reg_412  |   16   |
|  boxSize_val_read_reg_454  |   16   |
|   boxVCoord_loc_0_reg_406  |   16   |
|colorFormat_val_read_reg_418|    8   |
| crossHairX_val_read_reg_464|   16   |
| crossHairY_val_read_reg_459|   16   |
|   height_val_read_reg_485  |   16   |
|     icmp_ln1947_reg_429    |    1   |
|     icmp_ln1963_reg_543    |    1   |
|   maskId_val_read_reg_470  |    8   |
|motionSpeed_val_read_reg_434|    8   |
| patternId_val_read_reg_475 |    8   |
|    select_ln1947_reg_520   |    8   |
|    select_ln1977_reg_490   |    8   |
|       shl_ln_reg_525       |    9   |
|     sub_ln1881_reg_510     |   16   |
|     sub_ln1882_reg_515     |   16   |
|    whiYuv_2_addr_reg_424   |    2   |
|    whiYuv_2_load_reg_530   |    8   |
|   width_val_read_reg_480   |   16   |
|         y_1_reg_535        |   16   |
|          y_reg_399         |   16   |
+----------------------------+--------+
|            Total           |   272  |
+----------------------------+--------+

* Multiplexer (MUX) list: 
|----------------------------------------------------|------|------|------|--------||---------||---------||---------|
|                        Comp                        |  Pin | Size |  BW  | S x BW ||  Delay  ||    FF   ||   LUT   |
|----------------------------------------------------|------|------|------|--------||---------||---------||---------|
|                  grp_access_fu_195                 |  p0  |   2  |   2  |    4   ||    0    ||    9    |
| grp_tpgForeground_Pipeline_VITIS_LOOP_774_2_fu_201 |  p13 |   2  |  16  |   32   ||    0    ||    9    |
| grp_tpgForeground_Pipeline_VITIS_LOOP_774_2_fu_201 |  p22 |   2  |   1  |    2   ||    0    ||    9    |
|----------------------------------------------------|------|------|------|--------||---------||---------||---------|
|                        Total                       |      |      |      |   38   ||  1.281  ||    0    ||    27   |
|----------------------------------------------------|------|------|------|--------||---------||---------||---------|



* Summary:
+-----------+--------+--------+--------+
|           |  Delay |   FF   |   LUT  |
+-----------+--------+--------+--------+
|  Function |    -   |   193  |   971  |
|   Memory  |    -   |    -   |    -   |
|Multiplexer|    1   |    0   |   27   |
|  Register |    -   |   272  |    -   |
+-----------+--------+--------+--------+
|   Total   |    1   |   465  |   998  |
+-----------+--------+--------+--------+
