

================================================================
== Vitis HLS Report for 'tpgForeground'
================================================================
* Date:           Wed Jun  3 12:59:09 2026

* Version:        2025.2 (Build 6295257 on Nov 14 2025)
* Project:        prj
* Solution:       sol (Vivado IP Flow Target)
* Product family: artixuplus
* Target device:  xcau15p-ffvb676-2-e


================================================================
== Performance Estimates
================================================================
+ Timing: 
    * Summary: 
    +--------+----------+----------+------------+
    |  Clock |  Target  | Estimated| Uncertainty|
    +--------+----------+----------+------------+
    |ap_clk  |  10.00 ns|  5.088 ns|     2.70 ns|
    +--------+----------+----------+------------+

+ Latency: 
    * Summary: 
    +---------+------------+-----------+------------+-----+------------+---------+
    |   Latency (cycles)   |   Latency (absolute)   |     Interval     | Pipeline|
    |   min   |     max    |    min    |     max    | min |     max    |   Type  |
    +---------+------------+-----------+------------+-----+------------+---------+
    |        2|  2147713022|  20.000 ns|  21.477 sec|    2|  2147713022|       no|
    +---------+------------+-----------+------------+-----+------------+---------+

    + Detail: 
        * Instance: 
        N/A

        * Loop: 
        +--------------------+---------+------------+-----------+-----------+-----------+-----------+----------+
        |                    |   Latency (cycles)   | Iteration |  Initiation Interval  |    Trip   |          |
        |      Loop Name     |   min   |     max    |  Latency  |  achieved |   target  |   Count   | Pipelined|
        +--------------------+---------+------------+-----------+-----------+-----------+-----------+----------+
        |- VITIS_LOOP_772_1  |        0|  2147713020|  5 ~ 32772|          -|          -|  0 ~ 65535|        no|
        +--------------------+---------+------------+-----------+-----------+-----------+-----------+----------+

============================================================
+ Verbose Summary: Synthesis Manager
============================================================
InlineROM: 1
ExposeGlobal: 0
============================================================
+ Verbose Summary: CDFG Model
============================================================
IsTopModel: 0
ResetActiveHigh: 1
IsCombinational: 2
IsDatapathOnly: 0
HasWiredReturn: 1
HasMFsm: 0
HasVarLatency: 1
IsPipeline: 0
IsRtlPipelined: 0
IsInstanceOverlapped: 0
IsDontTouch: 0
HasImplIP: 0
IsGatedGlobalClock: 0


============================================================
+ Verbose Summary: Schedule
============================================================
* Number of FSM states : 4
* Pipeline : 0
* Dataflow Pipeline: 0

* FSM state transitions: 
1 --> 2 
2 --> 3 
3 --> 4 
4 --> 3 

* FSM state operations: 

State 1 <SV = 0> <Delay = 1.79>
ST_1 : Operation 5 [1/1] (0.00ns)   --->   "%y = alloca i32 1" [prj/sol/.autopilot/db/v_tpg.cpp:763]   --->   Operation 5 'alloca' 'y' <Predicate = true> <Delay = 0.00>
ST_1 : Operation 6 [1/1] (0.00ns)   --->   "%boxVCoord_loc_0 = alloca i32 1"   --->   Operation 6 'alloca' 'boxVCoord_loc_0' <Predicate = true> <Delay = 0.00>
ST_1 : Operation 7 [1/1] (0.00ns)   --->   "%boxHCoord_loc_0 = alloca i32 1"   --->   Operation 7 'alloca' 'boxHCoord_loc_0' <Predicate = true> <Delay = 0.00>
ST_1 : Operation 8 [1/1] (0.00ns)   --->   "%colorFormat_val_read = read i8 @_ssdm_op_Read.ap_auto.i8, i8 %colorFormat_val"   --->   Operation 8 'read' 'colorFormat_val_read' <Predicate = true> <Delay = 0.00>
ST_1 : Operation 9 [1/1] (0.76ns)   --->   "%icmp_ln1975 = icmp_eq  i8 %colorFormat_val_read, i8 1" [prj/sol/.autopilot/db/v_tpg.cpp:1975->prj/sol/.autopilot/db/v_tpg.cpp:793]   --->   Operation 9 'icmp' 'icmp_ln1975' <Predicate = true> <Delay = 0.76> <CoreInst = "Cmp">   --->   Core 9 'Cmp' <Latency = 0> <II = 1> <Delay = 0.76> <FuncUnit> <Opcode : 'seteq' 'setne' 'setle' 'setge' 'setlt' 'setgt'> <InPorts = 2> <OutPorts = 1>
ST_1 : Operation 10 [1/1] (0.35ns)   --->   "%select_ln1975 = select i1 %icmp_ln1975, i64 1, i64 2" [prj/sol/.autopilot/db/v_tpg.cpp:1975->prj/sol/.autopilot/db/v_tpg.cpp:793]   --->   Operation 10 'select' 'select_ln1975' <Predicate = true> <Delay = 0.35> <CoreInst = "Sel">   --->   Core 73 'Sel' <Latency = 0> <II = 1> <Delay = 0.35> <FuncUnit> <Opcode : 'select'> <InPorts = 3> <OutPorts = 1>
ST_1 : Operation 11 [1/1] (0.00ns)   --->   "%whiYuv_2_addr = getelementptr i8 %whiYuv_2, i64 0, i64 %select_ln1975" [prj/sol/.autopilot/db/v_tpg.cpp:1975->prj/sol/.autopilot/db/v_tpg.cpp:793]   --->   Operation 11 'getelementptr' 'whiYuv_2_addr' <Predicate = true> <Delay = 0.00>
ST_1 : Operation 12 [1/1] (0.00ns)   --->   "%tmp_3 = partselect i7 @_ssdm_op_PartSelect.i7.i8.i32.i32, i8 %colorFormat_val_read, i32 1, i32 7" [prj/sol/.autopilot/db/v_tpg.cpp:1947->prj/sol/.autopilot/db/v_tpg.cpp:788]   --->   Operation 12 'partselect' 'tmp_3' <Predicate = true> <Delay = 0.00>
ST_1 : Operation 13 [1/1] (0.77ns)   --->   "%icmp_ln1947 = icmp_ne  i7 %tmp_3, i7 0" [prj/sol/.autopilot/db/v_tpg.cpp:1947->prj/sol/.autopilot/db/v_tpg.cpp:788]   --->   Operation 13 'icmp' 'icmp_ln1947' <Predicate = true> <Delay = 0.77> <CoreInst = "Cmp">   --->   Core 9 'Cmp' <Latency = 0> <II = 1> <Delay = 0.77> <FuncUnit> <Opcode : 'seteq' 'setne' 'setle' 'setge' 'setlt' 'setgt'> <InPorts = 2> <OutPorts = 1>
ST_1 : Operation 14 [2/2] (0.67ns)   --->   "%whiYuv_2_load = load i2 %whiYuv_2_addr" [prj/sol/.autopilot/db/v_tpg.cpp:1974->prj/sol/.autopilot/db/v_tpg.cpp:793]   --->   Operation 14 'load' 'whiYuv_2_load' <Predicate = true> <Delay = 0.67> <CoreInst = "ROM">   --->   Core 100 'ROM' <Latency = 1> <II = 1> <Delay = 0.67> <Storage> <Opcode : 'load'> <Ports = 0> <Width = 8> <Depth = 3> <ROM>
ST_1 : Operation 15 [1/1] (0.00ns)   --->   "%boxHCoord_load = load i16 %boxHCoord" [prj/sol/.autopilot/db/v_tpg.cpp:1894->prj/sol/.autopilot/db/v_tpg.cpp:788]   --->   Operation 15 'load' 'boxHCoord_load' <Predicate = true> <Delay = 0.00>
ST_1 : Operation 16 [1/1] (0.00ns)   --->   "%boxVCoord_load = load i16 %boxVCoord" [prj/sol/.autopilot/db/v_tpg.cpp:1906->prj/sol/.autopilot/db/v_tpg.cpp:788]   --->   Operation 16 'load' 'boxVCoord_load' <Predicate = true> <Delay = 0.00>
ST_1 : Operation 17 [1/1] (0.00ns)   --->   "%store_ln1894 = store i16 %boxHCoord_load, i16 %boxHCoord_loc_0" [prj/sol/.autopilot/db/v_tpg.cpp:1894->prj/sol/.autopilot/db/v_tpg.cpp:788]   --->   Operation 17 'store' 'store_ln1894' <Predicate = true> <Delay = 0.00>
ST_1 : Operation 18 [1/1] (0.00ns)   --->   "%store_ln1906 = store i16 %boxVCoord_load, i16 %boxVCoord_loc_0" [prj/sol/.autopilot/db/v_tpg.cpp:1906->prj/sol/.autopilot/db/v_tpg.cpp:788]   --->   Operation 18 'store' 'store_ln1906' <Predicate = true> <Delay = 0.00>
ST_1 : Operation 19 [1/1] (0.42ns)   --->   "%store_ln763 = store i16 0, i16 %y" [prj/sol/.autopilot/db/v_tpg.cpp:763]   --->   Operation 19 'store' 'store_ln763' <Predicate = true> <Delay = 0.42>

State 2 <SV = 1> <Delay = 1.15>
ST_2 : Operation 20 [1/1] (0.00ns)   --->   "%motionSpeed_val_read = read i8 @_ssdm_op_Read.ap_auto.i8, i8 %motionSpeed_val"   --->   Operation 20 'read' 'motionSpeed_val_read' <Predicate = true> <Delay = 0.00>
ST_2 : Operation 21 [1/1] (0.00ns)   --->   "%boxColorB_val_read = read i8 @_ssdm_op_Read.ap_auto.i8, i8 %boxColorB_val"   --->   Operation 21 'read' 'boxColorB_val_read' <Predicate = true> <Delay = 0.00>
ST_2 : Operation 22 [1/1] (0.00ns)   --->   "%boxColorG_val_read = read i8 @_ssdm_op_Read.ap_auto.i8, i8 %boxColorG_val"   --->   Operation 22 'read' 'boxColorG_val_read' <Predicate = true> <Delay = 0.00>
ST_2 : Operation 23 [1/1] (0.00ns)   --->   "%boxColorR_val_read = read i8 @_ssdm_op_Read.ap_auto.i8, i8 %boxColorR_val"   --->   Operation 23 'read' 'boxColorR_val_read' <Predicate = true> <Delay = 0.00>
ST_2 : Operation 24 [1/1] (0.00ns)   --->   "%boxSize_val_read = read i16 @_ssdm_op_Read.ap_auto.i16, i16 %boxSize_val"   --->   Operation 24 'read' 'boxSize_val_read' <Predicate = true> <Delay = 0.00>
ST_2 : Operation 25 [1/1] (0.00ns)   --->   "%crossHairY_val_read = read i16 @_ssdm_op_Read.ap_auto.i16, i16 %crossHairY_val"   --->   Operation 25 'read' 'crossHairY_val_read' <Predicate = true> <Delay = 0.00>
ST_2 : Operation 26 [1/1] (0.00ns)   --->   "%crossHairX_val_read = read i16 @_ssdm_op_Read.ap_auto.i16, i16 %crossHairX_val"   --->   Operation 26 'read' 'crossHairX_val_read' <Predicate = true> <Delay = 0.00>
ST_2 : Operation 27 [1/1] (0.00ns)   --->   "%maskId_val_read = read i8 @_ssdm_op_Read.ap_auto.i8, i8 %maskId_val"   --->   Operation 27 'read' 'maskId_val_read' <Predicate = true> <Delay = 0.00>
ST_2 : Operation 28 [1/1] (0.00ns)   --->   "%patternId_val_read = read i8 @_ssdm_op_Read.ap_auto.i8, i8 %patternId_val"   --->   Operation 28 'read' 'patternId_val_read' <Predicate = true> <Delay = 0.00>
ST_2 : Operation 29 [1/1] (0.00ns)   --->   "%width_val_read = read i16 @_ssdm_op_Read.ap_auto.i16, i16 %width_val"   --->   Operation 29 'read' 'width_val_read' <Predicate = true> <Delay = 0.00>
ST_2 : Operation 30 [1/1] (0.00ns)   --->   "%height_val_read = read i16 @_ssdm_op_Read.ap_auto.i16, i16 %height_val"   --->   Operation 30 'read' 'height_val_read' <Predicate = true> <Delay = 0.00>
ST_2 : Operation 31 [1/1] (0.00ns)   --->   "%specstablecontent_ln0 = specstablecontent void @_ssdm_op_SpecStableContent, i8 %boxColorB_val, i1 1, void @p_str"   --->   Operation 31 'specstablecontent' 'specstablecontent_ln0' <Predicate = true> <Delay = 0.00>
ST_2 : Operation 32 [1/1] (0.00ns)   --->   "%specstablecontent_ln0 = specstablecontent void @_ssdm_op_SpecStableContent, i8 %boxColorG_val, i1 1, void @p_str"   --->   Operation 32 'specstablecontent' 'specstablecontent_ln0' <Predicate = true> <Delay = 0.00>
ST_2 : Operation 33 [1/1] (0.00ns)   --->   "%specstablecontent_ln0 = specstablecontent void @_ssdm_op_SpecStableContent, i8 %boxColorR_val, i1 1, void @p_str"   --->   Operation 33 'specstablecontent' 'specstablecontent_ln0' <Predicate = true> <Delay = 0.00>
ST_2 : Operation 34 [1/1] (0.00ns)   --->   "%specstablecontent_ln0 = specstablecontent void @_ssdm_op_SpecStableContent, i16 %boxSize_val, i1 1, void @p_str"   --->   Operation 34 'specstablecontent' 'specstablecontent_ln0' <Predicate = true> <Delay = 0.00>
ST_2 : Operation 35 [1/1] (0.00ns)   --->   "%specstablecontent_ln0 = specstablecontent void @_ssdm_op_SpecStableContent, i16 %crossHairY_val, i1 1, void @p_str"   --->   Operation 35 'specstablecontent' 'specstablecontent_ln0' <Predicate = true> <Delay = 0.00>
ST_2 : Operation 36 [1/1] (0.00ns)   --->   "%specstablecontent_ln0 = specstablecontent void @_ssdm_op_SpecStableContent, i16 %crossHairX_val, i1 1, void @p_str"   --->   Operation 36 'specstablecontent' 'specstablecontent_ln0' <Predicate = true> <Delay = 0.00>
ST_2 : Operation 37 [1/1] (0.00ns)   --->   "%specstablecontent_ln0 = specstablecontent void @_ssdm_op_SpecStableContent, i8 %colorFormat_val, i1 1, void @p_str"   --->   Operation 37 'specstablecontent' 'specstablecontent_ln0' <Predicate = true> <Delay = 0.00>
ST_2 : Operation 38 [1/1] (0.00ns)   --->   "%specstablecontent_ln0 = specstablecontent void @_ssdm_op_SpecStableContent, i8 %motionSpeed_val, i1 1, void @p_str"   --->   Operation 38 'specstablecontent' 'specstablecontent_ln0' <Predicate = true> <Delay = 0.00>
ST_2 : Operation 39 [1/1] (0.00ns)   --->   "%specstablecontent_ln0 = specstablecontent void @_ssdm_op_SpecStableContent, i8 %maskId_val, i1 1, void @p_str"   --->   Operation 39 'specstablecontent' 'specstablecontent_ln0' <Predicate = true> <Delay = 0.00>
ST_2 : Operation 40 [1/1] (0.00ns)   --->   "%specstablecontent_ln0 = specstablecontent void @_ssdm_op_SpecStableContent, i8 %patternId_val, i1 1, void @p_str"   --->   Operation 40 'specstablecontent' 'specstablecontent_ln0' <Predicate = true> <Delay = 0.00>
ST_2 : Operation 41 [1/1] (0.00ns)   --->   "%specstablecontent_ln0 = specstablecontent void @_ssdm_op_SpecStableContent, i16 %width_val, i1 1, void @p_str"   --->   Operation 41 'specstablecontent' 'specstablecontent_ln0' <Predicate = true> <Delay = 0.00>
ST_2 : Operation 42 [1/1] (0.00ns)   --->   "%specstablecontent_ln0 = specstablecontent void @_ssdm_op_SpecStableContent, i16 %height_val, i1 1, void @p_str"   --->   Operation 42 'specstablecontent' 'specstablecontent_ln0' <Predicate = true> <Delay = 0.00>
ST_2 : Operation 43 [1/1] (0.00ns)   --->   "%specinterface_ln0 = specinterface void @_ssdm_op_SpecInterface, i48 %ovrlayYUV, void @empty_35, i32 0, i32 0, void @empty_15, i32 0, i32 0, void @empty_15, void @empty_15, void @empty_15, i32 0, i32 0, i32 0, i32 0, void @empty_15, void @empty_15, i32 4294967295, i32 0, i32 0, i32 0"   --->   Operation 43 'specinterface' 'specinterface_ln0' <Predicate = true> <Delay = 0.00>
ST_2 : Operation 44 [1/1] (0.00ns)   --->   "%specinterface_ln0 = specinterface void @_ssdm_op_SpecInterface, i48 %bckgndYUV, void @empty_35, i32 0, i32 0, void @empty_15, i32 0, i32 0, void @empty_15, void @empty_15, void @empty_15, i32 0, i32 0, i32 0, i32 0, void @empty_15, void @empty_15, i32 4294967295, i32 0, i32 0, i32 0"   --->   Operation 44 'specinterface' 'specinterface_ln0' <Predicate = true> <Delay = 0.00>
ST_2 : Operation 45 [1/1] (0.76ns)   --->   "%icmp_ln1974 = icmp_eq  i8 %colorFormat_val_read, i8 0" [prj/sol/.autopilot/db/v_tpg.cpp:1974->prj/sol/.autopilot/db/v_tpg.cpp:793]   --->   Operation 45 'icmp' 'icmp_ln1974' <Predicate = true> <Delay = 0.76> <CoreInst = "Cmp">   --->   Core 9 'Cmp' <Latency = 0> <II = 1> <Delay = 0.76> <FuncUnit> <Opcode : 'seteq' 'setne' 'setle' 'setge' 'setlt' 'setgt'> <InPorts = 2> <OutPorts = 1>
ST_2 : Operation 46 [1/1] (0.38ns)   --->   "%select_ln1977 = select i1 %icmp_ln1974, i8 240, i8 128" [prj/sol/.autopilot/db/v_tpg.cpp:1977->prj/sol/.autopilot/db/v_tpg.cpp:793]   --->   Operation 46 'select' 'select_ln1977' <Predicate = true> <Delay = 0.38> <CoreInst = "Sel">   --->   Core 73 'Sel' <Latency = 0> <II = 1> <Delay = 0.38> <FuncUnit> <Opcode : 'select'> <InPorts = 3> <OutPorts = 1>
ST_2 : Operation 47 [1/1] (0.00ns)   --->   "%trunc_ln1989 = trunc i8 %maskId_val_read" [prj/sol/.autopilot/db/v_tpg.cpp:1989->prj/sol/.autopilot/db/v_tpg.cpp:803]   --->   Operation 47 'trunc' 'trunc_ln1989' <Predicate = true> <Delay = 0.00>
ST_2 : Operation 48 [1/1] (0.28ns)   --->   "%and_ln1989 = and i1 %icmp_ln1974, i1 %trunc_ln1989" [prj/sol/.autopilot/db/v_tpg.cpp:1989->prj/sol/.autopilot/db/v_tpg.cpp:803]   --->   Operation 48 'and' 'and_ln1989' <Predicate = true> <Delay = 0.28> <CoreInst = "LogicGate">   --->   Core 74 'LogicGate' <Latency = 0> <II = 1> <Delay = 0.28> <FuncUnit> <Opcode : 'and' 'or' 'xor'> <InPorts = 2> <OutPorts = 1>
ST_2 : Operation 49 [1/1] (0.00ns)   --->   "%tmp = bitselect i1 @_ssdm_op_BitSelect.i1.i8.i32, i8 %maskId_val_read, i32 1" [prj/sol/.autopilot/db/v_tpg.cpp:1991->prj/sol/.autopilot/db/v_tpg.cpp:803]   --->   Operation 49 'bitselect' 'tmp' <Predicate = true> <Delay = 0.00>
ST_2 : Operation 50 [1/1] (0.28ns)   --->   "%and_ln1991 = and i1 %icmp_ln1974, i1 %tmp" [prj/sol/.autopilot/db/v_tpg.cpp:1991->prj/sol/.autopilot/db/v_tpg.cpp:803]   --->   Operation 50 'and' 'and_ln1991' <Predicate = true> <Delay = 0.28> <CoreInst = "LogicGate">   --->   Core 74 'LogicGate' <Latency = 0> <II = 1> <Delay = 0.28> <FuncUnit> <Opcode : 'and' 'or' 'xor'> <InPorts = 2> <OutPorts = 1>
ST_2 : Operation 51 [1/1] (0.00ns)   --->   "%tmp_2 = bitselect i1 @_ssdm_op_BitSelect.i1.i8.i32, i8 %maskId_val_read, i32 2" [prj/sol/.autopilot/db/v_tpg.cpp:1993->prj/sol/.autopilot/db/v_tpg.cpp:803]   --->   Operation 51 'bitselect' 'tmp_2' <Predicate = true> <Delay = 0.00>
ST_2 : Operation 52 [1/1] (0.28ns)   --->   "%and_ln1993 = and i1 %icmp_ln1974, i1 %tmp_2" [prj/sol/.autopilot/db/v_tpg.cpp:1993->prj/sol/.autopilot/db/v_tpg.cpp:803]   --->   Operation 52 'and' 'and_ln1993' <Predicate = true> <Delay = 0.28> <CoreInst = "LogicGate">   --->   Core 74 'LogicGate' <Latency = 0> <II = 1> <Delay = 0.28> <FuncUnit> <Opcode : 'and' 'or' 'xor'> <InPorts = 2> <OutPorts = 1>
ST_2 : Operation 53 [1/1] (0.85ns)   --->   "%sub_ln1881 = sub i16 %width_val_read, i16 %boxSize_val_read" [prj/sol/.autopilot/db/v_tpg.cpp:1881->prj/sol/.autopilot/db/v_tpg.cpp:788]   --->   Operation 53 'sub' 'sub_ln1881' <Predicate = true> <Delay = 0.85> <CoreInst = "Adder">   --->   Core 1 'Adder' <Latency = 0> <II = 1> <Delay = 0.85> <FuncUnit> <Opcode : 'add' 'sub'> <InPorts = 2> <OutPorts = 1>
ST_2 : Operation 54 [1/1] (0.85ns)   --->   "%sub_ln1882 = sub i16 %height_val_read, i16 %boxSize_val_read" [prj/sol/.autopilot/db/v_tpg.cpp:1882->prj/sol/.autopilot/db/v_tpg.cpp:788]   --->   Operation 54 'sub' 'sub_ln1882' <Predicate = true> <Delay = 0.85> <CoreInst = "Adder">   --->   Core 1 'Adder' <Latency = 0> <II = 1> <Delay = 0.85> <FuncUnit> <Opcode : 'add' 'sub'> <InPorts = 2> <OutPorts = 1>
ST_2 : Operation 55 [1/1] (0.38ns)   --->   "%select_ln1947 = select i1 %icmp_ln1947, i8 %boxColorB_val_read, i8 %boxColorG_val_read" [prj/sol/.autopilot/db/v_tpg.cpp:1947->prj/sol/.autopilot/db/v_tpg.cpp:788]   --->   Operation 55 'select' 'select_ln1947' <Predicate = true> <Delay = 0.38> <CoreInst = "Sel">   --->   Core 73 'Sel' <Latency = 0> <II = 1> <Delay = 0.38> <FuncUnit> <Opcode : 'select'> <InPorts = 3> <OutPorts = 1>
ST_2 : Operation 56 [1/1] (0.00ns)   --->   "%shl_ln = bitconcatenate i9 @_ssdm_op_BitConcatenate.i9.i8.i1, i8 %motionSpeed_val_read, i1 0" [prj/sol/.autopilot/db/v_tpg.cpp:1894->prj/sol/.autopilot/db/v_tpg.cpp:788]   --->   Operation 56 'bitconcatenate' 'shl_ln' <Predicate = true> <Delay = 0.00>
ST_2 : Operation 57 [1/2] ( I:0.67ns O:0.67ns )   --->   "%whiYuv_2_load = load i2 %whiYuv_2_addr" [prj/sol/.autopilot/db/v_tpg.cpp:1974->prj/sol/.autopilot/db/v_tpg.cpp:793]   --->   Operation 57 'load' 'whiYuv_2_load' <Predicate = true> <Delay = 0.67> <CoreInst = "ROM">   --->   Core 100 'ROM' <Latency = 1> <II = 1> <Delay = 0.67> <Storage> <Opcode : 'load'> <Ports = 0> <Width = 8> <Depth = 3> <ROM>
ST_2 : Operation 58 [1/1] (0.00ns)   --->   "%br_ln772 = br void %VITIS_LOOP_774_2" [prj/sol/.autopilot/db/v_tpg.cpp:772]   --->   Operation 58 'br' 'br_ln772' <Predicate = true> <Delay = 0.00>

State 3 <SV = 2> <Delay = 2.46>
ST_3 : Operation 59 [1/1] (0.00ns)   --->   "%y_1 = load i16 %y" [prj/sol/.autopilot/db/v_tpg.cpp:772]   --->   Operation 59 'load' 'y_1' <Predicate = true> <Delay = 0.00>
ST_3 : Operation 60 [1/1] (0.85ns)   --->   "%icmp_ln772 = icmp_eq  i16 %y_1, i16 %height_val_read" [prj/sol/.autopilot/db/v_tpg.cpp:772]   --->   Operation 60 'icmp' 'icmp_ln772' <Predicate = true> <Delay = 0.85> <CoreInst = "Cmp">   --->   Core 9 'Cmp' <Latency = 0> <II = 1> <Delay = 0.85> <FuncUnit> <Opcode : 'seteq' 'setne' 'setle' 'setge' 'setlt' 'setgt'> <InPorts = 2> <OutPorts = 1>
ST_3 : Operation 61 [1/1] (0.85ns)   --->   "%y_2 = add i16 %y_1, i16 1" [prj/sol/.autopilot/db/v_tpg.cpp:772]   --->   Operation 61 'add' 'y_2' <Predicate = true> <Delay = 0.85> <CoreInst = "Adder">   --->   Core 1 'Adder' <Latency = 0> <II = 1> <Delay = 0.85> <FuncUnit> <Opcode : 'add' 'sub'> <InPorts = 2> <OutPorts = 1>
ST_3 : Operation 62 [1/1] (0.00ns)   --->   "%br_ln772 = br i1 %icmp_ln772, void %for.body6.lr.ph, void %for.end18" [prj/sol/.autopilot/db/v_tpg.cpp:772]   --->   Operation 62 'br' 'br_ln772' <Predicate = true> <Delay = 0.00>
ST_3 : Operation 63 [1/1] (0.85ns)   --->   "%icmp_ln1963 = icmp_eq  i16 %y_1, i16 %crossHairY_val_read" [prj/sol/.autopilot/db/v_tpg.cpp:1963->prj/sol/.autopilot/db/v_tpg.cpp:793]   --->   Operation 63 'icmp' 'icmp_ln1963' <Predicate = (!icmp_ln772)> <Delay = 0.85> <CoreInst = "Cmp">   --->   Core 9 'Cmp' <Latency = 0> <II = 1> <Delay = 0.85> <FuncUnit> <Opcode : 'seteq' 'setne' 'setle' 'setge' 'setlt' 'setgt'> <InPorts = 2> <OutPorts = 1>
ST_3 : Operation 64 [2/2] (1.61ns)   --->   "%call_ln1894 = call void @tpgForeground_Pipeline_VITIS_LOOP_774_2, i8 %colorFormat_val_read, i9 %shl_ln, i8 %maskId_val_read, i16 %width_val_read, i8 %select_ln1977, i1 %and_ln1989, i1 %and_ln1993, i1 %and_ln1991, i48 %ovrlayYUV, i48 %bckgndYUV, i8 %patternId_val_read, i16 %boxSize_val_read, i16 %y_1, i8 %boxColorB_val_read, i8 %boxColorG_val_read, i8 %boxColorR_val_read, i8 %select_ln1947, i16 %sub_ln1882, i8 %motionSpeed_val_read, i16 %sub_ln1881, i16 %crossHairX_val_read, i1 %icmp_ln1963, i16 %crossHairX_val_read, i8 %whiYuv_2_load, i16 %boxHCoord_loc_0, i16 %boxVCoord_loc_0, i16 %boxVCoord, i1 %vDir, i16 %boxHCoord, i1 %hDir" [prj/sol/.autopilot/db/v_tpg.cpp:1894->prj/sol/.autopilot/db/v_tpg.cpp:788]   --->   Operation 64 'call' 'call_ln1894' <Predicate = (!icmp_ln772)> <Delay = 1.61> <CoreType = "Generic">   --->   Generic Core
ST_3 : Operation 65 [1/1] (0.42ns)   --->   "%store_ln763 = store i16 %y_2, i16 %y" [prj/sol/.autopilot/db/v_tpg.cpp:763]   --->   Operation 65 'store' 'store_ln763' <Predicate = (!icmp_ln772)> <Delay = 0.42>
ST_3 : Operation 66 [1/1] (0.00ns)   --->   "%ret_ln811 = ret" [prj/sol/.autopilot/db/v_tpg.cpp:811]   --->   Operation 66 'ret' 'ret_ln811' <Predicate = (icmp_ln772)> <Delay = 0.00>

State 4 <SV = 3> <Delay = 1.71>
ST_4 : Operation 67 [1/1] (0.00ns)   --->   "%speclooptripcount_ln763 = speclooptripcount void @_ssdm_op_SpecLoopTripCount, i64 0, i64 65535, i64 32767" [prj/sol/.autopilot/db/v_tpg.cpp:763]   --->   Operation 67 'speclooptripcount' 'speclooptripcount_ln763' <Predicate = true> <Delay = 0.00>
ST_4 : Operation 68 [1/1] (0.00ns)   --->   "%specloopname_ln772 = specloopname void @_ssdm_op_SpecLoopName, void @empty_36" [prj/sol/.autopilot/db/v_tpg.cpp:772]   --->   Operation 68 'specloopname' 'specloopname_ln772' <Predicate = true> <Delay = 0.00>
ST_4 : Operation 69 [1/2] (1.71ns)   --->   "%call_ln1894 = call void @tpgForeground_Pipeline_VITIS_LOOP_774_2, i8 %colorFormat_val_read, i9 %shl_ln, i8 %maskId_val_read, i16 %width_val_read, i8 %select_ln1977, i1 %and_ln1989, i1 %and_ln1993, i1 %and_ln1991, i48 %ovrlayYUV, i48 %bckgndYUV, i8 %patternId_val_read, i16 %boxSize_val_read, i16 %y_1, i8 %boxColorB_val_read, i8 %boxColorG_val_read, i8 %boxColorR_val_read, i8 %select_ln1947, i16 %sub_ln1882, i8 %motionSpeed_val_read, i16 %sub_ln1881, i16 %crossHairX_val_read, i1 %icmp_ln1963, i16 %crossHairX_val_read, i8 %whiYuv_2_load, i16 %boxHCoord_loc_0, i16 %boxVCoord_loc_0, i16 %boxVCoord, i1 %vDir, i16 %boxHCoord, i1 %hDir" [prj/sol/.autopilot/db/v_tpg.cpp:1894->prj/sol/.autopilot/db/v_tpg.cpp:788]   --->   Operation 69 'call' 'call_ln1894' <Predicate = true> <Delay = 1.71> <CoreType = "Generic">   --->   Generic Core
ST_4 : Operation 70 [1/1] (0.00ns)   --->   "%br_ln772 = br void %VITIS_LOOP_774_2" [prj/sol/.autopilot/db/v_tpg.cpp:772]   --->   Operation 70 'br' 'br_ln772' <Predicate = true> <Delay = 0.00>


============================================================
+ Verbose Summary: Timing violations
============================================================
Target clock period: 10.000ns, clock uncertainty: 2.700ns.

 <State 1>: 1.792ns
The critical path consists of the following:
	wire read operation ('colorFormat_val_read') on port 'colorFormat_val' [30]  (0.000 ns)
	'icmp' operation 1 bit ('icmp_ln1975', prj/sol/.autopilot/db/v_tpg.cpp:1975->prj/sol/.autopilot/db/v_tpg.cpp:793) [51]  (0.765 ns)
	'select' operation 64 bit ('select_ln1975', prj/sol/.autopilot/db/v_tpg.cpp:1975->prj/sol/.autopilot/db/v_tpg.cpp:793) [58]  (0.350 ns)
	'getelementptr' operation 2 bit ('whiYuv_2_addr', prj/sol/.autopilot/db/v_tpg.cpp:1975->prj/sol/.autopilot/db/v_tpg.cpp:793) [59]  (0.000 ns)
	'load' operation 8 bit ('whiYuv_2_load', prj/sol/.autopilot/db/v_tpg.cpp:1974->prj/sol/.autopilot/db/v_tpg.cpp:793) on array 'whiYuv_2' [66]  (0.677 ns)

 <State 2>: 1.152ns
The critical path consists of the following:
	'icmp' operation 1 bit ('icmp_ln1974', prj/sol/.autopilot/db/v_tpg.cpp:1974->prj/sol/.autopilot/db/v_tpg.cpp:793) [49]  (0.765 ns)
	'select' operation 8 bit ('select_ln1977', prj/sol/.autopilot/db/v_tpg.cpp:1977->prj/sol/.autopilot/db/v_tpg.cpp:793) [50]  (0.387 ns)

 <State 3>: 2.464ns
The critical path consists of the following:
	'load' operation 16 bit ('y', prj/sol/.autopilot/db/v_tpg.cpp:772) on local variable 'y', prj/sol/.autopilot/db/v_tpg.cpp:763 [74]  (0.000 ns)
	'icmp' operation 1 bit ('icmp_ln772', prj/sol/.autopilot/db/v_tpg.cpp:772) [75]  (0.853 ns)
	'call' operation ('call_ln1894', prj/sol/.autopilot/db/v_tpg.cpp:1894->prj/sol/.autopilot/db/v_tpg.cpp:788) to 'tpgForeground_Pipeline_VITIS_LOOP_774_2' [82]  (1.611 ns)

 <State 4>: 1.717ns
The critical path consists of the following:
	'call' operation ('call_ln1894', prj/sol/.autopilot/db/v_tpg.cpp:1894->prj/sol/.autopilot/db/v_tpg.cpp:788) to 'tpgForeground_Pipeline_VITIS_LOOP_774_2' [82]  (1.717 ns)


============================================================
+ Verbose Summary: Binding
============================================================
N/A
* FSMD analyzer results:
  - Output states:
 - Input state : 
  - Chain level:
	State 1
	State 2
	State 3
	State 4


============================================================
+ Verbose Summary: Datapath Resource usage 
============================================================
N/A
