

================================================================
== Vitis HLS Report for 'tpgForeground_Pipeline_VITIS_LOOP_774_2'
================================================================
* Date:           Wed Jun  3 12:59:08 2026

* Version:        2025.2 (Build 6295257 on Nov 14 2025)
* Project:        prj
* Solution:       sol (Vivado IP Flow Target)
* Product family: artixuplus
* Target device:  xcau15p-ffvb676-2-e


================================================================
== Performance Estimates
================================================================
+ Timing: 
    * Summary: 
    +--------+----------+----------+------------+
    |  Clock |  Target  | Estimated| Uncertainty|
    +--------+----------+----------+------------+
    |ap_clk  |  10.00 ns|  5.088 ns|     2.70 ns|
    +--------+----------+----------+------------+

+ Latency: 
    * Summary: 
    +---------+---------+-----------+----------+-----+-----+-------------------+
    |  Latency (cycles) |  Latency (absolute)  |  Interval |      Pipeline     |
    |   min   |   max   |    min    |    max   | min | max |        Type       |
    +---------+---------+-----------+----------+-----+-----+-------------------+
    |        3|    32770|  30.000 ns|  0.328 ms|    0|    0|  loop pipeline stp|
    +---------+---------+-----------+----------+-----+-----+-------------------+

    + Detail: 
        * Instance: 
        N/A

        * Loop: 
        +--------------------+---------+---------+----------+-----------+-----------+-----------+----------+
        |                    |  Latency (cycles) | Iteration|  Initiation Interval  |    Trip   |          |
        |      Loop Name     |   min   |   max   |  Latency |  achieved |   target  |   Count   | Pipelined|
        +--------------------+---------+---------+----------+-----------+-----------+-----------+----------+
        |- VITIS_LOOP_774_2  |        1|    32768|         2|          1|          1|  1 ~ 32768|       yes|
        +--------------------+---------+---------+----------+-----------+-----------+-----------+----------+

============================================================
+ Verbose Summary: Synthesis Manager
============================================================
InlineROM: 1
ExposeGlobal: 0
============================================================
+ Verbose Summary: CDFG Model
============================================================
IsTopModel: 0
ResetActiveHigh: 1
IsCombinational: 0
IsDatapathOnly: 0
HasWiredReturn: 1
HasMFsm: 2
HasVarLatency: 1
IsPipeline: 0
IsRtlPipelined: 0
IsInstanceOverlapped: 0
IsDontTouch: 0
HasImplIP: 0
IsGatedGlobalClock: 0

+ Individual pipeline summary: 
  * Pipeline-0: initiation interval (II) = 1, depth = 2


============================================================
+ Verbose Summary: Schedule
============================================================
* Number of FSM states : 2
* Pipeline : 1
  Pipeline-0 : II = 1, D = 2, States = { 1 2 }
* Dataflow Pipeline: 0

* FSM state transitions: 
1 --> 2 
2 --> 

* FSM state operations: 

State 1 <SV = 0> <Delay = 2.03>
ST_1 : Operation 5 [1/1] (0.00ns)   --->   "%x = alloca i32 1" [prj/sol/.autopilot/db/v_tpg.cpp:1956->prj/sol/.autopilot/db/v_tpg.cpp:793]   --->   Operation 5 'alloca' 'x' <Predicate = true> <Delay = 0.00>
ST_1 : Operation 6 [1/1] (0.00ns)   --->   "%specstablecontent_ln0 = specstablecontent void @_ssdm_op_SpecStableContent, i8 %zext_ln789, i1 1, void @p_str"   --->   Operation 6 'specstablecontent' 'specstablecontent_ln0' <Predicate = true> <Delay = 0.00>
ST_1 : Operation 7 [1/1] (0.00ns)   --->   "%specstablecontent_ln0 = specstablecontent void @_ssdm_op_SpecStableContent, i16 %zext_ln1977, i1 1, void @p_str"   --->   Operation 7 'specstablecontent' 'specstablecontent_ln0' <Predicate = true> <Delay = 0.00>
ST_1 : Operation 8 [1/1] (0.00ns)   --->   "%whiYuv_2_load_read = read i8 @_ssdm_op_Read.ap_auto.i8, i8 %whiYuv_2_load"   --->   Operation 8 'read' 'whiYuv_2_load_read' <Predicate = true> <Delay = 0.00>
ST_1 : Operation 9 [1/1] (0.00ns)   --->   "%crossHairX_val_read = read i16 @_ssdm_op_Read.ap_auto.i16, i16 %crossHairX_val"   --->   Operation 9 'read' 'crossHairX_val_read' <Predicate = true> <Delay = 0.00>
ST_1 : Operation 10 [1/1] (0.00ns)   --->   "%icmp_ln1963_read = read i1 @_ssdm_op_Read.ap_auto.i1, i1 %icmp_ln1963"   --->   Operation 10 'read' 'icmp_ln1963_read' <Predicate = true> <Delay = 0.00>
ST_1 : Operation 11 [1/1] (0.00ns)   --->   "%zext_ln1977_read = read i16 @_ssdm_op_Read.ap_auto.i16, i16 %zext_ln1977"   --->   Operation 11 'read' 'zext_ln1977_read' <Predicate = true> <Delay = 0.00>
ST_1 : Operation 12 [1/1] (0.00ns)   --->   "%hMax_read = read i16 @_ssdm_op_Read.ap_auto.i16, i16 %hMax"   --->   Operation 12 'read' 'hMax_read' <Predicate = true> <Delay = 0.00>
ST_1 : Operation 13 [1/1] (0.00ns)   --->   "%zext_ln789_read = read i8 @_ssdm_op_Read.ap_auto.i8, i8 %zext_ln789"   --->   Operation 13 'read' 'zext_ln789_read' <Predicate = true> <Delay = 0.00>
ST_1 : Operation 14 [1/1] (0.00ns)   --->   "%vMax_read = read i16 @_ssdm_op_Read.ap_auto.i16, i16 %vMax"   --->   Operation 14 'read' 'vMax_read' <Predicate = true> <Delay = 0.00>
ST_1 : Operation 15 [1/1] (0.00ns)   --->   "%pixOut_17_read = read i8 @_ssdm_op_Read.ap_auto.i8, i8 %pixOut_17"   --->   Operation 15 'read' 'pixOut_17_read' <Predicate = true> <Delay = 0.00>
ST_1 : Operation 16 [1/1] (0.00ns)   --->   "%boxColorR_val_read = read i8 @_ssdm_op_Read.ap_auto.i8, i8 %boxColorR_val"   --->   Operation 16 'read' 'boxColorR_val_read' <Predicate = true> <Delay = 0.00>
ST_1 : Operation 17 [1/1] (0.00ns)   --->   "%boxColorG_val_read = read i8 @_ssdm_op_Read.ap_auto.i8, i8 %boxColorG_val"   --->   Operation 17 'read' 'boxColorG_val_read' <Predicate = true> <Delay = 0.00>
ST_1 : Operation 18 [1/1] (0.00ns)   --->   "%boxColorB_val_read = read i8 @_ssdm_op_Read.ap_auto.i8, i8 %boxColorB_val"   --->   Operation 18 'read' 'boxColorB_val_read' <Predicate = true> <Delay = 0.00>
ST_1 : Operation 19 [1/1] (0.00ns)   --->   "%y_read = read i16 @_ssdm_op_Read.ap_auto.i16, i16 %y"   --->   Operation 19 'read' 'y_read' <Predicate = true> <Delay = 0.00>
ST_1 : Operation 20 [1/1] (0.00ns)   --->   "%boxSize_val_read = read i16 @_ssdm_op_Read.ap_auto.i16, i16 %boxSize_val"   --->   Operation 20 'read' 'boxSize_val_read' <Predicate = true> <Delay = 0.00>
ST_1 : Operation 21 [1/1] (0.00ns)   --->   "%patternId_val_read = read i8 @_ssdm_op_Read.ap_auto.i8, i8 %patternId_val"   --->   Operation 21 'read' 'patternId_val_read' <Predicate = true> <Delay = 0.00>
ST_1 : Operation 22 [1/1] (0.00ns)   --->   "%and_ln1991_read = read i1 @_ssdm_op_Read.ap_auto.i1, i1 %and_ln1991"   --->   Operation 22 'read' 'and_ln1991_read' <Predicate = true> <Delay = 0.00>
ST_1 : Operation 23 [1/1] (0.00ns)   --->   "%and_ln1993_read = read i1 @_ssdm_op_Read.ap_auto.i1, i1 %and_ln1993"   --->   Operation 23 'read' 'and_ln1993_read' <Predicate = true> <Delay = 0.00>
ST_1 : Operation 24 [1/1] (0.00ns)   --->   "%and_ln1989_read = read i1 @_ssdm_op_Read.ap_auto.i1, i1 %and_ln1989"   --->   Operation 24 'read' 'and_ln1989_read' <Predicate = true> <Delay = 0.00>
ST_1 : Operation 25 [1/1] (0.00ns)   --->   "%select_ln1977_read = read i8 @_ssdm_op_Read.ap_auto.i8, i8 %select_ln1977"   --->   Operation 25 'read' 'select_ln1977_read' <Predicate = true> <Delay = 0.00>
ST_1 : Operation 26 [1/1] (0.00ns)   --->   "%width_val_read = read i16 @_ssdm_op_Read.ap_auto.i16, i16 %width_val"   --->   Operation 26 'read' 'width_val_read' <Predicate = true> <Delay = 0.00>
ST_1 : Operation 27 [1/1] (0.00ns)   --->   "%maskId_val_read = read i8 @_ssdm_op_Read.ap_auto.i8, i8 %maskId_val"   --->   Operation 27 'read' 'maskId_val_read' <Predicate = true> <Delay = 0.00>
ST_1 : Operation 28 [1/1] (0.00ns)   --->   "%shl_ln_read = read i9 @_ssdm_op_Read.ap_auto.i9, i9 %shl_ln"   --->   Operation 28 'read' 'shl_ln_read' <Predicate = true> <Delay = 0.00>
ST_1 : Operation 29 [1/1] (0.00ns)   --->   "%colorFormat_val_read = read i8 @_ssdm_op_Read.ap_auto.i8, i8 %colorFormat_val"   --->   Operation 29 'read' 'colorFormat_val_read' <Predicate = true> <Delay = 0.00>
ST_1 : Operation 30 [1/1] (0.00ns)   --->   "%zext_ln1977_cast = zext i16 %zext_ln1977_read"   --->   Operation 30 'zext' 'zext_ln1977_cast' <Predicate = true> <Delay = 0.00>
ST_1 : Operation 31 [1/1] (0.00ns)   --->   "%zext_ln789_cast = zext i8 %zext_ln789_read"   --->   Operation 31 'zext' 'zext_ln789_cast' <Predicate = true> <Delay = 0.00>
ST_1 : Operation 32 [1/1] (0.00ns)   --->   "%specstablecontent_ln0 = specstablecontent void @_ssdm_op_SpecStableContent, i16 %width_val, i1 1, void @p_str"   --->   Operation 32 'specstablecontent' 'specstablecontent_ln0' <Predicate = true> <Delay = 0.00>
ST_1 : Operation 33 [1/1] (0.00ns)   --->   "%specstablecontent_ln0 = specstablecontent void @_ssdm_op_SpecStableContent, i8 %patternId_val, i1 1, void @p_str"   --->   Operation 33 'specstablecontent' 'specstablecontent_ln0' <Predicate = true> <Delay = 0.00>
ST_1 : Operation 34 [1/1] (0.00ns)   --->   "%specstablecontent_ln0 = specstablecontent void @_ssdm_op_SpecStableContent, i8 %maskId_val, i1 1, void @p_str"   --->   Operation 34 'specstablecontent' 'specstablecontent_ln0' <Predicate = true> <Delay = 0.00>
ST_1 : Operation 35 [1/1] (0.00ns)   --->   "%specstablecontent_ln0 = specstablecontent void @_ssdm_op_SpecStableContent, i8 %colorFormat_val, i1 1, void @p_str"   --->   Operation 35 'specstablecontent' 'specstablecontent_ln0' <Predicate = true> <Delay = 0.00>
ST_1 : Operation 36 [1/1] (0.00ns)   --->   "%specstablecontent_ln0 = specstablecontent void @_ssdm_op_SpecStableContent, i16 %crossHairX_val, i1 1, void @p_str"   --->   Operation 36 'specstablecontent' 'specstablecontent_ln0' <Predicate = true> <Delay = 0.00>
ST_1 : Operation 37 [1/1] (0.00ns)   --->   "%specstablecontent_ln0 = specstablecontent void @_ssdm_op_SpecStableContent, i16 %boxSize_val, i1 1, void @p_str"   --->   Operation 37 'specstablecontent' 'specstablecontent_ln0' <Predicate = true> <Delay = 0.00>
ST_1 : Operation 38 [1/1] (0.00ns)   --->   "%specstablecontent_ln0 = specstablecontent void @_ssdm_op_SpecStableContent, i8 %boxColorR_val, i1 1, void @p_str"   --->   Operation 38 'specstablecontent' 'specstablecontent_ln0' <Predicate = true> <Delay = 0.00>
ST_1 : Operation 39 [1/1] (0.00ns)   --->   "%specstablecontent_ln0 = specstablecontent void @_ssdm_op_SpecStableContent, i8 %boxColorG_val, i1 1, void @p_str"   --->   Operation 39 'specstablecontent' 'specstablecontent_ln0' <Predicate = true> <Delay = 0.00>
ST_1 : Operation 40 [1/1] (0.00ns)   --->   "%specstablecontent_ln0 = specstablecontent void @_ssdm_op_SpecStableContent, i8 %boxColorB_val, i1 1, void @p_str"   --->   Operation 40 'specstablecontent' 'specstablecontent_ln0' <Predicate = true> <Delay = 0.00>
ST_1 : Operation 41 [1/1] (0.00ns)   --->   "%specinterface_ln0 = specinterface void @_ssdm_op_SpecInterface, i48 %bckgndYUV, void @empty_35, i32 0, i32 0, void @empty_15, i32 0, i32 0, void @empty_15, void @empty_15, void @empty_15, i32 0, i32 0, i32 0, i32 0, void @empty_15, void @empty_15, i32 4294967295, i32 0, i32 0, i32 0"   --->   Operation 41 'specinterface' 'specinterface_ln0' <Predicate = true> <Delay = 0.00>
ST_1 : Operation 42 [1/1] (0.00ns)   --->   "%specinterface_ln0 = specinterface void @_ssdm_op_SpecInterface, i48 %ovrlayYUV, void @empty_35, i32 0, i32 0, void @empty_15, i32 0, i32 0, void @empty_15, void @empty_15, void @empty_15, i32 0, i32 0, i32 0, i32 0, void @empty_15, void @empty_15, i32 4294967295, i32 0, i32 0, i32 0"   --->   Operation 42 'specinterface' 'specinterface_ln0' <Predicate = true> <Delay = 0.00>
ST_1 : Operation 43 [1/1] (0.76ns)   --->   "%icmp_ln1974 = icmp_eq  i8 %colorFormat_val_read, i8 0" [prj/sol/.autopilot/db/v_tpg.cpp:1974->prj/sol/.autopilot/db/v_tpg.cpp:793]   --->   Operation 43 'icmp' 'icmp_ln1974' <Predicate = true> <Delay = 0.76> <CoreInst = "Cmp">   --->   Core 9 'Cmp' <Latency = 0> <II = 1> <Delay = 0.76> <FuncUnit> <Opcode : 'seteq' 'setne' 'setle' 'setge' 'setlt' 'setgt'> <InPorts = 2> <OutPorts = 1>
ST_1 : Operation 44 [1/1] (0.00ns)   --->   "%zext_ln1974 = zext i9 %shl_ln_read" [prj/sol/.autopilot/db/v_tpg.cpp:1974->prj/sol/.autopilot/db/v_tpg.cpp:793]   --->   Operation 44 'zext' 'zext_ln1974' <Predicate = true> <Delay = 0.00>
ST_1 : Operation 45 [1/1] (0.76ns)   --->   "%icmp_ln801 = icmp_eq  i8 %maskId_val_read, i8 0" [prj/sol/.autopilot/db/v_tpg.cpp:801]   --->   Operation 45 'icmp' 'icmp_ln801' <Predicate = true> <Delay = 0.76> <CoreInst = "Cmp">   --->   Core 9 'Cmp' <Latency = 0> <II = 1> <Delay = 0.76> <FuncUnit> <Opcode : 'seteq' 'setne' 'setle' 'setge' 'setlt' 'setgt'> <InPorts = 2> <OutPorts = 1>
ST_1 : Operation 46 [1/1] (0.00ns)   --->   "%zext_ln1881 = zext i16 %width_val_read" [prj/sol/.autopilot/db/v_tpg.cpp:1881->prj/sol/.autopilot/db/v_tpg.cpp:788]   --->   Operation 46 'zext' 'zext_ln1881' <Predicate = true> <Delay = 0.00>
ST_1 : Operation 47 [1/1] (0.42ns)   --->   "%store_ln1956 = store i17 0, i17 %x" [prj/sol/.autopilot/db/v_tpg.cpp:1956->prj/sol/.autopilot/db/v_tpg.cpp:793]   --->   Operation 47 'store' 'store_ln1956' <Predicate = true> <Delay = 0.42>
ST_1 : Operation 48 [1/1] (0.00ns)   --->   "%br_ln774 = br void %for.body6" [prj/sol/.autopilot/db/v_tpg.cpp:774]   --->   Operation 48 'br' 'br_ln774' <Predicate = true> <Delay = 0.00>
ST_1 : Operation 49 [1/1] (0.00ns)   --->   "%x_1 = load i17 %x" [prj/sol/.autopilot/db/v_tpg.cpp:774]   --->   Operation 49 'load' 'x_1' <Predicate = true> <Delay = 0.00>
ST_1 : Operation 50 [1/1] (0.86ns)   --->   "%icmp_ln774 = icmp_ult  i17 %x_1, i17 %zext_ln1881" [prj/sol/.autopilot/db/v_tpg.cpp:774]   --->   Operation 50 'icmp' 'icmp_ln774' <Predicate = true> <Delay = 0.86> <CoreInst = "Cmp">   --->   Core 9 'Cmp' <Latency = 0> <II = 1> <Delay = 0.86> <FuncUnit> <Opcode : 'seteq' 'setne' 'setle' 'setge' 'setlt' 'setgt'> <InPorts = 2> <OutPorts = 1>
ST_1 : Operation 51 [1/1] (0.00ns)   --->   "%br_ln774 = br i1 %icmp_ln774, void %for.inc17.exitStub, void %for.body6.split" [prj/sol/.autopilot/db/v_tpg.cpp:774]   --->   Operation 51 'br' 'br_ln774' <Predicate = true> <Delay = 0.00>
ST_1 : Operation 52 [1/1] (0.00ns)   --->   "%x_2 = trunc i17 %x_1" [prj/sol/.autopilot/db/v_tpg.cpp:774]   --->   Operation 52 'trunc' 'x_2' <Predicate = (icmp_ln774)> <Delay = 0.00>
ST_1 : Operation 53 [1/1] (0.76ns)   --->   "%switch_ln780 = switch i8 %patternId_val_read, void %sw.epilog_ifconv, i8 2, void %sw.bb10, i8 1, void %sw.bb8" [prj/sol/.autopilot/db/v_tpg.cpp:780]   --->   Operation 53 'switch' 'switch_ln780' <Predicate = (icmp_ln774)> <Delay = 0.76>
ST_1 : Operation 54 [1/1] (0.00ns) (grouped into LUT with out node icmp_ln1884)   --->   "%or_ln1884 = or i16 %x_2, i16 %y_read" [prj/sol/.autopilot/db/v_tpg.cpp:1884->prj/sol/.autopilot/db/v_tpg.cpp:788]   --->   Operation 54 'or' 'or_ln1884' <Predicate = (icmp_ln774 & patternId_val_read == 1)> <Delay = 0.00> <CoreInst = "LogicGate">   --->   Core 74 'LogicGate' <Latency = 0> <II = 1> <Delay = 0.36> <FuncUnit> <Opcode : 'and' 'or' 'xor'> <InPorts = 2> <OutPorts = 1>
ST_1 : Operation 55 [1/1] (0.85ns) (out node of the LUT)   --->   "%icmp_ln1884 = icmp_eq  i16 %or_ln1884, i16 0" [prj/sol/.autopilot/db/v_tpg.cpp:1884->prj/sol/.autopilot/db/v_tpg.cpp:788]   --->   Operation 55 'icmp' 'icmp_ln1884' <Predicate = (icmp_ln774 & patternId_val_read == 1)> <Delay = 0.85> <CoreInst = "Cmp">   --->   Core 9 'Cmp' <Latency = 0> <II = 1> <Delay = 0.85> <FuncUnit> <Opcode : 'seteq' 'setne' 'setle' 'setge' 'setlt' 'setgt'> <InPorts = 2> <OutPorts = 1>
ST_1 : Operation 56 [1/1] (0.00ns)   --->   "%br_ln1884 = br i1 %icmp_ln1884, void %if.end64.i, void %if.then.i3" [prj/sol/.autopilot/db/v_tpg.cpp:1884->prj/sol/.autopilot/db/v_tpg.cpp:788]   --->   Operation 56 'br' 'br_ln1884' <Predicate = (icmp_ln774 & patternId_val_read == 1)> <Delay = 0.00>
ST_1 : Operation 57 [1/1] (0.00ns)   --->   "%boxHCoord_loc_1_out_load = load i16 %boxHCoord_loc_1_out" [prj/sol/.autopilot/db/v_tpg.cpp:1912->prj/sol/.autopilot/db/v_tpg.cpp:788]   --->   Operation 57 'load' 'boxHCoord_loc_1_out_load' <Predicate = (icmp_ln774 & patternId_val_read == 1 & icmp_ln1884)> <Delay = 0.00>
ST_1 : Operation 58 [1/1] (0.00ns)   --->   "%hDir_load = load i1 %hDir" [prj/sol/.autopilot/db/v_tpg.cpp:1887->prj/sol/.autopilot/db/v_tpg.cpp:788]   --->   Operation 58 'load' 'hDir_load' <Predicate = (icmp_ln774 & patternId_val_read == 1 & icmp_ln1884)> <Delay = 0.00>
ST_1 : Operation 59 [1/1] (0.00ns)   --->   "%vDir_load = load i1 %vDir" [prj/sol/.autopilot/db/v_tpg.cpp:1899->prj/sol/.autopilot/db/v_tpg.cpp:788]   --->   Operation 59 'load' 'vDir_load' <Predicate = (icmp_ln774 & patternId_val_read == 1 & icmp_ln1884)> <Delay = 0.00>
ST_1 : Operation 60 [1/1] (0.85ns)   --->   "%sub_ln1914 = sub i16 %boxHCoord_loc_1_out_load, i16 %zext_ln789_cast" [prj/sol/.autopilot/db/v_tpg.cpp:1914->prj/sol/.autopilot/db/v_tpg.cpp:788]   --->   Operation 60 'sub' 'sub_ln1914' <Predicate = (icmp_ln774 & patternId_val_read == 1 & icmp_ln1884)> <Delay = 0.85> <CoreInst = "Adder">   --->   Core 1 'Adder' <Latency = 0> <II = 1> <Delay = 0.85> <FuncUnit> <Opcode : 'add' 'sub'> <InPorts = 2> <OutPorts = 1>
ST_1 : Operation 61 [1/1] (0.85ns)   --->   "%add_ln1912 = add i16 %boxHCoord_loc_1_out_load, i16 %zext_ln789_cast" [prj/sol/.autopilot/db/v_tpg.cpp:1912->prj/sol/.autopilot/db/v_tpg.cpp:788]   --->   Operation 61 'add' 'add_ln1912' <Predicate = (icmp_ln774 & patternId_val_read == 1 & icmp_ln1884)> <Delay = 0.85> <CoreInst = "Adder">   --->   Core 1 'Adder' <Latency = 0> <II = 1> <Delay = 0.85> <FuncUnit> <Opcode : 'add' 'sub'> <InPorts = 2> <OutPorts = 1>
ST_1 : Operation 62 [1/1] (0.00ns)   --->   "%br_ln1887 = br i1 %hDir_load, void %if.then12.i, void %if.else.i" [prj/sol/.autopilot/db/v_tpg.cpp:1887->prj/sol/.autopilot/db/v_tpg.cpp:788]   --->   Operation 62 'br' 'br_ln1887' <Predicate = (icmp_ln774 & patternId_val_read == 1 & icmp_ln1884)> <Delay = 0.00>
ST_1 : Operation 63 [1/1] (0.85ns)   --->   "%icmp_ln1889 = icmp_ugt  i16 %boxHCoord_loc_1_out_load, i16 %hMax_read" [prj/sol/.autopilot/db/v_tpg.cpp:1889->prj/sol/.autopilot/db/v_tpg.cpp:788]   --->   Operation 63 'icmp' 'icmp_ln1889' <Predicate = (icmp_ln774 & patternId_val_read == 1 & icmp_ln1884 & !hDir_load)> <Delay = 0.85> <CoreInst = "Cmp">   --->   Core 9 'Cmp' <Latency = 0> <II = 1> <Delay = 0.85> <FuncUnit> <Opcode : 'seteq' 'setne' 'setle' 'setge' 'setlt' 'setgt'> <InPorts = 2> <OutPorts = 1>
ST_1 : Operation 64 [1/1] (0.00ns)   --->   "%br_ln1889 = br i1 %icmp_ln1889, void %if.then12.i._crit_edge, void %if.then16.i" [prj/sol/.autopilot/db/v_tpg.cpp:1889->prj/sol/.autopilot/db/v_tpg.cpp:788]   --->   Operation 64 'br' 'br_ln1889' <Predicate = (icmp_ln774 & patternId_val_read == 1 & icmp_ln1884 & !hDir_load)> <Delay = 0.00>
ST_1 : Operation 65 [1/1] (0.42ns)   --->   "%store_ln1890 = store i1 1, i1 %hDir" [prj/sol/.autopilot/db/v_tpg.cpp:1890->prj/sol/.autopilot/db/v_tpg.cpp:788]   --->   Operation 65 'store' 'store_ln1890' <Predicate = (icmp_ln774 & patternId_val_read == 1 & icmp_ln1884 & !hDir_load & icmp_ln1889)> <Delay = 0.42>
ST_1 : Operation 66 [1/1] (0.42ns)   --->   "%store_ln1914 = store i16 %sub_ln1914, i16 %boxHCoord_loc_1_out" [prj/sol/.autopilot/db/v_tpg.cpp:1914->prj/sol/.autopilot/db/v_tpg.cpp:788]   --->   Operation 66 'store' 'store_ln1914' <Predicate = (icmp_ln774 & patternId_val_read == 1 & icmp_ln1884 & !hDir_load & icmp_ln1889)> <Delay = 0.42>
ST_1 : Operation 67 [1/1] (0.00ns)   --->   "%br_ln1890 = br void %if.end22.i" [prj/sol/.autopilot/db/v_tpg.cpp:1890->prj/sol/.autopilot/db/v_tpg.cpp:788]   --->   Operation 67 'br' 'br_ln1890' <Predicate = (icmp_ln774 & patternId_val_read == 1 & icmp_ln1884 & !hDir_load & icmp_ln1889)> <Delay = 0.00>
ST_1 : Operation 68 [1/1] (0.85ns)   --->   "%icmp_ln1894 = icmp_ugt  i16 %zext_ln1974, i16 %boxHCoord_loc_1_out_load" [prj/sol/.autopilot/db/v_tpg.cpp:1894->prj/sol/.autopilot/db/v_tpg.cpp:788]   --->   Operation 68 'icmp' 'icmp_ln1894' <Predicate = (icmp_ln774 & patternId_val_read == 1 & icmp_ln1884 & hDir_load)> <Delay = 0.85> <CoreInst = "Cmp">   --->   Core 9 'Cmp' <Latency = 0> <II = 1> <Delay = 0.85> <FuncUnit> <Opcode : 'seteq' 'setne' 'setle' 'setge' 'setlt' 'setgt'> <InPorts = 2> <OutPorts = 1>
ST_1 : Operation 69 [1/1] (0.00ns)   --->   "%br_ln1894 = br i1 %icmp_ln1894, void %if.else.i.if.end22.i_crit_edge, void %if.then20.i" [prj/sol/.autopilot/db/v_tpg.cpp:1894->prj/sol/.autopilot/db/v_tpg.cpp:788]   --->   Operation 69 'br' 'br_ln1894' <Predicate = (icmp_ln774 & patternId_val_read == 1 & icmp_ln1884 & hDir_load)> <Delay = 0.00>
ST_1 : Operation 70 [1/1] (0.42ns)   --->   "%store_ln1914 = store i16 %sub_ln1914, i16 %boxHCoord_loc_1_out" [prj/sol/.autopilot/db/v_tpg.cpp:1914->prj/sol/.autopilot/db/v_tpg.cpp:788]   --->   Operation 70 'store' 'store_ln1914' <Predicate = (icmp_ln774 & patternId_val_read == 1 & icmp_ln1884 & hDir_load & !icmp_ln1894)> <Delay = 0.42>
ST_1 : Operation 71 [1/1] (0.00ns)   --->   "%br_ln1894 = br void %if.end22.i" [prj/sol/.autopilot/db/v_tpg.cpp:1894->prj/sol/.autopilot/db/v_tpg.cpp:788]   --->   Operation 71 'br' 'br_ln1894' <Predicate = (icmp_ln774 & patternId_val_read == 1 & icmp_ln1884 & hDir_load & !icmp_ln1894)> <Delay = 0.00>
ST_1 : Operation 72 [1/1] (0.42ns)   --->   "%store_ln1895 = store i1 0, i1 %hDir" [prj/sol/.autopilot/db/v_tpg.cpp:1895->prj/sol/.autopilot/db/v_tpg.cpp:788]   --->   Operation 72 'store' 'store_ln1895' <Predicate = (icmp_ln774 & patternId_val_read == 1 & icmp_ln1884 & hDir_load & icmp_ln1894)> <Delay = 0.42>
ST_1 : Operation 73 [1/1] (0.00ns)   --->   "%br_ln1895 = br void %if.then12.i._crit_edge" [prj/sol/.autopilot/db/v_tpg.cpp:1895->prj/sol/.autopilot/db/v_tpg.cpp:788]   --->   Operation 73 'br' 'br_ln1895' <Predicate = (icmp_ln774 & patternId_val_read == 1 & icmp_ln1884 & hDir_load & icmp_ln1894)> <Delay = 0.00>
ST_1 : Operation 74 [1/1] (0.42ns)   --->   "%store_ln1912 = store i16 %add_ln1912, i16 %boxHCoord_loc_1_out" [prj/sol/.autopilot/db/v_tpg.cpp:1912->prj/sol/.autopilot/db/v_tpg.cpp:788]   --->   Operation 74 'store' 'store_ln1912' <Predicate = (icmp_ln774 & patternId_val_read == 1 & icmp_ln1884 & hDir_load & icmp_ln1894) | (icmp_ln774 & patternId_val_read == 1 & icmp_ln1884 & !hDir_load & !icmp_ln1889)> <Delay = 0.42>
ST_1 : Operation 75 [1/1] (0.00ns)   --->   "%br_ln1911 = br void %if.end22.i" [prj/sol/.autopilot/db/v_tpg.cpp:1911->prj/sol/.autopilot/db/v_tpg.cpp:788]   --->   Operation 75 'br' 'br_ln1911' <Predicate = (icmp_ln774 & patternId_val_read == 1 & icmp_ln1884 & hDir_load & icmp_ln1894) | (icmp_ln774 & patternId_val_read == 1 & icmp_ln1884 & !hDir_load & !icmp_ln1889)> <Delay = 0.00>
ST_1 : Operation 76 [1/1] (0.00ns)   --->   "%boxVCoord_loc_1_out_load = load i16 %boxVCoord_loc_1_out" [prj/sol/.autopilot/db/v_tpg.cpp:1916->prj/sol/.autopilot/db/v_tpg.cpp:788]   --->   Operation 76 'load' 'boxVCoord_loc_1_out_load' <Predicate = (icmp_ln774 & patternId_val_read == 1 & icmp_ln1884)> <Delay = 0.00>
ST_1 : Operation 77 [1/1] (0.85ns)   --->   "%sub_ln1918 = sub i16 %boxVCoord_loc_1_out_load, i16 %zext_ln789_cast" [prj/sol/.autopilot/db/v_tpg.cpp:1918->prj/sol/.autopilot/db/v_tpg.cpp:788]   --->   Operation 77 'sub' 'sub_ln1918' <Predicate = (icmp_ln774 & patternId_val_read == 1 & icmp_ln1884)> <Delay = 0.85> <CoreInst = "Adder">   --->   Core 1 'Adder' <Latency = 0> <II = 1> <Delay = 0.85> <FuncUnit> <Opcode : 'add' 'sub'> <InPorts = 2> <OutPorts = 1>
ST_1 : Operation 78 [1/1] (0.85ns)   --->   "%add_ln1916 = add i16 %boxVCoord_loc_1_out_load, i16 %zext_ln789_cast" [prj/sol/.autopilot/db/v_tpg.cpp:1916->prj/sol/.autopilot/db/v_tpg.cpp:788]   --->   Operation 78 'add' 'add_ln1916' <Predicate = (icmp_ln774 & patternId_val_read == 1 & icmp_ln1884)> <Delay = 0.85> <CoreInst = "Adder">   --->   Core 1 'Adder' <Latency = 0> <II = 1> <Delay = 0.85> <FuncUnit> <Opcode : 'add' 'sub'> <InPorts = 2> <OutPorts = 1>
ST_1 : Operation 79 [1/1] (0.00ns)   --->   "%br_ln1899 = br i1 %vDir_load, void %if.then25.i, void %if.else31.i" [prj/sol/.autopilot/db/v_tpg.cpp:1899->prj/sol/.autopilot/db/v_tpg.cpp:788]   --->   Operation 79 'br' 'br_ln1899' <Predicate = (icmp_ln774 & patternId_val_read == 1 & icmp_ln1884)> <Delay = 0.00>
ST_1 : Operation 80 [1/1] (0.85ns)   --->   "%icmp_ln1901 = icmp_ugt  i16 %boxVCoord_loc_1_out_load, i16 %vMax_read" [prj/sol/.autopilot/db/v_tpg.cpp:1901->prj/sol/.autopilot/db/v_tpg.cpp:788]   --->   Operation 80 'icmp' 'icmp_ln1901' <Predicate = (icmp_ln774 & patternId_val_read == 1 & icmp_ln1884 & !vDir_load)> <Delay = 0.85> <CoreInst = "Cmp">   --->   Core 9 'Cmp' <Latency = 0> <II = 1> <Delay = 0.85> <FuncUnit> <Opcode : 'seteq' 'setne' 'setle' 'setge' 'setlt' 'setgt'> <InPorts = 2> <OutPorts = 1>
ST_1 : Operation 81 [1/1] (0.00ns)   --->   "%br_ln1901 = br i1 %icmp_ln1901, void %if.then25.i._crit_edge, void %if.then29.i" [prj/sol/.autopilot/db/v_tpg.cpp:1901->prj/sol/.autopilot/db/v_tpg.cpp:788]   --->   Operation 81 'br' 'br_ln1901' <Predicate = (icmp_ln774 & patternId_val_read == 1 & icmp_ln1884 & !vDir_load)> <Delay = 0.00>
ST_1 : Operation 82 [1/1] (0.42ns)   --->   "%store_ln1902 = store i1 1, i1 %vDir" [prj/sol/.autopilot/db/v_tpg.cpp:1902->prj/sol/.autopilot/db/v_tpg.cpp:788]   --->   Operation 82 'store' 'store_ln1902' <Predicate = (icmp_ln774 & patternId_val_read == 1 & icmp_ln1884 & !vDir_load & icmp_ln1901)> <Delay = 0.42>
ST_1 : Operation 83 [1/1] (0.00ns)   --->   "%br_ln1902 = br void %if.end38.i" [prj/sol/.autopilot/db/v_tpg.cpp:1902->prj/sol/.autopilot/db/v_tpg.cpp:788]   --->   Operation 83 'br' 'br_ln1902' <Predicate = (icmp_ln774 & patternId_val_read == 1 & icmp_ln1884 & !vDir_load & icmp_ln1901)> <Delay = 0.00>
ST_1 : Operation 84 [1/1] (0.85ns)   --->   "%icmp_ln1906 = icmp_ugt  i16 %zext_ln1974, i16 %boxVCoord_loc_1_out_load" [prj/sol/.autopilot/db/v_tpg.cpp:1906->prj/sol/.autopilot/db/v_tpg.cpp:788]   --->   Operation 84 'icmp' 'icmp_ln1906' <Predicate = (icmp_ln774 & patternId_val_read == 1 & icmp_ln1884 & vDir_load)> <Delay = 0.85> <CoreInst = "Cmp">   --->   Core 9 'Cmp' <Latency = 0> <II = 1> <Delay = 0.85> <FuncUnit> <Opcode : 'seteq' 'setne' 'setle' 'setge' 'setlt' 'setgt'> <InPorts = 2> <OutPorts = 1>
ST_1 : Operation 85 [1/1] (0.00ns)   --->   "%br_ln1906 = br i1 %icmp_ln1906, void %if.end38.i, void %if.then36.i" [prj/sol/.autopilot/db/v_tpg.cpp:1906->prj/sol/.autopilot/db/v_tpg.cpp:788]   --->   Operation 85 'br' 'br_ln1906' <Predicate = (icmp_ln774 & patternId_val_read == 1 & icmp_ln1884 & vDir_load)> <Delay = 0.00>
ST_1 : Operation 86 [1/1] (0.42ns)   --->   "%store_ln1918 = store i16 %sub_ln1918, i16 %boxVCoord_loc_1_out" [prj/sol/.autopilot/db/v_tpg.cpp:1918->prj/sol/.autopilot/db/v_tpg.cpp:788]   --->   Operation 86 'store' 'store_ln1918' <Predicate = (icmp_ln774 & patternId_val_read == 1 & icmp_ln1884 & vDir_load & !icmp_ln1906) | (icmp_ln774 & patternId_val_read == 1 & icmp_ln1884 & !vDir_load & icmp_ln1901)> <Delay = 0.42>
ST_1 : Operation 87 [1/1] (0.00ns)   --->   "%br_ln1915 = br void" [prj/sol/.autopilot/db/v_tpg.cpp:1915->prj/sol/.autopilot/db/v_tpg.cpp:788]   --->   Operation 87 'br' 'br_ln1915' <Predicate = (icmp_ln774 & patternId_val_read == 1 & icmp_ln1884 & vDir_load & !icmp_ln1906) | (icmp_ln774 & patternId_val_read == 1 & icmp_ln1884 & !vDir_load & icmp_ln1901)> <Delay = 0.00>
ST_1 : Operation 88 [1/1] (0.42ns)   --->   "%store_ln1907 = store i1 0, i1 %vDir" [prj/sol/.autopilot/db/v_tpg.cpp:1907->prj/sol/.autopilot/db/v_tpg.cpp:788]   --->   Operation 88 'store' 'store_ln1907' <Predicate = (icmp_ln774 & patternId_val_read == 1 & icmp_ln1884 & vDir_load & icmp_ln1906)> <Delay = 0.42>
ST_1 : Operation 89 [1/1] (0.00ns)   --->   "%br_ln1907 = br void %if.then25.i._crit_edge" [prj/sol/.autopilot/db/v_tpg.cpp:1907->prj/sol/.autopilot/db/v_tpg.cpp:788]   --->   Operation 89 'br' 'br_ln1907' <Predicate = (icmp_ln774 & patternId_val_read == 1 & icmp_ln1884 & vDir_load & icmp_ln1906)> <Delay = 0.00>
ST_1 : Operation 90 [1/1] (0.42ns)   --->   "%store_ln1916 = store i16 %add_ln1916, i16 %boxVCoord_loc_1_out" [prj/sol/.autopilot/db/v_tpg.cpp:1916->prj/sol/.autopilot/db/v_tpg.cpp:788]   --->   Operation 90 'store' 'store_ln1916' <Predicate = (icmp_ln774 & patternId_val_read == 1 & icmp_ln1884 & vDir_load & icmp_ln1906) | (icmp_ln774 & patternId_val_read == 1 & icmp_ln1884 & !vDir_load & !icmp_ln1901)> <Delay = 0.42>
ST_1 : Operation 91 [1/1] (0.00ns)   --->   "%br_ln1915 = br void" [prj/sol/.autopilot/db/v_tpg.cpp:1915->prj/sol/.autopilot/db/v_tpg.cpp:788]   --->   Operation 91 'br' 'br_ln1915' <Predicate = (icmp_ln774 & patternId_val_read == 1 & icmp_ln1884 & vDir_load & icmp_ln1906) | (icmp_ln774 & patternId_val_read == 1 & icmp_ln1884 & !vDir_load & !icmp_ln1901)> <Delay = 0.00>
ST_1 : Operation 92 [1/1] (0.00ns)   --->   "%tmp_1 = partselect i15 @_ssdm_op_PartSelect.i15.i17.i32.i32, i17 %x_1, i32 1, i32 15" [prj/sol/.autopilot/db/v_tpg.cpp:1937->prj/sol/.autopilot/db/v_tpg.cpp:788]   --->   Operation 92 'partselect' 'tmp_1' <Predicate = (icmp_ln774 & patternId_val_read == 1)> <Delay = 0.00>
ST_1 : Operation 93 [1/1] (0.47ns)   --->   "%br_ln790 = br void %sw.epilog_ifconv" [prj/sol/.autopilot/db/v_tpg.cpp:790]   --->   Operation 93 'br' 'br_ln790' <Predicate = (icmp_ln774 & patternId_val_read == 1)> <Delay = 0.47>
ST_1 : Operation 94 [1/1] (0.86ns)   --->   "%icmp_ln1963_1 = icmp_eq  i17 %x_1, i17 %zext_ln1977_cast" [prj/sol/.autopilot/db/v_tpg.cpp:1963->prj/sol/.autopilot/db/v_tpg.cpp:793]   --->   Operation 94 'icmp' 'icmp_ln1963_1' <Predicate = (icmp_ln774 & patternId_val_read == 2)> <Delay = 0.86> <CoreInst = "Cmp">   --->   Core 9 'Cmp' <Latency = 0> <II = 1> <Delay = 0.86> <FuncUnit> <Opcode : 'seteq' 'setne' 'setle' 'setge' 'setlt' 'setgt'> <InPorts = 2> <OutPorts = 1>
ST_1 : Operation 95 [1/1] (0.28ns)   --->   "%or_ln1963 = or i1 %icmp_ln1963_read, i1 %icmp_ln1963_1" [prj/sol/.autopilot/db/v_tpg.cpp:1963->prj/sol/.autopilot/db/v_tpg.cpp:793]   --->   Operation 95 'or' 'or_ln1963' <Predicate = (icmp_ln774 & patternId_val_read == 2)> <Delay = 0.28> <CoreInst = "LogicGate">   --->   Core 74 'LogicGate' <Latency = 0> <II = 1> <Delay = 0.28> <FuncUnit> <Opcode : 'and' 'or' 'xor'> <InPorts = 2> <OutPorts = 1>
ST_1 : Operation 96 [1/1] (0.00ns)   --->   "%tmp = partselect i15 @_ssdm_op_PartSelect.i15.i17.i32.i32, i17 %x_1, i32 1, i32 15" [prj/sol/.autopilot/db/v_tpg.cpp:1963->prj/sol/.autopilot/db/v_tpg.cpp:793]   --->   Operation 96 'partselect' 'tmp' <Predicate = (icmp_ln774 & patternId_val_read == 2)> <Delay = 0.00>
ST_1 : Operation 97 [1/1] (0.00ns)   --->   "%or_ln1963_1 = bitconcatenate i16 @_ssdm_op_BitConcatenate.i16.i15.i1, i15 %tmp, i1 1" [prj/sol/.autopilot/db/v_tpg.cpp:1963->prj/sol/.autopilot/db/v_tpg.cpp:793]   --->   Operation 97 'bitconcatenate' 'or_ln1963_1' <Predicate = (icmp_ln774 & patternId_val_read == 2)> <Delay = 0.00>
ST_1 : Operation 98 [1/1] (0.85ns)   --->   "%icmp_ln1963_2 = icmp_eq  i16 %or_ln1963_1, i16 %crossHairX_val_read" [prj/sol/.autopilot/db/v_tpg.cpp:1963->prj/sol/.autopilot/db/v_tpg.cpp:793]   --->   Operation 98 'icmp' 'icmp_ln1963_2' <Predicate = (icmp_ln774 & patternId_val_read == 2)> <Delay = 0.85> <CoreInst = "Cmp">   --->   Core 9 'Cmp' <Latency = 0> <II = 1> <Delay = 0.85> <FuncUnit> <Opcode : 'seteq' 'setne' 'setle' 'setge' 'setlt' 'setgt'> <InPorts = 2> <OutPorts = 1>
ST_1 : Operation 99 [1/1] (0.28ns)   --->   "%or_ln1963_2 = or i1 %icmp_ln1963_read, i1 %icmp_ln1963_2" [prj/sol/.autopilot/db/v_tpg.cpp:1963->prj/sol/.autopilot/db/v_tpg.cpp:793]   --->   Operation 99 'or' 'or_ln1963_2' <Predicate = (icmp_ln774 & patternId_val_read == 2)> <Delay = 0.28> <CoreInst = "LogicGate">   --->   Core 74 'LogicGate' <Latency = 0> <II = 1> <Delay = 0.28> <FuncUnit> <Opcode : 'and' 'or' 'xor'> <InPorts = 2> <OutPorts = 1>
ST_1 : Operation 100 [1/1] (0.47ns)   --->   "%br_ln1963 = br i1 %or_ln1963_2, void %sw.epilog_ifconv, void %if.then.1.i" [prj/sol/.autopilot/db/v_tpg.cpp:1963->prj/sol/.autopilot/db/v_tpg.cpp:793]   --->   Operation 100 'br' 'br_ln1963' <Predicate = (icmp_ln774 & patternId_val_read == 2)> <Delay = 0.47>
ST_1 : Operation 101 [1/1] (0.47ns)   --->   "%br_ln1974 = br void %sw.epilog_ifconv" [prj/sol/.autopilot/db/v_tpg.cpp:1974->prj/sol/.autopilot/db/v_tpg.cpp:793]   --->   Operation 101 'br' 'br_ln1974' <Predicate = (icmp_ln774 & patternId_val_read == 2 & or_ln1963_2)> <Delay = 0.47>
ST_1 : Operation 102 [1/1] (0.86ns)   --->   "%add_ln774 = add i17 %x_1, i17 2" [prj/sol/.autopilot/db/v_tpg.cpp:774]   --->   Operation 102 'add' 'add_ln774' <Predicate = (icmp_ln774)> <Delay = 0.86> <CoreInst = "Adder">   --->   Core 1 'Adder' <Latency = 0> <II = 1> <Delay = 0.86> <FuncUnit> <Opcode : 'add' 'sub'> <InPorts = 2> <OutPorts = 1>
ST_1 : Operation 103 [1/1] (0.42ns)   --->   "%store_ln1956 = store i17 %add_ln774, i17 %x" [prj/sol/.autopilot/db/v_tpg.cpp:1956->prj/sol/.autopilot/db/v_tpg.cpp:793]   --->   Operation 103 'store' 'store_ln1956' <Predicate = (icmp_ln774)> <Delay = 0.42>
ST_1 : Operation 169 [1/1] (0.42ns)   --->   "%ret_ln0 = ret"   --->   Operation 169 'ret' 'ret_ln0' <Predicate = (!icmp_ln774)> <Delay = 0.42>

State 2 <SV = 1> <Delay = 5.08>
ST_2 : Operation 104 [1/1] (0.00ns)   --->   "%specpipeline_ln777 = specpipeline void @_ssdm_op_SpecPipeline, i32 1, i32 0, i32 0, i32 0, i32 4294967295, void @empty_15" [prj/sol/.autopilot/db/v_tpg.cpp:777]   --->   Operation 104 'specpipeline' 'specpipeline_ln777' <Predicate = (icmp_ln774)> <Delay = 0.00>
ST_2 : Operation 105 [1/1] (0.00ns)   --->   "%speclooptripcount_ln763 = speclooptripcount void @_ssdm_op_SpecLoopTripCount, i64 1, i64 32768, i64 16384" [prj/sol/.autopilot/db/v_tpg.cpp:763]   --->   Operation 105 'speclooptripcount' 'speclooptripcount_ln763' <Predicate = (icmp_ln774)> <Delay = 0.00>
ST_2 : Operation 106 [1/1] (0.00ns)   --->   "%specloopname_ln774 = specloopname void @_ssdm_op_SpecLoopName, void @empty_9" [prj/sol/.autopilot/db/v_tpg.cpp:774]   --->   Operation 106 'specloopname' 'specloopname_ln774' <Predicate = (icmp_ln774)> <Delay = 0.00>
ST_2 : Operation 107 [1/1] ( I:2.04ns O:2.04ns )   --->   "%bckgndYUV_read = read i48 @_ssdm_op_Read.ap_fifo.volatile.i48P0A, i48 %bckgndYUV" [prj/sol/.autopilot/db/v_tpg.cpp:778]   --->   Operation 107 'read' 'bckgndYUV_read' <Predicate = (icmp_ln774)> <Delay = 2.04> <CoreInst = "FIFO_SRL">   --->   Core 80 'FIFO_SRL' <Latency = 0> <II = 1> <Delay = 2.04> <Storage> <Opcode : 'read' 'write' 'nbread' 'nbwrite'> <Ports = 0> <Width = 48> <Depth = 16> <FIFO>
ST_2 : Operation 108 [1/1] (0.00ns)   --->   "%pixIn = trunc i48 %bckgndYUV_read" [prj/sol/.autopilot/db/v_tpg.cpp:778]   --->   Operation 108 'trunc' 'pixIn' <Predicate = (icmp_ln774)> <Delay = 0.00>
ST_2 : Operation 109 [1/1] (0.00ns)   --->   "%pixIn_11 = partselect i8 @_ssdm_op_PartSelect.i8.i48.i32.i32, i48 %bckgndYUV_read, i32 8, i32 15" [prj/sol/.autopilot/db/v_tpg.cpp:778]   --->   Operation 109 'partselect' 'pixIn_11' <Predicate = (icmp_ln774)> <Delay = 0.00>
ST_2 : Operation 110 [1/1] (0.00ns)   --->   "%pixIn_12 = partselect i8 @_ssdm_op_PartSelect.i8.i48.i32.i32, i48 %bckgndYUV_read, i32 16, i32 23" [prj/sol/.autopilot/db/v_tpg.cpp:778]   --->   Operation 110 'partselect' 'pixIn_12' <Predicate = (icmp_ln774)> <Delay = 0.00>
ST_2 : Operation 111 [1/1] (0.00ns)   --->   "%pixIn_13 = partselect i8 @_ssdm_op_PartSelect.i8.i48.i32.i32, i48 %bckgndYUV_read, i32 24, i32 31" [prj/sol/.autopilot/db/v_tpg.cpp:778]   --->   Operation 111 'partselect' 'pixIn_13' <Predicate = (icmp_ln774)> <Delay = 0.00>
ST_2 : Operation 112 [1/1] (0.00ns)   --->   "%pixIn_14 = partselect i8 @_ssdm_op_PartSelect.i8.i48.i32.i32, i48 %bckgndYUV_read, i32 32, i32 39" [prj/sol/.autopilot/db/v_tpg.cpp:778]   --->   Operation 112 'partselect' 'pixIn_14' <Predicate = (icmp_ln774)> <Delay = 0.00>
ST_2 : Operation 113 [1/1] (0.00ns)   --->   "%pixIn_15 = partselect i8 @_ssdm_op_PartSelect.i8.i48.i32.i32, i48 %bckgndYUV_read, i32 40, i32 47" [prj/sol/.autopilot/db/v_tpg.cpp:778]   --->   Operation 113 'partselect' 'pixIn_15' <Predicate = (icmp_ln774)> <Delay = 0.00>
ST_2 : Operation 114 [1/1] (0.00ns)   --->   "%boxHCoord_loc_1_out_load_1 = load i16 %boxHCoord_loc_1_out"   --->   Operation 114 'load' 'boxHCoord_loc_1_out_load_1' <Predicate = (icmp_ln774 & patternId_val_read == 1 & icmp_ln1884)> <Delay = 0.00>
ST_2 : Operation 115 [1/1] (0.00ns)   --->   "%store_ln0 = store i16 %boxHCoord_loc_1_out_load_1, i16 %boxHCoord"   --->   Operation 115 'store' 'store_ln0' <Predicate = (icmp_ln774 & patternId_val_read == 1 & icmp_ln1884)> <Delay = 0.00>
ST_2 : Operation 116 [1/1] (0.00ns)   --->   "%boxVCoord_loc_1_out_load_1 = load i16 %boxVCoord_loc_1_out"   --->   Operation 116 'load' 'boxVCoord_loc_1_out_load_1' <Predicate = (patternId_val_read == 1 & icmp_ln1884)> <Delay = 0.00>
ST_2 : Operation 117 [1/1] (0.00ns)   --->   "%store_ln0 = store i16 %boxVCoord_loc_1_out_load_1, i16 %boxVCoord"   --->   Operation 117 'store' 'store_ln0' <Predicate = (patternId_val_read == 1 & icmp_ln1884)> <Delay = 0.00>
ST_2 : Operation 118 [1/1] (0.00ns)   --->   "%br_ln1922 = br void %if.end64.i" [prj/sol/.autopilot/db/v_tpg.cpp:1922->prj/sol/.autopilot/db/v_tpg.cpp:788]   --->   Operation 118 'br' 'br_ln1922' <Predicate = (patternId_val_read == 1 & icmp_ln1884)> <Delay = 0.00>
ST_2 : Operation 119 [1/1] (0.00ns)   --->   "%boxTop = load i16 %boxVCoord_loc_1_out" [prj/sol/.autopilot/db/v_tpg.cpp:1928->prj/sol/.autopilot/db/v_tpg.cpp:788]   --->   Operation 119 'load' 'boxTop' <Predicate = (icmp_ln774 & patternId_val_read == 1)> <Delay = 0.00>
ST_2 : Operation 120 [1/1] (0.00ns)   --->   "%boxLeft = load i16 %boxHCoord_loc_1_out" [prj/sol/.autopilot/db/v_tpg.cpp:1926->prj/sol/.autopilot/db/v_tpg.cpp:788]   --->   Operation 120 'load' 'boxLeft' <Predicate = (icmp_ln774 & patternId_val_read == 1)> <Delay = 0.00>
ST_2 : Operation 121 [1/1] (0.85ns)   --->   "%boxRight = add i16 %boxLeft, i16 %boxSize_val_read" [prj/sol/.autopilot/db/v_tpg.cpp:1926->prj/sol/.autopilot/db/v_tpg.cpp:788]   --->   Operation 121 'add' 'boxRight' <Predicate = (icmp_ln774 & patternId_val_read == 1)> <Delay = 0.85> <CoreInst = "Adder">   --->   Core 1 'Adder' <Latency = 0> <II = 1> <Delay = 0.85> <FuncUnit> <Opcode : 'add' 'sub'> <InPorts = 2> <OutPorts = 1>
ST_2 : Operation 122 [1/1] (0.85ns)   --->   "%boxBottom = add i16 %boxTop, i16 %boxSize_val_read" [prj/sol/.autopilot/db/v_tpg.cpp:1928->prj/sol/.autopilot/db/v_tpg.cpp:788]   --->   Operation 122 'add' 'boxBottom' <Predicate = (icmp_ln774 & patternId_val_read == 1)> <Delay = 0.85> <CoreInst = "Adder">   --->   Core 1 'Adder' <Latency = 0> <II = 1> <Delay = 0.85> <FuncUnit> <Opcode : 'add' 'sub'> <InPorts = 2> <OutPorts = 1>
ST_2 : Operation 123 [1/1] (0.85ns)   --->   "%icmp_ln1942 = icmp_ult  i16 %y_read, i16 %boxBottom" [prj/sol/.autopilot/db/v_tpg.cpp:1942->prj/sol/.autopilot/db/v_tpg.cpp:788]   --->   Operation 123 'icmp' 'icmp_ln1942' <Predicate = (icmp_ln774 & patternId_val_read == 1)> <Delay = 0.85> <CoreInst = "Cmp">   --->   Core 9 'Cmp' <Latency = 0> <II = 1> <Delay = 0.85> <FuncUnit> <Opcode : 'seteq' 'setne' 'setle' 'setge' 'setlt' 'setgt'> <InPorts = 2> <OutPorts = 1>
ST_2 : Operation 124 [1/1] (0.00ns) (grouped into LUT with out node or_ln1942)   --->   "%xor_ln1942 = xor i1 %icmp_ln1942, i1 1" [prj/sol/.autopilot/db/v_tpg.cpp:1942->prj/sol/.autopilot/db/v_tpg.cpp:788]   --->   Operation 124 'xor' 'xor_ln1942' <Predicate = (icmp_ln774 & patternId_val_read == 1)> <Delay = 0.00> <CoreInst = "LogicGate">   --->   Core 74 'LogicGate' <Latency = 0> <II = 1> <Delay = 0.28> <FuncUnit> <Opcode : 'and' 'or' 'xor'> <InPorts = 2> <OutPorts = 1>
ST_2 : Operation 125 [1/1] (0.85ns)   --->   "%icmp_ln1942_1 = icmp_ult  i16 %y_read, i16 %boxTop" [prj/sol/.autopilot/db/v_tpg.cpp:1942->prj/sol/.autopilot/db/v_tpg.cpp:788]   --->   Operation 125 'icmp' 'icmp_ln1942_1' <Predicate = (icmp_ln774 & patternId_val_read == 1)> <Delay = 0.85> <CoreInst = "Cmp">   --->   Core 9 'Cmp' <Latency = 0> <II = 1> <Delay = 0.85> <FuncUnit> <Opcode : 'seteq' 'setne' 'setle' 'setge' 'setlt' 'setgt'> <InPorts = 2> <OutPorts = 1>
ST_2 : Operation 126 [1/1] (0.28ns) (out node of the LUT)   --->   "%or_ln1942 = or i1 %icmp_ln1942_1, i1 %xor_ln1942" [prj/sol/.autopilot/db/v_tpg.cpp:1942->prj/sol/.autopilot/db/v_tpg.cpp:788]   --->   Operation 126 'or' 'or_ln1942' <Predicate = (icmp_ln774 & patternId_val_read == 1)> <Delay = 0.28> <CoreInst = "LogicGate">   --->   Core 74 'LogicGate' <Latency = 0> <II = 1> <Delay = 0.28> <FuncUnit> <Opcode : 'and' 'or' 'xor'> <InPorts = 2> <OutPorts = 1>
ST_2 : Operation 127 [1/1] (0.85ns)   --->   "%icmp_ln1942_2 = icmp_ult  i16 %x_2, i16 %boxLeft" [prj/sol/.autopilot/db/v_tpg.cpp:1942->prj/sol/.autopilot/db/v_tpg.cpp:788]   --->   Operation 127 'icmp' 'icmp_ln1942_2' <Predicate = (icmp_ln774 & patternId_val_read == 1)> <Delay = 0.85> <CoreInst = "Cmp">   --->   Core 9 'Cmp' <Latency = 0> <II = 1> <Delay = 0.85> <FuncUnit> <Opcode : 'seteq' 'setne' 'setle' 'setge' 'setlt' 'setgt'> <InPorts = 2> <OutPorts = 1>
ST_2 : Operation 128 [1/1] (0.85ns)   --->   "%icmp_ln1942_3 = icmp_ult  i16 %x_2, i16 %boxRight" [prj/sol/.autopilot/db/v_tpg.cpp:1942->prj/sol/.autopilot/db/v_tpg.cpp:788]   --->   Operation 128 'icmp' 'icmp_ln1942_3' <Predicate = (icmp_ln774 & patternId_val_read == 1)> <Delay = 0.85> <CoreInst = "Cmp">   --->   Core 9 'Cmp' <Latency = 0> <II = 1> <Delay = 0.85> <FuncUnit> <Opcode : 'seteq' 'setne' 'setle' 'setge' 'setlt' 'setgt'> <InPorts = 2> <OutPorts = 1>
ST_2 : Operation 129 [1/1] (0.00ns) (grouped into LUT with out node or_ln1942_2)   --->   "%xor_ln1942_1 = xor i1 %icmp_ln1942_3, i1 1" [prj/sol/.autopilot/db/v_tpg.cpp:1942->prj/sol/.autopilot/db/v_tpg.cpp:788]   --->   Operation 129 'xor' 'xor_ln1942_1' <Predicate = (icmp_ln774 & patternId_val_read == 1)> <Delay = 0.00> <CoreInst = "LogicGate">   --->   Core 74 'LogicGate' <Latency = 0> <II = 1> <Delay = 0.28> <FuncUnit> <Opcode : 'and' 'or' 'xor'> <InPorts = 2> <OutPorts = 1>
ST_2 : Operation 130 [1/1] (0.00ns) (grouped into LUT with out node or_ln1942_2)   --->   "%or_ln1942_1 = or i1 %icmp_ln1942_2, i1 %or_ln1942" [prj/sol/.autopilot/db/v_tpg.cpp:1942->prj/sol/.autopilot/db/v_tpg.cpp:788]   --->   Operation 130 'or' 'or_ln1942_1' <Predicate = (icmp_ln774 & patternId_val_read == 1)> <Delay = 0.00> <CoreInst = "LogicGate">   --->   Core 74 'LogicGate' <Latency = 0> <II = 1> <Delay = 0.28> <FuncUnit> <Opcode : 'and' 'or' 'xor'> <InPorts = 2> <OutPorts = 1>
ST_2 : Operation 131 [1/1] (0.28ns) (out node of the LUT)   --->   "%or_ln1942_2 = or i1 %or_ln1942_1, i1 %xor_ln1942_1" [prj/sol/.autopilot/db/v_tpg.cpp:1942->prj/sol/.autopilot/db/v_tpg.cpp:788]   --->   Operation 131 'or' 'or_ln1942_2' <Predicate = (icmp_ln774 & patternId_val_read == 1)> <Delay = 0.28> <CoreInst = "LogicGate">   --->   Core 74 'LogicGate' <Latency = 0> <II = 1> <Delay = 0.28> <FuncUnit> <Opcode : 'and' 'or' 'xor'> <InPorts = 2> <OutPorts = 1>
ST_2 : Operation 132 [1/1] (0.38ns)   --->   "%pixOut_16 = select i1 %or_ln1942_2, i8 %pixIn_12, i8 %boxColorB_val_read" [prj/sol/.autopilot/db/v_tpg.cpp:1942->prj/sol/.autopilot/db/v_tpg.cpp:788]   --->   Operation 132 'select' 'pixOut_16' <Predicate = (icmp_ln774 & patternId_val_read == 1)> <Delay = 0.38> <CoreInst = "Sel">   --->   Core 73 'Sel' <Latency = 0> <II = 1> <Delay = 0.38> <FuncUnit> <Opcode : 'select'> <InPorts = 3> <OutPorts = 1>
ST_2 : Operation 133 [1/1] (0.38ns)   --->   "%pixOut_15 = select i1 %or_ln1942_2, i8 %pixIn_11, i8 %boxColorG_val_read" [prj/sol/.autopilot/db/v_tpg.cpp:1942->prj/sol/.autopilot/db/v_tpg.cpp:788]   --->   Operation 133 'select' 'pixOut_15' <Predicate = (icmp_ln774 & patternId_val_read == 1)> <Delay = 0.38> <CoreInst = "Sel">   --->   Core 73 'Sel' <Latency = 0> <II = 1> <Delay = 0.38> <FuncUnit> <Opcode : 'select'> <InPorts = 3> <OutPorts = 1>
ST_2 : Operation 134 [1/1] (0.38ns)   --->   "%pixOut_14 = select i1 %or_ln1942_2, i8 %pixIn, i8 %boxColorR_val_read" [prj/sol/.autopilot/db/v_tpg.cpp:1942->prj/sol/.autopilot/db/v_tpg.cpp:788]   --->   Operation 134 'select' 'pixOut_14' <Predicate = (icmp_ln774 & patternId_val_read == 1)> <Delay = 0.38> <CoreInst = "Sel">   --->   Core 73 'Sel' <Latency = 0> <II = 1> <Delay = 0.38> <FuncUnit> <Opcode : 'select'> <InPorts = 3> <OutPorts = 1>
ST_2 : Operation 135 [1/1] (0.00ns)   --->   "%or_ln = bitconcatenate i16 @_ssdm_op_BitConcatenate.i16.i15.i1, i15 %tmp_1, i1 1" [prj/sol/.autopilot/db/v_tpg.cpp:1937->prj/sol/.autopilot/db/v_tpg.cpp:788]   --->   Operation 135 'bitconcatenate' 'or_ln' <Predicate = (icmp_ln774 & patternId_val_read == 1)> <Delay = 0.00>
ST_2 : Operation 136 [1/1] (0.85ns)   --->   "%icmp_ln1942_4 = icmp_ult  i16 %or_ln, i16 %boxLeft" [prj/sol/.autopilot/db/v_tpg.cpp:1942->prj/sol/.autopilot/db/v_tpg.cpp:788]   --->   Operation 136 'icmp' 'icmp_ln1942_4' <Predicate = (icmp_ln774 & patternId_val_read == 1)> <Delay = 0.85> <CoreInst = "Cmp">   --->   Core 9 'Cmp' <Latency = 0> <II = 1> <Delay = 0.85> <FuncUnit> <Opcode : 'seteq' 'setne' 'setle' 'setge' 'setlt' 'setgt'> <InPorts = 2> <OutPorts = 1>
ST_2 : Operation 137 [1/1] (0.85ns)   --->   "%icmp_ln1942_5 = icmp_ult  i16 %or_ln, i16 %boxRight" [prj/sol/.autopilot/db/v_tpg.cpp:1942->prj/sol/.autopilot/db/v_tpg.cpp:788]   --->   Operation 137 'icmp' 'icmp_ln1942_5' <Predicate = (icmp_ln774 & patternId_val_read == 1)> <Delay = 0.85> <CoreInst = "Cmp">   --->   Core 9 'Cmp' <Latency = 0> <II = 1> <Delay = 0.85> <FuncUnit> <Opcode : 'seteq' 'setne' 'setle' 'setge' 'setlt' 'setgt'> <InPorts = 2> <OutPorts = 1>
ST_2 : Operation 138 [1/1] (0.00ns) (grouped into LUT with out node or_ln1942_4)   --->   "%xor_ln1942_2 = xor i1 %icmp_ln1942_5, i1 1" [prj/sol/.autopilot/db/v_tpg.cpp:1942->prj/sol/.autopilot/db/v_tpg.cpp:788]   --->   Operation 138 'xor' 'xor_ln1942_2' <Predicate = (icmp_ln774 & patternId_val_read == 1)> <Delay = 0.00> <CoreInst = "LogicGate">   --->   Core 74 'LogicGate' <Latency = 0> <II = 1> <Delay = 0.28> <FuncUnit> <Opcode : 'and' 'or' 'xor'> <InPorts = 2> <OutPorts = 1>
ST_2 : Operation 139 [1/1] (0.00ns) (grouped into LUT with out node or_ln1942_4)   --->   "%or_ln1942_3 = or i1 %icmp_ln1942_4, i1 %or_ln1942" [prj/sol/.autopilot/db/v_tpg.cpp:1942->prj/sol/.autopilot/db/v_tpg.cpp:788]   --->   Operation 139 'or' 'or_ln1942_3' <Predicate = (icmp_ln774 & patternId_val_read == 1)> <Delay = 0.00> <CoreInst = "LogicGate">   --->   Core 74 'LogicGate' <Latency = 0> <II = 1> <Delay = 0.28> <FuncUnit> <Opcode : 'and' 'or' 'xor'> <InPorts = 2> <OutPorts = 1>
ST_2 : Operation 140 [1/1] (0.28ns) (out node of the LUT)   --->   "%or_ln1942_4 = or i1 %or_ln1942_3, i1 %xor_ln1942_2" [prj/sol/.autopilot/db/v_tpg.cpp:1942->prj/sol/.autopilot/db/v_tpg.cpp:788]   --->   Operation 140 'or' 'or_ln1942_4' <Predicate = (icmp_ln774 & patternId_val_read == 1)> <Delay = 0.28> <CoreInst = "LogicGate">   --->   Core 74 'LogicGate' <Latency = 0> <II = 1> <Delay = 0.28> <FuncUnit> <Opcode : 'and' 'or' 'xor'> <InPorts = 2> <OutPorts = 1>
ST_2 : Operation 141 [1/1] (0.38ns)   --->   "%pixOut_20 = select i1 %or_ln1942_4, i8 %pixIn_15, i8 %boxColorB_val_read" [prj/sol/.autopilot/db/v_tpg.cpp:1942->prj/sol/.autopilot/db/v_tpg.cpp:788]   --->   Operation 141 'select' 'pixOut_20' <Predicate = (icmp_ln774 & patternId_val_read == 1)> <Delay = 0.38> <CoreInst = "Sel">   --->   Core 73 'Sel' <Latency = 0> <II = 1> <Delay = 0.38> <FuncUnit> <Opcode : 'select'> <InPorts = 3> <OutPorts = 1>
ST_2 : Operation 142 [1/1] (0.38ns)   --->   "%pixOut_19 = select i1 %or_ln1942_4, i8 %pixIn_14, i8 %pixOut_17_read" [prj/sol/.autopilot/db/v_tpg.cpp:1942->prj/sol/.autopilot/db/v_tpg.cpp:788]   --->   Operation 142 'select' 'pixOut_19' <Predicate = (icmp_ln774 & patternId_val_read == 1)> <Delay = 0.38> <CoreInst = "Sel">   --->   Core 73 'Sel' <Latency = 0> <II = 1> <Delay = 0.38> <FuncUnit> <Opcode : 'select'> <InPorts = 3> <OutPorts = 1>
ST_2 : Operation 143 [1/1] (0.38ns)   --->   "%pixOut_18 = select i1 %or_ln1942_4, i8 %pixIn_13, i8 %boxColorR_val_read" [prj/sol/.autopilot/db/v_tpg.cpp:1942->prj/sol/.autopilot/db/v_tpg.cpp:788]   --->   Operation 143 'select' 'pixOut_18' <Predicate = (icmp_ln774 & patternId_val_read == 1)> <Delay = 0.38> <CoreInst = "Sel">   --->   Core 73 'Sel' <Latency = 0> <II = 1> <Delay = 0.38> <FuncUnit> <Opcode : 'select'> <InPorts = 3> <OutPorts = 1>
ST_2 : Operation 144 [1/1] (0.38ns)   --->   "%pixOut_8 = select i1 %or_ln1963, i8 %select_ln1977_read, i8 %pixIn_12" [prj/sol/.autopilot/db/v_tpg.cpp:1963->prj/sol/.autopilot/db/v_tpg.cpp:793]   --->   Operation 144 'select' 'pixOut_8' <Predicate = (icmp_ln774 & patternId_val_read == 2)> <Delay = 0.38> <CoreInst = "Sel">   --->   Core 73 'Sel' <Latency = 0> <II = 1> <Delay = 0.38> <FuncUnit> <Opcode : 'select'> <InPorts = 3> <OutPorts = 1>
ST_2 : Operation 145 [1/1] (0.38ns)   --->   "%pixOut_7 = select i1 %or_ln1963, i8 %select_ln1977_read, i8 %pixIn_11" [prj/sol/.autopilot/db/v_tpg.cpp:1963->prj/sol/.autopilot/db/v_tpg.cpp:793]   --->   Operation 145 'select' 'pixOut_7' <Predicate = (icmp_ln774 & patternId_val_read == 2)> <Delay = 0.38> <CoreInst = "Sel">   --->   Core 73 'Sel' <Latency = 0> <II = 1> <Delay = 0.38> <FuncUnit> <Opcode : 'select'> <InPorts = 3> <OutPorts = 1>
ST_2 : Operation 146 [1/1] (0.38ns)   --->   "%pixOut_6 = select i1 %or_ln1963, i8 240, i8 %pixIn" [prj/sol/.autopilot/db/v_tpg.cpp:1963->prj/sol/.autopilot/db/v_tpg.cpp:793]   --->   Operation 146 'select' 'pixOut_6' <Predicate = (icmp_ln774 & patternId_val_read == 2)> <Delay = 0.38> <CoreInst = "Sel">   --->   Core 73 'Sel' <Latency = 0> <II = 1> <Delay = 0.38> <FuncUnit> <Opcode : 'select'> <InPorts = 3> <OutPorts = 1>
ST_2 : Operation 147 [1/1] (0.38ns)   --->   "%select_ln1974 = select i1 %icmp_ln1974, i8 240, i8 %whiYuv_2_load_read" [prj/sol/.autopilot/db/v_tpg.cpp:1974->prj/sol/.autopilot/db/v_tpg.cpp:793]   --->   Operation 147 'select' 'select_ln1974' <Predicate = (icmp_ln774 & patternId_val_read == 2 & or_ln1963_2)> <Delay = 0.38> <CoreInst = "Sel">   --->   Core 73 'Sel' <Latency = 0> <II = 1> <Delay = 0.38> <FuncUnit> <Opcode : 'select'> <InPorts = 3> <OutPorts = 1>
ST_2 : Operation 148 [1/1] (0.00ns)   --->   "%pix_10 = phi i8 %pixIn_15, void %for.body6.split, i8 %pixOut_20, void %if.end64.i, i8 %pixIn_15, void %sw.bb10, i8 %select_ln1977_read, void %if.then.1.i"   --->   Operation 148 'phi' 'pix_10' <Predicate = true> <Delay = 0.00>
ST_2 : Operation 149 [1/1] (0.00ns)   --->   "%pix_9 = phi i8 %pixIn_14, void %for.body6.split, i8 %pixOut_19, void %if.end64.i, i8 %pixIn_14, void %sw.bb10, i8 %select_ln1974, void %if.then.1.i"   --->   Operation 149 'phi' 'pix_9' <Predicate = true> <Delay = 0.00>
ST_2 : Operation 150 [1/1] (0.00ns)   --->   "%pix_8 = phi i8 %pixIn_13, void %for.body6.split, i8 %pixOut_18, void %if.end64.i, i8 %pixIn_13, void %sw.bb10, i8 240, void %if.then.1.i"   --->   Operation 150 'phi' 'pix_8' <Predicate = true> <Delay = 0.00>
ST_2 : Operation 151 [1/1] (0.00ns)   --->   "%pix_7 = phi i8 %pixIn_12, void %for.body6.split, i8 %pixOut_16, void %if.end64.i, i8 %pixOut_8, void %sw.bb10, i8 %pixOut_8, void %if.then.1.i"   --->   Operation 151 'phi' 'pix_7' <Predicate = true> <Delay = 0.00>
ST_2 : Operation 152 [1/1] (0.00ns)   --->   "%pix_6 = phi i8 %pixIn_11, void %for.body6.split, i8 %pixOut_15, void %if.end64.i, i8 %pixOut_7, void %sw.bb10, i8 %pixOut_7, void %if.then.1.i"   --->   Operation 152 'phi' 'pix_6' <Predicate = true> <Delay = 0.00>
ST_2 : Operation 153 [1/1] (0.00ns)   --->   "%pix = phi i8 %pixIn, void %for.body6.split, i8 %pixOut_14, void %if.end64.i, i8 %pixOut_6, void %sw.bb10, i8 %pixOut_6, void %if.then.1.i"   --->   Operation 153 'phi' 'pix' <Predicate = true> <Delay = 0.00>
ST_2 : Operation 154 [1/1] (0.00ns) (grouped into LUT with out node pixOut_28)   --->   "%pixOut_27 = select i1 %and_ln1989_read, i8 0, i8 %pix" [prj/sol/.autopilot/db/v_tpg.cpp:1989->prj/sol/.autopilot/db/v_tpg.cpp:803]   --->   Operation 154 'select' 'pixOut_27' <Predicate = (!icmp_ln801)> <Delay = 0.00> <CoreInst = "Sel">   --->   Core 73 'Sel' <Latency = 0> <II = 1> <Delay = 0.38> <FuncUnit> <Opcode : 'select'> <InPorts = 3> <OutPorts = 1>
ST_2 : Operation 155 [1/1] (0.00ns) (grouped into LUT with out node p_0_5_0_0_0155)   --->   "%select_ln1993 = select i1 %and_ln1993_read, i8 0, i8 %pix_10" [prj/sol/.autopilot/db/v_tpg.cpp:1993->prj/sol/.autopilot/db/v_tpg.cpp:803]   --->   Operation 155 'select' 'select_ln1993' <Predicate = (!icmp_ln801)> <Delay = 0.00> <CoreInst = "Sel">   --->   Core 73 'Sel' <Latency = 0> <II = 1> <Delay = 0.38> <FuncUnit> <Opcode : 'select'> <InPorts = 3> <OutPorts = 1>
ST_2 : Operation 156 [1/1] (0.38ns) (out node of the LUT)   --->   "%p_0_5_0_0_0155 = select i1 %icmp_ln801, i8 %pix_10, i8 %select_ln1993" [prj/sol/.autopilot/db/v_tpg.cpp:801]   --->   Operation 156 'select' 'p_0_5_0_0_0155' <Predicate = true> <Delay = 0.38> <CoreInst = "Sel">   --->   Core 73 'Sel' <Latency = 0> <II = 1> <Delay = 0.38> <FuncUnit> <Opcode : 'select'> <InPorts = 3> <OutPorts = 1>
ST_2 : Operation 157 [1/1] (0.38ns) (out node of the LUT)   --->   "%pixOut_28 = select i1 %icmp_ln801, i8 %pix, i8 %pixOut_27" [prj/sol/.autopilot/db/v_tpg.cpp:801]   --->   Operation 157 'select' 'pixOut_28' <Predicate = true> <Delay = 0.38> <CoreInst = "Sel">   --->   Core 73 'Sel' <Latency = 0> <II = 1> <Delay = 0.38> <FuncUnit> <Opcode : 'select'> <InPorts = 3> <OutPorts = 1>
ST_2 : Operation 158 [1/1] (0.00ns) (grouped into LUT with out node empty)   --->   "%select_ln1991 = select i1 %and_ln1991_read, i8 0, i8 %pix_9" [prj/sol/.autopilot/db/v_tpg.cpp:1991->prj/sol/.autopilot/db/v_tpg.cpp:803]   --->   Operation 158 'select' 'select_ln1991' <Predicate = (!icmp_ln801)> <Delay = 0.00> <CoreInst = "Sel">   --->   Core 73 'Sel' <Latency = 0> <II = 1> <Delay = 0.38> <FuncUnit> <Opcode : 'select'> <InPorts = 3> <OutPorts = 1>
ST_2 : Operation 159 [1/1] (0.38ns) (out node of the LUT)   --->   "%empty = select i1 %icmp_ln801, i8 %pix_9, i8 %select_ln1991" [prj/sol/.autopilot/db/v_tpg.cpp:801]   --->   Operation 159 'select' 'empty' <Predicate = true> <Delay = 0.38> <CoreInst = "Sel">   --->   Core 73 'Sel' <Latency = 0> <II = 1> <Delay = 0.38> <FuncUnit> <Opcode : 'select'> <InPorts = 3> <OutPorts = 1>
ST_2 : Operation 160 [1/1] (0.00ns) (grouped into LUT with out node empty_75)   --->   "%select_ln1989 = select i1 %and_ln1989_read, i8 0, i8 %pix_8" [prj/sol/.autopilot/db/v_tpg.cpp:1989->prj/sol/.autopilot/db/v_tpg.cpp:803]   --->   Operation 160 'select' 'select_ln1989' <Predicate = (!icmp_ln801)> <Delay = 0.00> <CoreInst = "Sel">   --->   Core 73 'Sel' <Latency = 0> <II = 1> <Delay = 0.38> <FuncUnit> <Opcode : 'select'> <InPorts = 3> <OutPorts = 1>
ST_2 : Operation 161 [1/1] (0.38ns) (out node of the LUT)   --->   "%empty_75 = select i1 %icmp_ln801, i8 %pix_8, i8 %select_ln1989" [prj/sol/.autopilot/db/v_tpg.cpp:801]   --->   Operation 161 'select' 'empty_75' <Predicate = true> <Delay = 0.38> <CoreInst = "Sel">   --->   Core 73 'Sel' <Latency = 0> <II = 1> <Delay = 0.38> <FuncUnit> <Opcode : 'select'> <InPorts = 3> <OutPorts = 1>
ST_2 : Operation 162 [1/1] (0.00ns) (grouped into LUT with out node empty_76)   --->   "%select_ln1991_1 = select i1 %and_ln1991_read, i8 0, i8 %pix_6" [prj/sol/.autopilot/db/v_tpg.cpp:1991->prj/sol/.autopilot/db/v_tpg.cpp:803]   --->   Operation 162 'select' 'select_ln1991_1' <Predicate = (!icmp_ln801)> <Delay = 0.00> <CoreInst = "Sel">   --->   Core 73 'Sel' <Latency = 0> <II = 1> <Delay = 0.38> <FuncUnit> <Opcode : 'select'> <InPorts = 3> <OutPorts = 1>
ST_2 : Operation 163 [1/1] (0.38ns) (out node of the LUT)   --->   "%empty_76 = select i1 %icmp_ln801, i8 %pix_6, i8 %select_ln1991_1" [prj/sol/.autopilot/db/v_tpg.cpp:801]   --->   Operation 163 'select' 'empty_76' <Predicate = true> <Delay = 0.38> <CoreInst = "Sel">   --->   Core 73 'Sel' <Latency = 0> <II = 1> <Delay = 0.38> <FuncUnit> <Opcode : 'select'> <InPorts = 3> <OutPorts = 1>
ST_2 : Operation 164 [1/1] (0.00ns) (grouped into LUT with out node empty_77)   --->   "%select_ln1993_1 = select i1 %and_ln1993_read, i8 0, i8 %pix_7" [prj/sol/.autopilot/db/v_tpg.cpp:1993->prj/sol/.autopilot/db/v_tpg.cpp:803]   --->   Operation 164 'select' 'select_ln1993_1' <Predicate = (!icmp_ln801)> <Delay = 0.00> <CoreInst = "Sel">   --->   Core 73 'Sel' <Latency = 0> <II = 1> <Delay = 0.38> <FuncUnit> <Opcode : 'select'> <InPorts = 3> <OutPorts = 1>
ST_2 : Operation 165 [1/1] (0.38ns) (out node of the LUT)   --->   "%empty_77 = select i1 %icmp_ln801, i8 %pix_7, i8 %select_ln1993_1" [prj/sol/.autopilot/db/v_tpg.cpp:801]   --->   Operation 165 'select' 'empty_77' <Predicate = true> <Delay = 0.38> <CoreInst = "Sel">   --->   Core 73 'Sel' <Latency = 0> <II = 1> <Delay = 0.38> <FuncUnit> <Opcode : 'select'> <InPorts = 3> <OutPorts = 1>
ST_2 : Operation 166 [1/1] (0.00ns)   --->   "%or_ln808_9 = bitconcatenate i48 @_ssdm_op_BitConcatenate.i48.i8.i8.i8.i8.i8.i8, i8 %p_0_5_0_0_0155, i8 %empty, i8 %empty_75, i8 %empty_77, i8 %empty_76, i8 %pixOut_28" [prj/sol/.autopilot/db/v_tpg.cpp:808]   --->   Operation 166 'bitconcatenate' 'or_ln808_9' <Predicate = true> <Delay = 0.00>
ST_2 : Operation 167 [1/1] ( I:2.04ns O:2.04ns )   --->   "%write_ln808 = write void @_ssdm_op_Write.ap_fifo.volatile.i48P0A, i48 %ovrlayYUV, i48 %or_ln808_9" [prj/sol/.autopilot/db/v_tpg.cpp:808]   --->   Operation 167 'write' 'write_ln808' <Predicate = true> <Delay = 2.04> <CoreInst = "FIFO_SRL">   --->   Core 80 'FIFO_SRL' <Latency = 0> <II = 1> <Delay = 2.04> <Storage> <Opcode : 'read' 'write' 'nbread' 'nbwrite'> <Ports = 0> <Width = 48> <Depth = 16> <FIFO>
ST_2 : Operation 168 [1/1] (0.00ns)   --->   "%br_ln774 = br void %for.body6" [prj/sol/.autopilot/db/v_tpg.cpp:774]   --->   Operation 168 'br' 'br_ln774' <Predicate = true> <Delay = 0.00>


============================================================
+ Verbose Summary: Timing violations
============================================================
Target clock period: 10.000ns, clock uncertainty: 2.700ns.

 <State 1>: 2.038ns
The critical path consists of the following:
	'store' operation ('store_ln1956', prj/sol/.autopilot/db/v_tpg.cpp:1956->prj/sol/.autopilot/db/v_tpg.cpp:793) of constant 0 17 bit on local variable 'x', prj/sol/.autopilot/db/v_tpg.cpp:1956->prj/sol/.autopilot/db/v_tpg.cpp:793 [73]  (0.427 ns)
	'load' operation 17 bit ('x', prj/sol/.autopilot/db/v_tpg.cpp:774) on local variable 'x', prj/sol/.autopilot/db/v_tpg.cpp:1956->prj/sol/.autopilot/db/v_tpg.cpp:793 [76]  (0.000 ns)
	'icmp' operation 1 bit ('icmp_ln1963_2', prj/sol/.autopilot/db/v_tpg.cpp:1963->prj/sol/.autopilot/db/v_tpg.cpp:793) [187]  (0.853 ns)
	'or' operation 1 bit ('or_ln1963_2', prj/sol/.autopilot/db/v_tpg.cpp:1963->prj/sol/.autopilot/db/v_tpg.cpp:793) [188]  (0.282 ns)
	multiplexor before 'phi' operation 8 bit ('pixIn') with incoming values : ('select_ln1977_read') ('pixIn', prj/sol/.autopilot/db/v_tpg.cpp:778) ('pixOut', prj/sol/.autopilot/db/v_tpg.cpp:1942->prj/sol/.autopilot/db/v_tpg.cpp:788) [194]  (0.476 ns)
	'br' operation ('br_ln1963', prj/sol/.autopilot/db/v_tpg.cpp:1963->prj/sol/.autopilot/db/v_tpg.cpp:793) [189]  (0.476 ns)

 <State 2>: 5.088ns
The critical path consists of the following:
	'load' operation 16 bit ('boxTop', prj/sol/.autopilot/db/v_tpg.cpp:1928->prj/sol/.autopilot/db/v_tpg.cpp:788) on local variable 'boxVCoord_loc_1_out' [152]  (0.000 ns)
	'add' operation 16 bit ('boxBottom', prj/sol/.autopilot/db/v_tpg.cpp:1928->prj/sol/.autopilot/db/v_tpg.cpp:788) [155]  (0.853 ns)
	'icmp' operation 1 bit ('icmp_ln1942', prj/sol/.autopilot/db/v_tpg.cpp:1942->prj/sol/.autopilot/db/v_tpg.cpp:788) [156]  (0.853 ns)
	'xor' operation 1 bit ('xor_ln1942', prj/sol/.autopilot/db/v_tpg.cpp:1942->prj/sol/.autopilot/db/v_tpg.cpp:788) [157]  (0.000 ns)
	'or' operation 1 bit ('or_ln1942', prj/sol/.autopilot/db/v_tpg.cpp:1942->prj/sol/.autopilot/db/v_tpg.cpp:788) [159]  (0.282 ns)
	'or' operation 1 bit ('or_ln1942_3', prj/sol/.autopilot/db/v_tpg.cpp:1942->prj/sol/.autopilot/db/v_tpg.cpp:788) [173]  (0.000 ns)
	'or' operation 1 bit ('or_ln1942_4', prj/sol/.autopilot/db/v_tpg.cpp:1942->prj/sol/.autopilot/db/v_tpg.cpp:788) [174]  (0.282 ns)
	'select' operation 8 bit ('pixOut', prj/sol/.autopilot/db/v_tpg.cpp:1942->prj/sol/.autopilot/db/v_tpg.cpp:788) [175]  (0.387 ns)
	'phi' operation 8 bit ('pixIn') with incoming values : ('select_ln1977_read') ('pixIn', prj/sol/.autopilot/db/v_tpg.cpp:778) ('pixOut', prj/sol/.autopilot/db/v_tpg.cpp:1942->prj/sol/.autopilot/db/v_tpg.cpp:788) [194]  (0.000 ns)
	'select' operation 8 bit ('p_0_5_0_0_0155', prj/sol/.autopilot/db/v_tpg.cpp:801) [202]  (0.387 ns)
	fifo write operation ('write_ln808', prj/sol/.autopilot/db/v_tpg.cpp:808) on port 'ovrlayYUV' (prj/sol/.autopilot/db/v_tpg.cpp:808) [213]  (2.044 ns)


============================================================
+ Verbose Summary: Binding
============================================================
N/A
* FSMD analyzer results:
  - Output states:
 - Input state : 
  - Chain level:
	State 1
	State 2


============================================================
+ Verbose Summary: Datapath Resource usage 
============================================================
N/A
